[2026-02-09T15:26:40.247+0000] {taskinstance.py:1956} INFO - Dependencies all met for dep_context=non-requeueable deps ti=<TaskInstance: fork3_dag.my_failed_task scheduled__2026-02-09T15:22:20+00:00 [queued]>
[2026-02-09T15:26:40.308+0000] {taskinstance.py:1956} INFO - Dependencies all met for dep_context=requeueable deps ti=<TaskInstance: fork3_dag.my_failed_task scheduled__2026-02-09T15:22:20+00:00 [queued]>
[2026-02-09T15:26:40.309+0000] {taskinstance.py:2170} INFO - Starting attempt 5 of 6
[2026-02-09T15:26:40.370+0000] {taskinstance.py:2191} INFO - Executing <Task(PythonOperator): my_failed_task> on 2026-02-09 15:22:20+00:00
[2026-02-09T15:26:40.382+0000] {standard_task_runner.py:60} INFO - Started process 127 to run task
[2026-02-09T15:26:40.426+0000] {standard_task_runner.py:87} INFO - Running: ['***', 'tasks', 'run', 'fork3_dag', 'my_failed_task', 'scheduled__2026-02-09T15:22:20+00:00', '--job-id', '2838', '--raw', '--subdir', 'DAGS_FOLDER/setup_dag_2.py', '--cfg-path', '/tmp/tmpez73s5bx']
[2026-02-09T15:26:40.436+0000] {standard_task_runner.py:88} INFO - Job 2838: Subtask my_failed_task
[2026-02-09T15:26:40.480+0000] {warnings.py:109} WARNING - /home/***/.local/lib/python3.8/site-packages/***/settings.py:194: DeprecationWarning: The sql_alchemy_conn option in [core] has been moved to the sql_alchemy_conn option in [database] - the old setting has been used, but please update your config.
  SQL_ALCHEMY_CONN = conf.get("database", "SQL_ALCHEMY_CONN")

[2026-02-09T15:26:40.732+0000] {task_command.py:423} INFO - Running <TaskInstance: fork3_dag.my_failed_task scheduled__2026-02-09T15:22:20+00:00 [running]> on host fb6a3f4afd89
[2026-02-09T15:26:41.155+0000] {taskinstance.py:2480} INFO - Exporting env vars: AIRFLOW_CTX_DAG_EMAIL='samuel.beau@gmail.com' AIRFLOW_CTX_DAG_OWNER='***' AIRFLOW_CTX_DAG_ID='fork3_dag' AIRFLOW_CTX_TASK_ID='my_failed_task' AIRFLOW_CTX_EXECUTION_DATE='2026-02-09T15:22:20+00:00' AIRFLOW_CTX_TRY_NUMBER='5' AIRFLOW_CTX_DAG_RUN_ID='scheduled__2026-02-09T15:22:20+00:00'
[2026-02-09T15:26:41.158+0000] {taskinstance.py:2698} ERROR - Task failed with exception
Traceback (most recent call last):
  File "/home/airflow/.local/lib/python3.8/site-packages/airflow/models/taskinstance.py", line 433, in _execute_task
    result = execute_callable(context=context, **execute_callable_kwargs)
  File "/home/airflow/.local/lib/python3.8/site-packages/airflow/operators/python.py", line 199, in execute
    return_value = self.execute_callable()
  File "/home/airflow/.local/lib/python3.8/site-packages/airflow/operators/python.py", line 216, in execute_callable
    return self.python_callable(*self.op_args, **self.op_kwargs)
  File "/opt/airflow/dags/setup_dag_2.py", line 13, in failed_task
    raise Exception('This task did not work!')
Exception: This task did not work!
[2026-02-09T15:26:41.186+0000] {taskinstance.py:1138} INFO - Marking task as UP_FOR_RETRY. dag_id=fork3_dag, task_id=my_failed_task, execution_date=20260209T152220, start_date=20260209T152640, end_date=20260209T152641
[2026-02-09T15:26:41.250+0000] {warnings.py:109} WARNING - /home/***/.local/lib/python3.8/site-packages/***/utils/email.py:154: RemovedInAirflow3Warning: Fetching SMTP credentials from configuration variables will be deprecated in a future release. Please set credentials using a connection instead.
  send_mime_email(e_from=mail_from, e_to=recipients, mime_msg=msg, conn_id=conn_id, dryrun=dryrun)

[2026-02-09T15:26:41.251+0000] {email.py:270} INFO - Email alerting: attempt 1
[2026-02-09T15:26:41.446+0000] {email.py:281} INFO - Sent an alert email to ['samuel.beau@gmail.com']
[2026-02-09T15:26:41.937+0000] {standard_task_runner.py:107} ERROR - Failed to execute job 2838 for task my_failed_task (This task did not work!; 127)
[2026-02-09T15:26:41.977+0000] {local_task_job_runner.py:234} INFO - Task exited with return code 1
[2026-02-09T15:26:42.057+0000] {taskinstance.py:3280} INFO - 0 downstream tasks scheduled from follow-on schedule check
