[2026-02-09T11:02:03.975+0000] {taskinstance.py:1956} INFO - Dependencies all met for dep_context=non-requeueable deps ti=<TaskInstance: fork3_dag.task3 manual__2026-02-09T11:01:57.844580+00:00 [queued]>
[2026-02-09T11:02:03.990+0000] {taskinstance.py:1956} INFO - Dependencies all met for dep_context=requeueable deps ti=<TaskInstance: fork3_dag.task3 manual__2026-02-09T11:01:57.844580+00:00 [queued]>
[2026-02-09T11:02:03.991+0000] {taskinstance.py:2170} INFO - Starting attempt 1 of 1
[2026-02-09T11:02:04.017+0000] {taskinstance.py:2191} INFO - Executing <Task(PythonOperator): task3> on 2026-02-09 11:01:57.844580+00:00
[2026-02-09T11:02:04.030+0000] {standard_task_runner.py:60} INFO - Started process 5624 to run task
[2026-02-09T11:02:04.035+0000] {standard_task_runner.py:87} INFO - Running: ['***', 'tasks', 'run', 'fork3_dag', 'task3', 'manual__2026-02-09T11:01:57.844580+00:00', '--job-id', '432', '--raw', '--subdir', 'DAGS_FOLDER/setup_dag.py', '--cfg-path', '/tmp/tmp1qgyd8e6']
[2026-02-09T11:02:04.039+0000] {standard_task_runner.py:88} INFO - Job 432: Subtask task3
[2026-02-09T11:02:04.060+0000] {warnings.py:109} WARNING - /home/***/.local/lib/python3.8/site-packages/***/settings.py:194: DeprecationWarning: The sql_alchemy_conn option in [core] has been moved to the sql_alchemy_conn option in [database] - the old setting has been used, but please update your config.
  SQL_ALCHEMY_CONN = conf.get("database", "SQL_ALCHEMY_CONN")

[2026-02-09T11:02:04.127+0000] {task_command.py:423} INFO - Running <TaskInstance: fork3_dag.task3 manual__2026-02-09T11:01:57.844580+00:00 [running]> on host 6dce75377780
[2026-02-09T11:02:04.237+0000] {taskinstance.py:2480} INFO - Exporting env vars: AIRFLOW_CTX_DAG_OWNER='***' AIRFLOW_CTX_DAG_ID='fork3_dag' AIRFLOW_CTX_TASK_ID='task3' AIRFLOW_CTX_EXECUTION_DATE='2026-02-09T11:01:57.844580+00:00' AIRFLOW_CTX_TRY_NUMBER='1' AIRFLOW_CTX_DAG_RUN_ID='manual__2026-02-09T11:01:57.844580+00:00'
[2026-02-09T11:02:04.239+0000] {logging_mixin.py:188} INFO - 0.14764206593993967
[2026-02-09T11:02:04.240+0000] {taskinstance.py:2698} ERROR - Task failed with exception
Traceback (most recent call last):
  File "/home/airflow/.local/lib/python3.8/site-packages/airflow/models/taskinstance.py", line 433, in _execute_task
    result = execute_callable(context=context, **execute_callable_kwargs)
  File "/home/airflow/.local/lib/python3.8/site-packages/airflow/operators/python.py", line 199, in execute
    return_value = self.execute_callable()
  File "/home/airflow/.local/lib/python3.8/site-packages/airflow/operators/python.py", line 216, in execute_callable
    return self.python_callable(*self.op_args, **self.op_kwargs)
  File "/opt/airflow/dags/setup_dag.py", line 20, in random_fail_task
    raise Exception('This task randomly failed')
Exception: This task randomly failed
[2026-02-09T11:02:04.252+0000] {taskinstance.py:1138} INFO - Marking task as FAILED. dag_id=fork3_dag, task_id=task3, execution_date=20260209T110157, start_date=20260209T110203, end_date=20260209T110204
[2026-02-09T11:02:04.266+0000] {standard_task_runner.py:107} ERROR - Failed to execute job 432 for task task3 (This task randomly failed; 5624)
[2026-02-09T11:02:04.287+0000] {local_task_job_runner.py:234} INFO - Task exited with return code 1
[2026-02-09T11:02:04.320+0000] {taskinstance.py:3280} INFO - 1 downstream tasks scheduled from follow-on schedule check
