[2026-02-09T11:20:04.678+0000] {taskinstance.py:1956} INFO - Dependencies all met for dep_context=non-requeueable deps ti=<TaskInstance: fork3_dag.task2 scheduled__2026-02-09T11:19:50+00:00 [queued]>
[2026-02-09T11:20:04.690+0000] {taskinstance.py:1956} INFO - Dependencies all met for dep_context=requeueable deps ti=<TaskInstance: fork3_dag.task2 scheduled__2026-02-09T11:19:50+00:00 [queued]>
[2026-02-09T11:20:04.691+0000] {taskinstance.py:2170} INFO - Starting attempt 1 of 1
[2026-02-09T11:20:04.708+0000] {taskinstance.py:2191} INFO - Executing <Task(PythonOperator): task2> on 2026-02-09 11:19:50+00:00
[2026-02-09T11:20:04.719+0000] {standard_task_runner.py:60} INFO - Started process 7119 to run task
[2026-02-09T11:20:04.725+0000] {standard_task_runner.py:87} INFO - Running: ['***', 'tasks', 'run', 'fork3_dag', 'task2', 'scheduled__2026-02-09T11:19:50+00:00', '--job-id', '726', '--raw', '--subdir', 'DAGS_FOLDER/setup_dag.py', '--cfg-path', '/tmp/tmp5b8o86o3']
[2026-02-09T11:20:04.728+0000] {standard_task_runner.py:88} INFO - Job 726: Subtask task2
[2026-02-09T11:20:04.746+0000] {warnings.py:109} WARNING - /home/***/.local/lib/python3.8/site-packages/***/settings.py:194: DeprecationWarning: The sql_alchemy_conn option in [core] has been moved to the sql_alchemy_conn option in [database] - the old setting has been used, but please update your config.
  SQL_ALCHEMY_CONN = conf.get("database", "SQL_ALCHEMY_CONN")

[2026-02-09T11:20:04.801+0000] {task_command.py:423} INFO - Running <TaskInstance: fork3_dag.task2 scheduled__2026-02-09T11:19:50+00:00 [running]> on host 6dce75377780
[2026-02-09T11:20:04.917+0000] {taskinstance.py:2480} INFO - Exporting env vars: AIRFLOW_CTX_DAG_OWNER='***' AIRFLOW_CTX_DAG_ID='fork3_dag' AIRFLOW_CTX_TASK_ID='task2' AIRFLOW_CTX_EXECUTION_DATE='2026-02-09T11:19:50+00:00' AIRFLOW_CTX_TRY_NUMBER='1' AIRFLOW_CTX_DAG_RUN_ID='scheduled__2026-02-09T11:19:50+00:00'
[2026-02-09T11:20:04.919+0000] {logging_mixin.py:188} INFO - 0.4615009949105692
[2026-02-09T11:20:04.920+0000] {taskinstance.py:2698} ERROR - Task failed with exception
Traceback (most recent call last):
  File "/home/airflow/.local/lib/python3.8/site-packages/airflow/models/taskinstance.py", line 433, in _execute_task
    result = execute_callable(context=context, **execute_callable_kwargs)
  File "/home/airflow/.local/lib/python3.8/site-packages/airflow/operators/python.py", line 199, in execute
    return_value = self.execute_callable()
  File "/home/airflow/.local/lib/python3.8/site-packages/airflow/operators/python.py", line 216, in execute_callable
    return self.python_callable(*self.op_args, **self.op_kwargs)
  File "/opt/airflow/dags/setup_dag.py", line 26, in random_fail_task
    raise Exception('This task randomly failed')
Exception: This task randomly failed
[2026-02-09T11:20:04.931+0000] {taskinstance.py:1138} INFO - Marking task as FAILED. dag_id=fork3_dag, task_id=task2, execution_date=20260209T111950, start_date=20260209T112004, end_date=20260209T112004
[2026-02-09T11:20:04.945+0000] {standard_task_runner.py:107} ERROR - Failed to execute job 726 for task task2 (This task randomly failed; 7119)
[2026-02-09T11:20:04.976+0000] {local_task_job_runner.py:234} INFO - Task exited with return code 1
[2026-02-09T11:20:05.033+0000] {taskinstance.py:3280} INFO - 0 downstream tasks scheduled from follow-on schedule check
