[2026-02-12T10:52:57.475+0000] {taskinstance.py:1956} INFO - Dependencies all met for dep_context=non-requeueable deps ti=<TaskInstance: sensor_dag.check_file manual__2026-02-12T10:52:54.567900+00:00 [queued]>
[2026-02-12T10:52:57.487+0000] {taskinstance.py:1956} INFO - Dependencies all met for dep_context=requeueable deps ti=<TaskInstance: sensor_dag.check_file manual__2026-02-12T10:52:54.567900+00:00 [queued]>
[2026-02-12T10:52:57.487+0000] {taskinstance.py:2170} INFO - Starting attempt 1 of 1
[2026-02-12T10:52:57.507+0000] {taskinstance.py:2191} INFO - Executing <Task(FileSensor): check_file> on 2026-02-12 10:52:54.567900+00:00
[2026-02-12T10:52:57.516+0000] {standard_task_runner.py:60} INFO - Started process 2183 to run task
[2026-02-12T10:52:57.521+0000] {standard_task_runner.py:87} INFO - Running: ['***', 'tasks', 'run', 'sensor_dag', 'check_file', 'manual__2026-02-12T10:52:54.567900+00:00', '--job-id', '2927', '--raw', '--subdir', 'DAGS_FOLDER/fileSensor_dag.py', '--cfg-path', '/tmp/tmpbxbr1c4f']
[2026-02-12T10:52:57.524+0000] {standard_task_runner.py:88} INFO - Job 2927: Subtask check_file
[2026-02-12T10:52:57.544+0000] {warnings.py:109} WARNING - /home/***/.local/lib/python3.8/site-packages/***/settings.py:194: DeprecationWarning: The sql_alchemy_conn option in [core] has been moved to the sql_alchemy_conn option in [database] - the old setting has been used, but please update your config.
  SQL_ALCHEMY_CONN = conf.get("database", "SQL_ALCHEMY_CONN")

[2026-02-12T10:52:57.604+0000] {task_command.py:423} INFO - Running <TaskInstance: sensor_dag.check_file manual__2026-02-12T10:52:54.567900+00:00 [running]> on host fb6a3f4afd89
[2026-02-12T10:52:57.738+0000] {taskinstance.py:2480} INFO - Exporting env vars: AIRFLOW_CTX_DAG_OWNER='***' AIRFLOW_CTX_DAG_ID='sensor_dag' AIRFLOW_CTX_TASK_ID='check_file' AIRFLOW_CTX_EXECUTION_DATE='2026-02-12T10:52:54.567900+00:00' AIRFLOW_CTX_TRY_NUMBER='1' AIRFLOW_CTX_DAG_RUN_ID='manual__2026-02-12T10:52:54.567900+00:00'
[2026-02-12T10:52:57.769+0000] {base.py:83} INFO - Using connection ID 'my_filesystem_connection' for task execution.
[2026-02-12T10:52:57.770+0000] {filesystem.py:66} INFO - Poking for file /tmp/my_file.txt
[2026-02-12T10:52:57.805+0000] {taskinstance.py:2658} INFO - Rescheduling task, marking task as UP_FOR_RESCHEDULE
[2026-02-12T10:52:57.855+0000] {local_task_job_runner.py:234} INFO - Task exited with return code 0
[2026-02-12T10:52:57.908+0000] {taskinstance.py:3280} INFO - 0 downstream tasks scheduled from follow-on schedule check
[2026-02-12T10:53:30.236+0000] {taskinstance.py:1956} INFO - Dependencies all met for dep_context=non-requeueable deps ti=<TaskInstance: sensor_dag.check_file manual__2026-02-12T10:52:54.567900+00:00 [queued]>
[2026-02-12T10:53:30.249+0000] {taskinstance.py:1956} INFO - Dependencies all met for dep_context=requeueable deps ti=<TaskInstance: sensor_dag.check_file manual__2026-02-12T10:52:54.567900+00:00 [queued]>
[2026-02-12T10:53:30.249+0000] {taskinstance.py:2170} INFO - Starting attempt 1 of 1
[2026-02-12T10:53:30.268+0000] {taskinstance.py:2191} INFO - Executing <Task(FileSensor): check_file> on 2026-02-12 10:52:54.567900+00:00
[2026-02-12T10:53:30.278+0000] {standard_task_runner.py:60} INFO - Started process 2201 to run task
[2026-02-12T10:53:30.283+0000] {standard_task_runner.py:87} INFO - Running: ['***', 'tasks', 'run', 'sensor_dag', 'check_file', 'manual__2026-02-12T10:52:54.567900+00:00', '--job-id', '2928', '--raw', '--subdir', 'DAGS_FOLDER/fileSensor_dag.py', '--cfg-path', '/tmp/tmpyb2zsas0']
[2026-02-12T10:53:30.286+0000] {standard_task_runner.py:88} INFO - Job 2928: Subtask check_file
[2026-02-12T10:53:30.305+0000] {warnings.py:109} WARNING - /home/***/.local/lib/python3.8/site-packages/***/settings.py:194: DeprecationWarning: The sql_alchemy_conn option in [core] has been moved to the sql_alchemy_conn option in [database] - the old setting has been used, but please update your config.
  SQL_ALCHEMY_CONN = conf.get("database", "SQL_ALCHEMY_CONN")

[2026-02-12T10:53:30.352+0000] {task_command.py:423} INFO - Running <TaskInstance: sensor_dag.check_file manual__2026-02-12T10:52:54.567900+00:00 [running]> on host fb6a3f4afd89
[2026-02-12T10:53:30.450+0000] {taskinstance.py:2480} INFO - Exporting env vars: AIRFLOW_CTX_DAG_OWNER='***' AIRFLOW_CTX_DAG_ID='sensor_dag' AIRFLOW_CTX_TASK_ID='check_file' AIRFLOW_CTX_EXECUTION_DATE='2026-02-12T10:52:54.567900+00:00' AIRFLOW_CTX_TRY_NUMBER='1' AIRFLOW_CTX_DAG_RUN_ID='manual__2026-02-12T10:52:54.567900+00:00'
[2026-02-12T10:53:30.473+0000] {base.py:83} INFO - Using connection ID 'my_filesystem_connection' for task execution.
[2026-02-12T10:53:30.473+0000] {filesystem.py:66} INFO - Poking for file /tmp/my_file.txt
[2026-02-12T10:53:30.498+0000] {taskinstance.py:2658} INFO - Rescheduling task, marking task as UP_FOR_RESCHEDULE
[2026-02-12T10:53:30.535+0000] {local_task_job_runner.py:234} INFO - Task exited with return code 0
[2026-02-12T10:53:30.575+0000] {taskinstance.py:3280} INFO - 0 downstream tasks scheduled from follow-on schedule check
[2026-02-12T10:54:02.716+0000] {taskinstance.py:1956} INFO - Dependencies all met for dep_context=non-requeueable deps ti=<TaskInstance: sensor_dag.check_file manual__2026-02-12T10:52:54.567900+00:00 [queued]>
[2026-02-12T10:54:02.728+0000] {taskinstance.py:1956} INFO - Dependencies all met for dep_context=requeueable deps ti=<TaskInstance: sensor_dag.check_file manual__2026-02-12T10:52:54.567900+00:00 [queued]>
[2026-02-12T10:54:02.729+0000] {taskinstance.py:2170} INFO - Starting attempt 1 of 1
[2026-02-12T10:54:02.749+0000] {taskinstance.py:2191} INFO - Executing <Task(FileSensor): check_file> on 2026-02-12 10:52:54.567900+00:00
[2026-02-12T10:54:02.758+0000] {standard_task_runner.py:60} INFO - Started process 2227 to run task
[2026-02-12T10:54:02.762+0000] {standard_task_runner.py:87} INFO - Running: ['***', 'tasks', 'run', 'sensor_dag', 'check_file', 'manual__2026-02-12T10:52:54.567900+00:00', '--job-id', '2929', '--raw', '--subdir', 'DAGS_FOLDER/fileSensor_dag.py', '--cfg-path', '/tmp/tmpjcxn5lsl']
[2026-02-12T10:54:02.765+0000] {standard_task_runner.py:88} INFO - Job 2929: Subtask check_file
[2026-02-12T10:54:02.786+0000] {warnings.py:109} WARNING - /home/***/.local/lib/python3.8/site-packages/***/settings.py:194: DeprecationWarning: The sql_alchemy_conn option in [core] has been moved to the sql_alchemy_conn option in [database] - the old setting has been used, but please update your config.
  SQL_ALCHEMY_CONN = conf.get("database", "SQL_ALCHEMY_CONN")

[2026-02-12T10:54:02.841+0000] {task_command.py:423} INFO - Running <TaskInstance: sensor_dag.check_file manual__2026-02-12T10:52:54.567900+00:00 [running]> on host fb6a3f4afd89
[2026-02-12T10:54:02.969+0000] {taskinstance.py:2480} INFO - Exporting env vars: AIRFLOW_CTX_DAG_OWNER='***' AIRFLOW_CTX_DAG_ID='sensor_dag' AIRFLOW_CTX_TASK_ID='check_file' AIRFLOW_CTX_EXECUTION_DATE='2026-02-12T10:52:54.567900+00:00' AIRFLOW_CTX_TRY_NUMBER='1' AIRFLOW_CTX_DAG_RUN_ID='manual__2026-02-12T10:52:54.567900+00:00'
[2026-02-12T10:54:03.004+0000] {base.py:83} INFO - Using connection ID 'my_filesystem_connection' for task execution.
[2026-02-12T10:54:03.005+0000] {filesystem.py:66} INFO - Poking for file /tmp/my_file.txt
[2026-02-12T10:54:03.065+0000] {taskinstance.py:2658} INFO - Rescheduling task, marking task as UP_FOR_RESCHEDULE
[2026-02-12T10:54:03.144+0000] {local_task_job_runner.py:234} INFO - Task exited with return code 0
[2026-02-12T10:54:03.192+0000] {taskinstance.py:3280} INFO - 0 downstream tasks scheduled from follow-on schedule check
[2026-02-12T10:54:35.028+0000] {taskinstance.py:1956} INFO - Dependencies all met for dep_context=non-requeueable deps ti=<TaskInstance: sensor_dag.check_file manual__2026-02-12T10:52:54.567900+00:00 [queued]>
[2026-02-12T10:54:35.040+0000] {taskinstance.py:1956} INFO - Dependencies all met for dep_context=requeueable deps ti=<TaskInstance: sensor_dag.check_file manual__2026-02-12T10:52:54.567900+00:00 [queued]>
[2026-02-12T10:54:35.041+0000] {taskinstance.py:2170} INFO - Starting attempt 1 of 1
[2026-02-12T10:54:35.058+0000] {taskinstance.py:2191} INFO - Executing <Task(FileSensor): check_file> on 2026-02-12 10:52:54.567900+00:00
[2026-02-12T10:54:35.068+0000] {standard_task_runner.py:60} INFO - Started process 2247 to run task
[2026-02-12T10:54:35.073+0000] {standard_task_runner.py:87} INFO - Running: ['***', 'tasks', 'run', 'sensor_dag', 'check_file', 'manual__2026-02-12T10:52:54.567900+00:00', '--job-id', '2930', '--raw', '--subdir', 'DAGS_FOLDER/fileSensor_dag.py', '--cfg-path', '/tmp/tmppopufd2d']
[2026-02-12T10:54:35.077+0000] {standard_task_runner.py:88} INFO - Job 2930: Subtask check_file
[2026-02-12T10:54:35.094+0000] {warnings.py:109} WARNING - /home/***/.local/lib/python3.8/site-packages/***/settings.py:194: DeprecationWarning: The sql_alchemy_conn option in [core] has been moved to the sql_alchemy_conn option in [database] - the old setting has been used, but please update your config.
  SQL_ALCHEMY_CONN = conf.get("database", "SQL_ALCHEMY_CONN")

[2026-02-12T10:54:35.144+0000] {task_command.py:423} INFO - Running <TaskInstance: sensor_dag.check_file manual__2026-02-12T10:52:54.567900+00:00 [running]> on host fb6a3f4afd89
[2026-02-12T10:54:35.255+0000] {taskinstance.py:2480} INFO - Exporting env vars: AIRFLOW_CTX_DAG_OWNER='***' AIRFLOW_CTX_DAG_ID='sensor_dag' AIRFLOW_CTX_TASK_ID='check_file' AIRFLOW_CTX_EXECUTION_DATE='2026-02-12T10:52:54.567900+00:00' AIRFLOW_CTX_TRY_NUMBER='1' AIRFLOW_CTX_DAG_RUN_ID='manual__2026-02-12T10:52:54.567900+00:00'
[2026-02-12T10:54:35.285+0000] {base.py:83} INFO - Using connection ID 'my_filesystem_connection' for task execution.
[2026-02-12T10:54:35.286+0000] {filesystem.py:66} INFO - Poking for file /tmp/my_file.txt
[2026-02-12T10:54:35.316+0000] {taskinstance.py:2658} INFO - Rescheduling task, marking task as UP_FOR_RESCHEDULE
[2026-02-12T10:54:35.365+0000] {local_task_job_runner.py:234} INFO - Task exited with return code 0
[2026-02-12T10:54:35.409+0000] {taskinstance.py:3280} INFO - 0 downstream tasks scheduled from follow-on schedule check
[2026-02-12T10:55:07.679+0000] {taskinstance.py:1956} INFO - Dependencies all met for dep_context=non-requeueable deps ti=<TaskInstance: sensor_dag.check_file manual__2026-02-12T10:52:54.567900+00:00 [queued]>
[2026-02-12T10:55:07.694+0000] {taskinstance.py:1956} INFO - Dependencies all met for dep_context=requeueable deps ti=<TaskInstance: sensor_dag.check_file manual__2026-02-12T10:52:54.567900+00:00 [queued]>
[2026-02-12T10:55:07.694+0000] {taskinstance.py:2170} INFO - Starting attempt 1 of 1
[2026-02-12T10:55:07.718+0000] {taskinstance.py:2191} INFO - Executing <Task(FileSensor): check_file> on 2026-02-12 10:52:54.567900+00:00
[2026-02-12T10:55:07.728+0000] {standard_task_runner.py:60} INFO - Started process 2265 to run task
[2026-02-12T10:55:07.733+0000] {standard_task_runner.py:87} INFO - Running: ['***', 'tasks', 'run', 'sensor_dag', 'check_file', 'manual__2026-02-12T10:52:54.567900+00:00', '--job-id', '2931', '--raw', '--subdir', 'DAGS_FOLDER/fileSensor_dag.py', '--cfg-path', '/tmp/tmpsf23mzi_']
[2026-02-12T10:55:07.737+0000] {standard_task_runner.py:88} INFO - Job 2931: Subtask check_file
[2026-02-12T10:55:07.757+0000] {warnings.py:109} WARNING - /home/***/.local/lib/python3.8/site-packages/***/settings.py:194: DeprecationWarning: The sql_alchemy_conn option in [core] has been moved to the sql_alchemy_conn option in [database] - the old setting has been used, but please update your config.
  SQL_ALCHEMY_CONN = conf.get("database", "SQL_ALCHEMY_CONN")

[2026-02-12T10:55:07.825+0000] {task_command.py:423} INFO - Running <TaskInstance: sensor_dag.check_file manual__2026-02-12T10:52:54.567900+00:00 [running]> on host fb6a3f4afd89
[2026-02-12T10:55:07.939+0000] {taskinstance.py:2480} INFO - Exporting env vars: AIRFLOW_CTX_DAG_OWNER='***' AIRFLOW_CTX_DAG_ID='sensor_dag' AIRFLOW_CTX_TASK_ID='check_file' AIRFLOW_CTX_EXECUTION_DATE='2026-02-12T10:52:54.567900+00:00' AIRFLOW_CTX_TRY_NUMBER='1' AIRFLOW_CTX_DAG_RUN_ID='manual__2026-02-12T10:52:54.567900+00:00'
[2026-02-12T10:55:07.964+0000] {base.py:83} INFO - Using connection ID 'my_filesystem_connection' for task execution.
[2026-02-12T10:55:07.965+0000] {filesystem.py:66} INFO - Poking for file /tmp/my_file.txt
[2026-02-12T10:55:07.993+0000] {taskinstance.py:2658} INFO - Rescheduling task, marking task as UP_FOR_RESCHEDULE
[2026-02-12T10:55:08.027+0000] {local_task_job_runner.py:234} INFO - Task exited with return code 0
[2026-02-12T10:55:08.089+0000] {taskinstance.py:3280} INFO - 0 downstream tasks scheduled from follow-on schedule check
[2026-02-12T10:55:40.001+0000] {taskinstance.py:1956} INFO - Dependencies all met for dep_context=non-requeueable deps ti=<TaskInstance: sensor_dag.check_file manual__2026-02-12T10:52:54.567900+00:00 [queued]>
[2026-02-12T10:55:40.017+0000] {taskinstance.py:1956} INFO - Dependencies all met for dep_context=requeueable deps ti=<TaskInstance: sensor_dag.check_file manual__2026-02-12T10:52:54.567900+00:00 [queued]>
[2026-02-12T10:55:40.018+0000] {taskinstance.py:2170} INFO - Starting attempt 1 of 1
[2026-02-12T10:55:40.040+0000] {taskinstance.py:2191} INFO - Executing <Task(FileSensor): check_file> on 2026-02-12 10:52:54.567900+00:00
[2026-02-12T10:55:40.050+0000] {standard_task_runner.py:60} INFO - Started process 2292 to run task
[2026-02-12T10:55:40.055+0000] {standard_task_runner.py:87} INFO - Running: ['***', 'tasks', 'run', 'sensor_dag', 'check_file', 'manual__2026-02-12T10:52:54.567900+00:00', '--job-id', '2932', '--raw', '--subdir', 'DAGS_FOLDER/fileSensor_dag.py', '--cfg-path', '/tmp/tmpfqw0ryj1']
[2026-02-12T10:55:40.059+0000] {standard_task_runner.py:88} INFO - Job 2932: Subtask check_file
[2026-02-12T10:55:40.077+0000] {warnings.py:109} WARNING - /home/***/.local/lib/python3.8/site-packages/***/settings.py:194: DeprecationWarning: The sql_alchemy_conn option in [core] has been moved to the sql_alchemy_conn option in [database] - the old setting has been used, but please update your config.
  SQL_ALCHEMY_CONN = conf.get("database", "SQL_ALCHEMY_CONN")

[2026-02-12T10:55:40.130+0000] {task_command.py:423} INFO - Running <TaskInstance: sensor_dag.check_file manual__2026-02-12T10:52:54.567900+00:00 [running]> on host fb6a3f4afd89
[2026-02-12T10:55:40.229+0000] {taskinstance.py:2480} INFO - Exporting env vars: AIRFLOW_CTX_DAG_OWNER='***' AIRFLOW_CTX_DAG_ID='sensor_dag' AIRFLOW_CTX_TASK_ID='check_file' AIRFLOW_CTX_EXECUTION_DATE='2026-02-12T10:52:54.567900+00:00' AIRFLOW_CTX_TRY_NUMBER='1' AIRFLOW_CTX_DAG_RUN_ID='manual__2026-02-12T10:52:54.567900+00:00'
[2026-02-12T10:55:40.252+0000] {base.py:83} INFO - Using connection ID 'my_filesystem_connection' for task execution.
[2026-02-12T10:55:40.253+0000] {filesystem.py:66} INFO - Poking for file /tmp/my_file.txt
[2026-02-12T10:55:40.253+0000] {taskinstance.py:2698} ERROR - Task failed with exception
Traceback (most recent call last):
  File "/home/airflow/.local/lib/python3.8/site-packages/airflow/models/taskinstance.py", line 433, in _execute_task
    result = execute_callable(context=context, **execute_callable_kwargs)
  File "/home/airflow/.local/lib/python3.8/site-packages/airflow/sensors/base.py", line 282, in execute
    raise AirflowSensorTimeout(message)
airflow.exceptions.AirflowSensorTimeout: Sensor has timed out; run duration of 162.606457 seconds exceeds the specified timeout of 150.0.
[2026-02-12T10:55:40.267+0000] {taskinstance.py:1138} INFO - Immediate failure requested. Marking task as FAILED. dag_id=sensor_dag, task_id=check_file, execution_date=20260212T105254, start_date=20260212T105540, end_date=20260212T105540
[2026-02-12T10:55:40.288+0000] {standard_task_runner.py:107} ERROR - Failed to execute job 2932 for task check_file (Sensor has timed out; run duration of 162.606457 seconds exceeds the specified timeout of 150.0.; 2292)
[2026-02-12T10:55:40.308+0000] {local_task_job_runner.py:234} INFO - Task exited with return code 1
[2026-02-12T10:55:40.360+0000] {taskinstance.py:3280} INFO - 0 downstream tasks scheduled from follow-on schedule check
