[2026-02-09T09:45:12.755+0000] {taskinstance.py:1956} INFO - Dependencies all met for dep_context=non-requeueable deps ti=<TaskInstance: fork1_dag.task2 manual__2026-02-09T09:45:10.185030+00:00 [queued]>
[2026-02-09T09:45:12.768+0000] {taskinstance.py:1956} INFO - Dependencies all met for dep_context=requeueable deps ti=<TaskInstance: fork1_dag.task2 manual__2026-02-09T09:45:10.185030+00:00 [queued]>
[2026-02-09T09:45:12.769+0000] {taskinstance.py:2170} INFO - Starting attempt 1 of 1
[2026-02-09T09:45:12.790+0000] {taskinstance.py:2191} INFO - Executing <Task(PythonOperator): task2> on 2026-02-09 09:45:10.185030+00:00
[2026-02-09T09:45:12.800+0000] {standard_task_runner.py:60} INFO - Started process 2811 to run task
[2026-02-09T09:45:12.805+0000] {standard_task_runner.py:87} INFO - Running: ['***', 'tasks', 'run', 'fork1_dag', 'task2', 'manual__2026-02-09T09:45:10.185030+00:00', '--job-id', '376', '--raw', '--subdir', 'DAGS_FOLDER/failed_dag.py', '--cfg-path', '/tmp/tmpg8nx1cbe']
[2026-02-09T09:45:12.809+0000] {standard_task_runner.py:88} INFO - Job 376: Subtask task2
[2026-02-09T09:45:12.829+0000] {warnings.py:109} WARNING - /home/***/.local/lib/python3.8/site-packages/***/settings.py:194: DeprecationWarning: The sql_alchemy_conn option in [core] has been moved to the sql_alchemy_conn option in [database] - the old setting has been used, but please update your config.
  SQL_ALCHEMY_CONN = conf.get("database", "SQL_ALCHEMY_CONN")

[2026-02-09T09:45:12.882+0000] {task_command.py:423} INFO - Running <TaskInstance: fork1_dag.task2 manual__2026-02-09T09:45:10.185030+00:00 [running]> on host 6dce75377780
[2026-02-09T09:45:12.991+0000] {taskinstance.py:2480} INFO - Exporting env vars: AIRFLOW_CTX_DAG_OWNER='***' AIRFLOW_CTX_DAG_ID='fork1_dag' AIRFLOW_CTX_TASK_ID='task2' AIRFLOW_CTX_EXECUTION_DATE='2026-02-09T09:45:10.185030+00:00' AIRFLOW_CTX_TRY_NUMBER='1' AIRFLOW_CTX_DAG_RUN_ID='manual__2026-02-09T09:45:10.185030+00:00'
[2026-02-09T09:45:12.993+0000] {taskinstance.py:2698} ERROR - Task failed with exception
Traceback (most recent call last):
  File "/home/airflow/.local/lib/python3.8/site-packages/airflow/models/taskinstance.py", line 433, in _execute_task
    result = execute_callable(context=context, **execute_callable_kwargs)
  File "/home/airflow/.local/lib/python3.8/site-packages/airflow/operators/python.py", line 199, in execute
    return_value = self.execute_callable()
  File "/home/airflow/.local/lib/python3.8/site-packages/airflow/operators/python.py", line 216, in execute_callable
    return self.python_callable(*self.op_args, **self.op_kwargs)
  File "/opt/airflow/dags/failed_dag.py", line 11, in failed_task
    raise Exception('This task did not work!')
Exception: This task did not work!
[2026-02-09T09:45:13.006+0000] {taskinstance.py:1138} INFO - Marking task as FAILED. dag_id=fork1_dag, task_id=task2, execution_date=20260209T094510, start_date=20260209T094512, end_date=20260209T094513
[2026-02-09T09:45:13.023+0000] {standard_task_runner.py:107} ERROR - Failed to execute job 376 for task task2 (This task did not work!; 2811)
[2026-02-09T09:45:13.058+0000] {local_task_job_runner.py:234} INFO - Task exited with return code 1
[2026-02-09T09:45:13.092+0000] {taskinstance.py:3280} INFO - 0 downstream tasks scheduled from follow-on schedule check
