[2026-01-22T12:59:30.002+0000] {processor.py:161} INFO - Started process (PID=45) to work on /opt/airflow/dags/my_first_dag.py
[2026-01-22T12:59:30.004+0000] {processor.py:830} INFO - Processing file /opt/airflow/dags/my_first_dag.py for tasks to queue
[2026-01-22T12:59:30.006+0000] {logging_mixin.py:188} INFO - [2026-01-22T12:59:30.006+0000] {dagbag.py:538} INFO - Filling up the DagBag from /opt/airflow/dags/my_first_dag.py
[2026-01-22T12:59:30.041+0000] {processor.py:840} INFO - DAG(s) 'my_very_first_dag' retrieved from /opt/airflow/dags/my_first_dag.py
[2026-01-22T12:59:30.491+0000] {logging_mixin.py:188} INFO - [2026-01-22T12:59:30.490+0000] {dag.py:3036} INFO - Sync 1 DAGs
[2026-01-22T12:59:30.535+0000] {logging_mixin.py:188} INFO - [2026-01-22T12:59:30.535+0000] {dag.py:3823} INFO - Setting next_dagrun for my_very_first_dag to None, run_after=None
[2026-01-22T12:59:30.609+0000] {processor.py:183} INFO - Processing /opt/airflow/dags/my_first_dag.py took 0.612 seconds
[2026-01-22T13:00:01.137+0000] {processor.py:161} INFO - Started process (PID=112) to work on /opt/airflow/dags/my_first_dag.py
[2026-01-22T13:00:01.138+0000] {processor.py:830} INFO - Processing file /opt/airflow/dags/my_first_dag.py for tasks to queue
[2026-01-22T13:00:01.142+0000] {logging_mixin.py:188} INFO - [2026-01-22T13:00:01.141+0000] {dagbag.py:538} INFO - Filling up the DagBag from /opt/airflow/dags/my_first_dag.py
[2026-01-22T13:00:01.149+0000] {processor.py:840} INFO - DAG(s) 'my_very_first_dag' retrieved from /opt/airflow/dags/my_first_dag.py
[2026-01-22T13:00:01.211+0000] {logging_mixin.py:188} INFO - [2026-01-22T13:00:01.207+0000] {dag.py:3036} INFO - Sync 1 DAGs
[2026-01-22T13:00:01.242+0000] {logging_mixin.py:188} INFO - [2026-01-22T13:00:01.242+0000] {dag.py:3823} INFO - Setting next_dagrun for my_very_first_dag to None, run_after=None
[2026-01-22T13:00:01.298+0000] {processor.py:183} INFO - Processing /opt/airflow/dags/my_first_dag.py took 0.167 seconds
[2026-01-22T13:00:31.489+0000] {processor.py:161} INFO - Started process (PID=178) to work on /opt/airflow/dags/my_first_dag.py
[2026-01-22T13:00:31.503+0000] {processor.py:830} INFO - Processing file /opt/airflow/dags/my_first_dag.py for tasks to queue
[2026-01-22T13:00:31.510+0000] {logging_mixin.py:188} INFO - [2026-01-22T13:00:31.509+0000] {dagbag.py:538} INFO - Filling up the DagBag from /opt/airflow/dags/my_first_dag.py
[2026-01-22T13:00:31.518+0000] {processor.py:840} INFO - DAG(s) 'my_very_first_dag' retrieved from /opt/airflow/dags/my_first_dag.py
[2026-01-22T13:00:31.607+0000] {logging_mixin.py:188} INFO - [2026-01-22T13:00:31.607+0000] {dag.py:3036} INFO - Sync 1 DAGs
[2026-01-22T13:00:31.635+0000] {logging_mixin.py:188} INFO - [2026-01-22T13:00:31.634+0000] {dag.py:3823} INFO - Setting next_dagrun for my_very_first_dag to None, run_after=None
[2026-01-22T13:00:31.668+0000] {processor.py:183} INFO - Processing /opt/airflow/dags/my_first_dag.py took 0.186 seconds
[2026-01-22T13:01:02.388+0000] {processor.py:161} INFO - Started process (PID=244) to work on /opt/airflow/dags/my_first_dag.py
[2026-01-22T13:01:02.389+0000] {processor.py:830} INFO - Processing file /opt/airflow/dags/my_first_dag.py for tasks to queue
[2026-01-22T13:01:02.393+0000] {logging_mixin.py:188} INFO - [2026-01-22T13:01:02.393+0000] {dagbag.py:538} INFO - Filling up the DagBag from /opt/airflow/dags/my_first_dag.py
[2026-01-22T13:01:02.400+0000] {processor.py:840} INFO - DAG(s) 'my_very_first_dag' retrieved from /opt/airflow/dags/my_first_dag.py
[2026-01-22T13:01:02.429+0000] {logging_mixin.py:188} INFO - [2026-01-22T13:01:02.429+0000] {dag.py:3036} INFO - Sync 1 DAGs
[2026-01-22T13:01:02.451+0000] {logging_mixin.py:188} INFO - [2026-01-22T13:01:02.451+0000] {dag.py:3823} INFO - Setting next_dagrun for my_very_first_dag to None, run_after=None
[2026-01-22T13:01:02.487+0000] {processor.py:183} INFO - Processing /opt/airflow/dags/my_first_dag.py took 0.105 seconds
[2026-01-22T13:01:33.088+0000] {processor.py:161} INFO - Started process (PID=310) to work on /opt/airflow/dags/my_first_dag.py
[2026-01-22T13:01:33.090+0000] {processor.py:830} INFO - Processing file /opt/airflow/dags/my_first_dag.py for tasks to queue
[2026-01-22T13:01:33.093+0000] {logging_mixin.py:188} INFO - [2026-01-22T13:01:33.093+0000] {dagbag.py:538} INFO - Filling up the DagBag from /opt/airflow/dags/my_first_dag.py
[2026-01-22T13:01:33.101+0000] {processor.py:840} INFO - DAG(s) 'my_very_first_dag' retrieved from /opt/airflow/dags/my_first_dag.py
[2026-01-22T13:01:33.131+0000] {logging_mixin.py:188} INFO - [2026-01-22T13:01:33.131+0000] {dag.py:3036} INFO - Sync 1 DAGs
[2026-01-22T13:01:33.154+0000] {logging_mixin.py:188} INFO - [2026-01-22T13:01:33.154+0000] {dag.py:3823} INFO - Setting next_dagrun for my_very_first_dag to None, run_after=None
[2026-01-22T13:01:33.200+0000] {processor.py:183} INFO - Processing /opt/airflow/dags/my_first_dag.py took 0.118 seconds
[2026-01-22T13:02:03.840+0000] {processor.py:161} INFO - Started process (PID=376) to work on /opt/airflow/dags/my_first_dag.py
[2026-01-22T13:02:03.842+0000] {processor.py:830} INFO - Processing file /opt/airflow/dags/my_first_dag.py for tasks to queue
[2026-01-22T13:02:03.846+0000] {logging_mixin.py:188} INFO - [2026-01-22T13:02:03.846+0000] {dagbag.py:538} INFO - Filling up the DagBag from /opt/airflow/dags/my_first_dag.py
[2026-01-22T13:02:03.855+0000] {processor.py:840} INFO - DAG(s) 'my_very_first_dag' retrieved from /opt/airflow/dags/my_first_dag.py
[2026-01-22T13:02:03.898+0000] {logging_mixin.py:188} INFO - [2026-01-22T13:02:03.898+0000] {dag.py:3036} INFO - Sync 1 DAGs
[2026-01-22T13:02:03.921+0000] {logging_mixin.py:188} INFO - [2026-01-22T13:02:03.921+0000] {dag.py:3823} INFO - Setting next_dagrun for my_very_first_dag to None, run_after=None
[2026-01-22T13:02:03.955+0000] {processor.py:183} INFO - Processing /opt/airflow/dags/my_first_dag.py took 0.121 seconds
[2026-01-22T13:02:34.124+0000] {processor.py:161} INFO - Started process (PID=443) to work on /opt/airflow/dags/my_first_dag.py
[2026-01-22T13:02:34.126+0000] {processor.py:830} INFO - Processing file /opt/airflow/dags/my_first_dag.py for tasks to queue
[2026-01-22T13:02:34.129+0000] {logging_mixin.py:188} INFO - [2026-01-22T13:02:34.128+0000] {dagbag.py:538} INFO - Filling up the DagBag from /opt/airflow/dags/my_first_dag.py
[2026-01-22T13:02:34.136+0000] {processor.py:840} INFO - DAG(s) 'my_very_first_dag' retrieved from /opt/airflow/dags/my_first_dag.py
[2026-01-22T13:02:34.167+0000] {logging_mixin.py:188} INFO - [2026-01-22T13:02:34.166+0000] {dag.py:3036} INFO - Sync 1 DAGs
[2026-01-22T13:02:34.191+0000] {logging_mixin.py:188} INFO - [2026-01-22T13:02:34.190+0000] {dag.py:3823} INFO - Setting next_dagrun for my_very_first_dag to None, run_after=None
[2026-01-22T13:02:34.224+0000] {processor.py:183} INFO - Processing /opt/airflow/dags/my_first_dag.py took 0.106 seconds
[2026-01-22T13:03:04.605+0000] {processor.py:161} INFO - Started process (PID=517) to work on /opt/airflow/dags/my_first_dag.py
[2026-01-22T13:03:04.607+0000] {processor.py:830} INFO - Processing file /opt/airflow/dags/my_first_dag.py for tasks to queue
[2026-01-22T13:03:04.610+0000] {logging_mixin.py:188} INFO - [2026-01-22T13:03:04.609+0000] {dagbag.py:538} INFO - Filling up the DagBag from /opt/airflow/dags/my_first_dag.py
[2026-01-22T13:03:04.617+0000] {processor.py:840} INFO - DAG(s) 'my_very_first_dag' retrieved from /opt/airflow/dags/my_first_dag.py
[2026-01-22T13:03:04.648+0000] {logging_mixin.py:188} INFO - [2026-01-22T13:03:04.647+0000] {dag.py:3036} INFO - Sync 1 DAGs
[2026-01-22T13:03:04.669+0000] {logging_mixin.py:188} INFO - [2026-01-22T13:03:04.669+0000] {dag.py:3823} INFO - Setting next_dagrun for my_very_first_dag to None, run_after=None
[2026-01-22T13:03:04.699+0000] {processor.py:183} INFO - Processing /opt/airflow/dags/my_first_dag.py took 0.099 seconds
[2026-01-22T13:03:35.236+0000] {processor.py:161} INFO - Started process (PID=584) to work on /opt/airflow/dags/my_first_dag.py
[2026-01-22T13:03:35.238+0000] {processor.py:830} INFO - Processing file /opt/airflow/dags/my_first_dag.py for tasks to queue
[2026-01-22T13:03:35.241+0000] {logging_mixin.py:188} INFO - [2026-01-22T13:03:35.241+0000] {dagbag.py:538} INFO - Filling up the DagBag from /opt/airflow/dags/my_first_dag.py
[2026-01-22T13:03:35.254+0000] {processor.py:840} INFO - DAG(s) 'my_very_first_dag' retrieved from /opt/airflow/dags/my_first_dag.py
[2026-01-22T13:03:35.295+0000] {logging_mixin.py:188} INFO - [2026-01-22T13:03:35.294+0000] {dag.py:3036} INFO - Sync 1 DAGs
[2026-01-22T13:03:35.326+0000] {logging_mixin.py:188} INFO - [2026-01-22T13:03:35.325+0000] {dag.py:3823} INFO - Setting next_dagrun for my_very_first_dag to None, run_after=None
[2026-01-22T13:03:35.362+0000] {processor.py:183} INFO - Processing /opt/airflow/dags/my_first_dag.py took 0.134 seconds
[2026-01-22T13:04:05.552+0000] {processor.py:161} INFO - Started process (PID=650) to work on /opt/airflow/dags/my_first_dag.py
[2026-01-22T13:04:05.553+0000] {processor.py:830} INFO - Processing file /opt/airflow/dags/my_first_dag.py for tasks to queue
[2026-01-22T13:04:05.556+0000] {logging_mixin.py:188} INFO - [2026-01-22T13:04:05.556+0000] {dagbag.py:538} INFO - Filling up the DagBag from /opt/airflow/dags/my_first_dag.py
[2026-01-22T13:04:05.564+0000] {processor.py:840} INFO - DAG(s) 'my_very_first_dag' retrieved from /opt/airflow/dags/my_first_dag.py
[2026-01-22T13:04:05.597+0000] {logging_mixin.py:188} INFO - [2026-01-22T13:04:05.597+0000] {dag.py:3036} INFO - Sync 1 DAGs
[2026-01-22T13:04:05.622+0000] {logging_mixin.py:188} INFO - [2026-01-22T13:04:05.621+0000] {dag.py:3823} INFO - Setting next_dagrun for my_very_first_dag to None, run_after=None
[2026-01-22T13:04:05.659+0000] {processor.py:183} INFO - Processing /opt/airflow/dags/my_first_dag.py took 0.113 seconds
[2026-01-22T13:04:36.344+0000] {processor.py:161} INFO - Started process (PID=716) to work on /opt/airflow/dags/my_first_dag.py
[2026-01-22T13:04:36.347+0000] {processor.py:830} INFO - Processing file /opt/airflow/dags/my_first_dag.py for tasks to queue
[2026-01-22T13:04:36.350+0000] {logging_mixin.py:188} INFO - [2026-01-22T13:04:36.349+0000] {dagbag.py:538} INFO - Filling up the DagBag from /opt/airflow/dags/my_first_dag.py
[2026-01-22T13:04:36.358+0000] {processor.py:840} INFO - DAG(s) 'my_very_first_dag' retrieved from /opt/airflow/dags/my_first_dag.py
[2026-01-22T13:04:36.393+0000] {logging_mixin.py:188} INFO - [2026-01-22T13:04:36.392+0000] {dag.py:3036} INFO - Sync 1 DAGs
[2026-01-22T13:04:36.413+0000] {logging_mixin.py:188} INFO - [2026-01-22T13:04:36.413+0000] {dag.py:3823} INFO - Setting next_dagrun for my_very_first_dag to None, run_after=None
[2026-01-22T13:04:36.448+0000] {processor.py:183} INFO - Processing /opt/airflow/dags/my_first_dag.py took 0.109 seconds
