[2026-01-22T12:59:37.345+0000] {processor.py:161} INFO - Started process (PID=87) to work on /home/airflow/.local/lib/python3.8/site-packages/airflow/example_dags/example_short_circuit_operator.py
[2026-01-22T12:59:37.347+0000] {processor.py:830} INFO - Processing file /home/airflow/.local/lib/python3.8/site-packages/airflow/example_dags/example_short_circuit_operator.py for tasks to queue
[2026-01-22T12:59:37.350+0000] {logging_mixin.py:188} INFO - [2026-01-22T12:59:37.350+0000] {dagbag.py:538} INFO - Filling up the DagBag from /home/airflow/.local/lib/python3.8/site-packages/airflow/example_dags/example_short_circuit_operator.py
[2026-01-22T12:59:37.366+0000] {processor.py:840} INFO - DAG(s) 'example_short_circuit_operator' retrieved from /home/airflow/.local/lib/python3.8/site-packages/airflow/example_dags/example_short_circuit_operator.py
[2026-01-22T12:59:37.415+0000] {logging_mixin.py:188} INFO - [2026-01-22T12:59:37.414+0000] {dag.py:3036} INFO - Sync 1 DAGs
[2026-01-22T12:59:37.459+0000] {logging_mixin.py:188} INFO - [2026-01-22T12:59:37.458+0000] {dag.py:3823} INFO - Setting next_dagrun for example_short_circuit_operator to 2026-01-21 00:00:00+00:00, run_after=2026-01-22 00:00:00+00:00
[2026-01-22T12:59:37.492+0000] {processor.py:183} INFO - Processing /home/airflow/.local/lib/python3.8/site-packages/airflow/example_dags/example_short_circuit_operator.py took 0.153 seconds
[2026-01-22T13:00:08.208+0000] {processor.py:161} INFO - Started process (PID=155) to work on /home/airflow/.local/lib/python3.8/site-packages/airflow/example_dags/example_short_circuit_operator.py
[2026-01-22T13:00:08.209+0000] {processor.py:830} INFO - Processing file /home/airflow/.local/lib/python3.8/site-packages/airflow/example_dags/example_short_circuit_operator.py for tasks to queue
[2026-01-22T13:00:08.212+0000] {logging_mixin.py:188} INFO - [2026-01-22T13:00:08.212+0000] {dagbag.py:538} INFO - Filling up the DagBag from /home/airflow/.local/lib/python3.8/site-packages/airflow/example_dags/example_short_circuit_operator.py
[2026-01-22T13:00:08.227+0000] {processor.py:840} INFO - DAG(s) 'example_short_circuit_operator' retrieved from /home/airflow/.local/lib/python3.8/site-packages/airflow/example_dags/example_short_circuit_operator.py
[2026-01-22T13:00:08.277+0000] {logging_mixin.py:188} INFO - [2026-01-22T13:00:08.276+0000] {dag.py:3036} INFO - Sync 1 DAGs
[2026-01-22T13:00:08.314+0000] {logging_mixin.py:188} INFO - [2026-01-22T13:00:08.313+0000] {dag.py:3823} INFO - Setting next_dagrun for example_short_circuit_operator to 2026-01-21 00:00:00+00:00, run_after=2026-01-22 00:00:00+00:00
[2026-01-22T13:00:08.341+0000] {processor.py:183} INFO - Processing /home/airflow/.local/lib/python3.8/site-packages/airflow/example_dags/example_short_circuit_operator.py took 0.140 seconds
[2026-01-22T13:00:39.155+0000] {processor.py:161} INFO - Started process (PID=220) to work on /home/airflow/.local/lib/python3.8/site-packages/airflow/example_dags/example_short_circuit_operator.py
[2026-01-22T13:00:39.157+0000] {processor.py:830} INFO - Processing file /home/airflow/.local/lib/python3.8/site-packages/airflow/example_dags/example_short_circuit_operator.py for tasks to queue
[2026-01-22T13:00:39.161+0000] {logging_mixin.py:188} INFO - [2026-01-22T13:00:39.160+0000] {dagbag.py:538} INFO - Filling up the DagBag from /home/airflow/.local/lib/python3.8/site-packages/airflow/example_dags/example_short_circuit_operator.py
[2026-01-22T13:00:39.177+0000] {processor.py:840} INFO - DAG(s) 'example_short_circuit_operator' retrieved from /home/airflow/.local/lib/python3.8/site-packages/airflow/example_dags/example_short_circuit_operator.py
[2026-01-22T13:00:39.228+0000] {logging_mixin.py:188} INFO - [2026-01-22T13:00:39.228+0000] {dag.py:3036} INFO - Sync 1 DAGs
[2026-01-22T13:00:39.272+0000] {logging_mixin.py:188} INFO - [2026-01-22T13:00:39.271+0000] {dag.py:3823} INFO - Setting next_dagrun for example_short_circuit_operator to 2026-01-21 00:00:00+00:00, run_after=2026-01-22 00:00:00+00:00
[2026-01-22T13:00:39.314+0000] {processor.py:183} INFO - Processing /home/airflow/.local/lib/python3.8/site-packages/airflow/example_dags/example_short_circuit_operator.py took 0.165 seconds
[2026-01-22T13:01:10.075+0000] {processor.py:161} INFO - Started process (PID=286) to work on /home/airflow/.local/lib/python3.8/site-packages/airflow/example_dags/example_short_circuit_operator.py
[2026-01-22T13:01:10.077+0000] {processor.py:830} INFO - Processing file /home/airflow/.local/lib/python3.8/site-packages/airflow/example_dags/example_short_circuit_operator.py for tasks to queue
[2026-01-22T13:01:10.080+0000] {logging_mixin.py:188} INFO - [2026-01-22T13:01:10.079+0000] {dagbag.py:538} INFO - Filling up the DagBag from /home/airflow/.local/lib/python3.8/site-packages/airflow/example_dags/example_short_circuit_operator.py
[2026-01-22T13:01:10.095+0000] {processor.py:840} INFO - DAG(s) 'example_short_circuit_operator' retrieved from /home/airflow/.local/lib/python3.8/site-packages/airflow/example_dags/example_short_circuit_operator.py
[2026-01-22T13:01:10.147+0000] {logging_mixin.py:188} INFO - [2026-01-22T13:01:10.146+0000] {dag.py:3036} INFO - Sync 1 DAGs
[2026-01-22T13:01:10.190+0000] {logging_mixin.py:188} INFO - [2026-01-22T13:01:10.190+0000] {dag.py:3823} INFO - Setting next_dagrun for example_short_circuit_operator to 2026-01-21 00:00:00+00:00, run_after=2026-01-22 00:00:00+00:00
[2026-01-22T13:01:10.260+0000] {processor.py:183} INFO - Processing /home/airflow/.local/lib/python3.8/site-packages/airflow/example_dags/example_short_circuit_operator.py took 0.191 seconds
[2026-01-22T13:01:40.734+0000] {processor.py:161} INFO - Started process (PID=352) to work on /home/airflow/.local/lib/python3.8/site-packages/airflow/example_dags/example_short_circuit_operator.py
[2026-01-22T13:01:40.739+0000] {processor.py:830} INFO - Processing file /home/airflow/.local/lib/python3.8/site-packages/airflow/example_dags/example_short_circuit_operator.py for tasks to queue
[2026-01-22T13:01:40.743+0000] {logging_mixin.py:188} INFO - [2026-01-22T13:01:40.742+0000] {dagbag.py:538} INFO - Filling up the DagBag from /home/airflow/.local/lib/python3.8/site-packages/airflow/example_dags/example_short_circuit_operator.py
[2026-01-22T13:01:40.759+0000] {processor.py:840} INFO - DAG(s) 'example_short_circuit_operator' retrieved from /home/airflow/.local/lib/python3.8/site-packages/airflow/example_dags/example_short_circuit_operator.py
[2026-01-22T13:01:40.798+0000] {logging_mixin.py:188} INFO - [2026-01-22T13:01:40.798+0000] {dag.py:3036} INFO - Sync 1 DAGs
[2026-01-22T13:01:40.842+0000] {logging_mixin.py:188} INFO - [2026-01-22T13:01:40.841+0000] {dag.py:3823} INFO - Setting next_dagrun for example_short_circuit_operator to 2026-01-21 00:00:00+00:00, run_after=2026-01-22 00:00:00+00:00
[2026-01-22T13:01:40.878+0000] {processor.py:183} INFO - Processing /home/airflow/.local/lib/python3.8/site-packages/airflow/example_dags/example_short_circuit_operator.py took 0.154 seconds
[2026-01-22T13:02:11.539+0000] {processor.py:161} INFO - Started process (PID=418) to work on /home/airflow/.local/lib/python3.8/site-packages/airflow/example_dags/example_short_circuit_operator.py
[2026-01-22T13:02:11.542+0000] {processor.py:830} INFO - Processing file /home/airflow/.local/lib/python3.8/site-packages/airflow/example_dags/example_short_circuit_operator.py for tasks to queue
[2026-01-22T13:02:11.545+0000] {logging_mixin.py:188} INFO - [2026-01-22T13:02:11.544+0000] {dagbag.py:538} INFO - Filling up the DagBag from /home/airflow/.local/lib/python3.8/site-packages/airflow/example_dags/example_short_circuit_operator.py
[2026-01-22T13:02:11.558+0000] {processor.py:840} INFO - DAG(s) 'example_short_circuit_operator' retrieved from /home/airflow/.local/lib/python3.8/site-packages/airflow/example_dags/example_short_circuit_operator.py
[2026-01-22T13:02:11.598+0000] {logging_mixin.py:188} INFO - [2026-01-22T13:02:11.598+0000] {dag.py:3036} INFO - Sync 1 DAGs
[2026-01-22T13:02:11.634+0000] {logging_mixin.py:188} INFO - [2026-01-22T13:02:11.634+0000] {dag.py:3823} INFO - Setting next_dagrun for example_short_circuit_operator to 2026-01-21 00:00:00+00:00, run_after=2026-01-22 00:00:00+00:00
[2026-01-22T13:02:11.669+0000] {processor.py:183} INFO - Processing /home/airflow/.local/lib/python3.8/site-packages/airflow/example_dags/example_short_circuit_operator.py took 0.135 seconds
[2026-01-22T13:02:42.565+0000] {processor.py:161} INFO - Started process (PID=485) to work on /home/airflow/.local/lib/python3.8/site-packages/airflow/example_dags/example_short_circuit_operator.py
[2026-01-22T13:02:42.567+0000] {processor.py:830} INFO - Processing file /home/airflow/.local/lib/python3.8/site-packages/airflow/example_dags/example_short_circuit_operator.py for tasks to queue
[2026-01-22T13:02:42.570+0000] {logging_mixin.py:188} INFO - [2026-01-22T13:02:42.569+0000] {dagbag.py:538} INFO - Filling up the DagBag from /home/airflow/.local/lib/python3.8/site-packages/airflow/example_dags/example_short_circuit_operator.py
[2026-01-22T13:02:42.585+0000] {processor.py:840} INFO - DAG(s) 'example_short_circuit_operator' retrieved from /home/airflow/.local/lib/python3.8/site-packages/airflow/example_dags/example_short_circuit_operator.py
[2026-01-22T13:02:42.630+0000] {logging_mixin.py:188} INFO - [2026-01-22T13:02:42.629+0000] {dag.py:3036} INFO - Sync 1 DAGs
[2026-01-22T13:02:42.672+0000] {logging_mixin.py:188} INFO - [2026-01-22T13:02:42.672+0000] {dag.py:3823} INFO - Setting next_dagrun for example_short_circuit_operator to 2026-01-21 00:00:00+00:00, run_after=2026-01-22 00:00:00+00:00
[2026-01-22T13:02:42.711+0000] {processor.py:183} INFO - Processing /home/airflow/.local/lib/python3.8/site-packages/airflow/example_dags/example_short_circuit_operator.py took 0.152 seconds
[2026-01-22T13:03:12.792+0000] {processor.py:161} INFO - Started process (PID=550) to work on /home/airflow/.local/lib/python3.8/site-packages/airflow/example_dags/example_short_circuit_operator.py
[2026-01-22T13:03:12.793+0000] {processor.py:830} INFO - Processing file /home/airflow/.local/lib/python3.8/site-packages/airflow/example_dags/example_short_circuit_operator.py for tasks to queue
[2026-01-22T13:03:12.797+0000] {logging_mixin.py:188} INFO - [2026-01-22T13:03:12.796+0000] {dagbag.py:538} INFO - Filling up the DagBag from /home/airflow/.local/lib/python3.8/site-packages/airflow/example_dags/example_short_circuit_operator.py
[2026-01-22T13:03:12.818+0000] {processor.py:840} INFO - DAG(s) 'example_short_circuit_operator' retrieved from /home/airflow/.local/lib/python3.8/site-packages/airflow/example_dags/example_short_circuit_operator.py
[2026-01-22T13:03:12.862+0000] {logging_mixin.py:188} INFO - [2026-01-22T13:03:12.862+0000] {dag.py:3036} INFO - Sync 1 DAGs
[2026-01-22T13:03:12.902+0000] {logging_mixin.py:188} INFO - [2026-01-22T13:03:12.902+0000] {dag.py:3823} INFO - Setting next_dagrun for example_short_circuit_operator to 2026-01-21 00:00:00+00:00, run_after=2026-01-22 00:00:00+00:00
[2026-01-22T13:03:12.931+0000] {processor.py:183} INFO - Processing /home/airflow/.local/lib/python3.8/site-packages/airflow/example_dags/example_short_circuit_operator.py took 0.146 seconds
[2026-01-22T13:03:43.133+0000] {processor.py:161} INFO - Started process (PID=617) to work on /home/airflow/.local/lib/python3.8/site-packages/airflow/example_dags/example_short_circuit_operator.py
[2026-01-22T13:03:43.135+0000] {processor.py:830} INFO - Processing file /home/airflow/.local/lib/python3.8/site-packages/airflow/example_dags/example_short_circuit_operator.py for tasks to queue
[2026-01-22T13:03:43.138+0000] {logging_mixin.py:188} INFO - [2026-01-22T13:03:43.137+0000] {dagbag.py:538} INFO - Filling up the DagBag from /home/airflow/.local/lib/python3.8/site-packages/airflow/example_dags/example_short_circuit_operator.py
[2026-01-22T13:03:43.150+0000] {processor.py:840} INFO - DAG(s) 'example_short_circuit_operator' retrieved from /home/airflow/.local/lib/python3.8/site-packages/airflow/example_dags/example_short_circuit_operator.py
[2026-01-22T13:03:43.194+0000] {logging_mixin.py:188} INFO - [2026-01-22T13:03:43.193+0000] {dag.py:3036} INFO - Sync 1 DAGs
[2026-01-22T13:03:43.239+0000] {logging_mixin.py:188} INFO - [2026-01-22T13:03:43.239+0000] {dag.py:3823} INFO - Setting next_dagrun for example_short_circuit_operator to 2026-01-21 00:00:00+00:00, run_after=2026-01-22 00:00:00+00:00
[2026-01-22T13:03:43.271+0000] {processor.py:183} INFO - Processing /home/airflow/.local/lib/python3.8/site-packages/airflow/example_dags/example_short_circuit_operator.py took 0.143 seconds
[2026-01-22T13:04:14.049+0000] {processor.py:161} INFO - Started process (PID=684) to work on /home/airflow/.local/lib/python3.8/site-packages/airflow/example_dags/example_short_circuit_operator.py
[2026-01-22T13:04:14.050+0000] {processor.py:830} INFO - Processing file /home/airflow/.local/lib/python3.8/site-packages/airflow/example_dags/example_short_circuit_operator.py for tasks to queue
[2026-01-22T13:04:14.052+0000] {logging_mixin.py:188} INFO - [2026-01-22T13:04:14.052+0000] {dagbag.py:538} INFO - Filling up the DagBag from /home/airflow/.local/lib/python3.8/site-packages/airflow/example_dags/example_short_circuit_operator.py
[2026-01-22T13:04:14.065+0000] {processor.py:840} INFO - DAG(s) 'example_short_circuit_operator' retrieved from /home/airflow/.local/lib/python3.8/site-packages/airflow/example_dags/example_short_circuit_operator.py
[2026-01-22T13:04:14.107+0000] {logging_mixin.py:188} INFO - [2026-01-22T13:04:14.107+0000] {dag.py:3036} INFO - Sync 1 DAGs
[2026-01-22T13:04:14.161+0000] {logging_mixin.py:188} INFO - [2026-01-22T13:04:14.161+0000] {dag.py:3823} INFO - Setting next_dagrun for example_short_circuit_operator to 2026-01-21 00:00:00+00:00, run_after=2026-01-22 00:00:00+00:00
[2026-01-22T13:04:14.210+0000] {processor.py:183} INFO - Processing /home/airflow/.local/lib/python3.8/site-packages/airflow/example_dags/example_short_circuit_operator.py took 0.167 seconds
[2026-01-22T13:04:44.611+0000] {processor.py:161} INFO - Started process (PID=757) to work on /home/airflow/.local/lib/python3.8/site-packages/airflow/example_dags/example_short_circuit_operator.py
[2026-01-22T13:04:44.628+0000] {processor.py:830} INFO - Processing file /home/airflow/.local/lib/python3.8/site-packages/airflow/example_dags/example_short_circuit_operator.py for tasks to queue
[2026-01-22T13:04:44.631+0000] {logging_mixin.py:188} INFO - [2026-01-22T13:04:44.630+0000] {dagbag.py:538} INFO - Filling up the DagBag from /home/airflow/.local/lib/python3.8/site-packages/airflow/example_dags/example_short_circuit_operator.py
[2026-01-22T13:04:44.647+0000] {processor.py:840} INFO - DAG(s) 'example_short_circuit_operator' retrieved from /home/airflow/.local/lib/python3.8/site-packages/airflow/example_dags/example_short_circuit_operator.py
[2026-01-22T13:04:44.693+0000] {logging_mixin.py:188} INFO - [2026-01-22T13:04:44.693+0000] {dag.py:3036} INFO - Sync 1 DAGs
[2026-01-22T13:04:44.736+0000] {logging_mixin.py:188} INFO - [2026-01-22T13:04:44.736+0000] {dag.py:3823} INFO - Setting next_dagrun for example_short_circuit_operator to 2026-01-21 00:00:00+00:00, run_after=2026-01-22 00:00:00+00:00
[2026-01-22T13:04:44.779+0000] {processor.py:183} INFO - Processing /home/airflow/.local/lib/python3.8/site-packages/airflow/example_dags/example_short_circuit_operator.py took 0.174 seconds
