[2026-01-22T12:59:30.024+0000] {processor.py:161} INFO - Started process (PID=46) to work on /home/airflow/.local/lib/python3.8/site-packages/airflow/example_dags/example_python_operator.py
[2026-01-22T12:59:30.026+0000] {processor.py:830} INFO - Processing file /home/airflow/.local/lib/python3.8/site-packages/airflow/example_dags/example_python_operator.py for tasks to queue
[2026-01-22T12:59:30.030+0000] {logging_mixin.py:188} INFO - [2026-01-22T12:59:30.029+0000] {dagbag.py:538} INFO - Filling up the DagBag from /home/airflow/.local/lib/python3.8/site-packages/airflow/example_dags/example_python_operator.py
[2026-01-22T12:59:30.077+0000] {processor.py:840} INFO - DAG(s) 'example_python_operator' retrieved from /home/airflow/.local/lib/python3.8/site-packages/airflow/example_dags/example_python_operator.py
[2026-01-22T12:59:30.480+0000] {logging_mixin.py:188} INFO - [2026-01-22T12:59:30.479+0000] {dag.py:3036} INFO - Sync 1 DAGs
[2026-01-22T12:59:30.503+0000] {logging_mixin.py:188} INFO - [2026-01-22T12:59:30.502+0000] {dag.py:3823} INFO - Setting next_dagrun for example_python_operator to None, run_after=None
[2026-01-22T12:59:30.570+0000] {processor.py:183} INFO - Processing /home/airflow/.local/lib/python3.8/site-packages/airflow/example_dags/example_python_operator.py took 0.551 seconds
[2026-01-22T13:00:01.147+0000] {processor.py:161} INFO - Started process (PID=113) to work on /home/airflow/.local/lib/python3.8/site-packages/airflow/example_dags/example_python_operator.py
[2026-01-22T13:00:01.148+0000] {processor.py:830} INFO - Processing file /home/airflow/.local/lib/python3.8/site-packages/airflow/example_dags/example_python_operator.py for tasks to queue
[2026-01-22T13:00:01.151+0000] {logging_mixin.py:188} INFO - [2026-01-22T13:00:01.151+0000] {dagbag.py:538} INFO - Filling up the DagBag from /home/airflow/.local/lib/python3.8/site-packages/airflow/example_dags/example_python_operator.py
[2026-01-22T13:00:01.190+0000] {processor.py:840} INFO - DAG(s) 'example_python_operator' retrieved from /home/airflow/.local/lib/python3.8/site-packages/airflow/example_dags/example_python_operator.py
[2026-01-22T13:00:01.245+0000] {logging_mixin.py:188} INFO - [2026-01-22T13:00:01.245+0000] {dag.py:3036} INFO - Sync 1 DAGs
[2026-01-22T13:00:01.280+0000] {logging_mixin.py:188} INFO - [2026-01-22T13:00:01.279+0000] {dag.py:3823} INFO - Setting next_dagrun for example_python_operator to None, run_after=None
[2026-01-22T13:00:01.330+0000] {processor.py:183} INFO - Processing /home/airflow/.local/lib/python3.8/site-packages/airflow/example_dags/example_python_operator.py took 0.188 seconds
[2026-01-22T13:00:31.534+0000] {processor.py:161} INFO - Started process (PID=179) to work on /home/airflow/.local/lib/python3.8/site-packages/airflow/example_dags/example_python_operator.py
[2026-01-22T13:00:31.536+0000] {processor.py:830} INFO - Processing file /home/airflow/.local/lib/python3.8/site-packages/airflow/example_dags/example_python_operator.py for tasks to queue
[2026-01-22T13:00:31.549+0000] {logging_mixin.py:188} INFO - [2026-01-22T13:00:31.549+0000] {dagbag.py:538} INFO - Filling up the DagBag from /home/airflow/.local/lib/python3.8/site-packages/airflow/example_dags/example_python_operator.py
[2026-01-22T13:00:31.583+0000] {processor.py:840} INFO - DAG(s) 'example_python_operator' retrieved from /home/airflow/.local/lib/python3.8/site-packages/airflow/example_dags/example_python_operator.py
[2026-01-22T13:00:31.629+0000] {logging_mixin.py:188} INFO - [2026-01-22T13:00:31.629+0000] {dag.py:3036} INFO - Sync 1 DAGs
[2026-01-22T13:00:31.655+0000] {logging_mixin.py:188} INFO - [2026-01-22T13:00:31.655+0000] {dag.py:3823} INFO - Setting next_dagrun for example_python_operator to None, run_after=None
[2026-01-22T13:00:31.689+0000] {processor.py:183} INFO - Processing /home/airflow/.local/lib/python3.8/site-packages/airflow/example_dags/example_python_operator.py took 0.166 seconds
[2026-01-22T13:01:02.403+0000] {processor.py:161} INFO - Started process (PID=245) to work on /home/airflow/.local/lib/python3.8/site-packages/airflow/example_dags/example_python_operator.py
[2026-01-22T13:01:02.404+0000] {processor.py:830} INFO - Processing file /home/airflow/.local/lib/python3.8/site-packages/airflow/example_dags/example_python_operator.py for tasks to queue
[2026-01-22T13:01:02.407+0000] {logging_mixin.py:188} INFO - [2026-01-22T13:01:02.407+0000] {dagbag.py:538} INFO - Filling up the DagBag from /home/airflow/.local/lib/python3.8/site-packages/airflow/example_dags/example_python_operator.py
[2026-01-22T13:01:02.427+0000] {processor.py:840} INFO - DAG(s) 'example_python_operator' retrieved from /home/airflow/.local/lib/python3.8/site-packages/airflow/example_dags/example_python_operator.py
[2026-01-22T13:01:02.471+0000] {logging_mixin.py:188} INFO - [2026-01-22T13:01:02.471+0000] {dag.py:3036} INFO - Sync 1 DAGs
[2026-01-22T13:01:02.496+0000] {logging_mixin.py:188} INFO - [2026-01-22T13:01:02.496+0000] {dag.py:3823} INFO - Setting next_dagrun for example_python_operator to None, run_after=None
[2026-01-22T13:01:02.525+0000] {processor.py:183} INFO - Processing /home/airflow/.local/lib/python3.8/site-packages/airflow/example_dags/example_python_operator.py took 0.129 seconds
[2026-01-22T13:01:33.102+0000] {processor.py:161} INFO - Started process (PID=311) to work on /home/airflow/.local/lib/python3.8/site-packages/airflow/example_dags/example_python_operator.py
[2026-01-22T13:01:33.105+0000] {processor.py:830} INFO - Processing file /home/airflow/.local/lib/python3.8/site-packages/airflow/example_dags/example_python_operator.py for tasks to queue
[2026-01-22T13:01:33.108+0000] {logging_mixin.py:188} INFO - [2026-01-22T13:01:33.107+0000] {dagbag.py:538} INFO - Filling up the DagBag from /home/airflow/.local/lib/python3.8/site-packages/airflow/example_dags/example_python_operator.py
[2026-01-22T13:01:33.128+0000] {processor.py:840} INFO - DAG(s) 'example_python_operator' retrieved from /home/airflow/.local/lib/python3.8/site-packages/airflow/example_dags/example_python_operator.py
[2026-01-22T13:01:33.176+0000] {logging_mixin.py:188} INFO - [2026-01-22T13:01:33.176+0000] {dag.py:3036} INFO - Sync 1 DAGs
[2026-01-22T13:01:33.199+0000] {logging_mixin.py:188} INFO - [2026-01-22T13:01:33.198+0000] {dag.py:3823} INFO - Setting next_dagrun for example_python_operator to None, run_after=None
[2026-01-22T13:01:33.238+0000] {processor.py:183} INFO - Processing /home/airflow/.local/lib/python3.8/site-packages/airflow/example_dags/example_python_operator.py took 0.142 seconds
[2026-01-22T13:02:03.851+0000] {processor.py:161} INFO - Started process (PID=377) to work on /home/airflow/.local/lib/python3.8/site-packages/airflow/example_dags/example_python_operator.py
[2026-01-22T13:02:03.853+0000] {processor.py:830} INFO - Processing file /home/airflow/.local/lib/python3.8/site-packages/airflow/example_dags/example_python_operator.py for tasks to queue
[2026-01-22T13:02:03.856+0000] {logging_mixin.py:188} INFO - [2026-01-22T13:02:03.856+0000] {dagbag.py:538} INFO - Filling up the DagBag from /home/airflow/.local/lib/python3.8/site-packages/airflow/example_dags/example_python_operator.py
[2026-01-22T13:02:03.875+0000] {processor.py:840} INFO - DAG(s) 'example_python_operator' retrieved from /home/airflow/.local/lib/python3.8/site-packages/airflow/example_dags/example_python_operator.py
[2026-01-22T13:02:03.917+0000] {logging_mixin.py:188} INFO - [2026-01-22T13:02:03.916+0000] {dag.py:3036} INFO - Sync 1 DAGs
[2026-01-22T13:02:03.944+0000] {logging_mixin.py:188} INFO - [2026-01-22T13:02:03.944+0000] {dag.py:3823} INFO - Setting next_dagrun for example_python_operator to None, run_after=None
[2026-01-22T13:02:03.974+0000] {processor.py:183} INFO - Processing /home/airflow/.local/lib/python3.8/site-packages/airflow/example_dags/example_python_operator.py took 0.129 seconds
[2026-01-22T13:02:34.135+0000] {processor.py:161} INFO - Started process (PID=444) to work on /home/airflow/.local/lib/python3.8/site-packages/airflow/example_dags/example_python_operator.py
[2026-01-22T13:02:34.137+0000] {processor.py:830} INFO - Processing file /home/airflow/.local/lib/python3.8/site-packages/airflow/example_dags/example_python_operator.py for tasks to queue
[2026-01-22T13:02:34.139+0000] {logging_mixin.py:188} INFO - [2026-01-22T13:02:34.139+0000] {dagbag.py:538} INFO - Filling up the DagBag from /home/airflow/.local/lib/python3.8/site-packages/airflow/example_dags/example_python_operator.py
[2026-01-22T13:02:34.157+0000] {processor.py:840} INFO - DAG(s) 'example_python_operator' retrieved from /home/airflow/.local/lib/python3.8/site-packages/airflow/example_dags/example_python_operator.py
[2026-01-22T13:02:34.198+0000] {logging_mixin.py:188} INFO - [2026-01-22T13:02:34.197+0000] {dag.py:3036} INFO - Sync 1 DAGs
[2026-01-22T13:02:34.220+0000] {logging_mixin.py:188} INFO - [2026-01-22T13:02:34.220+0000] {dag.py:3823} INFO - Setting next_dagrun for example_python_operator to None, run_after=None
[2026-01-22T13:02:34.252+0000] {processor.py:183} INFO - Processing /home/airflow/.local/lib/python3.8/site-packages/airflow/example_dags/example_python_operator.py took 0.122 seconds
[2026-01-22T13:03:04.621+0000] {processor.py:161} INFO - Started process (PID=518) to work on /home/airflow/.local/lib/python3.8/site-packages/airflow/example_dags/example_python_operator.py
[2026-01-22T13:03:04.622+0000] {processor.py:830} INFO - Processing file /home/airflow/.local/lib/python3.8/site-packages/airflow/example_dags/example_python_operator.py for tasks to queue
[2026-01-22T13:03:04.625+0000] {logging_mixin.py:188} INFO - [2026-01-22T13:03:04.624+0000] {dagbag.py:538} INFO - Filling up the DagBag from /home/airflow/.local/lib/python3.8/site-packages/airflow/example_dags/example_python_operator.py
[2026-01-22T13:03:04.645+0000] {processor.py:840} INFO - DAG(s) 'example_python_operator' retrieved from /home/airflow/.local/lib/python3.8/site-packages/airflow/example_dags/example_python_operator.py
[2026-01-22T13:03:04.688+0000] {logging_mixin.py:188} INFO - [2026-01-22T13:03:04.688+0000] {dag.py:3036} INFO - Sync 1 DAGs
[2026-01-22T13:03:04.712+0000] {logging_mixin.py:188} INFO - [2026-01-22T13:03:04.712+0000] {dag.py:3823} INFO - Setting next_dagrun for example_python_operator to None, run_after=None
[2026-01-22T13:03:04.740+0000] {processor.py:183} INFO - Processing /home/airflow/.local/lib/python3.8/site-packages/airflow/example_dags/example_python_operator.py took 0.126 seconds
[2026-01-22T13:03:35.251+0000] {processor.py:161} INFO - Started process (PID=585) to work on /home/airflow/.local/lib/python3.8/site-packages/airflow/example_dags/example_python_operator.py
[2026-01-22T13:03:35.254+0000] {processor.py:830} INFO - Processing file /home/airflow/.local/lib/python3.8/site-packages/airflow/example_dags/example_python_operator.py for tasks to queue
[2026-01-22T13:03:35.257+0000] {logging_mixin.py:188} INFO - [2026-01-22T13:03:35.256+0000] {dagbag.py:538} INFO - Filling up the DagBag from /home/airflow/.local/lib/python3.8/site-packages/airflow/example_dags/example_python_operator.py
[2026-01-22T13:03:35.277+0000] {processor.py:840} INFO - DAG(s) 'example_python_operator' retrieved from /home/airflow/.local/lib/python3.8/site-packages/airflow/example_dags/example_python_operator.py
[2026-01-22T13:03:35.327+0000] {logging_mixin.py:188} INFO - [2026-01-22T13:03:35.327+0000] {dag.py:3036} INFO - Sync 1 DAGs
[2026-01-22T13:03:35.364+0000] {logging_mixin.py:188} INFO - [2026-01-22T13:03:35.363+0000] {dag.py:3823} INFO - Setting next_dagrun for example_python_operator to None, run_after=None
[2026-01-22T13:03:35.401+0000] {processor.py:183} INFO - Processing /home/airflow/.local/lib/python3.8/site-packages/airflow/example_dags/example_python_operator.py took 0.158 seconds
[2026-01-22T13:04:05.564+0000] {processor.py:161} INFO - Started process (PID=651) to work on /home/airflow/.local/lib/python3.8/site-packages/airflow/example_dags/example_python_operator.py
[2026-01-22T13:04:05.566+0000] {processor.py:830} INFO - Processing file /home/airflow/.local/lib/python3.8/site-packages/airflow/example_dags/example_python_operator.py for tasks to queue
[2026-01-22T13:04:05.568+0000] {logging_mixin.py:188} INFO - [2026-01-22T13:04:05.568+0000] {dagbag.py:538} INFO - Filling up the DagBag from /home/airflow/.local/lib/python3.8/site-packages/airflow/example_dags/example_python_operator.py
[2026-01-22T13:04:05.588+0000] {processor.py:840} INFO - DAG(s) 'example_python_operator' retrieved from /home/airflow/.local/lib/python3.8/site-packages/airflow/example_dags/example_python_operator.py
[2026-01-22T13:04:05.629+0000] {logging_mixin.py:188} INFO - [2026-01-22T13:04:05.629+0000] {dag.py:3036} INFO - Sync 1 DAGs
[2026-01-22T13:04:05.653+0000] {logging_mixin.py:188} INFO - [2026-01-22T13:04:05.653+0000] {dag.py:3823} INFO - Setting next_dagrun for example_python_operator to None, run_after=None
[2026-01-22T13:04:05.688+0000] {processor.py:183} INFO - Processing /home/airflow/.local/lib/python3.8/site-packages/airflow/example_dags/example_python_operator.py took 0.130 seconds
[2026-01-22T13:04:36.357+0000] {processor.py:161} INFO - Started process (PID=717) to work on /home/airflow/.local/lib/python3.8/site-packages/airflow/example_dags/example_python_operator.py
[2026-01-22T13:04:36.359+0000] {processor.py:830} INFO - Processing file /home/airflow/.local/lib/python3.8/site-packages/airflow/example_dags/example_python_operator.py for tasks to queue
[2026-01-22T13:04:36.362+0000] {logging_mixin.py:188} INFO - [2026-01-22T13:04:36.362+0000] {dagbag.py:538} INFO - Filling up the DagBag from /home/airflow/.local/lib/python3.8/site-packages/airflow/example_dags/example_python_operator.py
[2026-01-22T13:04:36.381+0000] {processor.py:840} INFO - DAG(s) 'example_python_operator' retrieved from /home/airflow/.local/lib/python3.8/site-packages/airflow/example_dags/example_python_operator.py
[2026-01-22T13:04:36.424+0000] {logging_mixin.py:188} INFO - [2026-01-22T13:04:36.423+0000] {dag.py:3036} INFO - Sync 1 DAGs
[2026-01-22T13:04:36.450+0000] {logging_mixin.py:188} INFO - [2026-01-22T13:04:36.449+0000] {dag.py:3823} INFO - Setting next_dagrun for example_python_operator to None, run_after=None
[2026-01-22T13:04:36.487+0000] {processor.py:183} INFO - Processing /home/airflow/.local/lib/python3.8/site-packages/airflow/example_dags/example_python_operator.py took 0.135 seconds
