[2026-01-22T12:59:34.364+0000] {processor.py:161} INFO - Started process (PID=70) to work on /home/airflow/.local/lib/python3.8/site-packages/airflow/example_dags/example_sensors.py
[2026-01-22T12:59:34.365+0000] {processor.py:830} INFO - Processing file /home/airflow/.local/lib/python3.8/site-packages/airflow/example_dags/example_sensors.py for tasks to queue
[2026-01-22T12:59:34.368+0000] {logging_mixin.py:188} INFO - [2026-01-22T12:59:34.367+0000] {dagbag.py:538} INFO - Filling up the DagBag from /home/airflow/.local/lib/python3.8/site-packages/airflow/example_dags/example_sensors.py
[2026-01-22T12:59:34.431+0000] {processor.py:840} INFO - DAG(s) 'example_sensors' retrieved from /home/airflow/.local/lib/python3.8/site-packages/airflow/example_dags/example_sensors.py
[2026-01-22T12:59:34.634+0000] {logging_mixin.py:188} INFO - [2026-01-22T12:59:34.633+0000] {dag.py:3036} INFO - Sync 1 DAGs
[2026-01-22T12:59:34.691+0000] {logging_mixin.py:188} INFO - [2026-01-22T12:59:34.691+0000] {dag.py:3823} INFO - Setting next_dagrun for example_sensors to None, run_after=None
[2026-01-22T12:59:34.888+0000] {processor.py:183} INFO - Processing /home/airflow/.local/lib/python3.8/site-packages/airflow/example_dags/example_sensors.py took 0.538 seconds
[2026-01-22T13:00:05.367+0000] {processor.py:161} INFO - Started process (PID=138) to work on /home/airflow/.local/lib/python3.8/site-packages/airflow/example_dags/example_sensors.py
[2026-01-22T13:00:05.369+0000] {processor.py:830} INFO - Processing file /home/airflow/.local/lib/python3.8/site-packages/airflow/example_dags/example_sensors.py for tasks to queue
[2026-01-22T13:00:05.372+0000] {logging_mixin.py:188} INFO - [2026-01-22T13:00:05.371+0000] {dagbag.py:538} INFO - Filling up the DagBag from /home/airflow/.local/lib/python3.8/site-packages/airflow/example_dags/example_sensors.py
[2026-01-22T13:00:05.392+0000] {processor.py:840} INFO - DAG(s) 'example_sensors' retrieved from /home/airflow/.local/lib/python3.8/site-packages/airflow/example_dags/example_sensors.py
[2026-01-22T13:00:05.453+0000] {logging_mixin.py:188} INFO - [2026-01-22T13:00:05.452+0000] {dag.py:3036} INFO - Sync 1 DAGs
[2026-01-22T13:00:05.478+0000] {logging_mixin.py:188} INFO - [2026-01-22T13:00:05.477+0000] {dag.py:3823} INFO - Setting next_dagrun for example_sensors to None, run_after=None
[2026-01-22T13:00:05.514+0000] {processor.py:183} INFO - Processing /home/airflow/.local/lib/python3.8/site-packages/airflow/example_dags/example_sensors.py took 0.153 seconds
[2026-01-22T13:00:35.597+0000] {processor.py:161} INFO - Started process (PID=203) to work on /home/airflow/.local/lib/python3.8/site-packages/airflow/example_dags/example_sensors.py
[2026-01-22T13:00:35.599+0000] {processor.py:830} INFO - Processing file /home/airflow/.local/lib/python3.8/site-packages/airflow/example_dags/example_sensors.py for tasks to queue
[2026-01-22T13:00:35.602+0000] {logging_mixin.py:188} INFO - [2026-01-22T13:00:35.602+0000] {dagbag.py:538} INFO - Filling up the DagBag from /home/airflow/.local/lib/python3.8/site-packages/airflow/example_dags/example_sensors.py
[2026-01-22T13:00:35.622+0000] {processor.py:840} INFO - DAG(s) 'example_sensors' retrieved from /home/airflow/.local/lib/python3.8/site-packages/airflow/example_dags/example_sensors.py
[2026-01-22T13:00:35.676+0000] {logging_mixin.py:188} INFO - [2026-01-22T13:00:35.676+0000] {dag.py:3036} INFO - Sync 1 DAGs
[2026-01-22T13:00:35.703+0000] {logging_mixin.py:188} INFO - [2026-01-22T13:00:35.702+0000] {dag.py:3823} INFO - Setting next_dagrun for example_sensors to None, run_after=None
[2026-01-22T13:00:35.747+0000] {processor.py:183} INFO - Processing /home/airflow/.local/lib/python3.8/site-packages/airflow/example_dags/example_sensors.py took 0.156 seconds
[2026-01-22T13:01:06.265+0000] {processor.py:161} INFO - Started process (PID=270) to work on /home/airflow/.local/lib/python3.8/site-packages/airflow/example_dags/example_sensors.py
[2026-01-22T13:01:06.266+0000] {processor.py:830} INFO - Processing file /home/airflow/.local/lib/python3.8/site-packages/airflow/example_dags/example_sensors.py for tasks to queue
[2026-01-22T13:01:06.270+0000] {logging_mixin.py:188} INFO - [2026-01-22T13:01:06.269+0000] {dagbag.py:538} INFO - Filling up the DagBag from /home/airflow/.local/lib/python3.8/site-packages/airflow/example_dags/example_sensors.py
[2026-01-22T13:01:06.289+0000] {processor.py:840} INFO - DAG(s) 'example_sensors' retrieved from /home/airflow/.local/lib/python3.8/site-packages/airflow/example_dags/example_sensors.py
[2026-01-22T13:01:06.344+0000] {logging_mixin.py:188} INFO - [2026-01-22T13:01:06.343+0000] {dag.py:3036} INFO - Sync 1 DAGs
[2026-01-22T13:01:06.381+0000] {logging_mixin.py:188} INFO - [2026-01-22T13:01:06.380+0000] {dag.py:3823} INFO - Setting next_dagrun for example_sensors to None, run_after=None
[2026-01-22T13:01:06.428+0000] {processor.py:183} INFO - Processing /home/airflow/.local/lib/python3.8/site-packages/airflow/example_dags/example_sensors.py took 0.169 seconds
[2026-01-22T13:01:36.780+0000] {processor.py:161} INFO - Started process (PID=336) to work on /home/airflow/.local/lib/python3.8/site-packages/airflow/example_dags/example_sensors.py
[2026-01-22T13:01:36.782+0000] {processor.py:830} INFO - Processing file /home/airflow/.local/lib/python3.8/site-packages/airflow/example_dags/example_sensors.py for tasks to queue
[2026-01-22T13:01:36.784+0000] {logging_mixin.py:188} INFO - [2026-01-22T13:01:36.784+0000] {dagbag.py:538} INFO - Filling up the DagBag from /home/airflow/.local/lib/python3.8/site-packages/airflow/example_dags/example_sensors.py
[2026-01-22T13:01:36.801+0000] {processor.py:840} INFO - DAG(s) 'example_sensors' retrieved from /home/airflow/.local/lib/python3.8/site-packages/airflow/example_dags/example_sensors.py
[2026-01-22T13:01:36.849+0000] {logging_mixin.py:188} INFO - [2026-01-22T13:01:36.849+0000] {dag.py:3036} INFO - Sync 1 DAGs
[2026-01-22T13:01:36.871+0000] {logging_mixin.py:188} INFO - [2026-01-22T13:01:36.871+0000] {dag.py:3823} INFO - Setting next_dagrun for example_sensors to None, run_after=None
[2026-01-22T13:01:36.903+0000] {processor.py:183} INFO - Processing /home/airflow/.local/lib/python3.8/site-packages/airflow/example_dags/example_sensors.py took 0.129 seconds
[2026-01-22T13:02:07.675+0000] {processor.py:161} INFO - Started process (PID=402) to work on /home/airflow/.local/lib/python3.8/site-packages/airflow/example_dags/example_sensors.py
[2026-01-22T13:02:07.677+0000] {processor.py:830} INFO - Processing file /home/airflow/.local/lib/python3.8/site-packages/airflow/example_dags/example_sensors.py for tasks to queue
[2026-01-22T13:02:07.680+0000] {logging_mixin.py:188} INFO - [2026-01-22T13:02:07.680+0000] {dagbag.py:538} INFO - Filling up the DagBag from /home/airflow/.local/lib/python3.8/site-packages/airflow/example_dags/example_sensors.py
[2026-01-22T13:02:07.699+0000] {processor.py:840} INFO - DAG(s) 'example_sensors' retrieved from /home/airflow/.local/lib/python3.8/site-packages/airflow/example_dags/example_sensors.py
[2026-01-22T13:02:07.749+0000] {logging_mixin.py:188} INFO - [2026-01-22T13:02:07.749+0000] {dag.py:3036} INFO - Sync 1 DAGs
[2026-01-22T13:02:07.772+0000] {logging_mixin.py:188} INFO - [2026-01-22T13:02:07.771+0000] {dag.py:3823} INFO - Setting next_dagrun for example_sensors to None, run_after=None
[2026-01-22T13:02:07.803+0000] {processor.py:183} INFO - Processing /home/airflow/.local/lib/python3.8/site-packages/airflow/example_dags/example_sensors.py took 0.134 seconds
[2026-01-22T13:02:38.021+0000] {processor.py:161} INFO - Started process (PID=469) to work on /home/airflow/.local/lib/python3.8/site-packages/airflow/example_dags/example_sensors.py
[2026-01-22T13:02:38.023+0000] {processor.py:830} INFO - Processing file /home/airflow/.local/lib/python3.8/site-packages/airflow/example_dags/example_sensors.py for tasks to queue
[2026-01-22T13:02:38.025+0000] {logging_mixin.py:188} INFO - [2026-01-22T13:02:38.025+0000] {dagbag.py:538} INFO - Filling up the DagBag from /home/airflow/.local/lib/python3.8/site-packages/airflow/example_dags/example_sensors.py
[2026-01-22T13:02:38.040+0000] {processor.py:840} INFO - DAG(s) 'example_sensors' retrieved from /home/airflow/.local/lib/python3.8/site-packages/airflow/example_dags/example_sensors.py
[2026-01-22T13:02:38.091+0000] {logging_mixin.py:188} INFO - [2026-01-22T13:02:38.091+0000] {dag.py:3036} INFO - Sync 1 DAGs
[2026-01-22T13:02:38.117+0000] {logging_mixin.py:188} INFO - [2026-01-22T13:02:38.116+0000] {dag.py:3823} INFO - Setting next_dagrun for example_sensors to None, run_after=None
[2026-01-22T13:02:38.145+0000] {processor.py:183} INFO - Processing /home/airflow/.local/lib/python3.8/site-packages/airflow/example_dags/example_sensors.py took 0.130 seconds
[2026-01-22T13:03:08.187+0000] {processor.py:161} INFO - Started process (PID=535) to work on /home/airflow/.local/lib/python3.8/site-packages/airflow/example_dags/example_sensors.py
[2026-01-22T13:03:08.189+0000] {processor.py:830} INFO - Processing file /home/airflow/.local/lib/python3.8/site-packages/airflow/example_dags/example_sensors.py for tasks to queue
[2026-01-22T13:03:08.192+0000] {logging_mixin.py:188} INFO - [2026-01-22T13:03:08.192+0000] {dagbag.py:538} INFO - Filling up the DagBag from /home/airflow/.local/lib/python3.8/site-packages/airflow/example_dags/example_sensors.py
[2026-01-22T13:03:08.207+0000] {processor.py:840} INFO - DAG(s) 'example_sensors' retrieved from /home/airflow/.local/lib/python3.8/site-packages/airflow/example_dags/example_sensors.py
[2026-01-22T13:03:08.248+0000] {logging_mixin.py:188} INFO - [2026-01-22T13:03:08.248+0000] {dag.py:3036} INFO - Sync 1 DAGs
[2026-01-22T13:03:08.269+0000] {logging_mixin.py:188} INFO - [2026-01-22T13:03:08.268+0000] {dag.py:3823} INFO - Setting next_dagrun for example_sensors to None, run_after=None
[2026-01-22T13:03:08.297+0000] {processor.py:183} INFO - Processing /home/airflow/.local/lib/python3.8/site-packages/airflow/example_dags/example_sensors.py took 0.116 seconds
[2026-01-22T13:03:38.806+0000] {processor.py:161} INFO - Started process (PID=602) to work on /home/airflow/.local/lib/python3.8/site-packages/airflow/example_dags/example_sensors.py
[2026-01-22T13:03:38.807+0000] {processor.py:830} INFO - Processing file /home/airflow/.local/lib/python3.8/site-packages/airflow/example_dags/example_sensors.py for tasks to queue
[2026-01-22T13:03:38.810+0000] {logging_mixin.py:188} INFO - [2026-01-22T13:03:38.809+0000] {dagbag.py:538} INFO - Filling up the DagBag from /home/airflow/.local/lib/python3.8/site-packages/airflow/example_dags/example_sensors.py
[2026-01-22T13:03:38.823+0000] {processor.py:840} INFO - DAG(s) 'example_sensors' retrieved from /home/airflow/.local/lib/python3.8/site-packages/airflow/example_dags/example_sensors.py
[2026-01-22T13:03:38.865+0000] {logging_mixin.py:188} INFO - [2026-01-22T13:03:38.865+0000] {dag.py:3036} INFO - Sync 1 DAGs
[2026-01-22T13:03:38.886+0000] {logging_mixin.py:188} INFO - [2026-01-22T13:03:38.885+0000] {dag.py:3823} INFO - Setting next_dagrun for example_sensors to None, run_after=None
[2026-01-22T13:03:38.916+0000] {processor.py:183} INFO - Processing /home/airflow/.local/lib/python3.8/site-packages/airflow/example_dags/example_sensors.py took 0.115 seconds
[2026-01-22T13:04:09.378+0000] {processor.py:161} INFO - Started process (PID=668) to work on /home/airflow/.local/lib/python3.8/site-packages/airflow/example_dags/example_sensors.py
[2026-01-22T13:04:09.380+0000] {processor.py:830} INFO - Processing file /home/airflow/.local/lib/python3.8/site-packages/airflow/example_dags/example_sensors.py for tasks to queue
[2026-01-22T13:04:09.382+0000] {logging_mixin.py:188} INFO - [2026-01-22T13:04:09.382+0000] {dagbag.py:538} INFO - Filling up the DagBag from /home/airflow/.local/lib/python3.8/site-packages/airflow/example_dags/example_sensors.py
[2026-01-22T13:04:09.396+0000] {processor.py:840} INFO - DAG(s) 'example_sensors' retrieved from /home/airflow/.local/lib/python3.8/site-packages/airflow/example_dags/example_sensors.py
[2026-01-22T13:04:09.438+0000] {logging_mixin.py:188} INFO - [2026-01-22T13:04:09.438+0000] {dag.py:3036} INFO - Sync 1 DAGs
[2026-01-22T13:04:09.458+0000] {logging_mixin.py:188} INFO - [2026-01-22T13:04:09.458+0000] {dag.py:3823} INFO - Setting next_dagrun for example_sensors to None, run_after=None
[2026-01-22T13:04:09.488+0000] {processor.py:183} INFO - Processing /home/airflow/.local/lib/python3.8/site-packages/airflow/example_dags/example_sensors.py took 0.115 seconds
[2026-01-22T13:04:40.185+0000] {processor.py:161} INFO - Started process (PID=734) to work on /home/airflow/.local/lib/python3.8/site-packages/airflow/example_dags/example_sensors.py
[2026-01-22T13:04:40.186+0000] {processor.py:830} INFO - Processing file /home/airflow/.local/lib/python3.8/site-packages/airflow/example_dags/example_sensors.py for tasks to queue
[2026-01-22T13:04:40.189+0000] {logging_mixin.py:188} INFO - [2026-01-22T13:04:40.189+0000] {dagbag.py:538} INFO - Filling up the DagBag from /home/airflow/.local/lib/python3.8/site-packages/airflow/example_dags/example_sensors.py
[2026-01-22T13:04:40.204+0000] {processor.py:840} INFO - DAG(s) 'example_sensors' retrieved from /home/airflow/.local/lib/python3.8/site-packages/airflow/example_dags/example_sensors.py
[2026-01-22T13:04:40.246+0000] {logging_mixin.py:188} INFO - [2026-01-22T13:04:40.246+0000] {dag.py:3036} INFO - Sync 1 DAGs
[2026-01-22T13:04:40.267+0000] {logging_mixin.py:188} INFO - [2026-01-22T13:04:40.266+0000] {dag.py:3823} INFO - Setting next_dagrun for example_sensors to None, run_after=None
[2026-01-22T13:04:40.306+0000] {processor.py:183} INFO - Processing /home/airflow/.local/lib/python3.8/site-packages/airflow/example_dags/example_sensors.py took 0.126 seconds
