[2026-01-22T12:59:37.731+0000] {processor.py:161} INFO - Started process (PID=90) to work on /home/airflow/.local/lib/python3.8/site-packages/airflow/example_dags/example_complex.py
[2026-01-22T12:59:37.733+0000] {processor.py:830} INFO - Processing file /home/airflow/.local/lib/python3.8/site-packages/airflow/example_dags/example_complex.py for tasks to queue
[2026-01-22T12:59:37.736+0000] {logging_mixin.py:188} INFO - [2026-01-22T12:59:37.735+0000] {dagbag.py:538} INFO - Filling up the DagBag from /home/airflow/.local/lib/python3.8/site-packages/airflow/example_dags/example_complex.py
[2026-01-22T12:59:37.761+0000] {processor.py:840} INFO - DAG(s) 'example_complex' retrieved from /home/airflow/.local/lib/python3.8/site-packages/airflow/example_dags/example_complex.py
[2026-01-22T12:59:37.821+0000] {logging_mixin.py:188} INFO - [2026-01-22T12:59:37.821+0000] {dag.py:3036} INFO - Sync 1 DAGs
[2026-01-22T12:59:37.845+0000] {logging_mixin.py:188} INFO - [2026-01-22T12:59:37.844+0000] {dag.py:3823} INFO - Setting next_dagrun for example_complex to None, run_after=None
[2026-01-22T12:59:37.878+0000] {processor.py:183} INFO - Processing /home/airflow/.local/lib/python3.8/site-packages/airflow/example_dags/example_complex.py took 0.152 seconds
[2026-01-22T13:00:08.542+0000] {processor.py:161} INFO - Started process (PID=158) to work on /home/airflow/.local/lib/python3.8/site-packages/airflow/example_dags/example_complex.py
[2026-01-22T13:00:08.544+0000] {processor.py:830} INFO - Processing file /home/airflow/.local/lib/python3.8/site-packages/airflow/example_dags/example_complex.py for tasks to queue
[2026-01-22T13:00:08.546+0000] {logging_mixin.py:188} INFO - [2026-01-22T13:00:08.546+0000] {dagbag.py:538} INFO - Filling up the DagBag from /home/airflow/.local/lib/python3.8/site-packages/airflow/example_dags/example_complex.py
[2026-01-22T13:00:08.567+0000] {processor.py:840} INFO - DAG(s) 'example_complex' retrieved from /home/airflow/.local/lib/python3.8/site-packages/airflow/example_dags/example_complex.py
[2026-01-22T13:00:08.617+0000] {logging_mixin.py:188} INFO - [2026-01-22T13:00:08.617+0000] {dag.py:3036} INFO - Sync 1 DAGs
[2026-01-22T13:00:08.639+0000] {logging_mixin.py:188} INFO - [2026-01-22T13:00:08.639+0000] {dag.py:3823} INFO - Setting next_dagrun for example_complex to None, run_after=None
[2026-01-22T13:00:08.674+0000] {processor.py:183} INFO - Processing /home/airflow/.local/lib/python3.8/site-packages/airflow/example_dags/example_complex.py took 0.137 seconds
[2026-01-22T13:00:39.407+0000] {processor.py:161} INFO - Started process (PID=223) to work on /home/airflow/.local/lib/python3.8/site-packages/airflow/example_dags/example_complex.py
[2026-01-22T13:00:39.409+0000] {processor.py:830} INFO - Processing file /home/airflow/.local/lib/python3.8/site-packages/airflow/example_dags/example_complex.py for tasks to queue
[2026-01-22T13:00:39.413+0000] {logging_mixin.py:188} INFO - [2026-01-22T13:00:39.412+0000] {dagbag.py:538} INFO - Filling up the DagBag from /home/airflow/.local/lib/python3.8/site-packages/airflow/example_dags/example_complex.py
[2026-01-22T13:00:39.440+0000] {processor.py:840} INFO - DAG(s) 'example_complex' retrieved from /home/airflow/.local/lib/python3.8/site-packages/airflow/example_dags/example_complex.py
[2026-01-22T13:00:39.506+0000] {logging_mixin.py:188} INFO - [2026-01-22T13:00:39.506+0000] {dag.py:3036} INFO - Sync 1 DAGs
[2026-01-22T13:00:39.537+0000] {logging_mixin.py:188} INFO - [2026-01-22T13:00:39.536+0000] {dag.py:3823} INFO - Setting next_dagrun for example_complex to None, run_after=None
[2026-01-22T13:00:39.574+0000] {processor.py:183} INFO - Processing /home/airflow/.local/lib/python3.8/site-packages/airflow/example_dags/example_complex.py took 0.173 seconds
[2026-01-22T13:01:10.422+0000] {processor.py:161} INFO - Started process (PID=289) to work on /home/airflow/.local/lib/python3.8/site-packages/airflow/example_dags/example_complex.py
[2026-01-22T13:01:10.424+0000] {processor.py:830} INFO - Processing file /home/airflow/.local/lib/python3.8/site-packages/airflow/example_dags/example_complex.py for tasks to queue
[2026-01-22T13:01:10.427+0000] {logging_mixin.py:188} INFO - [2026-01-22T13:01:10.426+0000] {dagbag.py:538} INFO - Filling up the DagBag from /home/airflow/.local/lib/python3.8/site-packages/airflow/example_dags/example_complex.py
[2026-01-22T13:01:10.449+0000] {processor.py:840} INFO - DAG(s) 'example_complex' retrieved from /home/airflow/.local/lib/python3.8/site-packages/airflow/example_dags/example_complex.py
[2026-01-22T13:01:10.505+0000] {logging_mixin.py:188} INFO - [2026-01-22T13:01:10.505+0000] {dag.py:3036} INFO - Sync 1 DAGs
[2026-01-22T13:01:10.527+0000] {logging_mixin.py:188} INFO - [2026-01-22T13:01:10.527+0000] {dag.py:3823} INFO - Setting next_dagrun for example_complex to None, run_after=None
[2026-01-22T13:01:10.559+0000] {processor.py:183} INFO - Processing /home/airflow/.local/lib/python3.8/site-packages/airflow/example_dags/example_complex.py took 0.142 seconds
[2026-01-22T13:01:41.073+0000] {processor.py:161} INFO - Started process (PID=355) to work on /home/airflow/.local/lib/python3.8/site-packages/airflow/example_dags/example_complex.py
[2026-01-22T13:01:41.074+0000] {processor.py:830} INFO - Processing file /home/airflow/.local/lib/python3.8/site-packages/airflow/example_dags/example_complex.py for tasks to queue
[2026-01-22T13:01:41.077+0000] {logging_mixin.py:188} INFO - [2026-01-22T13:01:41.077+0000] {dagbag.py:538} INFO - Filling up the DagBag from /home/airflow/.local/lib/python3.8/site-packages/airflow/example_dags/example_complex.py
[2026-01-22T13:01:41.098+0000] {processor.py:840} INFO - DAG(s) 'example_complex' retrieved from /home/airflow/.local/lib/python3.8/site-packages/airflow/example_dags/example_complex.py
[2026-01-22T13:01:41.164+0000] {logging_mixin.py:188} INFO - [2026-01-22T13:01:41.164+0000] {dag.py:3036} INFO - Sync 1 DAGs
[2026-01-22T13:01:41.186+0000] {logging_mixin.py:188} INFO - [2026-01-22T13:01:41.186+0000] {dag.py:3823} INFO - Setting next_dagrun for example_complex to None, run_after=None
[2026-01-22T13:01:41.235+0000] {processor.py:183} INFO - Processing /home/airflow/.local/lib/python3.8/site-packages/airflow/example_dags/example_complex.py took 0.168 seconds
[2026-01-22T13:02:11.866+0000] {processor.py:161} INFO - Started process (PID=421) to work on /home/airflow/.local/lib/python3.8/site-packages/airflow/example_dags/example_complex.py
[2026-01-22T13:02:11.869+0000] {processor.py:830} INFO - Processing file /home/airflow/.local/lib/python3.8/site-packages/airflow/example_dags/example_complex.py for tasks to queue
[2026-01-22T13:02:11.872+0000] {logging_mixin.py:188} INFO - [2026-01-22T13:02:11.871+0000] {dagbag.py:538} INFO - Filling up the DagBag from /home/airflow/.local/lib/python3.8/site-packages/airflow/example_dags/example_complex.py
[2026-01-22T13:02:11.903+0000] {processor.py:840} INFO - DAG(s) 'example_complex' retrieved from /home/airflow/.local/lib/python3.8/site-packages/airflow/example_dags/example_complex.py
[2026-01-22T13:02:11.964+0000] {logging_mixin.py:188} INFO - [2026-01-22T13:02:11.964+0000] {dag.py:3036} INFO - Sync 1 DAGs
[2026-01-22T13:02:11.984+0000] {logging_mixin.py:188} INFO - [2026-01-22T13:02:11.984+0000] {dag.py:3823} INFO - Setting next_dagrun for example_complex to None, run_after=None
[2026-01-22T13:02:12.017+0000] {processor.py:183} INFO - Processing /home/airflow/.local/lib/python3.8/site-packages/airflow/example_dags/example_complex.py took 0.158 seconds
[2026-01-22T13:02:42.919+0000] {processor.py:161} INFO - Started process (PID=488) to work on /home/airflow/.local/lib/python3.8/site-packages/airflow/example_dags/example_complex.py
[2026-01-22T13:02:42.921+0000] {processor.py:830} INFO - Processing file /home/airflow/.local/lib/python3.8/site-packages/airflow/example_dags/example_complex.py for tasks to queue
[2026-01-22T13:02:42.924+0000] {logging_mixin.py:188} INFO - [2026-01-22T13:02:42.923+0000] {dagbag.py:538} INFO - Filling up the DagBag from /home/airflow/.local/lib/python3.8/site-packages/airflow/example_dags/example_complex.py
[2026-01-22T13:02:42.948+0000] {processor.py:840} INFO - DAG(s) 'example_complex' retrieved from /home/airflow/.local/lib/python3.8/site-packages/airflow/example_dags/example_complex.py
[2026-01-22T13:02:43.010+0000] {logging_mixin.py:188} INFO - [2026-01-22T13:02:43.009+0000] {dag.py:3036} INFO - Sync 1 DAGs
[2026-01-22T13:02:43.032+0000] {logging_mixin.py:188} INFO - [2026-01-22T13:02:43.032+0000] {dag.py:3823} INFO - Setting next_dagrun for example_complex to None, run_after=None
[2026-01-22T13:02:43.066+0000] {processor.py:183} INFO - Processing /home/airflow/.local/lib/python3.8/site-packages/airflow/example_dags/example_complex.py took 0.153 seconds
[2026-01-22T13:03:13.303+0000] {processor.py:161} INFO - Started process (PID=554) to work on /home/airflow/.local/lib/python3.8/site-packages/airflow/example_dags/example_complex.py
[2026-01-22T13:03:13.304+0000] {processor.py:830} INFO - Processing file /home/airflow/.local/lib/python3.8/site-packages/airflow/example_dags/example_complex.py for tasks to queue
[2026-01-22T13:03:13.307+0000] {logging_mixin.py:188} INFO - [2026-01-22T13:03:13.306+0000] {dagbag.py:538} INFO - Filling up the DagBag from /home/airflow/.local/lib/python3.8/site-packages/airflow/example_dags/example_complex.py
[2026-01-22T13:03:13.325+0000] {processor.py:840} INFO - DAG(s) 'example_complex' retrieved from /home/airflow/.local/lib/python3.8/site-packages/airflow/example_dags/example_complex.py
[2026-01-22T13:03:13.378+0000] {logging_mixin.py:188} INFO - [2026-01-22T13:03:13.377+0000] {dag.py:3036} INFO - Sync 1 DAGs
[2026-01-22T13:03:13.402+0000] {logging_mixin.py:188} INFO - [2026-01-22T13:03:13.402+0000] {dag.py:3823} INFO - Setting next_dagrun for example_complex to None, run_after=None
[2026-01-22T13:03:13.435+0000] {processor.py:183} INFO - Processing /home/airflow/.local/lib/python3.8/site-packages/airflow/example_dags/example_complex.py took 0.137 seconds
[2026-01-22T13:03:43.873+0000] {processor.py:161} INFO - Started process (PID=621) to work on /home/airflow/.local/lib/python3.8/site-packages/airflow/example_dags/example_complex.py
[2026-01-22T13:03:43.875+0000] {processor.py:830} INFO - Processing file /home/airflow/.local/lib/python3.8/site-packages/airflow/example_dags/example_complex.py for tasks to queue
[2026-01-22T13:03:43.877+0000] {logging_mixin.py:188} INFO - [2026-01-22T13:03:43.877+0000] {dagbag.py:538} INFO - Filling up the DagBag from /home/airflow/.local/lib/python3.8/site-packages/airflow/example_dags/example_complex.py
[2026-01-22T13:03:43.896+0000] {processor.py:840} INFO - DAG(s) 'example_complex' retrieved from /home/airflow/.local/lib/python3.8/site-packages/airflow/example_dags/example_complex.py
[2026-01-22T13:03:43.953+0000] {logging_mixin.py:188} INFO - [2026-01-22T13:03:43.953+0000] {dag.py:3036} INFO - Sync 1 DAGs
[2026-01-22T13:03:43.972+0000] {logging_mixin.py:188} INFO - [2026-01-22T13:03:43.972+0000] {dag.py:3823} INFO - Setting next_dagrun for example_complex to None, run_after=None
[2026-01-22T13:03:44.001+0000] {processor.py:183} INFO - Processing /home/airflow/.local/lib/python3.8/site-packages/airflow/example_dags/example_complex.py took 0.133 seconds
[2026-01-22T13:04:14.446+0000] {processor.py:161} INFO - Started process (PID=687) to work on /home/airflow/.local/lib/python3.8/site-packages/airflow/example_dags/example_complex.py
[2026-01-22T13:04:14.447+0000] {processor.py:830} INFO - Processing file /home/airflow/.local/lib/python3.8/site-packages/airflow/example_dags/example_complex.py for tasks to queue
[2026-01-22T13:04:14.449+0000] {logging_mixin.py:188} INFO - [2026-01-22T13:04:14.449+0000] {dagbag.py:538} INFO - Filling up the DagBag from /home/airflow/.local/lib/python3.8/site-packages/airflow/example_dags/example_complex.py
[2026-01-22T13:04:14.468+0000] {processor.py:840} INFO - DAG(s) 'example_complex' retrieved from /home/airflow/.local/lib/python3.8/site-packages/airflow/example_dags/example_complex.py
[2026-01-22T13:04:14.521+0000] {logging_mixin.py:188} INFO - [2026-01-22T13:04:14.521+0000] {dag.py:3036} INFO - Sync 1 DAGs
[2026-01-22T13:04:14.541+0000] {logging_mixin.py:188} INFO - [2026-01-22T13:04:14.540+0000] {dag.py:3823} INFO - Setting next_dagrun for example_complex to None, run_after=None
[2026-01-22T13:04:14.571+0000] {processor.py:183} INFO - Processing /home/airflow/.local/lib/python3.8/site-packages/airflow/example_dags/example_complex.py took 0.131 seconds
[2026-01-22T13:04:45.001+0000] {processor.py:161} INFO - Started process (PID=760) to work on /home/airflow/.local/lib/python3.8/site-packages/airflow/example_dags/example_complex.py
[2026-01-22T13:04:45.003+0000] {processor.py:830} INFO - Processing file /home/airflow/.local/lib/python3.8/site-packages/airflow/example_dags/example_complex.py for tasks to queue
[2026-01-22T13:04:45.007+0000] {logging_mixin.py:188} INFO - [2026-01-22T13:04:45.006+0000] {dagbag.py:538} INFO - Filling up the DagBag from /home/airflow/.local/lib/python3.8/site-packages/airflow/example_dags/example_complex.py
[2026-01-22T13:04:45.031+0000] {processor.py:840} INFO - DAG(s) 'example_complex' retrieved from /home/airflow/.local/lib/python3.8/site-packages/airflow/example_dags/example_complex.py
[2026-01-22T13:04:45.097+0000] {logging_mixin.py:188} INFO - [2026-01-22T13:04:45.097+0000] {dag.py:3036} INFO - Sync 1 DAGs
[2026-01-22T13:04:45.122+0000] {logging_mixin.py:188} INFO - [2026-01-22T13:04:45.122+0000] {dag.py:3823} INFO - Setting next_dagrun for example_complex to None, run_after=None
[2026-01-22T13:04:45.158+0000] {processor.py:183} INFO - Processing /home/airflow/.local/lib/python3.8/site-packages/airflow/example_dags/example_complex.py took 0.163 seconds
