[2026-01-22T12:59:38.739+0000] {processor.py:161} INFO - Started process (PID=97) to work on /home/airflow/.local/lib/python3.8/site-packages/airflow/example_dags/example_sensor_decorator.py
[2026-01-22T12:59:38.741+0000] {processor.py:830} INFO - Processing file /home/airflow/.local/lib/python3.8/site-packages/airflow/example_dags/example_sensor_decorator.py for tasks to queue
[2026-01-22T12:59:38.743+0000] {logging_mixin.py:188} INFO - [2026-01-22T12:59:38.743+0000] {dagbag.py:538} INFO - Filling up the DagBag from /home/airflow/.local/lib/python3.8/site-packages/airflow/example_dags/example_sensor_decorator.py
[2026-01-22T12:59:38.752+0000] {processor.py:840} INFO - DAG(s) 'example_sensor_decorator' retrieved from /home/airflow/.local/lib/python3.8/site-packages/airflow/example_dags/example_sensor_decorator.py
[2026-01-22T12:59:38.784+0000] {logging_mixin.py:188} INFO - [2026-01-22T12:59:38.784+0000] {dag.py:3036} INFO - Sync 1 DAGs
[2026-01-22T12:59:38.804+0000] {logging_mixin.py:188} INFO - [2026-01-22T12:59:38.804+0000] {dag.py:3823} INFO - Setting next_dagrun for example_sensor_decorator to None, run_after=None
[2026-01-22T12:59:38.832+0000] {processor.py:183} INFO - Processing /home/airflow/.local/lib/python3.8/site-packages/airflow/example_dags/example_sensor_decorator.py took 0.098 seconds
[2026-01-22T13:00:09.290+0000] {processor.py:161} INFO - Started process (PID=165) to work on /home/airflow/.local/lib/python3.8/site-packages/airflow/example_dags/example_sensor_decorator.py
[2026-01-22T13:00:09.291+0000] {processor.py:830} INFO - Processing file /home/airflow/.local/lib/python3.8/site-packages/airflow/example_dags/example_sensor_decorator.py for tasks to queue
[2026-01-22T13:00:09.294+0000] {logging_mixin.py:188} INFO - [2026-01-22T13:00:09.294+0000] {dagbag.py:538} INFO - Filling up the DagBag from /home/airflow/.local/lib/python3.8/site-packages/airflow/example_dags/example_sensor_decorator.py
[2026-01-22T13:00:09.304+0000] {processor.py:840} INFO - DAG(s) 'example_sensor_decorator' retrieved from /home/airflow/.local/lib/python3.8/site-packages/airflow/example_dags/example_sensor_decorator.py
[2026-01-22T13:00:09.342+0000] {logging_mixin.py:188} INFO - [2026-01-22T13:00:09.342+0000] {dag.py:3036} INFO - Sync 1 DAGs
[2026-01-22T13:00:09.362+0000] {logging_mixin.py:188} INFO - [2026-01-22T13:00:09.362+0000] {dag.py:3823} INFO - Setting next_dagrun for example_sensor_decorator to None, run_after=None
[2026-01-22T13:00:09.392+0000] {processor.py:183} INFO - Processing /home/airflow/.local/lib/python3.8/site-packages/airflow/example_dags/example_sensor_decorator.py took 0.108 seconds
[2026-01-22T13:00:40.114+0000] {processor.py:161} INFO - Started process (PID=230) to work on /home/airflow/.local/lib/python3.8/site-packages/airflow/example_dags/example_sensor_decorator.py
[2026-01-22T13:00:40.117+0000] {processor.py:830} INFO - Processing file /home/airflow/.local/lib/python3.8/site-packages/airflow/example_dags/example_sensor_decorator.py for tasks to queue
[2026-01-22T13:00:40.121+0000] {logging_mixin.py:188} INFO - [2026-01-22T13:00:40.120+0000] {dagbag.py:538} INFO - Filling up the DagBag from /home/airflow/.local/lib/python3.8/site-packages/airflow/example_dags/example_sensor_decorator.py
[2026-01-22T13:00:40.130+0000] {processor.py:840} INFO - DAG(s) 'example_sensor_decorator' retrieved from /home/airflow/.local/lib/python3.8/site-packages/airflow/example_dags/example_sensor_decorator.py
[2026-01-22T13:00:40.168+0000] {logging_mixin.py:188} INFO - [2026-01-22T13:00:40.168+0000] {dag.py:3036} INFO - Sync 1 DAGs
[2026-01-22T13:00:40.191+0000] {logging_mixin.py:188} INFO - [2026-01-22T13:00:40.191+0000] {dag.py:3823} INFO - Setting next_dagrun for example_sensor_decorator to None, run_after=None
[2026-01-22T13:00:40.230+0000] {processor.py:183} INFO - Processing /home/airflow/.local/lib/python3.8/site-packages/airflow/example_dags/example_sensor_decorator.py took 0.121 seconds
[2026-01-22T13:01:11.018+0000] {processor.py:161} INFO - Started process (PID=296) to work on /home/airflow/.local/lib/python3.8/site-packages/airflow/example_dags/example_sensor_decorator.py
[2026-01-22T13:01:11.020+0000] {processor.py:830} INFO - Processing file /home/airflow/.local/lib/python3.8/site-packages/airflow/example_dags/example_sensor_decorator.py for tasks to queue
[2026-01-22T13:01:11.023+0000] {logging_mixin.py:188} INFO - [2026-01-22T13:01:11.022+0000] {dagbag.py:538} INFO - Filling up the DagBag from /home/airflow/.local/lib/python3.8/site-packages/airflow/example_dags/example_sensor_decorator.py
[2026-01-22T13:01:11.033+0000] {processor.py:840} INFO - DAG(s) 'example_sensor_decorator' retrieved from /home/airflow/.local/lib/python3.8/site-packages/airflow/example_dags/example_sensor_decorator.py
[2026-01-22T13:01:11.070+0000] {logging_mixin.py:188} INFO - [2026-01-22T13:01:11.069+0000] {dag.py:3036} INFO - Sync 1 DAGs
[2026-01-22T13:01:11.092+0000] {logging_mixin.py:188} INFO - [2026-01-22T13:01:11.092+0000] {dag.py:3823} INFO - Setting next_dagrun for example_sensor_decorator to None, run_after=None
[2026-01-22T13:01:11.124+0000] {processor.py:183} INFO - Processing /home/airflow/.local/lib/python3.8/site-packages/airflow/example_dags/example_sensor_decorator.py took 0.111 seconds
[2026-01-22T13:01:41.738+0000] {processor.py:161} INFO - Started process (PID=362) to work on /home/airflow/.local/lib/python3.8/site-packages/airflow/example_dags/example_sensor_decorator.py
[2026-01-22T13:01:41.740+0000] {processor.py:830} INFO - Processing file /home/airflow/.local/lib/python3.8/site-packages/airflow/example_dags/example_sensor_decorator.py for tasks to queue
[2026-01-22T13:01:41.743+0000] {logging_mixin.py:188} INFO - [2026-01-22T13:01:41.742+0000] {dagbag.py:538} INFO - Filling up the DagBag from /home/airflow/.local/lib/python3.8/site-packages/airflow/example_dags/example_sensor_decorator.py
[2026-01-22T13:01:41.754+0000] {processor.py:840} INFO - DAG(s) 'example_sensor_decorator' retrieved from /home/airflow/.local/lib/python3.8/site-packages/airflow/example_dags/example_sensor_decorator.py
[2026-01-22T13:01:41.793+0000] {logging_mixin.py:188} INFO - [2026-01-22T13:01:41.792+0000] {dag.py:3036} INFO - Sync 1 DAGs
[2026-01-22T13:01:41.816+0000] {logging_mixin.py:188} INFO - [2026-01-22T13:01:41.816+0000] {dag.py:3823} INFO - Setting next_dagrun for example_sensor_decorator to None, run_after=None
[2026-01-22T13:01:41.852+0000] {processor.py:183} INFO - Processing /home/airflow/.local/lib/python3.8/site-packages/airflow/example_dags/example_sensor_decorator.py took 0.120 seconds
[2026-01-22T13:02:12.672+0000] {processor.py:161} INFO - Started process (PID=428) to work on /home/airflow/.local/lib/python3.8/site-packages/airflow/example_dags/example_sensor_decorator.py
[2026-01-22T13:02:12.674+0000] {processor.py:830} INFO - Processing file /home/airflow/.local/lib/python3.8/site-packages/airflow/example_dags/example_sensor_decorator.py for tasks to queue
[2026-01-22T13:02:12.677+0000] {logging_mixin.py:188} INFO - [2026-01-22T13:02:12.676+0000] {dagbag.py:538} INFO - Filling up the DagBag from /home/airflow/.local/lib/python3.8/site-packages/airflow/example_dags/example_sensor_decorator.py
[2026-01-22T13:02:12.687+0000] {processor.py:840} INFO - DAG(s) 'example_sensor_decorator' retrieved from /home/airflow/.local/lib/python3.8/site-packages/airflow/example_dags/example_sensor_decorator.py
[2026-01-22T13:02:12.723+0000] {logging_mixin.py:188} INFO - [2026-01-22T13:02:12.723+0000] {dag.py:3036} INFO - Sync 1 DAGs
[2026-01-22T13:02:12.746+0000] {logging_mixin.py:188} INFO - [2026-01-22T13:02:12.746+0000] {dag.py:3823} INFO - Setting next_dagrun for example_sensor_decorator to None, run_after=None
[2026-01-22T13:02:12.780+0000] {processor.py:183} INFO - Processing /home/airflow/.local/lib/python3.8/site-packages/airflow/example_dags/example_sensor_decorator.py took 0.113 seconds
[2026-01-22T13:02:43.553+0000] {processor.py:161} INFO - Started process (PID=495) to work on /home/airflow/.local/lib/python3.8/site-packages/airflow/example_dags/example_sensor_decorator.py
[2026-01-22T13:02:43.556+0000] {processor.py:830} INFO - Processing file /home/airflow/.local/lib/python3.8/site-packages/airflow/example_dags/example_sensor_decorator.py for tasks to queue
[2026-01-22T13:02:43.558+0000] {logging_mixin.py:188} INFO - [2026-01-22T13:02:43.558+0000] {dagbag.py:538} INFO - Filling up the DagBag from /home/airflow/.local/lib/python3.8/site-packages/airflow/example_dags/example_sensor_decorator.py
[2026-01-22T13:02:43.569+0000] {processor.py:840} INFO - DAG(s) 'example_sensor_decorator' retrieved from /home/airflow/.local/lib/python3.8/site-packages/airflow/example_dags/example_sensor_decorator.py
[2026-01-22T13:02:43.606+0000] {logging_mixin.py:188} INFO - [2026-01-22T13:02:43.605+0000] {dag.py:3036} INFO - Sync 1 DAGs
[2026-01-22T13:02:43.630+0000] {logging_mixin.py:188} INFO - [2026-01-22T13:02:43.630+0000] {dag.py:3823} INFO - Setting next_dagrun for example_sensor_decorator to None, run_after=None
[2026-01-22T13:02:43.664+0000] {processor.py:183} INFO - Processing /home/airflow/.local/lib/python3.8/site-packages/airflow/example_dags/example_sensor_decorator.py took 0.117 seconds
[2026-01-22T13:03:14.217+0000] {processor.py:161} INFO - Started process (PID=561) to work on /home/airflow/.local/lib/python3.8/site-packages/airflow/example_dags/example_sensor_decorator.py
[2026-01-22T13:03:14.218+0000] {processor.py:830} INFO - Processing file /home/airflow/.local/lib/python3.8/site-packages/airflow/example_dags/example_sensor_decorator.py for tasks to queue
[2026-01-22T13:03:14.221+0000] {logging_mixin.py:188} INFO - [2026-01-22T13:03:14.221+0000] {dagbag.py:538} INFO - Filling up the DagBag from /home/airflow/.local/lib/python3.8/site-packages/airflow/example_dags/example_sensor_decorator.py
[2026-01-22T13:03:14.232+0000] {processor.py:840} INFO - DAG(s) 'example_sensor_decorator' retrieved from /home/airflow/.local/lib/python3.8/site-packages/airflow/example_dags/example_sensor_decorator.py
[2026-01-22T13:03:14.266+0000] {logging_mixin.py:188} INFO - [2026-01-22T13:03:14.266+0000] {dag.py:3036} INFO - Sync 1 DAGs
[2026-01-22T13:03:14.289+0000] {logging_mixin.py:188} INFO - [2026-01-22T13:03:14.288+0000] {dag.py:3823} INFO - Setting next_dagrun for example_sensor_decorator to None, run_after=None
[2026-01-22T13:03:14.321+0000] {processor.py:183} INFO - Processing /home/airflow/.local/lib/python3.8/site-packages/airflow/example_dags/example_sensor_decorator.py took 0.110 seconds
[2026-01-22T13:03:44.561+0000] {processor.py:161} INFO - Started process (PID=629) to work on /home/airflow/.local/lib/python3.8/site-packages/airflow/example_dags/example_sensor_decorator.py
[2026-01-22T13:03:44.563+0000] {processor.py:830} INFO - Processing file /home/airflow/.local/lib/python3.8/site-packages/airflow/example_dags/example_sensor_decorator.py for tasks to queue
[2026-01-22T13:03:44.566+0000] {logging_mixin.py:188} INFO - [2026-01-22T13:03:44.565+0000] {dagbag.py:538} INFO - Filling up the DagBag from /home/airflow/.local/lib/python3.8/site-packages/airflow/example_dags/example_sensor_decorator.py
[2026-01-22T13:03:44.574+0000] {processor.py:840} INFO - DAG(s) 'example_sensor_decorator' retrieved from /home/airflow/.local/lib/python3.8/site-packages/airflow/example_dags/example_sensor_decorator.py
[2026-01-22T13:03:44.605+0000] {logging_mixin.py:188} INFO - [2026-01-22T13:03:44.605+0000] {dag.py:3036} INFO - Sync 1 DAGs
[2026-01-22T13:03:44.626+0000] {logging_mixin.py:188} INFO - [2026-01-22T13:03:44.625+0000] {dag.py:3823} INFO - Setting next_dagrun for example_sensor_decorator to None, run_after=None
[2026-01-22T13:03:44.659+0000] {processor.py:183} INFO - Processing /home/airflow/.local/lib/python3.8/site-packages/airflow/example_dags/example_sensor_decorator.py took 0.103 seconds
[2026-01-22T13:04:15.244+0000] {processor.py:161} INFO - Started process (PID=701) to work on /home/airflow/.local/lib/python3.8/site-packages/airflow/example_dags/example_sensor_decorator.py
[2026-01-22T13:04:15.246+0000] {processor.py:830} INFO - Processing file /home/airflow/.local/lib/python3.8/site-packages/airflow/example_dags/example_sensor_decorator.py for tasks to queue
[2026-01-22T13:04:15.249+0000] {logging_mixin.py:188} INFO - [2026-01-22T13:04:15.248+0000] {dagbag.py:538} INFO - Filling up the DagBag from /home/airflow/.local/lib/python3.8/site-packages/airflow/example_dags/example_sensor_decorator.py
[2026-01-22T13:04:15.258+0000] {processor.py:840} INFO - DAG(s) 'example_sensor_decorator' retrieved from /home/airflow/.local/lib/python3.8/site-packages/airflow/example_dags/example_sensor_decorator.py
[2026-01-22T13:04:15.291+0000] {logging_mixin.py:188} INFO - [2026-01-22T13:04:15.290+0000] {dag.py:3036} INFO - Sync 1 DAGs
[2026-01-22T13:04:15.315+0000] {logging_mixin.py:188} INFO - [2026-01-22T13:04:15.314+0000] {dag.py:3823} INFO - Setting next_dagrun for example_sensor_decorator to None, run_after=None
[2026-01-22T13:04:15.348+0000] {processor.py:183} INFO - Processing /home/airflow/.local/lib/python3.8/site-packages/airflow/example_dags/example_sensor_decorator.py took 0.109 seconds
[2026-01-22T13:04:45.608+0000] {processor.py:161} INFO - Started process (PID=767) to work on /home/airflow/.local/lib/python3.8/site-packages/airflow/example_dags/example_sensor_decorator.py
[2026-01-22T13:04:45.610+0000] {processor.py:830} INFO - Processing file /home/airflow/.local/lib/python3.8/site-packages/airflow/example_dags/example_sensor_decorator.py for tasks to queue
[2026-01-22T13:04:45.613+0000] {logging_mixin.py:188} INFO - [2026-01-22T13:04:45.612+0000] {dagbag.py:538} INFO - Filling up the DagBag from /home/airflow/.local/lib/python3.8/site-packages/airflow/example_dags/example_sensor_decorator.py
[2026-01-22T13:04:45.623+0000] {processor.py:840} INFO - DAG(s) 'example_sensor_decorator' retrieved from /home/airflow/.local/lib/python3.8/site-packages/airflow/example_dags/example_sensor_decorator.py
[2026-01-22T13:04:45.658+0000] {logging_mixin.py:188} INFO - [2026-01-22T13:04:45.658+0000] {dag.py:3036} INFO - Sync 1 DAGs
[2026-01-22T13:04:45.681+0000] {logging_mixin.py:188} INFO - [2026-01-22T13:04:45.680+0000] {dag.py:3823} INFO - Setting next_dagrun for example_sensor_decorator to None, run_after=None
[2026-01-22T13:04:45.711+0000] {processor.py:183} INFO - Processing /home/airflow/.local/lib/python3.8/site-packages/airflow/example_dags/example_sensor_decorator.py took 0.109 seconds
