[2026-01-22T12:59:37.926+0000] {processor.py:161} INFO - Started process (PID=92) to work on /home/airflow/.local/lib/python3.8/site-packages/airflow/example_dags/example_branch_day_of_week_operator.py
[2026-01-22T12:59:37.927+0000] {processor.py:830} INFO - Processing file /home/airflow/.local/lib/python3.8/site-packages/airflow/example_dags/example_branch_day_of_week_operator.py for tasks to queue
[2026-01-22T12:59:37.930+0000] {logging_mixin.py:188} INFO - [2026-01-22T12:59:37.929+0000] {dagbag.py:538} INFO - Filling up the DagBag from /home/airflow/.local/lib/python3.8/site-packages/airflow/example_dags/example_branch_day_of_week_operator.py
[2026-01-22T12:59:37.945+0000] {processor.py:840} INFO - DAG(s) 'example_weekday_branch_operator' retrieved from /home/airflow/.local/lib/python3.8/site-packages/airflow/example_dags/example_branch_day_of_week_operator.py
[2026-01-22T12:59:37.984+0000] {logging_mixin.py:188} INFO - [2026-01-22T12:59:37.984+0000] {dag.py:3036} INFO - Sync 1 DAGs
[2026-01-22T12:59:38.029+0000] {logging_mixin.py:188} INFO - [2026-01-22T12:59:38.029+0000] {dag.py:3823} INFO - Setting next_dagrun for example_weekday_branch_operator to 2026-01-21 00:00:00+00:00, run_after=2026-01-22 00:00:00+00:00
[2026-01-22T12:59:38.061+0000] {processor.py:183} INFO - Processing /home/airflow/.local/lib/python3.8/site-packages/airflow/example_dags/example_branch_day_of_week_operator.py took 0.141 seconds
[2026-01-22T13:00:08.721+0000] {processor.py:161} INFO - Started process (PID=160) to work on /home/airflow/.local/lib/python3.8/site-packages/airflow/example_dags/example_branch_day_of_week_operator.py
[2026-01-22T13:00:08.722+0000] {processor.py:830} INFO - Processing file /home/airflow/.local/lib/python3.8/site-packages/airflow/example_dags/example_branch_day_of_week_operator.py for tasks to queue
[2026-01-22T13:00:08.726+0000] {logging_mixin.py:188} INFO - [2026-01-22T13:00:08.725+0000] {dagbag.py:538} INFO - Filling up the DagBag from /home/airflow/.local/lib/python3.8/site-packages/airflow/example_dags/example_branch_day_of_week_operator.py
[2026-01-22T13:00:08.741+0000] {processor.py:840} INFO - DAG(s) 'example_weekday_branch_operator' retrieved from /home/airflow/.local/lib/python3.8/site-packages/airflow/example_dags/example_branch_day_of_week_operator.py
[2026-01-22T13:00:08.795+0000] {logging_mixin.py:188} INFO - [2026-01-22T13:00:08.794+0000] {dag.py:3036} INFO - Sync 1 DAGs
[2026-01-22T13:00:08.840+0000] {logging_mixin.py:188} INFO - [2026-01-22T13:00:08.839+0000] {dag.py:3823} INFO - Setting next_dagrun for example_weekday_branch_operator to 2026-01-21 00:00:00+00:00, run_after=2026-01-22 00:00:00+00:00
[2026-01-22T13:00:08.872+0000] {processor.py:183} INFO - Processing /home/airflow/.local/lib/python3.8/site-packages/airflow/example_dags/example_branch_day_of_week_operator.py took 0.157 seconds
[2026-01-22T13:00:39.618+0000] {processor.py:161} INFO - Started process (PID=225) to work on /home/airflow/.local/lib/python3.8/site-packages/airflow/example_dags/example_branch_day_of_week_operator.py
[2026-01-22T13:00:39.621+0000] {processor.py:830} INFO - Processing file /home/airflow/.local/lib/python3.8/site-packages/airflow/example_dags/example_branch_day_of_week_operator.py for tasks to queue
[2026-01-22T13:00:39.624+0000] {logging_mixin.py:188} INFO - [2026-01-22T13:00:39.623+0000] {dagbag.py:538} INFO - Filling up the DagBag from /home/airflow/.local/lib/python3.8/site-packages/airflow/example_dags/example_branch_day_of_week_operator.py
[2026-01-22T13:00:39.638+0000] {processor.py:840} INFO - DAG(s) 'example_weekday_branch_operator' retrieved from /home/airflow/.local/lib/python3.8/site-packages/airflow/example_dags/example_branch_day_of_week_operator.py
[2026-01-22T13:00:39.694+0000] {logging_mixin.py:188} INFO - [2026-01-22T13:00:39.694+0000] {dag.py:3036} INFO - Sync 1 DAGs
[2026-01-22T13:00:39.743+0000] {logging_mixin.py:188} INFO - [2026-01-22T13:00:39.742+0000] {dag.py:3823} INFO - Setting next_dagrun for example_weekday_branch_operator to 2026-01-21 00:00:00+00:00, run_after=2026-01-22 00:00:00+00:00
[2026-01-22T13:00:39.780+0000] {processor.py:183} INFO - Processing /home/airflow/.local/lib/python3.8/site-packages/airflow/example_dags/example_branch_day_of_week_operator.py took 0.169 seconds
[2026-01-22T13:01:10.598+0000] {processor.py:161} INFO - Started process (PID=291) to work on /home/airflow/.local/lib/python3.8/site-packages/airflow/example_dags/example_branch_day_of_week_operator.py
[2026-01-22T13:01:10.600+0000] {processor.py:830} INFO - Processing file /home/airflow/.local/lib/python3.8/site-packages/airflow/example_dags/example_branch_day_of_week_operator.py for tasks to queue
[2026-01-22T13:01:10.602+0000] {logging_mixin.py:188} INFO - [2026-01-22T13:01:10.602+0000] {dagbag.py:538} INFO - Filling up the DagBag from /home/airflow/.local/lib/python3.8/site-packages/airflow/example_dags/example_branch_day_of_week_operator.py
[2026-01-22T13:01:10.614+0000] {processor.py:840} INFO - DAG(s) 'example_weekday_branch_operator' retrieved from /home/airflow/.local/lib/python3.8/site-packages/airflow/example_dags/example_branch_day_of_week_operator.py
[2026-01-22T13:01:10.652+0000] {logging_mixin.py:188} INFO - [2026-01-22T13:01:10.652+0000] {dag.py:3036} INFO - Sync 1 DAGs
[2026-01-22T13:01:10.725+0000] {logging_mixin.py:188} INFO - [2026-01-22T13:01:10.724+0000] {dag.py:3823} INFO - Setting next_dagrun for example_weekday_branch_operator to 2026-01-21 00:00:00+00:00, run_after=2026-01-22 00:00:00+00:00
[2026-01-22T13:01:10.759+0000] {processor.py:183} INFO - Processing /home/airflow/.local/lib/python3.8/site-packages/airflow/example_dags/example_branch_day_of_week_operator.py took 0.166 seconds
[2026-01-22T13:01:41.289+0000] {processor.py:161} INFO - Started process (PID=357) to work on /home/airflow/.local/lib/python3.8/site-packages/airflow/example_dags/example_branch_day_of_week_operator.py
[2026-01-22T13:01:41.292+0000] {processor.py:830} INFO - Processing file /home/airflow/.local/lib/python3.8/site-packages/airflow/example_dags/example_branch_day_of_week_operator.py for tasks to queue
[2026-01-22T13:01:41.301+0000] {logging_mixin.py:188} INFO - [2026-01-22T13:01:41.301+0000] {dagbag.py:538} INFO - Filling up the DagBag from /home/airflow/.local/lib/python3.8/site-packages/airflow/example_dags/example_branch_day_of_week_operator.py
[2026-01-22T13:01:41.316+0000] {processor.py:840} INFO - DAG(s) 'example_weekday_branch_operator' retrieved from /home/airflow/.local/lib/python3.8/site-packages/airflow/example_dags/example_branch_day_of_week_operator.py
[2026-01-22T13:01:41.355+0000] {logging_mixin.py:188} INFO - [2026-01-22T13:01:41.354+0000] {dag.py:3036} INFO - Sync 1 DAGs
[2026-01-22T13:01:41.409+0000] {logging_mixin.py:188} INFO - [2026-01-22T13:01:41.408+0000] {dag.py:3823} INFO - Setting next_dagrun for example_weekday_branch_operator to 2026-01-21 00:00:00+00:00, run_after=2026-01-22 00:00:00+00:00
[2026-01-22T13:01:41.449+0000] {processor.py:183} INFO - Processing /home/airflow/.local/lib/python3.8/site-packages/airflow/example_dags/example_branch_day_of_week_operator.py took 0.169 seconds
[2026-01-22T13:02:12.064+0000] {processor.py:161} INFO - Started process (PID=423) to work on /home/airflow/.local/lib/python3.8/site-packages/airflow/example_dags/example_branch_day_of_week_operator.py
[2026-01-22T13:02:12.069+0000] {processor.py:830} INFO - Processing file /home/airflow/.local/lib/python3.8/site-packages/airflow/example_dags/example_branch_day_of_week_operator.py for tasks to queue
[2026-01-22T13:02:12.072+0000] {logging_mixin.py:188} INFO - [2026-01-22T13:02:12.072+0000] {dagbag.py:538} INFO - Filling up the DagBag from /home/airflow/.local/lib/python3.8/site-packages/airflow/example_dags/example_branch_day_of_week_operator.py
[2026-01-22T13:02:12.086+0000] {processor.py:840} INFO - DAG(s) 'example_weekday_branch_operator' retrieved from /home/airflow/.local/lib/python3.8/site-packages/airflow/example_dags/example_branch_day_of_week_operator.py
[2026-01-22T13:02:12.137+0000] {logging_mixin.py:188} INFO - [2026-01-22T13:02:12.136+0000] {dag.py:3036} INFO - Sync 1 DAGs
[2026-01-22T13:02:12.230+0000] {logging_mixin.py:188} INFO - [2026-01-22T13:02:12.230+0000] {dag.py:3823} INFO - Setting next_dagrun for example_weekday_branch_operator to 2026-01-21 00:00:00+00:00, run_after=2026-01-22 00:00:00+00:00
[2026-01-22T13:02:12.296+0000] {processor.py:183} INFO - Processing /home/airflow/.local/lib/python3.8/site-packages/airflow/example_dags/example_branch_day_of_week_operator.py took 0.237 seconds
[2026-01-22T13:02:43.109+0000] {processor.py:161} INFO - Started process (PID=490) to work on /home/airflow/.local/lib/python3.8/site-packages/airflow/example_dags/example_branch_day_of_week_operator.py
[2026-01-22T13:02:43.111+0000] {processor.py:830} INFO - Processing file /home/airflow/.local/lib/python3.8/site-packages/airflow/example_dags/example_branch_day_of_week_operator.py for tasks to queue
[2026-01-22T13:02:43.114+0000] {logging_mixin.py:188} INFO - [2026-01-22T13:02:43.113+0000] {dagbag.py:538} INFO - Filling up the DagBag from /home/airflow/.local/lib/python3.8/site-packages/airflow/example_dags/example_branch_day_of_week_operator.py
[2026-01-22T13:02:43.129+0000] {processor.py:840} INFO - DAG(s) 'example_weekday_branch_operator' retrieved from /home/airflow/.local/lib/python3.8/site-packages/airflow/example_dags/example_branch_day_of_week_operator.py
[2026-01-22T13:02:43.169+0000] {logging_mixin.py:188} INFO - [2026-01-22T13:02:43.168+0000] {dag.py:3036} INFO - Sync 1 DAGs
[2026-01-22T13:02:43.216+0000] {logging_mixin.py:188} INFO - [2026-01-22T13:02:43.216+0000] {dag.py:3823} INFO - Setting next_dagrun for example_weekday_branch_operator to 2026-01-21 00:00:00+00:00, run_after=2026-01-22 00:00:00+00:00
[2026-01-22T13:02:43.248+0000] {processor.py:183} INFO - Processing /home/airflow/.local/lib/python3.8/site-packages/airflow/example_dags/example_branch_day_of_week_operator.py took 0.145 seconds
[2026-01-22T13:03:13.699+0000] {processor.py:161} INFO - Started process (PID=556) to work on /home/airflow/.local/lib/python3.8/site-packages/airflow/example_dags/example_branch_day_of_week_operator.py
[2026-01-22T13:03:13.706+0000] {processor.py:830} INFO - Processing file /home/airflow/.local/lib/python3.8/site-packages/airflow/example_dags/example_branch_day_of_week_operator.py for tasks to queue
[2026-01-22T13:03:13.709+0000] {logging_mixin.py:188} INFO - [2026-01-22T13:03:13.709+0000] {dagbag.py:538} INFO - Filling up the DagBag from /home/airflow/.local/lib/python3.8/site-packages/airflow/example_dags/example_branch_day_of_week_operator.py
[2026-01-22T13:03:13.731+0000] {processor.py:840} INFO - DAG(s) 'example_weekday_branch_operator' retrieved from /home/airflow/.local/lib/python3.8/site-packages/airflow/example_dags/example_branch_day_of_week_operator.py
[2026-01-22T13:03:13.790+0000] {logging_mixin.py:188} INFO - [2026-01-22T13:03:13.789+0000] {dag.py:3036} INFO - Sync 1 DAGs
[2026-01-22T13:03:13.828+0000] {logging_mixin.py:188} INFO - [2026-01-22T13:03:13.827+0000] {dag.py:3823} INFO - Setting next_dagrun for example_weekday_branch_operator to 2026-01-21 00:00:00+00:00, run_after=2026-01-22 00:00:00+00:00
[2026-01-22T13:03:13.855+0000] {processor.py:183} INFO - Processing /home/airflow/.local/lib/python3.8/site-packages/airflow/example_dags/example_branch_day_of_week_operator.py took 0.163 seconds
[2026-01-22T13:03:44.039+0000] {processor.py:161} INFO - Started process (PID=623) to work on /home/airflow/.local/lib/python3.8/site-packages/airflow/example_dags/example_branch_day_of_week_operator.py
[2026-01-22T13:03:44.041+0000] {processor.py:830} INFO - Processing file /home/airflow/.local/lib/python3.8/site-packages/airflow/example_dags/example_branch_day_of_week_operator.py for tasks to queue
[2026-01-22T13:03:44.044+0000] {logging_mixin.py:188} INFO - [2026-01-22T13:03:44.044+0000] {dagbag.py:538} INFO - Filling up the DagBag from /home/airflow/.local/lib/python3.8/site-packages/airflow/example_dags/example_branch_day_of_week_operator.py
[2026-01-22T13:03:44.056+0000] {processor.py:840} INFO - DAG(s) 'example_weekday_branch_operator' retrieved from /home/airflow/.local/lib/python3.8/site-packages/airflow/example_dags/example_branch_day_of_week_operator.py
[2026-01-22T13:03:44.091+0000] {logging_mixin.py:188} INFO - [2026-01-22T13:03:44.090+0000] {dag.py:3036} INFO - Sync 1 DAGs
[2026-01-22T13:03:44.130+0000] {logging_mixin.py:188} INFO - [2026-01-22T13:03:44.130+0000] {dag.py:3823} INFO - Setting next_dagrun for example_weekday_branch_operator to 2026-01-21 00:00:00+00:00, run_after=2026-01-22 00:00:00+00:00
[2026-01-22T13:03:44.160+0000] {processor.py:183} INFO - Processing /home/airflow/.local/lib/python3.8/site-packages/airflow/example_dags/example_branch_day_of_week_operator.py took 0.126 seconds
[2026-01-22T13:04:14.614+0000] {processor.py:161} INFO - Started process (PID=689) to work on /home/airflow/.local/lib/python3.8/site-packages/airflow/example_dags/example_branch_day_of_week_operator.py
[2026-01-22T13:04:14.616+0000] {processor.py:830} INFO - Processing file /home/airflow/.local/lib/python3.8/site-packages/airflow/example_dags/example_branch_day_of_week_operator.py for tasks to queue
[2026-01-22T13:04:14.619+0000] {logging_mixin.py:188} INFO - [2026-01-22T13:04:14.619+0000] {dagbag.py:538} INFO - Filling up the DagBag from /home/airflow/.local/lib/python3.8/site-packages/airflow/example_dags/example_branch_day_of_week_operator.py
[2026-01-22T13:04:14.634+0000] {processor.py:840} INFO - DAG(s) 'example_weekday_branch_operator' retrieved from /home/airflow/.local/lib/python3.8/site-packages/airflow/example_dags/example_branch_day_of_week_operator.py
[2026-01-22T13:04:14.672+0000] {logging_mixin.py:188} INFO - [2026-01-22T13:04:14.671+0000] {dag.py:3036} INFO - Sync 1 DAGs
[2026-01-22T13:04:14.712+0000] {logging_mixin.py:188} INFO - [2026-01-22T13:04:14.711+0000] {dag.py:3823} INFO - Setting next_dagrun for example_weekday_branch_operator to 2026-01-21 00:00:00+00:00, run_after=2026-01-22 00:00:00+00:00
[2026-01-22T13:04:14.753+0000] {processor.py:183} INFO - Processing /home/airflow/.local/lib/python3.8/site-packages/airflow/example_dags/example_branch_day_of_week_operator.py took 0.145 seconds
[2026-01-22T13:04:45.204+0000] {processor.py:161} INFO - Started process (PID=762) to work on /home/airflow/.local/lib/python3.8/site-packages/airflow/example_dags/example_branch_day_of_week_operator.py
[2026-01-22T13:04:45.206+0000] {processor.py:830} INFO - Processing file /home/airflow/.local/lib/python3.8/site-packages/airflow/example_dags/example_branch_day_of_week_operator.py for tasks to queue
[2026-01-22T13:04:45.209+0000] {logging_mixin.py:188} INFO - [2026-01-22T13:04:45.208+0000] {dagbag.py:538} INFO - Filling up the DagBag from /home/airflow/.local/lib/python3.8/site-packages/airflow/example_dags/example_branch_day_of_week_operator.py
[2026-01-22T13:04:45.223+0000] {processor.py:840} INFO - DAG(s) 'example_weekday_branch_operator' retrieved from /home/airflow/.local/lib/python3.8/site-packages/airflow/example_dags/example_branch_day_of_week_operator.py
[2026-01-22T13:04:45.261+0000] {logging_mixin.py:188} INFO - [2026-01-22T13:04:45.260+0000] {dag.py:3036} INFO - Sync 1 DAGs
[2026-01-22T13:04:45.301+0000] {logging_mixin.py:188} INFO - [2026-01-22T13:04:45.301+0000] {dag.py:3823} INFO - Setting next_dagrun for example_weekday_branch_operator to 2026-01-21 00:00:00+00:00, run_after=2026-01-22 00:00:00+00:00
[2026-01-22T13:04:45.337+0000] {processor.py:183} INFO - Processing /home/airflow/.local/lib/python3.8/site-packages/airflow/example_dags/example_branch_day_of_week_operator.py took 0.138 seconds
