[2026-01-22T12:59:36.963+0000] {processor.py:161} INFO - Started process (PID=85) to work on /home/airflow/.local/lib/python3.8/site-packages/airflow/example_dags/example_branch_labels.py
[2026-01-22T12:59:36.965+0000] {processor.py:830} INFO - Processing file /home/airflow/.local/lib/python3.8/site-packages/airflow/example_dags/example_branch_labels.py for tasks to queue
[2026-01-22T12:59:36.968+0000] {logging_mixin.py:188} INFO - [2026-01-22T12:59:36.967+0000] {dagbag.py:538} INFO - Filling up the DagBag from /home/airflow/.local/lib/python3.8/site-packages/airflow/example_dags/example_branch_labels.py
[2026-01-22T12:59:36.984+0000] {processor.py:840} INFO - DAG(s) 'example_branch_labels' retrieved from /home/airflow/.local/lib/python3.8/site-packages/airflow/example_dags/example_branch_labels.py
[2026-01-22T12:59:37.030+0000] {logging_mixin.py:188} INFO - [2026-01-22T12:59:37.029+0000] {dag.py:3036} INFO - Sync 1 DAGs
[2026-01-22T12:59:37.076+0000] {logging_mixin.py:188} INFO - [2026-01-22T12:59:37.075+0000] {dag.py:3823} INFO - Setting next_dagrun for example_branch_labels to 2026-01-21 00:00:00+00:00, run_after=2026-01-22 00:00:00+00:00
[2026-01-22T12:59:37.110+0000] {processor.py:183} INFO - Processing /home/airflow/.local/lib/python3.8/site-packages/airflow/example_dags/example_branch_labels.py took 0.153 seconds
[2026-01-22T13:00:07.708+0000] {processor.py:161} INFO - Started process (PID=153) to work on /home/airflow/.local/lib/python3.8/site-packages/airflow/example_dags/example_branch_labels.py
[2026-01-22T13:00:07.710+0000] {processor.py:830} INFO - Processing file /home/airflow/.local/lib/python3.8/site-packages/airflow/example_dags/example_branch_labels.py for tasks to queue
[2026-01-22T13:00:07.713+0000] {logging_mixin.py:188} INFO - [2026-01-22T13:00:07.713+0000] {dagbag.py:538} INFO - Filling up the DagBag from /home/airflow/.local/lib/python3.8/site-packages/airflow/example_dags/example_branch_labels.py
[2026-01-22T13:00:07.738+0000] {processor.py:840} INFO - DAG(s) 'example_branch_labels' retrieved from /home/airflow/.local/lib/python3.8/site-packages/airflow/example_dags/example_branch_labels.py
[2026-01-22T13:00:07.818+0000] {logging_mixin.py:188} INFO - [2026-01-22T13:00:07.818+0000] {dag.py:3036} INFO - Sync 1 DAGs
[2026-01-22T13:00:07.877+0000] {logging_mixin.py:188} INFO - [2026-01-22T13:00:07.877+0000] {dag.py:3823} INFO - Setting next_dagrun for example_branch_labels to 2026-01-21 00:00:00+00:00, run_after=2026-01-22 00:00:00+00:00
[2026-01-22T13:00:07.923+0000] {processor.py:183} INFO - Processing /home/airflow/.local/lib/python3.8/site-packages/airflow/example_dags/example_branch_labels.py took 0.221 seconds
[2026-01-22T13:00:38.996+0000] {processor.py:161} INFO - Started process (PID=218) to work on /home/airflow/.local/lib/python3.8/site-packages/airflow/example_dags/example_branch_labels.py
[2026-01-22T13:00:39.001+0000] {processor.py:830} INFO - Processing file /home/airflow/.local/lib/python3.8/site-packages/airflow/example_dags/example_branch_labels.py for tasks to queue
[2026-01-22T13:00:39.005+0000] {logging_mixin.py:188} INFO - [2026-01-22T13:00:39.004+0000] {dagbag.py:538} INFO - Filling up the DagBag from /home/airflow/.local/lib/python3.8/site-packages/airflow/example_dags/example_branch_labels.py
[2026-01-22T13:00:39.024+0000] {processor.py:840} INFO - DAG(s) 'example_branch_labels' retrieved from /home/airflow/.local/lib/python3.8/site-packages/airflow/example_dags/example_branch_labels.py
[2026-01-22T13:00:39.082+0000] {logging_mixin.py:188} INFO - [2026-01-22T13:00:39.082+0000] {dag.py:3036} INFO - Sync 1 DAGs
[2026-01-22T13:00:39.130+0000] {logging_mixin.py:188} INFO - [2026-01-22T13:00:39.130+0000] {dag.py:3823} INFO - Setting next_dagrun for example_branch_labels to 2026-01-21 00:00:00+00:00, run_after=2026-01-22 00:00:00+00:00
[2026-01-22T13:00:39.167+0000] {processor.py:183} INFO - Processing /home/airflow/.local/lib/python3.8/site-packages/airflow/example_dags/example_branch_labels.py took 0.199 seconds
[2026-01-22T13:01:09.632+0000] {processor.py:161} INFO - Started process (PID=284) to work on /home/airflow/.local/lib/python3.8/site-packages/airflow/example_dags/example_branch_labels.py
[2026-01-22T13:01:09.634+0000] {processor.py:830} INFO - Processing file /home/airflow/.local/lib/python3.8/site-packages/airflow/example_dags/example_branch_labels.py for tasks to queue
[2026-01-22T13:01:09.638+0000] {logging_mixin.py:188} INFO - [2026-01-22T13:01:09.637+0000] {dagbag.py:538} INFO - Filling up the DagBag from /home/airflow/.local/lib/python3.8/site-packages/airflow/example_dags/example_branch_labels.py
[2026-01-22T13:01:09.660+0000] {processor.py:840} INFO - DAG(s) 'example_branch_labels' retrieved from /home/airflow/.local/lib/python3.8/site-packages/airflow/example_dags/example_branch_labels.py
[2026-01-22T13:01:09.707+0000] {logging_mixin.py:188} INFO - [2026-01-22T13:01:09.706+0000] {dag.py:3036} INFO - Sync 1 DAGs
[2026-01-22T13:01:09.767+0000] {logging_mixin.py:188} INFO - [2026-01-22T13:01:09.767+0000] {dag.py:3823} INFO - Setting next_dagrun for example_branch_labels to 2026-01-21 00:00:00+00:00, run_after=2026-01-22 00:00:00+00:00
[2026-01-22T13:01:09.821+0000] {processor.py:183} INFO - Processing /home/airflow/.local/lib/python3.8/site-packages/airflow/example_dags/example_branch_labels.py took 0.197 seconds
[2026-01-22T13:01:40.308+0000] {processor.py:161} INFO - Started process (PID=350) to work on /home/airflow/.local/lib/python3.8/site-packages/airflow/example_dags/example_branch_labels.py
[2026-01-22T13:01:40.310+0000] {processor.py:830} INFO - Processing file /home/airflow/.local/lib/python3.8/site-packages/airflow/example_dags/example_branch_labels.py for tasks to queue
[2026-01-22T13:01:40.313+0000] {logging_mixin.py:188} INFO - [2026-01-22T13:01:40.313+0000] {dagbag.py:538} INFO - Filling up the DagBag from /home/airflow/.local/lib/python3.8/site-packages/airflow/example_dags/example_branch_labels.py
[2026-01-22T13:01:40.330+0000] {processor.py:840} INFO - DAG(s) 'example_branch_labels' retrieved from /home/airflow/.local/lib/python3.8/site-packages/airflow/example_dags/example_branch_labels.py
[2026-01-22T13:01:40.380+0000] {logging_mixin.py:188} INFO - [2026-01-22T13:01:40.379+0000] {dag.py:3036} INFO - Sync 1 DAGs
[2026-01-22T13:01:40.427+0000] {logging_mixin.py:188} INFO - [2026-01-22T13:01:40.427+0000] {dag.py:3823} INFO - Setting next_dagrun for example_branch_labels to 2026-01-21 00:00:00+00:00, run_after=2026-01-22 00:00:00+00:00
[2026-01-22T13:01:40.463+0000] {processor.py:183} INFO - Processing /home/airflow/.local/lib/python3.8/site-packages/airflow/example_dags/example_branch_labels.py took 0.162 seconds
[2026-01-22T13:02:11.106+0000] {processor.py:161} INFO - Started process (PID=416) to work on /home/airflow/.local/lib/python3.8/site-packages/airflow/example_dags/example_branch_labels.py
[2026-01-22T13:02:11.108+0000] {processor.py:830} INFO - Processing file /home/airflow/.local/lib/python3.8/site-packages/airflow/example_dags/example_branch_labels.py for tasks to queue
[2026-01-22T13:02:11.110+0000] {logging_mixin.py:188} INFO - [2026-01-22T13:02:11.110+0000] {dagbag.py:538} INFO - Filling up the DagBag from /home/airflow/.local/lib/python3.8/site-packages/airflow/example_dags/example_branch_labels.py
[2026-01-22T13:02:11.126+0000] {processor.py:840} INFO - DAG(s) 'example_branch_labels' retrieved from /home/airflow/.local/lib/python3.8/site-packages/airflow/example_dags/example_branch_labels.py
[2026-01-22T13:02:11.175+0000] {logging_mixin.py:188} INFO - [2026-01-22T13:02:11.174+0000] {dag.py:3036} INFO - Sync 1 DAGs
[2026-01-22T13:02:11.225+0000] {logging_mixin.py:188} INFO - [2026-01-22T13:02:11.224+0000] {dag.py:3823} INFO - Setting next_dagrun for example_branch_labels to 2026-01-21 00:00:00+00:00, run_after=2026-01-22 00:00:00+00:00
[2026-01-22T13:02:11.264+0000] {processor.py:183} INFO - Processing /home/airflow/.local/lib/python3.8/site-packages/airflow/example_dags/example_branch_labels.py took 0.164 seconds
[2026-01-22T13:02:41.345+0000] {processor.py:161} INFO - Started process (PID=482) to work on /home/airflow/.local/lib/python3.8/site-packages/airflow/example_dags/example_branch_labels.py
[2026-01-22T13:02:41.347+0000] {processor.py:830} INFO - Processing file /home/airflow/.local/lib/python3.8/site-packages/airflow/example_dags/example_branch_labels.py for tasks to queue
[2026-01-22T13:02:41.349+0000] {logging_mixin.py:188} INFO - [2026-01-22T13:02:41.349+0000] {dagbag.py:538} INFO - Filling up the DagBag from /home/airflow/.local/lib/python3.8/site-packages/airflow/example_dags/example_branch_labels.py
[2026-01-22T13:02:41.362+0000] {processor.py:840} INFO - DAG(s) 'example_branch_labels' retrieved from /home/airflow/.local/lib/python3.8/site-packages/airflow/example_dags/example_branch_labels.py
[2026-01-22T13:02:41.395+0000] {logging_mixin.py:188} INFO - [2026-01-22T13:02:41.395+0000] {dag.py:3036} INFO - Sync 1 DAGs
[2026-01-22T13:02:41.432+0000] {logging_mixin.py:188} INFO - [2026-01-22T13:02:41.431+0000] {dag.py:3823} INFO - Setting next_dagrun for example_branch_labels to 2026-01-21 00:00:00+00:00, run_after=2026-01-22 00:00:00+00:00
[2026-01-22T13:02:41.461+0000] {processor.py:183} INFO - Processing /home/airflow/.local/lib/python3.8/site-packages/airflow/example_dags/example_branch_labels.py took 0.123 seconds
[2026-01-22T13:03:11.585+0000] {processor.py:161} INFO - Started process (PID=548) to work on /home/airflow/.local/lib/python3.8/site-packages/airflow/example_dags/example_branch_labels.py
[2026-01-22T13:03:11.586+0000] {processor.py:830} INFO - Processing file /home/airflow/.local/lib/python3.8/site-packages/airflow/example_dags/example_branch_labels.py for tasks to queue
[2026-01-22T13:03:11.589+0000] {logging_mixin.py:188} INFO - [2026-01-22T13:03:11.588+0000] {dagbag.py:538} INFO - Filling up the DagBag from /home/airflow/.local/lib/python3.8/site-packages/airflow/example_dags/example_branch_labels.py
[2026-01-22T13:03:11.601+0000] {processor.py:840} INFO - DAG(s) 'example_branch_labels' retrieved from /home/airflow/.local/lib/python3.8/site-packages/airflow/example_dags/example_branch_labels.py
[2026-01-22T13:03:11.654+0000] {logging_mixin.py:188} INFO - [2026-01-22T13:03:11.654+0000] {dag.py:3036} INFO - Sync 1 DAGs
[2026-01-22T13:03:11.701+0000] {logging_mixin.py:188} INFO - [2026-01-22T13:03:11.700+0000] {dag.py:3823} INFO - Setting next_dagrun for example_branch_labels to 2026-01-21 00:00:00+00:00, run_after=2026-01-22 00:00:00+00:00
[2026-01-22T13:03:11.732+0000] {processor.py:183} INFO - Processing /home/airflow/.local/lib/python3.8/site-packages/airflow/example_dags/example_branch_labels.py took 0.153 seconds
[2026-01-22T13:03:42.041+0000] {processor.py:161} INFO - Started process (PID=615) to work on /home/airflow/.local/lib/python3.8/site-packages/airflow/example_dags/example_branch_labels.py
[2026-01-22T13:03:42.043+0000] {processor.py:830} INFO - Processing file /home/airflow/.local/lib/python3.8/site-packages/airflow/example_dags/example_branch_labels.py for tasks to queue
[2026-01-22T13:03:42.045+0000] {logging_mixin.py:188} INFO - [2026-01-22T13:03:42.045+0000] {dagbag.py:538} INFO - Filling up the DagBag from /home/airflow/.local/lib/python3.8/site-packages/airflow/example_dags/example_branch_labels.py
[2026-01-22T13:03:42.058+0000] {processor.py:840} INFO - DAG(s) 'example_branch_labels' retrieved from /home/airflow/.local/lib/python3.8/site-packages/airflow/example_dags/example_branch_labels.py
[2026-01-22T13:03:42.097+0000] {logging_mixin.py:188} INFO - [2026-01-22T13:03:42.097+0000] {dag.py:3036} INFO - Sync 1 DAGs
[2026-01-22T13:03:42.138+0000] {logging_mixin.py:188} INFO - [2026-01-22T13:03:42.138+0000] {dag.py:3823} INFO - Setting next_dagrun for example_branch_labels to 2026-01-21 00:00:00+00:00, run_after=2026-01-22 00:00:00+00:00
[2026-01-22T13:03:42.171+0000] {processor.py:183} INFO - Processing /home/airflow/.local/lib/python3.8/site-packages/airflow/example_dags/example_branch_labels.py took 0.136 seconds
[2026-01-22T13:04:12.755+0000] {processor.py:161} INFO - Started process (PID=681) to work on /home/airflow/.local/lib/python3.8/site-packages/airflow/example_dags/example_branch_labels.py
[2026-01-22T13:04:12.756+0000] {processor.py:830} INFO - Processing file /home/airflow/.local/lib/python3.8/site-packages/airflow/example_dags/example_branch_labels.py for tasks to queue
[2026-01-22T13:04:12.759+0000] {logging_mixin.py:188} INFO - [2026-01-22T13:04:12.758+0000] {dagbag.py:538} INFO - Filling up the DagBag from /home/airflow/.local/lib/python3.8/site-packages/airflow/example_dags/example_branch_labels.py
[2026-01-22T13:04:12.771+0000] {processor.py:840} INFO - DAG(s) 'example_branch_labels' retrieved from /home/airflow/.local/lib/python3.8/site-packages/airflow/example_dags/example_branch_labels.py
[2026-01-22T13:04:12.803+0000] {logging_mixin.py:188} INFO - [2026-01-22T13:04:12.803+0000] {dag.py:3036} INFO - Sync 1 DAGs
[2026-01-22T13:04:12.844+0000] {logging_mixin.py:188} INFO - [2026-01-22T13:04:12.843+0000] {dag.py:3823} INFO - Setting next_dagrun for example_branch_labels to 2026-01-21 00:00:00+00:00, run_after=2026-01-22 00:00:00+00:00
[2026-01-22T13:04:12.874+0000] {processor.py:183} INFO - Processing /home/airflow/.local/lib/python3.8/site-packages/airflow/example_dags/example_branch_labels.py took 0.126 seconds
[2026-01-22T13:04:43.314+0000] {processor.py:161} INFO - Started process (PID=747) to work on /home/airflow/.local/lib/python3.8/site-packages/airflow/example_dags/example_branch_labels.py
[2026-01-22T13:04:43.316+0000] {processor.py:830} INFO - Processing file /home/airflow/.local/lib/python3.8/site-packages/airflow/example_dags/example_branch_labels.py for tasks to queue
[2026-01-22T13:04:43.318+0000] {logging_mixin.py:188} INFO - [2026-01-22T13:04:43.318+0000] {dagbag.py:538} INFO - Filling up the DagBag from /home/airflow/.local/lib/python3.8/site-packages/airflow/example_dags/example_branch_labels.py
[2026-01-22T13:04:43.330+0000] {processor.py:840} INFO - DAG(s) 'example_branch_labels' retrieved from /home/airflow/.local/lib/python3.8/site-packages/airflow/example_dags/example_branch_labels.py
[2026-01-22T13:04:43.362+0000] {logging_mixin.py:188} INFO - [2026-01-22T13:04:43.362+0000] {dag.py:3036} INFO - Sync 1 DAGs
[2026-01-22T13:04:43.399+0000] {logging_mixin.py:188} INFO - [2026-01-22T13:04:43.399+0000] {dag.py:3823} INFO - Setting next_dagrun for example_branch_labels to 2026-01-21 00:00:00+00:00, run_after=2026-01-22 00:00:00+00:00
[2026-01-22T13:04:43.427+0000] {processor.py:183} INFO - Processing /home/airflow/.local/lib/python3.8/site-packages/airflow/example_dags/example_branch_labels.py took 0.118 seconds
