[2026-01-22T12:59:38.269+0000] {processor.py:161} INFO - Started process (PID=94) to work on /home/airflow/.local/lib/python3.8/site-packages/airflow/example_dags/example_skip_dag.py
[2026-01-22T12:59:38.275+0000] {processor.py:830} INFO - Processing file /home/airflow/.local/lib/python3.8/site-packages/airflow/example_dags/example_skip_dag.py for tasks to queue
[2026-01-22T12:59:38.284+0000] {logging_mixin.py:188} INFO - [2026-01-22T12:59:38.282+0000] {dagbag.py:538} INFO - Filling up the DagBag from /home/airflow/.local/lib/python3.8/site-packages/airflow/example_dags/example_skip_dag.py
[2026-01-22T12:59:38.302+0000] {processor.py:840} INFO - DAG(s) 'example_skip_dag' retrieved from /home/airflow/.local/lib/python3.8/site-packages/airflow/example_dags/example_skip_dag.py
[2026-01-22T12:59:38.353+0000] {logging_mixin.py:188} INFO - [2026-01-22T12:59:38.353+0000] {dag.py:3036} INFO - Sync 1 DAGs
[2026-01-22T12:59:38.402+0000] {logging_mixin.py:188} INFO - [2026-01-22T12:59:38.402+0000] {dag.py:3823} INFO - Setting next_dagrun for example_skip_dag to 2026-01-21 00:00:00+00:00, run_after=2026-01-22 00:00:00+00:00
[2026-01-22T12:59:38.441+0000] {processor.py:183} INFO - Processing /home/airflow/.local/lib/python3.8/site-packages/airflow/example_dags/example_skip_dag.py took 0.180 seconds
[2026-01-22T13:00:08.919+0000] {processor.py:161} INFO - Started process (PID=162) to work on /home/airflow/.local/lib/python3.8/site-packages/airflow/example_dags/example_skip_dag.py
[2026-01-22T13:00:08.921+0000] {processor.py:830} INFO - Processing file /home/airflow/.local/lib/python3.8/site-packages/airflow/example_dags/example_skip_dag.py for tasks to queue
[2026-01-22T13:00:08.924+0000] {logging_mixin.py:188} INFO - [2026-01-22T13:00:08.923+0000] {dagbag.py:538} INFO - Filling up the DagBag from /home/airflow/.local/lib/python3.8/site-packages/airflow/example_dags/example_skip_dag.py
[2026-01-22T13:00:08.936+0000] {processor.py:840} INFO - DAG(s) 'example_skip_dag' retrieved from /home/airflow/.local/lib/python3.8/site-packages/airflow/example_dags/example_skip_dag.py
[2026-01-22T13:00:08.976+0000] {logging_mixin.py:188} INFO - [2026-01-22T13:00:08.976+0000] {dag.py:3036} INFO - Sync 1 DAGs
[2026-01-22T13:00:09.022+0000] {logging_mixin.py:188} INFO - [2026-01-22T13:00:09.022+0000] {dag.py:3823} INFO - Setting next_dagrun for example_skip_dag to 2026-01-21 00:00:00+00:00, run_after=2026-01-22 00:00:00+00:00
[2026-01-22T13:00:09.055+0000] {processor.py:183} INFO - Processing /home/airflow/.local/lib/python3.8/site-packages/airflow/example_dags/example_skip_dag.py took 0.142 seconds
[2026-01-22T13:00:39.826+0000] {processor.py:161} INFO - Started process (PID=227) to work on /home/airflow/.local/lib/python3.8/site-packages/airflow/example_dags/example_skip_dag.py
[2026-01-22T13:00:39.828+0000] {processor.py:830} INFO - Processing file /home/airflow/.local/lib/python3.8/site-packages/airflow/example_dags/example_skip_dag.py for tasks to queue
[2026-01-22T13:00:39.831+0000] {logging_mixin.py:188} INFO - [2026-01-22T13:00:39.831+0000] {dagbag.py:538} INFO - Filling up the DagBag from /home/airflow/.local/lib/python3.8/site-packages/airflow/example_dags/example_skip_dag.py
[2026-01-22T13:00:39.842+0000] {processor.py:840} INFO - DAG(s) 'example_skip_dag' retrieved from /home/airflow/.local/lib/python3.8/site-packages/airflow/example_dags/example_skip_dag.py
[2026-01-22T13:00:39.884+0000] {logging_mixin.py:188} INFO - [2026-01-22T13:00:39.884+0000] {dag.py:3036} INFO - Sync 1 DAGs
[2026-01-22T13:00:39.931+0000] {logging_mixin.py:188} INFO - [2026-01-22T13:00:39.930+0000] {dag.py:3823} INFO - Setting next_dagrun for example_skip_dag to 2026-01-21 00:00:00+00:00, run_after=2026-01-22 00:00:00+00:00
[2026-01-22T13:00:39.972+0000] {processor.py:183} INFO - Processing /home/airflow/.local/lib/python3.8/site-packages/airflow/example_dags/example_skip_dag.py took 0.152 seconds
[2026-01-22T13:01:10.806+0000] {processor.py:161} INFO - Started process (PID=293) to work on /home/airflow/.local/lib/python3.8/site-packages/airflow/example_dags/example_skip_dag.py
[2026-01-22T13:01:10.809+0000] {processor.py:830} INFO - Processing file /home/airflow/.local/lib/python3.8/site-packages/airflow/example_dags/example_skip_dag.py for tasks to queue
[2026-01-22T13:01:10.812+0000] {logging_mixin.py:188} INFO - [2026-01-22T13:01:10.811+0000] {dagbag.py:538} INFO - Filling up the DagBag from /home/airflow/.local/lib/python3.8/site-packages/airflow/example_dags/example_skip_dag.py
[2026-01-22T13:01:10.822+0000] {processor.py:840} INFO - DAG(s) 'example_skip_dag' retrieved from /home/airflow/.local/lib/python3.8/site-packages/airflow/example_dags/example_skip_dag.py
[2026-01-22T13:01:10.855+0000] {logging_mixin.py:188} INFO - [2026-01-22T13:01:10.854+0000] {dag.py:3036} INFO - Sync 1 DAGs
[2026-01-22T13:01:10.893+0000] {logging_mixin.py:188} INFO - [2026-01-22T13:01:10.893+0000] {dag.py:3823} INFO - Setting next_dagrun for example_skip_dag to 2026-01-21 00:00:00+00:00, run_after=2026-01-22 00:00:00+00:00
[2026-01-22T13:01:10.927+0000] {processor.py:183} INFO - Processing /home/airflow/.local/lib/python3.8/site-packages/airflow/example_dags/example_skip_dag.py took 0.132 seconds
[2026-01-22T13:01:41.507+0000] {processor.py:161} INFO - Started process (PID=359) to work on /home/airflow/.local/lib/python3.8/site-packages/airflow/example_dags/example_skip_dag.py
[2026-01-22T13:01:41.509+0000] {processor.py:830} INFO - Processing file /home/airflow/.local/lib/python3.8/site-packages/airflow/example_dags/example_skip_dag.py for tasks to queue
[2026-01-22T13:01:41.512+0000] {logging_mixin.py:188} INFO - [2026-01-22T13:01:41.512+0000] {dagbag.py:538} INFO - Filling up the DagBag from /home/airflow/.local/lib/python3.8/site-packages/airflow/example_dags/example_skip_dag.py
[2026-01-22T13:01:41.524+0000] {processor.py:840} INFO - DAG(s) 'example_skip_dag' retrieved from /home/airflow/.local/lib/python3.8/site-packages/airflow/example_dags/example_skip_dag.py
[2026-01-22T13:01:41.570+0000] {logging_mixin.py:188} INFO - [2026-01-22T13:01:41.570+0000] {dag.py:3036} INFO - Sync 1 DAGs
[2026-01-22T13:01:41.623+0000] {logging_mixin.py:188} INFO - [2026-01-22T13:01:41.623+0000] {dag.py:3823} INFO - Setting next_dagrun for example_skip_dag to 2026-01-21 00:00:00+00:00, run_after=2026-01-22 00:00:00+00:00
[2026-01-22T13:01:41.663+0000] {processor.py:183} INFO - Processing /home/airflow/.local/lib/python3.8/site-packages/airflow/example_dags/example_skip_dag.py took 0.162 seconds
[2026-01-22T13:02:12.337+0000] {processor.py:161} INFO - Started process (PID=425) to work on /home/airflow/.local/lib/python3.8/site-packages/airflow/example_dags/example_skip_dag.py
[2026-01-22T13:02:12.339+0000] {processor.py:830} INFO - Processing file /home/airflow/.local/lib/python3.8/site-packages/airflow/example_dags/example_skip_dag.py for tasks to queue
[2026-01-22T13:02:12.342+0000] {logging_mixin.py:188} INFO - [2026-01-22T13:02:12.341+0000] {dagbag.py:538} INFO - Filling up the DagBag from /home/airflow/.local/lib/python3.8/site-packages/airflow/example_dags/example_skip_dag.py
[2026-01-22T13:02:12.352+0000] {processor.py:840} INFO - DAG(s) 'example_skip_dag' retrieved from /home/airflow/.local/lib/python3.8/site-packages/airflow/example_dags/example_skip_dag.py
[2026-01-22T13:02:12.387+0000] {logging_mixin.py:188} INFO - [2026-01-22T13:02:12.387+0000] {dag.py:3036} INFO - Sync 1 DAGs
[2026-01-22T13:02:12.428+0000] {logging_mixin.py:188} INFO - [2026-01-22T13:02:12.428+0000] {dag.py:3823} INFO - Setting next_dagrun for example_skip_dag to 2026-01-21 00:00:00+00:00, run_after=2026-01-22 00:00:00+00:00
[2026-01-22T13:02:12.461+0000] {processor.py:183} INFO - Processing /home/airflow/.local/lib/python3.8/site-packages/airflow/example_dags/example_skip_dag.py took 0.130 seconds
[2026-01-22T13:02:43.292+0000] {processor.py:161} INFO - Started process (PID=492) to work on /home/airflow/.local/lib/python3.8/site-packages/airflow/example_dags/example_skip_dag.py
[2026-01-22T13:02:43.294+0000] {processor.py:830} INFO - Processing file /home/airflow/.local/lib/python3.8/site-packages/airflow/example_dags/example_skip_dag.py for tasks to queue
[2026-01-22T13:02:43.297+0000] {logging_mixin.py:188} INFO - [2026-01-22T13:02:43.297+0000] {dagbag.py:538} INFO - Filling up the DagBag from /home/airflow/.local/lib/python3.8/site-packages/airflow/example_dags/example_skip_dag.py
[2026-01-22T13:02:43.310+0000] {processor.py:840} INFO - DAG(s) 'example_skip_dag' retrieved from /home/airflow/.local/lib/python3.8/site-packages/airflow/example_dags/example_skip_dag.py
[2026-01-22T13:02:43.350+0000] {logging_mixin.py:188} INFO - [2026-01-22T13:02:43.349+0000] {dag.py:3036} INFO - Sync 1 DAGs
[2026-01-22T13:02:43.391+0000] {logging_mixin.py:188} INFO - [2026-01-22T13:02:43.390+0000] {dag.py:3823} INFO - Setting next_dagrun for example_skip_dag to 2026-01-21 00:00:00+00:00, run_after=2026-01-22 00:00:00+00:00
[2026-01-22T13:02:43.424+0000] {processor.py:183} INFO - Processing /home/airflow/.local/lib/python3.8/site-packages/airflow/example_dags/example_skip_dag.py took 0.137 seconds
[2026-01-22T13:03:13.892+0000] {processor.py:161} INFO - Started process (PID=558) to work on /home/airflow/.local/lib/python3.8/site-packages/airflow/example_dags/example_skip_dag.py
[2026-01-22T13:03:13.893+0000] {processor.py:830} INFO - Processing file /home/airflow/.local/lib/python3.8/site-packages/airflow/example_dags/example_skip_dag.py for tasks to queue
[2026-01-22T13:03:13.895+0000] {logging_mixin.py:188} INFO - [2026-01-22T13:03:13.895+0000] {dagbag.py:538} INFO - Filling up the DagBag from /home/airflow/.local/lib/python3.8/site-packages/airflow/example_dags/example_skip_dag.py
[2026-01-22T13:03:13.905+0000] {processor.py:840} INFO - DAG(s) 'example_skip_dag' retrieved from /home/airflow/.local/lib/python3.8/site-packages/airflow/example_dags/example_skip_dag.py
[2026-01-22T13:03:13.942+0000] {logging_mixin.py:188} INFO - [2026-01-22T13:03:13.942+0000] {dag.py:3036} INFO - Sync 1 DAGs
[2026-01-22T13:03:13.983+0000] {logging_mixin.py:188} INFO - [2026-01-22T13:03:13.983+0000] {dag.py:3823} INFO - Setting next_dagrun for example_skip_dag to 2026-01-21 00:00:00+00:00, run_after=2026-01-22 00:00:00+00:00
[2026-01-22T13:03:14.014+0000] {processor.py:183} INFO - Processing /home/airflow/.local/lib/python3.8/site-packages/airflow/example_dags/example_skip_dag.py took 0.127 seconds
[2026-01-22T13:03:44.198+0000] {processor.py:161} INFO - Started process (PID=625) to work on /home/airflow/.local/lib/python3.8/site-packages/airflow/example_dags/example_skip_dag.py
[2026-01-22T13:03:44.200+0000] {processor.py:830} INFO - Processing file /home/airflow/.local/lib/python3.8/site-packages/airflow/example_dags/example_skip_dag.py for tasks to queue
[2026-01-22T13:03:44.203+0000] {logging_mixin.py:188} INFO - [2026-01-22T13:03:44.202+0000] {dagbag.py:538} INFO - Filling up the DagBag from /home/airflow/.local/lib/python3.8/site-packages/airflow/example_dags/example_skip_dag.py
[2026-01-22T13:03:44.212+0000] {processor.py:840} INFO - DAG(s) 'example_skip_dag' retrieved from /home/airflow/.local/lib/python3.8/site-packages/airflow/example_dags/example_skip_dag.py
[2026-01-22T13:03:44.247+0000] {logging_mixin.py:188} INFO - [2026-01-22T13:03:44.246+0000] {dag.py:3036} INFO - Sync 1 DAGs
[2026-01-22T13:03:44.283+0000] {logging_mixin.py:188} INFO - [2026-01-22T13:03:44.283+0000] {dag.py:3823} INFO - Setting next_dagrun for example_skip_dag to 2026-01-21 00:00:00+00:00, run_after=2026-01-22 00:00:00+00:00
[2026-01-22T13:03:44.311+0000] {processor.py:183} INFO - Processing /home/airflow/.local/lib/python3.8/site-packages/airflow/example_dags/example_skip_dag.py took 0.118 seconds
[2026-01-22T13:04:14.916+0000] {processor.py:161} INFO - Started process (PID=691) to work on /home/airflow/.local/lib/python3.8/site-packages/airflow/example_dags/example_skip_dag.py
[2026-01-22T13:04:14.918+0000] {processor.py:830} INFO - Processing file /home/airflow/.local/lib/python3.8/site-packages/airflow/example_dags/example_skip_dag.py for tasks to queue
[2026-01-22T13:04:14.920+0000] {logging_mixin.py:188} INFO - [2026-01-22T13:04:14.920+0000] {dagbag.py:538} INFO - Filling up the DagBag from /home/airflow/.local/lib/python3.8/site-packages/airflow/example_dags/example_skip_dag.py
[2026-01-22T13:04:14.930+0000] {processor.py:840} INFO - DAG(s) 'example_skip_dag' retrieved from /home/airflow/.local/lib/python3.8/site-packages/airflow/example_dags/example_skip_dag.py
[2026-01-22T13:04:14.964+0000] {logging_mixin.py:188} INFO - [2026-01-22T13:04:14.964+0000] {dag.py:3036} INFO - Sync 1 DAGs
[2026-01-22T13:04:14.999+0000] {logging_mixin.py:188} INFO - [2026-01-22T13:04:14.998+0000] {dag.py:3823} INFO - Setting next_dagrun for example_skip_dag to 2026-01-21 00:00:00+00:00, run_after=2026-01-22 00:00:00+00:00
[2026-01-22T13:04:15.028+0000] {processor.py:183} INFO - Processing /home/airflow/.local/lib/python3.8/site-packages/airflow/example_dags/example_skip_dag.py took 0.117 seconds
[2026-01-22T13:04:45.385+0000] {processor.py:161} INFO - Started process (PID=764) to work on /home/airflow/.local/lib/python3.8/site-packages/airflow/example_dags/example_skip_dag.py
[2026-01-22T13:04:45.387+0000] {processor.py:830} INFO - Processing file /home/airflow/.local/lib/python3.8/site-packages/airflow/example_dags/example_skip_dag.py for tasks to queue
[2026-01-22T13:04:45.390+0000] {logging_mixin.py:188} INFO - [2026-01-22T13:04:45.389+0000] {dagbag.py:538} INFO - Filling up the DagBag from /home/airflow/.local/lib/python3.8/site-packages/airflow/example_dags/example_skip_dag.py
[2026-01-22T13:04:45.400+0000] {processor.py:840} INFO - DAG(s) 'example_skip_dag' retrieved from /home/airflow/.local/lib/python3.8/site-packages/airflow/example_dags/example_skip_dag.py
[2026-01-22T13:04:45.435+0000] {logging_mixin.py:188} INFO - [2026-01-22T13:04:45.435+0000] {dag.py:3036} INFO - Sync 1 DAGs
[2026-01-22T13:04:45.470+0000] {logging_mixin.py:188} INFO - [2026-01-22T13:04:45.470+0000] {dag.py:3823} INFO - Setting next_dagrun for example_skip_dag to 2026-01-21 00:00:00+00:00, run_after=2026-01-22 00:00:00+00:00
[2026-01-22T13:04:45.505+0000] {processor.py:183} INFO - Processing /home/airflow/.local/lib/python3.8/site-packages/airflow/example_dags/example_skip_dag.py took 0.125 seconds
