[2026-01-22T12:59:35.777+0000] {processor.py:161} INFO - Started process (PID=77) to work on /home/airflow/.local/lib/python3.8/site-packages/airflow/example_dags/example_datasets.py
[2026-01-22T12:59:35.779+0000] {processor.py:830} INFO - Processing file /home/airflow/.local/lib/python3.8/site-packages/airflow/example_dags/example_datasets.py for tasks to queue
[2026-01-22T12:59:35.782+0000] {logging_mixin.py:188} INFO - [2026-01-22T12:59:35.781+0000] {dagbag.py:538} INFO - Filling up the DagBag from /home/airflow/.local/lib/python3.8/site-packages/airflow/example_dags/example_datasets.py
[2026-01-22T12:59:35.804+0000] {processor.py:840} INFO - DAG(s) 'dataset_consumes_1', 'dataset_consumes_unknown_never_scheduled', 'dataset_produces_1', 'dataset_produces_2', 'dataset_consumes_1_never_scheduled', 'dataset_consumes_1_and_2' retrieved from /home/airflow/.local/lib/python3.8/site-packages/airflow/example_dags/example_datasets.py
[2026-01-22T12:59:35.907+0000] {logging_mixin.py:188} INFO - [2026-01-22T12:59:35.906+0000] {dag.py:3036} INFO - Sync 6 DAGs
[2026-01-22T12:59:35.953+0000] {logging_mixin.py:188} INFO - [2026-01-22T12:59:35.952+0000] {dag.py:3823} INFO - Setting next_dagrun for dataset_consumes_1 to None, run_after=None
[2026-01-22T12:59:35.960+0000] {logging_mixin.py:188} INFO - [2026-01-22T12:59:35.959+0000] {dag.py:3823} INFO - Setting next_dagrun for dataset_consumes_1_and_2 to None, run_after=None
[2026-01-22T12:59:35.963+0000] {logging_mixin.py:188} INFO - [2026-01-22T12:59:35.962+0000] {dag.py:3823} INFO - Setting next_dagrun for dataset_consumes_1_never_scheduled to None, run_after=None
[2026-01-22T12:59:35.965+0000] {logging_mixin.py:188} INFO - [2026-01-22T12:59:35.965+0000] {dag.py:3823} INFO - Setting next_dagrun for dataset_consumes_unknown_never_scheduled to None, run_after=None
[2026-01-22T12:59:35.976+0000] {logging_mixin.py:188} INFO - [2026-01-22T12:59:35.976+0000] {dag.py:3823} INFO - Setting next_dagrun for dataset_produces_1 to 2026-01-21 00:00:00+00:00, run_after=2026-01-22 00:00:00+00:00
[2026-01-22T12:59:35.984+0000] {logging_mixin.py:188} INFO - [2026-01-22T12:59:35.984+0000] {dag.py:3823} INFO - Setting next_dagrun for dataset_produces_2 to None, run_after=None
[2026-01-22T12:59:36.083+0000] {processor.py:183} INFO - Processing /home/airflow/.local/lib/python3.8/site-packages/airflow/example_dags/example_datasets.py took 0.312 seconds
[2026-01-22T13:00:06.805+0000] {processor.py:161} INFO - Started process (PID=145) to work on /home/airflow/.local/lib/python3.8/site-packages/airflow/example_dags/example_datasets.py
[2026-01-22T13:00:06.807+0000] {processor.py:830} INFO - Processing file /home/airflow/.local/lib/python3.8/site-packages/airflow/example_dags/example_datasets.py for tasks to queue
[2026-01-22T13:00:06.810+0000] {logging_mixin.py:188} INFO - [2026-01-22T13:00:06.809+0000] {dagbag.py:538} INFO - Filling up the DagBag from /home/airflow/.local/lib/python3.8/site-packages/airflow/example_dags/example_datasets.py
[2026-01-22T13:00:06.832+0000] {processor.py:840} INFO - DAG(s) 'dataset_consumes_1_and_2', 'dataset_consumes_1', 'dataset_consumes_1_never_scheduled', 'dataset_produces_2', 'dataset_produces_1', 'dataset_consumes_unknown_never_scheduled' retrieved from /home/airflow/.local/lib/python3.8/site-packages/airflow/example_dags/example_datasets.py
[2026-01-22T13:00:06.915+0000] {logging_mixin.py:188} INFO - [2026-01-22T13:00:06.914+0000] {dag.py:3036} INFO - Sync 6 DAGs
[2026-01-22T13:00:06.961+0000] {logging_mixin.py:188} INFO - [2026-01-22T13:00:06.961+0000] {dag.py:3823} INFO - Setting next_dagrun for dataset_consumes_1 to None, run_after=None
[2026-01-22T13:00:06.969+0000] {logging_mixin.py:188} INFO - [2026-01-22T13:00:06.969+0000] {dag.py:3823} INFO - Setting next_dagrun for dataset_consumes_1_and_2 to None, run_after=None
[2026-01-22T13:00:06.972+0000] {logging_mixin.py:188} INFO - [2026-01-22T13:00:06.971+0000] {dag.py:3823} INFO - Setting next_dagrun for dataset_consumes_1_never_scheduled to None, run_after=None
[2026-01-22T13:00:06.974+0000] {logging_mixin.py:188} INFO - [2026-01-22T13:00:06.974+0000] {dag.py:3823} INFO - Setting next_dagrun for dataset_consumes_unknown_never_scheduled to None, run_after=None
[2026-01-22T13:00:06.981+0000] {logging_mixin.py:188} INFO - [2026-01-22T13:00:06.980+0000] {dag.py:3823} INFO - Setting next_dagrun for dataset_produces_1 to 2026-01-21 00:00:00+00:00, run_after=2026-01-22 00:00:00+00:00
[2026-01-22T13:00:06.983+0000] {logging_mixin.py:188} INFO - [2026-01-22T13:00:06.983+0000] {dag.py:3823} INFO - Setting next_dagrun for dataset_produces_2 to None, run_after=None
[2026-01-22T13:00:07.039+0000] {processor.py:183} INFO - Processing /home/airflow/.local/lib/python3.8/site-packages/airflow/example_dags/example_datasets.py took 0.240 seconds
[2026-01-22T13:00:37.373+0000] {processor.py:161} INFO - Started process (PID=210) to work on /home/airflow/.local/lib/python3.8/site-packages/airflow/example_dags/example_datasets.py
[2026-01-22T13:00:37.376+0000] {processor.py:830} INFO - Processing file /home/airflow/.local/lib/python3.8/site-packages/airflow/example_dags/example_datasets.py for tasks to queue
[2026-01-22T13:00:37.380+0000] {logging_mixin.py:188} INFO - [2026-01-22T13:00:37.379+0000] {dagbag.py:538} INFO - Filling up the DagBag from /home/airflow/.local/lib/python3.8/site-packages/airflow/example_dags/example_datasets.py
[2026-01-22T13:00:37.400+0000] {processor.py:840} INFO - DAG(s) 'dataset_consumes_1_never_scheduled', 'dataset_consumes_unknown_never_scheduled', 'dataset_consumes_1_and_2', 'dataset_produces_2', 'dataset_produces_1', 'dataset_consumes_1' retrieved from /home/airflow/.local/lib/python3.8/site-packages/airflow/example_dags/example_datasets.py
[2026-01-22T13:00:37.478+0000] {logging_mixin.py:188} INFO - [2026-01-22T13:00:37.477+0000] {dag.py:3036} INFO - Sync 6 DAGs
[2026-01-22T13:00:37.528+0000] {logging_mixin.py:188} INFO - [2026-01-22T13:00:37.527+0000] {dag.py:3823} INFO - Setting next_dagrun for dataset_consumes_1 to None, run_after=None
[2026-01-22T13:00:37.536+0000] {logging_mixin.py:188} INFO - [2026-01-22T13:00:37.536+0000] {dag.py:3823} INFO - Setting next_dagrun for dataset_consumes_1_and_2 to None, run_after=None
[2026-01-22T13:00:37.539+0000] {logging_mixin.py:188} INFO - [2026-01-22T13:00:37.539+0000] {dag.py:3823} INFO - Setting next_dagrun for dataset_consumes_1_never_scheduled to None, run_after=None
[2026-01-22T13:00:37.542+0000] {logging_mixin.py:188} INFO - [2026-01-22T13:00:37.541+0000] {dag.py:3823} INFO - Setting next_dagrun for dataset_consumes_unknown_never_scheduled to None, run_after=None
[2026-01-22T13:00:37.548+0000] {logging_mixin.py:188} INFO - [2026-01-22T13:00:37.548+0000] {dag.py:3823} INFO - Setting next_dagrun for dataset_produces_1 to 2026-01-21 00:00:00+00:00, run_after=2026-01-22 00:00:00+00:00
[2026-01-22T13:00:37.551+0000] {logging_mixin.py:188} INFO - [2026-01-22T13:00:37.551+0000] {dag.py:3823} INFO - Setting next_dagrun for dataset_produces_2 to None, run_after=None
[2026-01-22T13:00:37.617+0000] {processor.py:183} INFO - Processing /home/airflow/.local/lib/python3.8/site-packages/airflow/example_dags/example_datasets.py took 0.251 seconds
[2026-01-22T13:01:07.882+0000] {processor.py:161} INFO - Started process (PID=276) to work on /home/airflow/.local/lib/python3.8/site-packages/airflow/example_dags/example_datasets.py
[2026-01-22T13:01:07.883+0000] {processor.py:830} INFO - Processing file /home/airflow/.local/lib/python3.8/site-packages/airflow/example_dags/example_datasets.py for tasks to queue
[2026-01-22T13:01:07.886+0000] {logging_mixin.py:188} INFO - [2026-01-22T13:01:07.885+0000] {dagbag.py:538} INFO - Filling up the DagBag from /home/airflow/.local/lib/python3.8/site-packages/airflow/example_dags/example_datasets.py
[2026-01-22T13:01:07.904+0000] {processor.py:840} INFO - DAG(s) 'dataset_consumes_1', 'dataset_consumes_1_never_scheduled', 'dataset_produces_2', 'dataset_produces_1', 'dataset_consumes_1_and_2', 'dataset_consumes_unknown_never_scheduled' retrieved from /home/airflow/.local/lib/python3.8/site-packages/airflow/example_dags/example_datasets.py
[2026-01-22T13:01:07.971+0000] {logging_mixin.py:188} INFO - [2026-01-22T13:01:07.970+0000] {dag.py:3036} INFO - Sync 6 DAGs
[2026-01-22T13:01:08.007+0000] {logging_mixin.py:188} INFO - [2026-01-22T13:01:08.007+0000] {dag.py:3823} INFO - Setting next_dagrun for dataset_consumes_1 to None, run_after=None
[2026-01-22T13:01:08.015+0000] {logging_mixin.py:188} INFO - [2026-01-22T13:01:08.014+0000] {dag.py:3823} INFO - Setting next_dagrun for dataset_consumes_1_and_2 to None, run_after=None
[2026-01-22T13:01:08.018+0000] {logging_mixin.py:188} INFO - [2026-01-22T13:01:08.018+0000] {dag.py:3823} INFO - Setting next_dagrun for dataset_consumes_1_never_scheduled to None, run_after=None
[2026-01-22T13:01:08.021+0000] {logging_mixin.py:188} INFO - [2026-01-22T13:01:08.021+0000] {dag.py:3823} INFO - Setting next_dagrun for dataset_consumes_unknown_never_scheduled to None, run_after=None
[2026-01-22T13:01:08.028+0000] {logging_mixin.py:188} INFO - [2026-01-22T13:01:08.028+0000] {dag.py:3823} INFO - Setting next_dagrun for dataset_produces_1 to 2026-01-21 00:00:00+00:00, run_after=2026-01-22 00:00:00+00:00
[2026-01-22T13:01:08.031+0000] {logging_mixin.py:188} INFO - [2026-01-22T13:01:08.030+0000] {dag.py:3823} INFO - Setting next_dagrun for dataset_produces_2 to None, run_after=None
[2026-01-22T13:01:08.094+0000] {processor.py:183} INFO - Processing /home/airflow/.local/lib/python3.8/site-packages/airflow/example_dags/example_datasets.py took 0.217 seconds
[2026-01-22T13:01:38.424+0000] {processor.py:161} INFO - Started process (PID=342) to work on /home/airflow/.local/lib/python3.8/site-packages/airflow/example_dags/example_datasets.py
[2026-01-22T13:01:38.426+0000] {processor.py:830} INFO - Processing file /home/airflow/.local/lib/python3.8/site-packages/airflow/example_dags/example_datasets.py for tasks to queue
[2026-01-22T13:01:38.429+0000] {logging_mixin.py:188} INFO - [2026-01-22T13:01:38.429+0000] {dagbag.py:538} INFO - Filling up the DagBag from /home/airflow/.local/lib/python3.8/site-packages/airflow/example_dags/example_datasets.py
[2026-01-22T13:01:38.449+0000] {processor.py:840} INFO - DAG(s) 'dataset_consumes_unknown_never_scheduled', 'dataset_produces_1', 'dataset_consumes_1', 'dataset_consumes_1_and_2', 'dataset_produces_2', 'dataset_consumes_1_never_scheduled' retrieved from /home/airflow/.local/lib/python3.8/site-packages/airflow/example_dags/example_datasets.py
[2026-01-22T13:01:38.549+0000] {logging_mixin.py:188} INFO - [2026-01-22T13:01:38.549+0000] {dag.py:3036} INFO - Sync 6 DAGs
[2026-01-22T13:01:38.597+0000] {logging_mixin.py:188} INFO - [2026-01-22T13:01:38.597+0000] {dag.py:3823} INFO - Setting next_dagrun for dataset_consumes_1 to None, run_after=None
[2026-01-22T13:01:38.604+0000] {logging_mixin.py:188} INFO - [2026-01-22T13:01:38.604+0000] {dag.py:3823} INFO - Setting next_dagrun for dataset_consumes_1_and_2 to None, run_after=None
[2026-01-22T13:01:38.607+0000] {logging_mixin.py:188} INFO - [2026-01-22T13:01:38.607+0000] {dag.py:3823} INFO - Setting next_dagrun for dataset_consumes_1_never_scheduled to None, run_after=None
[2026-01-22T13:01:38.610+0000] {logging_mixin.py:188} INFO - [2026-01-22T13:01:38.609+0000] {dag.py:3823} INFO - Setting next_dagrun for dataset_consumes_unknown_never_scheduled to None, run_after=None
[2026-01-22T13:01:38.617+0000] {logging_mixin.py:188} INFO - [2026-01-22T13:01:38.617+0000] {dag.py:3823} INFO - Setting next_dagrun for dataset_produces_1 to 2026-01-21 00:00:00+00:00, run_after=2026-01-22 00:00:00+00:00
[2026-01-22T13:01:38.620+0000] {logging_mixin.py:188} INFO - [2026-01-22T13:01:38.620+0000] {dag.py:3823} INFO - Setting next_dagrun for dataset_produces_2 to None, run_after=None
[2026-01-22T13:01:38.683+0000] {processor.py:183} INFO - Processing /home/airflow/.local/lib/python3.8/site-packages/airflow/example_dags/example_datasets.py took 0.265 seconds
[2026-01-22T13:02:09.269+0000] {processor.py:161} INFO - Started process (PID=408) to work on /home/airflow/.local/lib/python3.8/site-packages/airflow/example_dags/example_datasets.py
[2026-01-22T13:02:09.271+0000] {processor.py:830} INFO - Processing file /home/airflow/.local/lib/python3.8/site-packages/airflow/example_dags/example_datasets.py for tasks to queue
[2026-01-22T13:02:09.275+0000] {logging_mixin.py:188} INFO - [2026-01-22T13:02:09.274+0000] {dagbag.py:538} INFO - Filling up the DagBag from /home/airflow/.local/lib/python3.8/site-packages/airflow/example_dags/example_datasets.py
[2026-01-22T13:02:09.298+0000] {processor.py:840} INFO - DAG(s) 'dataset_consumes_1', 'dataset_produces_2', 'dataset_produces_1', 'dataset_consumes_1_never_scheduled', 'dataset_consumes_1_and_2', 'dataset_consumes_unknown_never_scheduled' retrieved from /home/airflow/.local/lib/python3.8/site-packages/airflow/example_dags/example_datasets.py
[2026-01-22T13:02:09.401+0000] {logging_mixin.py:188} INFO - [2026-01-22T13:02:09.401+0000] {dag.py:3036} INFO - Sync 6 DAGs
[2026-01-22T13:02:09.478+0000] {logging_mixin.py:188} INFO - [2026-01-22T13:02:09.477+0000] {dag.py:3823} INFO - Setting next_dagrun for dataset_consumes_1 to None, run_after=None
[2026-01-22T13:02:09.489+0000] {logging_mixin.py:188} INFO - [2026-01-22T13:02:09.488+0000] {dag.py:3823} INFO - Setting next_dagrun for dataset_consumes_1_and_2 to None, run_after=None
[2026-01-22T13:02:09.502+0000] {logging_mixin.py:188} INFO - [2026-01-22T13:02:09.502+0000] {dag.py:3823} INFO - Setting next_dagrun for dataset_consumes_1_never_scheduled to None, run_after=None
[2026-01-22T13:02:09.506+0000] {logging_mixin.py:188} INFO - [2026-01-22T13:02:09.505+0000] {dag.py:3823} INFO - Setting next_dagrun for dataset_consumes_unknown_never_scheduled to None, run_after=None
[2026-01-22T13:02:09.513+0000] {logging_mixin.py:188} INFO - [2026-01-22T13:02:09.513+0000] {dag.py:3823} INFO - Setting next_dagrun for dataset_produces_1 to 2026-01-21 00:00:00+00:00, run_after=2026-01-22 00:00:00+00:00
[2026-01-22T13:02:09.516+0000] {logging_mixin.py:188} INFO - [2026-01-22T13:02:09.516+0000] {dag.py:3823} INFO - Setting next_dagrun for dataset_produces_2 to None, run_after=None
[2026-01-22T13:02:09.611+0000] {processor.py:183} INFO - Processing /home/airflow/.local/lib/python3.8/site-packages/airflow/example_dags/example_datasets.py took 0.349 seconds
[2026-01-22T13:02:39.804+0000] {processor.py:161} INFO - Started process (PID=476) to work on /home/airflow/.local/lib/python3.8/site-packages/airflow/example_dags/example_datasets.py
[2026-01-22T13:02:39.806+0000] {processor.py:830} INFO - Processing file /home/airflow/.local/lib/python3.8/site-packages/airflow/example_dags/example_datasets.py for tasks to queue
[2026-01-22T13:02:39.808+0000] {logging_mixin.py:188} INFO - [2026-01-22T13:02:39.808+0000] {dagbag.py:538} INFO - Filling up the DagBag from /home/airflow/.local/lib/python3.8/site-packages/airflow/example_dags/example_datasets.py
[2026-01-22T13:02:39.827+0000] {processor.py:840} INFO - DAG(s) 'dataset_consumes_1', 'dataset_consumes_1_never_scheduled', 'dataset_consumes_unknown_never_scheduled', 'dataset_produces_1', 'dataset_produces_2', 'dataset_consumes_1_and_2' retrieved from /home/airflow/.local/lib/python3.8/site-packages/airflow/example_dags/example_datasets.py
[2026-01-22T13:02:39.897+0000] {logging_mixin.py:188} INFO - [2026-01-22T13:02:39.897+0000] {dag.py:3036} INFO - Sync 6 DAGs
[2026-01-22T13:02:39.933+0000] {logging_mixin.py:188} INFO - [2026-01-22T13:02:39.933+0000] {dag.py:3823} INFO - Setting next_dagrun for dataset_consumes_1 to None, run_after=None
[2026-01-22T13:02:39.939+0000] {logging_mixin.py:188} INFO - [2026-01-22T13:02:39.939+0000] {dag.py:3823} INFO - Setting next_dagrun for dataset_consumes_1_and_2 to None, run_after=None
[2026-01-22T13:02:39.942+0000] {logging_mixin.py:188} INFO - [2026-01-22T13:02:39.941+0000] {dag.py:3823} INFO - Setting next_dagrun for dataset_consumes_1_never_scheduled to None, run_after=None
[2026-01-22T13:02:39.944+0000] {logging_mixin.py:188} INFO - [2026-01-22T13:02:39.944+0000] {dag.py:3823} INFO - Setting next_dagrun for dataset_consumes_unknown_never_scheduled to None, run_after=None
[2026-01-22T13:02:39.950+0000] {logging_mixin.py:188} INFO - [2026-01-22T13:02:39.949+0000] {dag.py:3823} INFO - Setting next_dagrun for dataset_produces_1 to 2026-01-21 00:00:00+00:00, run_after=2026-01-22 00:00:00+00:00
[2026-01-22T13:02:39.952+0000] {logging_mixin.py:188} INFO - [2026-01-22T13:02:39.952+0000] {dag.py:3823} INFO - Setting next_dagrun for dataset_produces_2 to None, run_after=None
[2026-01-22T13:02:40.005+0000] {processor.py:183} INFO - Processing /home/airflow/.local/lib/python3.8/site-packages/airflow/example_dags/example_datasets.py took 0.206 seconds
[2026-01-22T13:03:10.163+0000] {processor.py:161} INFO - Started process (PID=543) to work on /home/airflow/.local/lib/python3.8/site-packages/airflow/example_dags/example_datasets.py
[2026-01-22T13:03:10.164+0000] {processor.py:830} INFO - Processing file /home/airflow/.local/lib/python3.8/site-packages/airflow/example_dags/example_datasets.py for tasks to queue
[2026-01-22T13:03:10.167+0000] {logging_mixin.py:188} INFO - [2026-01-22T13:03:10.166+0000] {dagbag.py:538} INFO - Filling up the DagBag from /home/airflow/.local/lib/python3.8/site-packages/airflow/example_dags/example_datasets.py
[2026-01-22T13:03:10.182+0000] {processor.py:840} INFO - DAG(s) 'dataset_consumes_unknown_never_scheduled', 'dataset_consumes_1_never_scheduled', 'dataset_produces_1', 'dataset_consumes_1_and_2', 'dataset_produces_2', 'dataset_consumes_1' retrieved from /home/airflow/.local/lib/python3.8/site-packages/airflow/example_dags/example_datasets.py
[2026-01-22T13:03:10.247+0000] {logging_mixin.py:188} INFO - [2026-01-22T13:03:10.247+0000] {dag.py:3036} INFO - Sync 6 DAGs
[2026-01-22T13:03:10.288+0000] {logging_mixin.py:188} INFO - [2026-01-22T13:03:10.287+0000] {dag.py:3823} INFO - Setting next_dagrun for dataset_consumes_1 to None, run_after=None
[2026-01-22T13:03:10.296+0000] {logging_mixin.py:188} INFO - [2026-01-22T13:03:10.296+0000] {dag.py:3823} INFO - Setting next_dagrun for dataset_consumes_1_and_2 to None, run_after=None
[2026-01-22T13:03:10.299+0000] {logging_mixin.py:188} INFO - [2026-01-22T13:03:10.299+0000] {dag.py:3823} INFO - Setting next_dagrun for dataset_consumes_1_never_scheduled to None, run_after=None
[2026-01-22T13:03:10.302+0000] {logging_mixin.py:188} INFO - [2026-01-22T13:03:10.301+0000] {dag.py:3823} INFO - Setting next_dagrun for dataset_consumes_unknown_never_scheduled to None, run_after=None
[2026-01-22T13:03:10.308+0000] {logging_mixin.py:188} INFO - [2026-01-22T13:03:10.308+0000] {dag.py:3823} INFO - Setting next_dagrun for dataset_produces_1 to 2026-01-21 00:00:00+00:00, run_after=2026-01-22 00:00:00+00:00
[2026-01-22T13:03:10.311+0000] {logging_mixin.py:188} INFO - [2026-01-22T13:03:10.310+0000] {dag.py:3823} INFO - Setting next_dagrun for dataset_produces_2 to None, run_after=None
[2026-01-22T13:03:10.363+0000] {processor.py:183} INFO - Processing /home/airflow/.local/lib/python3.8/site-packages/airflow/example_dags/example_datasets.py took 0.206 seconds
[2026-01-22T13:03:40.597+0000] {processor.py:161} INFO - Started process (PID=611) to work on /home/airflow/.local/lib/python3.8/site-packages/airflow/example_dags/example_datasets.py
[2026-01-22T13:03:40.598+0000] {processor.py:830} INFO - Processing file /home/airflow/.local/lib/python3.8/site-packages/airflow/example_dags/example_datasets.py for tasks to queue
[2026-01-22T13:03:40.601+0000] {logging_mixin.py:188} INFO - [2026-01-22T13:03:40.600+0000] {dagbag.py:538} INFO - Filling up the DagBag from /home/airflow/.local/lib/python3.8/site-packages/airflow/example_dags/example_datasets.py
[2026-01-22T13:03:40.615+0000] {processor.py:840} INFO - DAG(s) 'dataset_consumes_1_never_scheduled', 'dataset_consumes_unknown_never_scheduled', 'dataset_produces_2', 'dataset_produces_1', 'dataset_consumes_1', 'dataset_consumes_1_and_2' retrieved from /home/airflow/.local/lib/python3.8/site-packages/airflow/example_dags/example_datasets.py
[2026-01-22T13:03:40.676+0000] {logging_mixin.py:188} INFO - [2026-01-22T13:03:40.676+0000] {dag.py:3036} INFO - Sync 6 DAGs
[2026-01-22T13:03:40.715+0000] {logging_mixin.py:188} INFO - [2026-01-22T13:03:40.715+0000] {dag.py:3823} INFO - Setting next_dagrun for dataset_consumes_1 to None, run_after=None
[2026-01-22T13:03:40.722+0000] {logging_mixin.py:188} INFO - [2026-01-22T13:03:40.721+0000] {dag.py:3823} INFO - Setting next_dagrun for dataset_consumes_1_and_2 to None, run_after=None
[2026-01-22T13:03:40.724+0000] {logging_mixin.py:188} INFO - [2026-01-22T13:03:40.724+0000] {dag.py:3823} INFO - Setting next_dagrun for dataset_consumes_1_never_scheduled to None, run_after=None
[2026-01-22T13:03:40.727+0000] {logging_mixin.py:188} INFO - [2026-01-22T13:03:40.726+0000] {dag.py:3823} INFO - Setting next_dagrun for dataset_consumes_unknown_never_scheduled to None, run_after=None
[2026-01-22T13:03:40.732+0000] {logging_mixin.py:188} INFO - [2026-01-22T13:03:40.732+0000] {dag.py:3823} INFO - Setting next_dagrun for dataset_produces_1 to 2026-01-21 00:00:00+00:00, run_after=2026-01-22 00:00:00+00:00
[2026-01-22T13:03:40.734+0000] {logging_mixin.py:188} INFO - [2026-01-22T13:03:40.734+0000] {dag.py:3823} INFO - Setting next_dagrun for dataset_produces_2 to None, run_after=None
[2026-01-22T13:03:40.789+0000] {processor.py:183} INFO - Processing /home/airflow/.local/lib/python3.8/site-packages/airflow/example_dags/example_datasets.py took 0.197 seconds
[2026-01-22T13:04:11.108+0000] {processor.py:161} INFO - Started process (PID=675) to work on /home/airflow/.local/lib/python3.8/site-packages/airflow/example_dags/example_datasets.py
[2026-01-22T13:04:11.109+0000] {processor.py:830} INFO - Processing file /home/airflow/.local/lib/python3.8/site-packages/airflow/example_dags/example_datasets.py for tasks to queue
[2026-01-22T13:04:11.112+0000] {logging_mixin.py:188} INFO - [2026-01-22T13:04:11.112+0000] {dagbag.py:538} INFO - Filling up the DagBag from /home/airflow/.local/lib/python3.8/site-packages/airflow/example_dags/example_datasets.py
[2026-01-22T13:04:11.129+0000] {processor.py:840} INFO - DAG(s) 'dataset_consumes_1', 'dataset_consumes_1_never_scheduled', 'dataset_produces_1', 'dataset_consumes_unknown_never_scheduled', 'dataset_consumes_1_and_2', 'dataset_produces_2' retrieved from /home/airflow/.local/lib/python3.8/site-packages/airflow/example_dags/example_datasets.py
[2026-01-22T13:04:11.195+0000] {logging_mixin.py:188} INFO - [2026-01-22T13:04:11.194+0000] {dag.py:3036} INFO - Sync 6 DAGs
[2026-01-22T13:04:11.241+0000] {logging_mixin.py:188} INFO - [2026-01-22T13:04:11.241+0000] {dag.py:3823} INFO - Setting next_dagrun for dataset_consumes_1 to None, run_after=None
[2026-01-22T13:04:11.248+0000] {logging_mixin.py:188} INFO - [2026-01-22T13:04:11.248+0000] {dag.py:3823} INFO - Setting next_dagrun for dataset_consumes_1_and_2 to None, run_after=None
[2026-01-22T13:04:11.251+0000] {logging_mixin.py:188} INFO - [2026-01-22T13:04:11.250+0000] {dag.py:3823} INFO - Setting next_dagrun for dataset_consumes_1_never_scheduled to None, run_after=None
[2026-01-22T13:04:11.254+0000] {logging_mixin.py:188} INFO - [2026-01-22T13:04:11.253+0000] {dag.py:3823} INFO - Setting next_dagrun for dataset_consumes_unknown_never_scheduled to None, run_after=None
[2026-01-22T13:04:11.260+0000] {logging_mixin.py:188} INFO - [2026-01-22T13:04:11.260+0000] {dag.py:3823} INFO - Setting next_dagrun for dataset_produces_1 to 2026-01-21 00:00:00+00:00, run_after=2026-01-22 00:00:00+00:00
[2026-01-22T13:04:11.263+0000] {logging_mixin.py:188} INFO - [2026-01-22T13:04:11.262+0000] {dag.py:3823} INFO - Setting next_dagrun for dataset_produces_2 to None, run_after=None
[2026-01-22T13:04:11.332+0000] {processor.py:183} INFO - Processing /home/airflow/.local/lib/python3.8/site-packages/airflow/example_dags/example_datasets.py took 0.232 seconds
[2026-01-22T13:04:41.874+0000] {processor.py:161} INFO - Started process (PID=742) to work on /home/airflow/.local/lib/python3.8/site-packages/airflow/example_dags/example_datasets.py
[2026-01-22T13:04:41.877+0000] {processor.py:830} INFO - Processing file /home/airflow/.local/lib/python3.8/site-packages/airflow/example_dags/example_datasets.py for tasks to queue
[2026-01-22T13:04:41.882+0000] {logging_mixin.py:188} INFO - [2026-01-22T13:04:41.882+0000] {dagbag.py:538} INFO - Filling up the DagBag from /home/airflow/.local/lib/python3.8/site-packages/airflow/example_dags/example_datasets.py
[2026-01-22T13:04:41.900+0000] {processor.py:840} INFO - DAG(s) 'dataset_produces_2', 'dataset_consumes_unknown_never_scheduled', 'dataset_consumes_1_and_2', 'dataset_consumes_1', 'dataset_produces_1', 'dataset_consumes_1_never_scheduled' retrieved from /home/airflow/.local/lib/python3.8/site-packages/airflow/example_dags/example_datasets.py
[2026-01-22T13:04:41.967+0000] {logging_mixin.py:188} INFO - [2026-01-22T13:04:41.967+0000] {dag.py:3036} INFO - Sync 6 DAGs
[2026-01-22T13:04:42.010+0000] {logging_mixin.py:188} INFO - [2026-01-22T13:04:42.010+0000] {dag.py:3823} INFO - Setting next_dagrun for dataset_consumes_1 to None, run_after=None
[2026-01-22T13:04:42.017+0000] {logging_mixin.py:188} INFO - [2026-01-22T13:04:42.016+0000] {dag.py:3823} INFO - Setting next_dagrun for dataset_consumes_1_and_2 to None, run_after=None
[2026-01-22T13:04:42.019+0000] {logging_mixin.py:188} INFO - [2026-01-22T13:04:42.019+0000] {dag.py:3823} INFO - Setting next_dagrun for dataset_consumes_1_never_scheduled to None, run_after=None
[2026-01-22T13:04:42.021+0000] {logging_mixin.py:188} INFO - [2026-01-22T13:04:42.021+0000] {dag.py:3823} INFO - Setting next_dagrun for dataset_consumes_unknown_never_scheduled to None, run_after=None
[2026-01-22T13:04:42.027+0000] {logging_mixin.py:188} INFO - [2026-01-22T13:04:42.027+0000] {dag.py:3823} INFO - Setting next_dagrun for dataset_produces_1 to 2026-01-21 00:00:00+00:00, run_after=2026-01-22 00:00:00+00:00
[2026-01-22T13:04:42.029+0000] {logging_mixin.py:188} INFO - [2026-01-22T13:04:42.029+0000] {dag.py:3823} INFO - Setting next_dagrun for dataset_produces_2 to None, run_after=None
[2026-01-22T13:04:42.083+0000] {processor.py:183} INFO - Processing /home/airflow/.local/lib/python3.8/site-packages/airflow/example_dags/example_datasets.py took 0.214 seconds
