[2026-01-22T12:59:34.143+0000] {processor.py:161} INFO - Started process (PID=69) to work on /home/airflow/.local/lib/python3.8/site-packages/airflow/example_dags/example_xcomargs.py
[2026-01-22T12:59:34.144+0000] {processor.py:830} INFO - Processing file /home/airflow/.local/lib/python3.8/site-packages/airflow/example_dags/example_xcomargs.py for tasks to queue
[2026-01-22T12:59:34.147+0000] {logging_mixin.py:188} INFO - [2026-01-22T12:59:34.147+0000] {dagbag.py:538} INFO - Filling up the DagBag from /home/airflow/.local/lib/python3.8/site-packages/airflow/example_dags/example_xcomargs.py
[2026-01-22T12:59:34.162+0000] {processor.py:840} INFO - DAG(s) 'example_xcom_args', 'example_xcom_args_with_operators' retrieved from /home/airflow/.local/lib/python3.8/site-packages/airflow/example_dags/example_xcomargs.py
[2026-01-22T12:59:34.212+0000] {logging_mixin.py:188} INFO - [2026-01-22T12:59:34.211+0000] {dag.py:3036} INFO - Sync 2 DAGs
[2026-01-22T12:59:34.258+0000] {logging_mixin.py:188} INFO - [2026-01-22T12:59:34.257+0000] {dag.py:3823} INFO - Setting next_dagrun for example_xcom_args to None, run_after=None
[2026-01-22T12:59:34.265+0000] {logging_mixin.py:188} INFO - [2026-01-22T12:59:34.264+0000] {dag.py:3823} INFO - Setting next_dagrun for example_xcom_args_with_operators to None, run_after=None
[2026-01-22T12:59:34.295+0000] {processor.py:183} INFO - Processing /home/airflow/.local/lib/python3.8/site-packages/airflow/example_dags/example_xcomargs.py took 0.159 seconds
[2026-01-22T13:00:05.118+0000] {processor.py:161} INFO - Started process (PID=137) to work on /home/airflow/.local/lib/python3.8/site-packages/airflow/example_dags/example_xcomargs.py
[2026-01-22T13:00:05.119+0000] {processor.py:830} INFO - Processing file /home/airflow/.local/lib/python3.8/site-packages/airflow/example_dags/example_xcomargs.py for tasks to queue
[2026-01-22T13:00:05.123+0000] {logging_mixin.py:188} INFO - [2026-01-22T13:00:05.122+0000] {dagbag.py:538} INFO - Filling up the DagBag from /home/airflow/.local/lib/python3.8/site-packages/airflow/example_dags/example_xcomargs.py
[2026-01-22T13:00:05.139+0000] {processor.py:840} INFO - DAG(s) 'example_xcom_args_with_operators', 'example_xcom_args' retrieved from /home/airflow/.local/lib/python3.8/site-packages/airflow/example_dags/example_xcomargs.py
[2026-01-22T13:00:05.186+0000] {logging_mixin.py:188} INFO - [2026-01-22T13:00:05.185+0000] {dag.py:3036} INFO - Sync 2 DAGs
[2026-01-22T13:00:05.236+0000] {logging_mixin.py:188} INFO - [2026-01-22T13:00:05.235+0000] {dag.py:3823} INFO - Setting next_dagrun for example_xcom_args to None, run_after=None
[2026-01-22T13:00:05.249+0000] {logging_mixin.py:188} INFO - [2026-01-22T13:00:05.249+0000] {dag.py:3823} INFO - Setting next_dagrun for example_xcom_args_with_operators to None, run_after=None
[2026-01-22T13:00:05.309+0000] {processor.py:183} INFO - Processing /home/airflow/.local/lib/python3.8/site-packages/airflow/example_dags/example_xcomargs.py took 0.201 seconds
[2026-01-22T13:00:35.408+0000] {processor.py:161} INFO - Started process (PID=202) to work on /home/airflow/.local/lib/python3.8/site-packages/airflow/example_dags/example_xcomargs.py
[2026-01-22T13:00:35.410+0000] {processor.py:830} INFO - Processing file /home/airflow/.local/lib/python3.8/site-packages/airflow/example_dags/example_xcomargs.py for tasks to queue
[2026-01-22T13:00:35.414+0000] {logging_mixin.py:188} INFO - [2026-01-22T13:00:35.413+0000] {dagbag.py:538} INFO - Filling up the DagBag from /home/airflow/.local/lib/python3.8/site-packages/airflow/example_dags/example_xcomargs.py
[2026-01-22T13:00:35.430+0000] {processor.py:840} INFO - DAG(s) 'example_xcom_args_with_operators', 'example_xcom_args' retrieved from /home/airflow/.local/lib/python3.8/site-packages/airflow/example_dags/example_xcomargs.py
[2026-01-22T13:00:35.481+0000] {logging_mixin.py:188} INFO - [2026-01-22T13:00:35.481+0000] {dag.py:3036} INFO - Sync 2 DAGs
[2026-01-22T13:00:35.512+0000] {logging_mixin.py:188} INFO - [2026-01-22T13:00:35.512+0000] {dag.py:3823} INFO - Setting next_dagrun for example_xcom_args to None, run_after=None
[2026-01-22T13:00:35.520+0000] {logging_mixin.py:188} INFO - [2026-01-22T13:00:35.520+0000] {dag.py:3823} INFO - Setting next_dagrun for example_xcom_args_with_operators to None, run_after=None
[2026-01-22T13:00:35.560+0000] {processor.py:183} INFO - Processing /home/airflow/.local/lib/python3.8/site-packages/airflow/example_dags/example_xcomargs.py took 0.158 seconds
[2026-01-22T13:01:06.178+0000] {processor.py:161} INFO - Started process (PID=268) to work on /home/airflow/.local/lib/python3.8/site-packages/airflow/example_dags/example_xcomargs.py
[2026-01-22T13:01:06.179+0000] {processor.py:830} INFO - Processing file /home/airflow/.local/lib/python3.8/site-packages/airflow/example_dags/example_xcomargs.py for tasks to queue
[2026-01-22T13:01:06.182+0000] {logging_mixin.py:188} INFO - [2026-01-22T13:01:06.181+0000] {dagbag.py:538} INFO - Filling up the DagBag from /home/airflow/.local/lib/python3.8/site-packages/airflow/example_dags/example_xcomargs.py
[2026-01-22T13:01:06.198+0000] {processor.py:840} INFO - DAG(s) 'example_xcom_args', 'example_xcom_args_with_operators' retrieved from /home/airflow/.local/lib/python3.8/site-packages/airflow/example_dags/example_xcomargs.py
[2026-01-22T13:01:06.245+0000] {logging_mixin.py:188} INFO - [2026-01-22T13:01:06.244+0000] {dag.py:3036} INFO - Sync 2 DAGs
[2026-01-22T13:01:06.269+0000] {logging_mixin.py:188} INFO - [2026-01-22T13:01:06.269+0000] {dag.py:3823} INFO - Setting next_dagrun for example_xcom_args to None, run_after=None
[2026-01-22T13:01:06.279+0000] {logging_mixin.py:188} INFO - [2026-01-22T13:01:06.279+0000] {dag.py:3823} INFO - Setting next_dagrun for example_xcom_args_with_operators to None, run_after=None
[2026-01-22T13:01:06.311+0000] {processor.py:183} INFO - Processing /home/airflow/.local/lib/python3.8/site-packages/airflow/example_dags/example_xcomargs.py took 0.139 seconds
[2026-01-22T13:01:36.672+0000] {processor.py:161} INFO - Started process (PID=335) to work on /home/airflow/.local/lib/python3.8/site-packages/airflow/example_dags/example_xcomargs.py
[2026-01-22T13:01:36.674+0000] {processor.py:830} INFO - Processing file /home/airflow/.local/lib/python3.8/site-packages/airflow/example_dags/example_xcomargs.py for tasks to queue
[2026-01-22T13:01:36.677+0000] {logging_mixin.py:188} INFO - [2026-01-22T13:01:36.677+0000] {dagbag.py:538} INFO - Filling up the DagBag from /home/airflow/.local/lib/python3.8/site-packages/airflow/example_dags/example_xcomargs.py
[2026-01-22T13:01:36.693+0000] {processor.py:840} INFO - DAG(s) 'example_xcom_args_with_operators', 'example_xcom_args' retrieved from /home/airflow/.local/lib/python3.8/site-packages/airflow/example_dags/example_xcomargs.py
[2026-01-22T13:01:36.739+0000] {logging_mixin.py:188} INFO - [2026-01-22T13:01:36.739+0000] {dag.py:3036} INFO - Sync 2 DAGs
[2026-01-22T13:01:36.768+0000] {logging_mixin.py:188} INFO - [2026-01-22T13:01:36.768+0000] {dag.py:3823} INFO - Setting next_dagrun for example_xcom_args to None, run_after=None
[2026-01-22T13:01:36.776+0000] {logging_mixin.py:188} INFO - [2026-01-22T13:01:36.776+0000] {dag.py:3823} INFO - Setting next_dagrun for example_xcom_args_with_operators to None, run_after=None
[2026-01-22T13:01:36.809+0000] {processor.py:183} INFO - Processing /home/airflow/.local/lib/python3.8/site-packages/airflow/example_dags/example_xcomargs.py took 0.143 seconds
[2026-01-22T13:02:07.630+0000] {processor.py:161} INFO - Started process (PID=401) to work on /home/airflow/.local/lib/python3.8/site-packages/airflow/example_dags/example_xcomargs.py
[2026-01-22T13:02:07.633+0000] {processor.py:830} INFO - Processing file /home/airflow/.local/lib/python3.8/site-packages/airflow/example_dags/example_xcomargs.py for tasks to queue
[2026-01-22T13:02:07.636+0000] {logging_mixin.py:188} INFO - [2026-01-22T13:02:07.635+0000] {dagbag.py:538} INFO - Filling up the DagBag from /home/airflow/.local/lib/python3.8/site-packages/airflow/example_dags/example_xcomargs.py
[2026-01-22T13:02:07.652+0000] {processor.py:840} INFO - DAG(s) 'example_xcom_args_with_operators', 'example_xcom_args' retrieved from /home/airflow/.local/lib/python3.8/site-packages/airflow/example_dags/example_xcomargs.py
[2026-01-22T13:02:07.695+0000] {logging_mixin.py:188} INFO - [2026-01-22T13:02:07.694+0000] {dag.py:3036} INFO - Sync 2 DAGs
[2026-01-22T13:02:07.718+0000] {logging_mixin.py:188} INFO - [2026-01-22T13:02:07.718+0000] {dag.py:3823} INFO - Setting next_dagrun for example_xcom_args to None, run_after=None
[2026-01-22T13:02:07.725+0000] {logging_mixin.py:188} INFO - [2026-01-22T13:02:07.725+0000] {dag.py:3823} INFO - Setting next_dagrun for example_xcom_args_with_operators to None, run_after=None
[2026-01-22T13:02:07.759+0000] {processor.py:183} INFO - Processing /home/airflow/.local/lib/python3.8/site-packages/airflow/example_dags/example_xcomargs.py took 0.135 seconds
[2026-01-22T13:02:37.846+0000] {processor.py:161} INFO - Started process (PID=468) to work on /home/airflow/.local/lib/python3.8/site-packages/airflow/example_dags/example_xcomargs.py
[2026-01-22T13:02:37.847+0000] {processor.py:830} INFO - Processing file /home/airflow/.local/lib/python3.8/site-packages/airflow/example_dags/example_xcomargs.py for tasks to queue
[2026-01-22T13:02:37.850+0000] {logging_mixin.py:188} INFO - [2026-01-22T13:02:37.850+0000] {dagbag.py:538} INFO - Filling up the DagBag from /home/airflow/.local/lib/python3.8/site-packages/airflow/example_dags/example_xcomargs.py
[2026-01-22T13:02:37.866+0000] {processor.py:840} INFO - DAG(s) 'example_xcom_args', 'example_xcom_args_with_operators' retrieved from /home/airflow/.local/lib/python3.8/site-packages/airflow/example_dags/example_xcomargs.py
[2026-01-22T13:02:37.911+0000] {logging_mixin.py:188} INFO - [2026-01-22T13:02:37.911+0000] {dag.py:3036} INFO - Sync 2 DAGs
[2026-01-22T13:02:37.936+0000] {logging_mixin.py:188} INFO - [2026-01-22T13:02:37.936+0000] {dag.py:3823} INFO - Setting next_dagrun for example_xcom_args to None, run_after=None
[2026-01-22T13:02:37.943+0000] {logging_mixin.py:188} INFO - [2026-01-22T13:02:37.943+0000] {dag.py:3823} INFO - Setting next_dagrun for example_xcom_args_with_operators to None, run_after=None
[2026-01-22T13:02:37.976+0000] {processor.py:183} INFO - Processing /home/airflow/.local/lib/python3.8/site-packages/airflow/example_dags/example_xcomargs.py took 0.136 seconds
[2026-01-22T13:03:08.024+0000] {processor.py:161} INFO - Started process (PID=533) to work on /home/airflow/.local/lib/python3.8/site-packages/airflow/example_dags/example_xcomargs.py
[2026-01-22T13:03:08.025+0000] {processor.py:830} INFO - Processing file /home/airflow/.local/lib/python3.8/site-packages/airflow/example_dags/example_xcomargs.py for tasks to queue
[2026-01-22T13:03:08.029+0000] {logging_mixin.py:188} INFO - [2026-01-22T13:03:08.027+0000] {dagbag.py:538} INFO - Filling up the DagBag from /home/airflow/.local/lib/python3.8/site-packages/airflow/example_dags/example_xcomargs.py
[2026-01-22T13:03:08.043+0000] {processor.py:840} INFO - DAG(s) 'example_xcom_args_with_operators', 'example_xcom_args' retrieved from /home/airflow/.local/lib/python3.8/site-packages/airflow/example_dags/example_xcomargs.py
[2026-01-22T13:03:08.086+0000] {logging_mixin.py:188} INFO - [2026-01-22T13:03:08.085+0000] {dag.py:3036} INFO - Sync 2 DAGs
[2026-01-22T13:03:08.109+0000] {logging_mixin.py:188} INFO - [2026-01-22T13:03:08.109+0000] {dag.py:3823} INFO - Setting next_dagrun for example_xcom_args to None, run_after=None
[2026-01-22T13:03:08.115+0000] {logging_mixin.py:188} INFO - [2026-01-22T13:03:08.115+0000] {dag.py:3823} INFO - Setting next_dagrun for example_xcom_args_with_operators to None, run_after=None
[2026-01-22T13:03:08.142+0000] {processor.py:183} INFO - Processing /home/airflow/.local/lib/python3.8/site-packages/airflow/example_dags/example_xcomargs.py took 0.126 seconds
[2026-01-22T13:03:38.715+0000] {processor.py:161} INFO - Started process (PID=601) to work on /home/airflow/.local/lib/python3.8/site-packages/airflow/example_dags/example_xcomargs.py
[2026-01-22T13:03:38.717+0000] {processor.py:830} INFO - Processing file /home/airflow/.local/lib/python3.8/site-packages/airflow/example_dags/example_xcomargs.py for tasks to queue
[2026-01-22T13:03:38.719+0000] {logging_mixin.py:188} INFO - [2026-01-22T13:03:38.719+0000] {dagbag.py:538} INFO - Filling up the DagBag from /home/airflow/.local/lib/python3.8/site-packages/airflow/example_dags/example_xcomargs.py
[2026-01-22T13:03:38.734+0000] {processor.py:840} INFO - DAG(s) 'example_xcom_args', 'example_xcom_args_with_operators' retrieved from /home/airflow/.local/lib/python3.8/site-packages/airflow/example_dags/example_xcomargs.py
[2026-01-22T13:03:38.780+0000] {logging_mixin.py:188} INFO - [2026-01-22T13:03:38.779+0000] {dag.py:3036} INFO - Sync 2 DAGs
[2026-01-22T13:03:38.800+0000] {logging_mixin.py:188} INFO - [2026-01-22T13:03:38.799+0000] {dag.py:3823} INFO - Setting next_dagrun for example_xcom_args to None, run_after=None
[2026-01-22T13:03:38.805+0000] {logging_mixin.py:188} INFO - [2026-01-22T13:03:38.805+0000] {dag.py:3823} INFO - Setting next_dagrun for example_xcom_args_with_operators to None, run_after=None
[2026-01-22T13:03:38.829+0000] {processor.py:183} INFO - Processing /home/airflow/.local/lib/python3.8/site-packages/airflow/example_dags/example_xcomargs.py took 0.120 seconds
[2026-01-22T13:04:09.220+0000] {processor.py:161} INFO - Started process (PID=667) to work on /home/airflow/.local/lib/python3.8/site-packages/airflow/example_dags/example_xcomargs.py
[2026-01-22T13:04:09.221+0000] {processor.py:830} INFO - Processing file /home/airflow/.local/lib/python3.8/site-packages/airflow/example_dags/example_xcomargs.py for tasks to queue
[2026-01-22T13:04:09.224+0000] {logging_mixin.py:188} INFO - [2026-01-22T13:04:09.223+0000] {dagbag.py:538} INFO - Filling up the DagBag from /home/airflow/.local/lib/python3.8/site-packages/airflow/example_dags/example_xcomargs.py
[2026-01-22T13:04:09.240+0000] {processor.py:840} INFO - DAG(s) 'example_xcom_args', 'example_xcom_args_with_operators' retrieved from /home/airflow/.local/lib/python3.8/site-packages/airflow/example_dags/example_xcomargs.py
[2026-01-22T13:04:09.281+0000] {logging_mixin.py:188} INFO - [2026-01-22T13:04:09.281+0000] {dag.py:3036} INFO - Sync 2 DAGs
[2026-01-22T13:04:09.304+0000] {logging_mixin.py:188} INFO - [2026-01-22T13:04:09.303+0000] {dag.py:3823} INFO - Setting next_dagrun for example_xcom_args to None, run_after=None
[2026-01-22T13:04:09.310+0000] {logging_mixin.py:188} INFO - [2026-01-22T13:04:09.310+0000] {dag.py:3823} INFO - Setting next_dagrun for example_xcom_args_with_operators to None, run_after=None
[2026-01-22T13:04:09.339+0000] {processor.py:183} INFO - Processing /home/airflow/.local/lib/python3.8/site-packages/airflow/example_dags/example_xcomargs.py took 0.125 seconds
[2026-01-22T13:04:40.040+0000] {processor.py:161} INFO - Started process (PID=733) to work on /home/airflow/.local/lib/python3.8/site-packages/airflow/example_dags/example_xcomargs.py
[2026-01-22T13:04:40.041+0000] {processor.py:830} INFO - Processing file /home/airflow/.local/lib/python3.8/site-packages/airflow/example_dags/example_xcomargs.py for tasks to queue
[2026-01-22T13:04:40.044+0000] {logging_mixin.py:188} INFO - [2026-01-22T13:04:40.043+0000] {dagbag.py:538} INFO - Filling up the DagBag from /home/airflow/.local/lib/python3.8/site-packages/airflow/example_dags/example_xcomargs.py
[2026-01-22T13:04:40.057+0000] {processor.py:840} INFO - DAG(s) 'example_xcom_args', 'example_xcom_args_with_operators' retrieved from /home/airflow/.local/lib/python3.8/site-packages/airflow/example_dags/example_xcomargs.py
[2026-01-22T13:04:40.096+0000] {logging_mixin.py:188} INFO - [2026-01-22T13:04:40.095+0000] {dag.py:3036} INFO - Sync 2 DAGs
[2026-01-22T13:04:40.116+0000] {logging_mixin.py:188} INFO - [2026-01-22T13:04:40.116+0000] {dag.py:3823} INFO - Setting next_dagrun for example_xcom_args to None, run_after=None
[2026-01-22T13:04:40.122+0000] {logging_mixin.py:188} INFO - [2026-01-22T13:04:40.122+0000] {dag.py:3823} INFO - Setting next_dagrun for example_xcom_args_with_operators to None, run_after=None
[2026-01-22T13:04:40.149+0000] {processor.py:183} INFO - Processing /home/airflow/.local/lib/python3.8/site-packages/airflow/example_dags/example_xcomargs.py took 0.114 seconds
