[2026-01-22T12:59:33.778+0000] {processor.py:161} INFO - Started process (PID=67) to work on /home/airflow/.local/lib/python3.8/site-packages/airflow/example_dags/example_params_trigger_ui.py
[2026-01-22T12:59:33.779+0000] {processor.py:830} INFO - Processing file /home/airflow/.local/lib/python3.8/site-packages/airflow/example_dags/example_params_trigger_ui.py for tasks to queue
[2026-01-22T12:59:33.782+0000] {logging_mixin.py:188} INFO - [2026-01-22T12:59:33.782+0000] {dagbag.py:538} INFO - Filling up the DagBag from /home/airflow/.local/lib/python3.8/site-packages/airflow/example_dags/example_params_trigger_ui.py
[2026-01-22T12:59:33.844+0000] {processor.py:840} INFO - DAG(s) 'example_params_trigger_ui' retrieved from /home/airflow/.local/lib/python3.8/site-packages/airflow/example_dags/example_params_trigger_ui.py
[2026-01-22T12:59:34.180+0000] {logging_mixin.py:188} INFO - [2026-01-22T12:59:34.178+0000] {dag.py:3036} INFO - Sync 1 DAGs
[2026-01-22T12:59:34.224+0000] {logging_mixin.py:188} INFO - [2026-01-22T12:59:34.224+0000] {dag.py:3823} INFO - Setting next_dagrun for example_params_trigger_ui to None, run_after=None
[2026-01-22T12:59:34.265+0000] {processor.py:183} INFO - Processing /home/airflow/.local/lib/python3.8/site-packages/airflow/example_dags/example_params_trigger_ui.py took 0.508 seconds
[2026-01-22T13:00:04.822+0000] {processor.py:161} INFO - Started process (PID=135) to work on /home/airflow/.local/lib/python3.8/site-packages/airflow/example_dags/example_params_trigger_ui.py
[2026-01-22T13:00:04.824+0000] {processor.py:830} INFO - Processing file /home/airflow/.local/lib/python3.8/site-packages/airflow/example_dags/example_params_trigger_ui.py for tasks to queue
[2026-01-22T13:00:04.827+0000] {logging_mixin.py:188} INFO - [2026-01-22T13:00:04.826+0000] {dagbag.py:538} INFO - Filling up the DagBag from /home/airflow/.local/lib/python3.8/site-packages/airflow/example_dags/example_params_trigger_ui.py
[2026-01-22T13:00:04.854+0000] {processor.py:840} INFO - DAG(s) 'example_params_trigger_ui' retrieved from /home/airflow/.local/lib/python3.8/site-packages/airflow/example_dags/example_params_trigger_ui.py
[2026-01-22T13:00:04.980+0000] {logging_mixin.py:188} INFO - [2026-01-22T13:00:04.980+0000] {dag.py:3036} INFO - Sync 1 DAGs
[2026-01-22T13:00:05.007+0000] {logging_mixin.py:188} INFO - [2026-01-22T13:00:05.006+0000] {dag.py:3823} INFO - Setting next_dagrun for example_params_trigger_ui to None, run_after=None
[2026-01-22T13:00:05.058+0000] {processor.py:183} INFO - Processing /home/airflow/.local/lib/python3.8/site-packages/airflow/example_dags/example_params_trigger_ui.py took 0.242 seconds
[2026-01-22T13:00:35.276+0000] {processor.py:161} INFO - Started process (PID=201) to work on /home/airflow/.local/lib/python3.8/site-packages/airflow/example_dags/example_params_trigger_ui.py
[2026-01-22T13:00:35.278+0000] {processor.py:830} INFO - Processing file /home/airflow/.local/lib/python3.8/site-packages/airflow/example_dags/example_params_trigger_ui.py for tasks to queue
[2026-01-22T13:00:35.288+0000] {logging_mixin.py:188} INFO - [2026-01-22T13:00:35.288+0000] {dagbag.py:538} INFO - Filling up the DagBag from /home/airflow/.local/lib/python3.8/site-packages/airflow/example_dags/example_params_trigger_ui.py
[2026-01-22T13:00:35.320+0000] {processor.py:840} INFO - DAG(s) 'example_params_trigger_ui' retrieved from /home/airflow/.local/lib/python3.8/site-packages/airflow/example_dags/example_params_trigger_ui.py
[2026-01-22T13:00:35.463+0000] {logging_mixin.py:188} INFO - [2026-01-22T13:00:35.463+0000] {dag.py:3036} INFO - Sync 1 DAGs
[2026-01-22T13:00:35.497+0000] {logging_mixin.py:188} INFO - [2026-01-22T13:00:35.497+0000] {dag.py:3823} INFO - Setting next_dagrun for example_params_trigger_ui to None, run_after=None
[2026-01-22T13:00:35.544+0000] {processor.py:183} INFO - Processing /home/airflow/.local/lib/python3.8/site-packages/airflow/example_dags/example_params_trigger_ui.py took 0.275 seconds
[2026-01-22T13:01:05.857+0000] {processor.py:161} INFO - Started process (PID=266) to work on /home/airflow/.local/lib/python3.8/site-packages/airflow/example_dags/example_params_trigger_ui.py
[2026-01-22T13:01:05.858+0000] {processor.py:830} INFO - Processing file /home/airflow/.local/lib/python3.8/site-packages/airflow/example_dags/example_params_trigger_ui.py for tasks to queue
[2026-01-22T13:01:05.861+0000] {logging_mixin.py:188} INFO - [2026-01-22T13:01:05.861+0000] {dagbag.py:538} INFO - Filling up the DagBag from /home/airflow/.local/lib/python3.8/site-packages/airflow/example_dags/example_params_trigger_ui.py
[2026-01-22T13:01:05.887+0000] {processor.py:840} INFO - DAG(s) 'example_params_trigger_ui' retrieved from /home/airflow/.local/lib/python3.8/site-packages/airflow/example_dags/example_params_trigger_ui.py
[2026-01-22T13:01:06.061+0000] {logging_mixin.py:188} INFO - [2026-01-22T13:01:06.061+0000] {dag.py:3036} INFO - Sync 1 DAGs
[2026-01-22T13:01:06.090+0000] {logging_mixin.py:188} INFO - [2026-01-22T13:01:06.090+0000] {dag.py:3823} INFO - Setting next_dagrun for example_params_trigger_ui to None, run_after=None
[2026-01-22T13:01:06.127+0000] {processor.py:183} INFO - Processing /home/airflow/.local/lib/python3.8/site-packages/airflow/example_dags/example_params_trigger_ui.py took 0.276 seconds
[2026-01-22T13:01:36.420+0000] {processor.py:161} INFO - Started process (PID=333) to work on /home/airflow/.local/lib/python3.8/site-packages/airflow/example_dags/example_params_trigger_ui.py
[2026-01-22T13:01:36.422+0000] {processor.py:830} INFO - Processing file /home/airflow/.local/lib/python3.8/site-packages/airflow/example_dags/example_params_trigger_ui.py for tasks to queue
[2026-01-22T13:01:36.425+0000] {logging_mixin.py:188} INFO - [2026-01-22T13:01:36.425+0000] {dagbag.py:538} INFO - Filling up the DagBag from /home/airflow/.local/lib/python3.8/site-packages/airflow/example_dags/example_params_trigger_ui.py
[2026-01-22T13:01:36.451+0000] {processor.py:840} INFO - DAG(s) 'example_params_trigger_ui' retrieved from /home/airflow/.local/lib/python3.8/site-packages/airflow/example_dags/example_params_trigger_ui.py
[2026-01-22T13:01:36.561+0000] {logging_mixin.py:188} INFO - [2026-01-22T13:01:36.561+0000] {dag.py:3036} INFO - Sync 1 DAGs
[2026-01-22T13:01:36.584+0000] {logging_mixin.py:188} INFO - [2026-01-22T13:01:36.584+0000] {dag.py:3823} INFO - Setting next_dagrun for example_params_trigger_ui to None, run_after=None
[2026-01-22T13:01:36.623+0000] {processor.py:183} INFO - Processing /home/airflow/.local/lib/python3.8/site-packages/airflow/example_dags/example_params_trigger_ui.py took 0.209 seconds
[2026-01-22T13:02:07.332+0000] {processor.py:161} INFO - Started process (PID=399) to work on /home/airflow/.local/lib/python3.8/site-packages/airflow/example_dags/example_params_trigger_ui.py
[2026-01-22T13:02:07.335+0000] {processor.py:830} INFO - Processing file /home/airflow/.local/lib/python3.8/site-packages/airflow/example_dags/example_params_trigger_ui.py for tasks to queue
[2026-01-22T13:02:07.339+0000] {logging_mixin.py:188} INFO - [2026-01-22T13:02:07.338+0000] {dagbag.py:538} INFO - Filling up the DagBag from /home/airflow/.local/lib/python3.8/site-packages/airflow/example_dags/example_params_trigger_ui.py
[2026-01-22T13:02:07.373+0000] {processor.py:840} INFO - DAG(s) 'example_params_trigger_ui' retrieved from /home/airflow/.local/lib/python3.8/site-packages/airflow/example_dags/example_params_trigger_ui.py
[2026-01-22T13:02:07.502+0000] {logging_mixin.py:188} INFO - [2026-01-22T13:02:07.501+0000] {dag.py:3036} INFO - Sync 1 DAGs
[2026-01-22T13:02:07.526+0000] {logging_mixin.py:188} INFO - [2026-01-22T13:02:07.526+0000] {dag.py:3823} INFO - Setting next_dagrun for example_params_trigger_ui to None, run_after=None
[2026-01-22T13:02:07.584+0000] {processor.py:183} INFO - Processing /home/airflow/.local/lib/python3.8/site-packages/airflow/example_dags/example_params_trigger_ui.py took 0.264 seconds
[2026-01-22T13:02:37.632+0000] {processor.py:161} INFO - Started process (PID=466) to work on /home/airflow/.local/lib/python3.8/site-packages/airflow/example_dags/example_params_trigger_ui.py
[2026-01-22T13:02:37.634+0000] {processor.py:830} INFO - Processing file /home/airflow/.local/lib/python3.8/site-packages/airflow/example_dags/example_params_trigger_ui.py for tasks to queue
[2026-01-22T13:02:37.636+0000] {logging_mixin.py:188} INFO - [2026-01-22T13:02:37.636+0000] {dagbag.py:538} INFO - Filling up the DagBag from /home/airflow/.local/lib/python3.8/site-packages/airflow/example_dags/example_params_trigger_ui.py
[2026-01-22T13:02:37.656+0000] {processor.py:840} INFO - DAG(s) 'example_params_trigger_ui' retrieved from /home/airflow/.local/lib/python3.8/site-packages/airflow/example_dags/example_params_trigger_ui.py
[2026-01-22T13:02:37.744+0000] {logging_mixin.py:188} INFO - [2026-01-22T13:02:37.744+0000] {dag.py:3036} INFO - Sync 1 DAGs
[2026-01-22T13:02:37.764+0000] {logging_mixin.py:188} INFO - [2026-01-22T13:02:37.764+0000] {dag.py:3823} INFO - Setting next_dagrun for example_params_trigger_ui to None, run_after=None
[2026-01-22T13:02:37.793+0000] {processor.py:183} INFO - Processing /home/airflow/.local/lib/python3.8/site-packages/airflow/example_dags/example_params_trigger_ui.py took 0.166 seconds
[2026-01-22T13:03:07.931+0000] {processor.py:161} INFO - Started process (PID=532) to work on /home/airflow/.local/lib/python3.8/site-packages/airflow/example_dags/example_params_trigger_ui.py
[2026-01-22T13:03:07.932+0000] {processor.py:830} INFO - Processing file /home/airflow/.local/lib/python3.8/site-packages/airflow/example_dags/example_params_trigger_ui.py for tasks to queue
[2026-01-22T13:03:07.935+0000] {logging_mixin.py:188} INFO - [2026-01-22T13:03:07.934+0000] {dagbag.py:538} INFO - Filling up the DagBag from /home/airflow/.local/lib/python3.8/site-packages/airflow/example_dags/example_params_trigger_ui.py
[2026-01-22T13:03:07.960+0000] {processor.py:840} INFO - DAG(s) 'example_params_trigger_ui' retrieved from /home/airflow/.local/lib/python3.8/site-packages/airflow/example_dags/example_params_trigger_ui.py
[2026-01-22T13:03:08.055+0000] {logging_mixin.py:188} INFO - [2026-01-22T13:03:08.055+0000] {dag.py:3036} INFO - Sync 1 DAGs
[2026-01-22T13:03:08.076+0000] {logging_mixin.py:188} INFO - [2026-01-22T13:03:08.076+0000] {dag.py:3823} INFO - Setting next_dagrun for example_params_trigger_ui to None, run_after=None
[2026-01-22T13:03:08.107+0000] {processor.py:183} INFO - Processing /home/airflow/.local/lib/python3.8/site-packages/airflow/example_dags/example_params_trigger_ui.py took 0.182 seconds
[2026-01-22T13:03:38.504+0000] {processor.py:161} INFO - Started process (PID=599) to work on /home/airflow/.local/lib/python3.8/site-packages/airflow/example_dags/example_params_trigger_ui.py
[2026-01-22T13:03:38.505+0000] {processor.py:830} INFO - Processing file /home/airflow/.local/lib/python3.8/site-packages/airflow/example_dags/example_params_trigger_ui.py for tasks to queue
[2026-01-22T13:03:38.508+0000] {logging_mixin.py:188} INFO - [2026-01-22T13:03:38.507+0000] {dagbag.py:538} INFO - Filling up the DagBag from /home/airflow/.local/lib/python3.8/site-packages/airflow/example_dags/example_params_trigger_ui.py
[2026-01-22T13:03:38.529+0000] {processor.py:840} INFO - DAG(s) 'example_params_trigger_ui' retrieved from /home/airflow/.local/lib/python3.8/site-packages/airflow/example_dags/example_params_trigger_ui.py
[2026-01-22T13:03:38.627+0000] {logging_mixin.py:188} INFO - [2026-01-22T13:03:38.627+0000] {dag.py:3036} INFO - Sync 1 DAGs
[2026-01-22T13:03:38.647+0000] {logging_mixin.py:188} INFO - [2026-01-22T13:03:38.647+0000] {dag.py:3823} INFO - Setting next_dagrun for example_params_trigger_ui to None, run_after=None
[2026-01-22T13:03:38.677+0000] {processor.py:183} INFO - Processing /home/airflow/.local/lib/python3.8/site-packages/airflow/example_dags/example_params_trigger_ui.py took 0.178 seconds
[2026-01-22T13:04:08.997+0000] {processor.py:161} INFO - Started process (PID=665) to work on /home/airflow/.local/lib/python3.8/site-packages/airflow/example_dags/example_params_trigger_ui.py
[2026-01-22T13:04:08.999+0000] {processor.py:830} INFO - Processing file /home/airflow/.local/lib/python3.8/site-packages/airflow/example_dags/example_params_trigger_ui.py for tasks to queue
[2026-01-22T13:04:09.001+0000] {logging_mixin.py:188} INFO - [2026-01-22T13:04:09.001+0000] {dagbag.py:538} INFO - Filling up the DagBag from /home/airflow/.local/lib/python3.8/site-packages/airflow/example_dags/example_params_trigger_ui.py
[2026-01-22T13:04:09.023+0000] {processor.py:840} INFO - DAG(s) 'example_params_trigger_ui' retrieved from /home/airflow/.local/lib/python3.8/site-packages/airflow/example_dags/example_params_trigger_ui.py
[2026-01-22T13:04:09.120+0000] {logging_mixin.py:188} INFO - [2026-01-22T13:04:09.120+0000] {dag.py:3036} INFO - Sync 1 DAGs
[2026-01-22T13:04:09.141+0000] {logging_mixin.py:188} INFO - [2026-01-22T13:04:09.141+0000] {dag.py:3823} INFO - Setting next_dagrun for example_params_trigger_ui to None, run_after=None
[2026-01-22T13:04:09.172+0000] {processor.py:183} INFO - Processing /home/airflow/.local/lib/python3.8/site-packages/airflow/example_dags/example_params_trigger_ui.py took 0.180 seconds
[2026-01-22T13:04:39.810+0000] {processor.py:161} INFO - Started process (PID=731) to work on /home/airflow/.local/lib/python3.8/site-packages/airflow/example_dags/example_params_trigger_ui.py
[2026-01-22T13:04:39.811+0000] {processor.py:830} INFO - Processing file /home/airflow/.local/lib/python3.8/site-packages/airflow/example_dags/example_params_trigger_ui.py for tasks to queue
[2026-01-22T13:04:39.814+0000] {logging_mixin.py:188} INFO - [2026-01-22T13:04:39.813+0000] {dagbag.py:538} INFO - Filling up the DagBag from /home/airflow/.local/lib/python3.8/site-packages/airflow/example_dags/example_params_trigger_ui.py
[2026-01-22T13:04:39.834+0000] {processor.py:840} INFO - DAG(s) 'example_params_trigger_ui' retrieved from /home/airflow/.local/lib/python3.8/site-packages/airflow/example_dags/example_params_trigger_ui.py
[2026-01-22T13:04:39.926+0000] {logging_mixin.py:188} INFO - [2026-01-22T13:04:39.926+0000] {dag.py:3036} INFO - Sync 1 DAGs
[2026-01-22T13:04:39.961+0000] {logging_mixin.py:188} INFO - [2026-01-22T13:04:39.960+0000] {dag.py:3823} INFO - Setting next_dagrun for example_params_trigger_ui to None, run_after=None
[2026-01-22T13:04:39.998+0000] {processor.py:183} INFO - Processing /home/airflow/.local/lib/python3.8/site-packages/airflow/example_dags/example_params_trigger_ui.py took 0.194 seconds
