[2026-01-22T12:59:33.245+0000] {processor.py:161} INFO - Started process (PID=65) to work on /home/airflow/.local/lib/python3.8/site-packages/airflow/example_dags/example_nested_branch_dag.py
[2026-01-22T12:59:33.246+0000] {processor.py:830} INFO - Processing file /home/airflow/.local/lib/python3.8/site-packages/airflow/example_dags/example_nested_branch_dag.py for tasks to queue
[2026-01-22T12:59:33.262+0000] {logging_mixin.py:188} INFO - [2026-01-22T12:59:33.261+0000] {dagbag.py:538} INFO - Filling up the DagBag from /home/airflow/.local/lib/python3.8/site-packages/airflow/example_dags/example_nested_branch_dag.py
[2026-01-22T12:59:33.312+0000] {processor.py:840} INFO - DAG(s) 'example_nested_branch_dag' retrieved from /home/airflow/.local/lib/python3.8/site-packages/airflow/example_dags/example_nested_branch_dag.py
[2026-01-22T12:59:33.401+0000] {logging_mixin.py:188} INFO - [2026-01-22T12:59:33.400+0000] {dag.py:3036} INFO - Sync 1 DAGs
[2026-01-22T12:59:33.580+0000] {logging_mixin.py:188} INFO - [2026-01-22T12:59:33.580+0000] {dag.py:3823} INFO - Setting next_dagrun for example_nested_branch_dag to 2026-01-21 00:00:00+00:00, run_after=2026-01-22 00:00:00+00:00
[2026-01-22T12:59:33.661+0000] {processor.py:183} INFO - Processing /home/airflow/.local/lib/python3.8/site-packages/airflow/example_dags/example_nested_branch_dag.py took 0.432 seconds
[2026-01-22T13:00:03.778+0000] {processor.py:161} INFO - Started process (PID=125) to work on /home/airflow/.local/lib/python3.8/site-packages/airflow/example_dags/example_nested_branch_dag.py
[2026-01-22T13:00:03.780+0000] {processor.py:830} INFO - Processing file /home/airflow/.local/lib/python3.8/site-packages/airflow/example_dags/example_nested_branch_dag.py for tasks to queue
[2026-01-22T13:00:03.783+0000] {logging_mixin.py:188} INFO - [2026-01-22T13:00:03.783+0000] {dagbag.py:538} INFO - Filling up the DagBag from /home/airflow/.local/lib/python3.8/site-packages/airflow/example_dags/example_nested_branch_dag.py
[2026-01-22T13:00:03.802+0000] {processor.py:840} INFO - DAG(s) 'example_nested_branch_dag' retrieved from /home/airflow/.local/lib/python3.8/site-packages/airflow/example_dags/example_nested_branch_dag.py
[2026-01-22T13:00:03.839+0000] {logging_mixin.py:188} INFO - [2026-01-22T13:00:03.838+0000] {dag.py:3036} INFO - Sync 1 DAGs
[2026-01-22T13:00:03.883+0000] {logging_mixin.py:188} INFO - [2026-01-22T13:00:03.882+0000] {dag.py:3823} INFO - Setting next_dagrun for example_nested_branch_dag to 2026-01-21 00:00:00+00:00, run_after=2026-01-22 00:00:00+00:00
[2026-01-22T13:00:03.915+0000] {processor.py:183} INFO - Processing /home/airflow/.local/lib/python3.8/site-packages/airflow/example_dags/example_nested_branch_dag.py took 0.141 seconds
[2026-01-22T13:00:34.843+0000] {processor.py:161} INFO - Started process (PID=191) to work on /home/airflow/.local/lib/python3.8/site-packages/airflow/example_dags/example_nested_branch_dag.py
[2026-01-22T13:00:34.846+0000] {processor.py:830} INFO - Processing file /home/airflow/.local/lib/python3.8/site-packages/airflow/example_dags/example_nested_branch_dag.py for tasks to queue
[2026-01-22T13:00:34.849+0000] {logging_mixin.py:188} INFO - [2026-01-22T13:00:34.848+0000] {dagbag.py:538} INFO - Filling up the DagBag from /home/airflow/.local/lib/python3.8/site-packages/airflow/example_dags/example_nested_branch_dag.py
[2026-01-22T13:00:34.872+0000] {processor.py:840} INFO - DAG(s) 'example_nested_branch_dag' retrieved from /home/airflow/.local/lib/python3.8/site-packages/airflow/example_dags/example_nested_branch_dag.py
[2026-01-22T13:00:34.944+0000] {logging_mixin.py:188} INFO - [2026-01-22T13:00:34.943+0000] {dag.py:3036} INFO - Sync 1 DAGs
[2026-01-22T13:00:34.995+0000] {logging_mixin.py:188} INFO - [2026-01-22T13:00:34.995+0000] {dag.py:3823} INFO - Setting next_dagrun for example_nested_branch_dag to 2026-01-21 00:00:00+00:00, run_after=2026-01-22 00:00:00+00:00
[2026-01-22T13:00:35.047+0000] {processor.py:183} INFO - Processing /home/airflow/.local/lib/python3.8/site-packages/airflow/example_dags/example_nested_branch_dag.py took 0.212 seconds
[2026-01-22T13:01:05.640+0000] {processor.py:161} INFO - Started process (PID=264) to work on /home/airflow/.local/lib/python3.8/site-packages/airflow/example_dags/example_nested_branch_dag.py
[2026-01-22T13:01:05.642+0000] {processor.py:830} INFO - Processing file /home/airflow/.local/lib/python3.8/site-packages/airflow/example_dags/example_nested_branch_dag.py for tasks to queue
[2026-01-22T13:01:05.645+0000] {logging_mixin.py:188} INFO - [2026-01-22T13:01:05.645+0000] {dagbag.py:538} INFO - Filling up the DagBag from /home/airflow/.local/lib/python3.8/site-packages/airflow/example_dags/example_nested_branch_dag.py
[2026-01-22T13:01:05.665+0000] {processor.py:840} INFO - DAG(s) 'example_nested_branch_dag' retrieved from /home/airflow/.local/lib/python3.8/site-packages/airflow/example_dags/example_nested_branch_dag.py
[2026-01-22T13:01:05.713+0000] {logging_mixin.py:188} INFO - [2026-01-22T13:01:05.713+0000] {dag.py:3036} INFO - Sync 1 DAGs
[2026-01-22T13:01:05.762+0000] {logging_mixin.py:188} INFO - [2026-01-22T13:01:05.762+0000] {dag.py:3823} INFO - Setting next_dagrun for example_nested_branch_dag to 2026-01-21 00:00:00+00:00, run_after=2026-01-22 00:00:00+00:00
[2026-01-22T13:01:05.800+0000] {processor.py:183} INFO - Processing /home/airflow/.local/lib/python3.8/site-packages/airflow/example_dags/example_nested_branch_dag.py took 0.166 seconds
[2026-01-22T13:01:36.219+0000] {processor.py:161} INFO - Started process (PID=331) to work on /home/airflow/.local/lib/python3.8/site-packages/airflow/example_dags/example_nested_branch_dag.py
[2026-01-22T13:01:36.221+0000] {processor.py:830} INFO - Processing file /home/airflow/.local/lib/python3.8/site-packages/airflow/example_dags/example_nested_branch_dag.py for tasks to queue
[2026-01-22T13:01:36.225+0000] {logging_mixin.py:188} INFO - [2026-01-22T13:01:36.224+0000] {dagbag.py:538} INFO - Filling up the DagBag from /home/airflow/.local/lib/python3.8/site-packages/airflow/example_dags/example_nested_branch_dag.py
[2026-01-22T13:01:36.245+0000] {processor.py:840} INFO - DAG(s) 'example_nested_branch_dag' retrieved from /home/airflow/.local/lib/python3.8/site-packages/airflow/example_dags/example_nested_branch_dag.py
[2026-01-22T13:01:36.290+0000] {logging_mixin.py:188} INFO - [2026-01-22T13:01:36.290+0000] {dag.py:3036} INFO - Sync 1 DAGs
[2026-01-22T13:01:36.341+0000] {logging_mixin.py:188} INFO - [2026-01-22T13:01:36.340+0000] {dag.py:3823} INFO - Setting next_dagrun for example_nested_branch_dag to 2026-01-21 00:00:00+00:00, run_after=2026-01-22 00:00:00+00:00
[2026-01-22T13:01:36.375+0000] {processor.py:183} INFO - Processing /home/airflow/.local/lib/python3.8/site-packages/airflow/example_dags/example_nested_branch_dag.py took 0.163 seconds
[2026-01-22T13:02:07.086+0000] {processor.py:161} INFO - Started process (PID=397) to work on /home/airflow/.local/lib/python3.8/site-packages/airflow/example_dags/example_nested_branch_dag.py
[2026-01-22T13:02:07.088+0000] {processor.py:830} INFO - Processing file /home/airflow/.local/lib/python3.8/site-packages/airflow/example_dags/example_nested_branch_dag.py for tasks to queue
[2026-01-22T13:02:07.092+0000] {logging_mixin.py:188} INFO - [2026-01-22T13:02:07.091+0000] {dagbag.py:538} INFO - Filling up the DagBag from /home/airflow/.local/lib/python3.8/site-packages/airflow/example_dags/example_nested_branch_dag.py
[2026-01-22T13:02:07.114+0000] {processor.py:840} INFO - DAG(s) 'example_nested_branch_dag' retrieved from /home/airflow/.local/lib/python3.8/site-packages/airflow/example_dags/example_nested_branch_dag.py
[2026-01-22T13:02:07.154+0000] {logging_mixin.py:188} INFO - [2026-01-22T13:02:07.154+0000] {dag.py:3036} INFO - Sync 1 DAGs
[2026-01-22T13:02:07.218+0000] {logging_mixin.py:188} INFO - [2026-01-22T13:02:07.218+0000] {dag.py:3823} INFO - Setting next_dagrun for example_nested_branch_dag to 2026-01-21 00:00:00+00:00, run_after=2026-01-22 00:00:00+00:00
[2026-01-22T13:02:07.262+0000] {processor.py:183} INFO - Processing /home/airflow/.local/lib/python3.8/site-packages/airflow/example_dags/example_nested_branch_dag.py took 0.183 seconds
[2026-01-22T13:02:37.418+0000] {processor.py:161} INFO - Started process (PID=464) to work on /home/airflow/.local/lib/python3.8/site-packages/airflow/example_dags/example_nested_branch_dag.py
[2026-01-22T13:02:37.420+0000] {processor.py:830} INFO - Processing file /home/airflow/.local/lib/python3.8/site-packages/airflow/example_dags/example_nested_branch_dag.py for tasks to queue
[2026-01-22T13:02:37.422+0000] {logging_mixin.py:188} INFO - [2026-01-22T13:02:37.422+0000] {dagbag.py:538} INFO - Filling up the DagBag from /home/airflow/.local/lib/python3.8/site-packages/airflow/example_dags/example_nested_branch_dag.py
[2026-01-22T13:02:37.439+0000] {processor.py:840} INFO - DAG(s) 'example_nested_branch_dag' retrieved from /home/airflow/.local/lib/python3.8/site-packages/airflow/example_dags/example_nested_branch_dag.py
[2026-01-22T13:02:37.477+0000] {logging_mixin.py:188} INFO - [2026-01-22T13:02:37.477+0000] {dag.py:3036} INFO - Sync 1 DAGs
[2026-01-22T13:02:37.522+0000] {logging_mixin.py:188} INFO - [2026-01-22T13:02:37.522+0000] {dag.py:3823} INFO - Setting next_dagrun for example_nested_branch_dag to 2026-01-21 00:00:00+00:00, run_after=2026-01-22 00:00:00+00:00
[2026-01-22T13:02:37.565+0000] {processor.py:183} INFO - Processing /home/airflow/.local/lib/python3.8/site-packages/airflow/example_dags/example_nested_branch_dag.py took 0.154 seconds
[2026-01-22T13:03:07.750+0000] {processor.py:161} INFO - Started process (PID=530) to work on /home/airflow/.local/lib/python3.8/site-packages/airflow/example_dags/example_nested_branch_dag.py
[2026-01-22T13:03:07.751+0000] {processor.py:830} INFO - Processing file /home/airflow/.local/lib/python3.8/site-packages/airflow/example_dags/example_nested_branch_dag.py for tasks to queue
[2026-01-22T13:03:07.754+0000] {logging_mixin.py:188} INFO - [2026-01-22T13:03:07.754+0000] {dagbag.py:538} INFO - Filling up the DagBag from /home/airflow/.local/lib/python3.8/site-packages/airflow/example_dags/example_nested_branch_dag.py
[2026-01-22T13:03:07.775+0000] {processor.py:840} INFO - DAG(s) 'example_nested_branch_dag' retrieved from /home/airflow/.local/lib/python3.8/site-packages/airflow/example_dags/example_nested_branch_dag.py
[2026-01-22T13:03:07.818+0000] {logging_mixin.py:188} INFO - [2026-01-22T13:03:07.818+0000] {dag.py:3036} INFO - Sync 1 DAGs
[2026-01-22T13:03:07.860+0000] {logging_mixin.py:188} INFO - [2026-01-22T13:03:07.860+0000] {dag.py:3823} INFO - Setting next_dagrun for example_nested_branch_dag to 2026-01-21 00:00:00+00:00, run_after=2026-01-22 00:00:00+00:00
[2026-01-22T13:03:07.891+0000] {processor.py:183} INFO - Processing /home/airflow/.local/lib/python3.8/site-packages/airflow/example_dags/example_nested_branch_dag.py took 0.148 seconds
[2026-01-22T13:03:38.337+0000] {processor.py:161} INFO - Started process (PID=597) to work on /home/airflow/.local/lib/python3.8/site-packages/airflow/example_dags/example_nested_branch_dag.py
[2026-01-22T13:03:38.339+0000] {processor.py:830} INFO - Processing file /home/airflow/.local/lib/python3.8/site-packages/airflow/example_dags/example_nested_branch_dag.py for tasks to queue
[2026-01-22T13:03:38.341+0000] {logging_mixin.py:188} INFO - [2026-01-22T13:03:38.341+0000] {dagbag.py:538} INFO - Filling up the DagBag from /home/airflow/.local/lib/python3.8/site-packages/airflow/example_dags/example_nested_branch_dag.py
[2026-01-22T13:03:38.357+0000] {processor.py:840} INFO - DAG(s) 'example_nested_branch_dag' retrieved from /home/airflow/.local/lib/python3.8/site-packages/airflow/example_dags/example_nested_branch_dag.py
[2026-01-22T13:03:38.390+0000] {logging_mixin.py:188} INFO - [2026-01-22T13:03:38.390+0000] {dag.py:3036} INFO - Sync 1 DAGs
[2026-01-22T13:03:38.428+0000] {logging_mixin.py:188} INFO - [2026-01-22T13:03:38.428+0000] {dag.py:3823} INFO - Setting next_dagrun for example_nested_branch_dag to 2026-01-21 00:00:00+00:00, run_after=2026-01-22 00:00:00+00:00
[2026-01-22T13:03:38.461+0000] {processor.py:183} INFO - Processing /home/airflow/.local/lib/python3.8/site-packages/airflow/example_dags/example_nested_branch_dag.py took 0.129 seconds
[2026-01-22T13:04:08.792+0000] {processor.py:161} INFO - Started process (PID=663) to work on /home/airflow/.local/lib/python3.8/site-packages/airflow/example_dags/example_nested_branch_dag.py
[2026-01-22T13:04:08.794+0000] {processor.py:830} INFO - Processing file /home/airflow/.local/lib/python3.8/site-packages/airflow/example_dags/example_nested_branch_dag.py for tasks to queue
[2026-01-22T13:04:08.798+0000] {logging_mixin.py:188} INFO - [2026-01-22T13:04:08.797+0000] {dagbag.py:538} INFO - Filling up the DagBag from /home/airflow/.local/lib/python3.8/site-packages/airflow/example_dags/example_nested_branch_dag.py
[2026-01-22T13:04:08.818+0000] {processor.py:840} INFO - DAG(s) 'example_nested_branch_dag' retrieved from /home/airflow/.local/lib/python3.8/site-packages/airflow/example_dags/example_nested_branch_dag.py
[2026-01-22T13:04:08.863+0000] {logging_mixin.py:188} INFO - [2026-01-22T13:04:08.862+0000] {dag.py:3036} INFO - Sync 1 DAGs
[2026-01-22T13:04:08.916+0000] {logging_mixin.py:188} INFO - [2026-01-22T13:04:08.915+0000] {dag.py:3823} INFO - Setting next_dagrun for example_nested_branch_dag to 2026-01-21 00:00:00+00:00, run_after=2026-01-22 00:00:00+00:00
[2026-01-22T13:04:08.949+0000] {processor.py:183} INFO - Processing /home/airflow/.local/lib/python3.8/site-packages/airflow/example_dags/example_nested_branch_dag.py took 0.164 seconds
[2026-01-22T13:04:39.506+0000] {processor.py:161} INFO - Started process (PID=729) to work on /home/airflow/.local/lib/python3.8/site-packages/airflow/example_dags/example_nested_branch_dag.py
[2026-01-22T13:04:39.508+0000] {processor.py:830} INFO - Processing file /home/airflow/.local/lib/python3.8/site-packages/airflow/example_dags/example_nested_branch_dag.py for tasks to queue
[2026-01-22T13:04:39.510+0000] {logging_mixin.py:188} INFO - [2026-01-22T13:04:39.510+0000] {dagbag.py:538} INFO - Filling up the DagBag from /home/airflow/.local/lib/python3.8/site-packages/airflow/example_dags/example_nested_branch_dag.py
[2026-01-22T13:04:39.526+0000] {processor.py:840} INFO - DAG(s) 'example_nested_branch_dag' retrieved from /home/airflow/.local/lib/python3.8/site-packages/airflow/example_dags/example_nested_branch_dag.py
[2026-01-22T13:04:39.567+0000] {logging_mixin.py:188} INFO - [2026-01-22T13:04:39.567+0000] {dag.py:3036} INFO - Sync 1 DAGs
[2026-01-22T13:04:39.606+0000] {logging_mixin.py:188} INFO - [2026-01-22T13:04:39.606+0000] {dag.py:3823} INFO - Setting next_dagrun for example_nested_branch_dag to 2026-01-21 00:00:00+00:00, run_after=2026-01-22 00:00:00+00:00
[2026-01-22T13:04:39.636+0000] {processor.py:183} INFO - Processing /home/airflow/.local/lib/python3.8/site-packages/airflow/example_dags/example_nested_branch_dag.py took 0.136 seconds
