[2026-01-22T12:59:31.727+0000] {processor.py:161} INFO - Started process (PID=54) to work on /home/airflow/.local/lib/python3.8/site-packages/airflow/example_dags/example_latest_only.py
[2026-01-22T12:59:31.728+0000] {processor.py:830} INFO - Processing file /home/airflow/.local/lib/python3.8/site-packages/airflow/example_dags/example_latest_only.py for tasks to queue
[2026-01-22T12:59:31.731+0000] {logging_mixin.py:188} INFO - [2026-01-22T12:59:31.730+0000] {dagbag.py:538} INFO - Filling up the DagBag from /home/airflow/.local/lib/python3.8/site-packages/airflow/example_dags/example_latest_only.py
[2026-01-22T12:59:31.757+0000] {processor.py:840} INFO - DAG(s) 'latest_only' retrieved from /home/airflow/.local/lib/python3.8/site-packages/airflow/example_dags/example_latest_only.py
[2026-01-22T12:59:31.849+0000] {logging_mixin.py:188} INFO - [2026-01-22T12:59:31.848+0000] {dag.py:3036} INFO - Sync 1 DAGs
[2026-01-22T12:59:31.983+0000] {logging_mixin.py:188} INFO - [2026-01-22T12:59:31.982+0000] {dag.py:3823} INFO - Setting next_dagrun for latest_only to 2026-01-22 08:00:00+00:00, run_after=2026-01-22 12:00:00+00:00
[2026-01-22T12:59:32.061+0000] {processor.py:183} INFO - Processing /home/airflow/.local/lib/python3.8/site-packages/airflow/example_dags/example_latest_only.py took 0.345 seconds
[2026-01-22T13:00:02.223+0000] {processor.py:161} INFO - Started process (PID=120) to work on /home/airflow/.local/lib/python3.8/site-packages/airflow/example_dags/example_latest_only.py
[2026-01-22T13:00:02.224+0000] {processor.py:830} INFO - Processing file /home/airflow/.local/lib/python3.8/site-packages/airflow/example_dags/example_latest_only.py for tasks to queue
[2026-01-22T13:00:02.227+0000] {logging_mixin.py:188} INFO - [2026-01-22T13:00:02.226+0000] {dagbag.py:538} INFO - Filling up the DagBag from /home/airflow/.local/lib/python3.8/site-packages/airflow/example_dags/example_latest_only.py
[2026-01-22T13:00:02.234+0000] {processor.py:840} INFO - DAG(s) 'latest_only' retrieved from /home/airflow/.local/lib/python3.8/site-packages/airflow/example_dags/example_latest_only.py
[2026-01-22T13:00:02.289+0000] {logging_mixin.py:188} INFO - [2026-01-22T13:00:02.289+0000] {dag.py:3036} INFO - Sync 1 DAGs
[2026-01-22T13:00:02.334+0000] {logging_mixin.py:188} INFO - [2026-01-22T13:00:02.334+0000] {dag.py:3823} INFO - Setting next_dagrun for latest_only to 2026-01-22 08:00:00+00:00, run_after=2026-01-22 12:00:00+00:00
[2026-01-22T13:00:02.374+0000] {processor.py:183} INFO - Processing /home/airflow/.local/lib/python3.8/site-packages/airflow/example_dags/example_latest_only.py took 0.157 seconds
[2026-01-22T13:00:33.241+0000] {processor.py:161} INFO - Started process (PID=186) to work on /home/airflow/.local/lib/python3.8/site-packages/airflow/example_dags/example_latest_only.py
[2026-01-22T13:00:33.243+0000] {processor.py:830} INFO - Processing file /home/airflow/.local/lib/python3.8/site-packages/airflow/example_dags/example_latest_only.py for tasks to queue
[2026-01-22T13:00:33.246+0000] {logging_mixin.py:188} INFO - [2026-01-22T13:00:33.245+0000] {dagbag.py:538} INFO - Filling up the DagBag from /home/airflow/.local/lib/python3.8/site-packages/airflow/example_dags/example_latest_only.py
[2026-01-22T13:00:33.255+0000] {processor.py:840} INFO - DAG(s) 'latest_only' retrieved from /home/airflow/.local/lib/python3.8/site-packages/airflow/example_dags/example_latest_only.py
[2026-01-22T13:00:33.296+0000] {logging_mixin.py:188} INFO - [2026-01-22T13:00:33.296+0000] {dag.py:3036} INFO - Sync 1 DAGs
[2026-01-22T13:00:33.337+0000] {logging_mixin.py:188} INFO - [2026-01-22T13:00:33.336+0000] {dag.py:3823} INFO - Setting next_dagrun for latest_only to 2026-01-22 08:00:00+00:00, run_after=2026-01-22 12:00:00+00:00
[2026-01-22T13:00:33.376+0000] {processor.py:183} INFO - Processing /home/airflow/.local/lib/python3.8/site-packages/airflow/example_dags/example_latest_only.py took 0.142 seconds
[2026-01-22T13:01:04.114+0000] {processor.py:161} INFO - Started process (PID=252) to work on /home/airflow/.local/lib/python3.8/site-packages/airflow/example_dags/example_latest_only.py
[2026-01-22T13:01:04.116+0000] {processor.py:830} INFO - Processing file /home/airflow/.local/lib/python3.8/site-packages/airflow/example_dags/example_latest_only.py for tasks to queue
[2026-01-22T13:01:04.119+0000] {logging_mixin.py:188} INFO - [2026-01-22T13:01:04.119+0000] {dagbag.py:538} INFO - Filling up the DagBag from /home/airflow/.local/lib/python3.8/site-packages/airflow/example_dags/example_latest_only.py
[2026-01-22T13:01:04.130+0000] {processor.py:840} INFO - DAG(s) 'latest_only' retrieved from /home/airflow/.local/lib/python3.8/site-packages/airflow/example_dags/example_latest_only.py
[2026-01-22T13:01:04.178+0000] {logging_mixin.py:188} INFO - [2026-01-22T13:01:04.177+0000] {dag.py:3036} INFO - Sync 1 DAGs
[2026-01-22T13:01:04.217+0000] {logging_mixin.py:188} INFO - [2026-01-22T13:01:04.216+0000] {dag.py:3823} INFO - Setting next_dagrun for latest_only to 2026-01-22 08:00:00+00:00, run_after=2026-01-22 12:00:00+00:00
[2026-01-22T13:01:04.252+0000] {processor.py:183} INFO - Processing /home/airflow/.local/lib/python3.8/site-packages/airflow/example_dags/example_latest_only.py took 0.144 seconds
[2026-01-22T13:01:34.790+0000] {processor.py:161} INFO - Started process (PID=318) to work on /home/airflow/.local/lib/python3.8/site-packages/airflow/example_dags/example_latest_only.py
[2026-01-22T13:01:34.793+0000] {processor.py:830} INFO - Processing file /home/airflow/.local/lib/python3.8/site-packages/airflow/example_dags/example_latest_only.py for tasks to queue
[2026-01-22T13:01:34.796+0000] {logging_mixin.py:188} INFO - [2026-01-22T13:01:34.796+0000] {dagbag.py:538} INFO - Filling up the DagBag from /home/airflow/.local/lib/python3.8/site-packages/airflow/example_dags/example_latest_only.py
[2026-01-22T13:01:34.807+0000] {processor.py:840} INFO - DAG(s) 'latest_only' retrieved from /home/airflow/.local/lib/python3.8/site-packages/airflow/example_dags/example_latest_only.py
[2026-01-22T13:01:34.848+0000] {logging_mixin.py:188} INFO - [2026-01-22T13:01:34.848+0000] {dag.py:3036} INFO - Sync 1 DAGs
[2026-01-22T13:01:34.898+0000] {logging_mixin.py:188} INFO - [2026-01-22T13:01:34.898+0000] {dag.py:3823} INFO - Setting next_dagrun for latest_only to 2026-01-22 08:00:00+00:00, run_after=2026-01-22 12:00:00+00:00
[2026-01-22T13:01:34.946+0000] {processor.py:183} INFO - Processing /home/airflow/.local/lib/python3.8/site-packages/airflow/example_dags/example_latest_only.py took 0.162 seconds
[2026-01-22T13:02:05.680+0000] {processor.py:161} INFO - Started process (PID=391) to work on /home/airflow/.local/lib/python3.8/site-packages/airflow/example_dags/example_latest_only.py
[2026-01-22T13:02:05.682+0000] {processor.py:830} INFO - Processing file /home/airflow/.local/lib/python3.8/site-packages/airflow/example_dags/example_latest_only.py for tasks to queue
[2026-01-22T13:02:05.685+0000] {logging_mixin.py:188} INFO - [2026-01-22T13:02:05.685+0000] {dagbag.py:538} INFO - Filling up the DagBag from /home/airflow/.local/lib/python3.8/site-packages/airflow/example_dags/example_latest_only.py
[2026-01-22T13:02:05.693+0000] {processor.py:840} INFO - DAG(s) 'latest_only' retrieved from /home/airflow/.local/lib/python3.8/site-packages/airflow/example_dags/example_latest_only.py
[2026-01-22T13:02:05.728+0000] {logging_mixin.py:188} INFO - [2026-01-22T13:02:05.727+0000] {dag.py:3036} INFO - Sync 1 DAGs
[2026-01-22T13:02:05.767+0000] {logging_mixin.py:188} INFO - [2026-01-22T13:02:05.767+0000] {dag.py:3823} INFO - Setting next_dagrun for latest_only to 2026-01-22 08:00:00+00:00, run_after=2026-01-22 12:00:00+00:00
[2026-01-22T13:02:05.803+0000] {processor.py:183} INFO - Processing /home/airflow/.local/lib/python3.8/site-packages/airflow/example_dags/example_latest_only.py took 0.128 seconds
[2026-01-22T13:02:35.901+0000] {processor.py:161} INFO - Started process (PID=459) to work on /home/airflow/.local/lib/python3.8/site-packages/airflow/example_dags/example_latest_only.py
[2026-01-22T13:02:35.903+0000] {processor.py:830} INFO - Processing file /home/airflow/.local/lib/python3.8/site-packages/airflow/example_dags/example_latest_only.py for tasks to queue
[2026-01-22T13:02:35.905+0000] {logging_mixin.py:188} INFO - [2026-01-22T13:02:35.905+0000] {dagbag.py:538} INFO - Filling up the DagBag from /home/airflow/.local/lib/python3.8/site-packages/airflow/example_dags/example_latest_only.py
[2026-01-22T13:02:35.912+0000] {processor.py:840} INFO - DAG(s) 'latest_only' retrieved from /home/airflow/.local/lib/python3.8/site-packages/airflow/example_dags/example_latest_only.py
[2026-01-22T13:02:35.942+0000] {logging_mixin.py:188} INFO - [2026-01-22T13:02:35.942+0000] {dag.py:3036} INFO - Sync 1 DAGs
[2026-01-22T13:02:35.977+0000] {logging_mixin.py:188} INFO - [2026-01-22T13:02:35.976+0000] {dag.py:3823} INFO - Setting next_dagrun for latest_only to 2026-01-22 08:00:00+00:00, run_after=2026-01-22 12:00:00+00:00
[2026-01-22T13:02:36.006+0000] {processor.py:183} INFO - Processing /home/airflow/.local/lib/python3.8/site-packages/airflow/example_dags/example_latest_only.py took 0.110 seconds
[2026-01-22T13:03:06.269+0000] {processor.py:161} INFO - Started process (PID=525) to work on /home/airflow/.local/lib/python3.8/site-packages/airflow/example_dags/example_latest_only.py
[2026-01-22T13:03:06.270+0000] {processor.py:830} INFO - Processing file /home/airflow/.local/lib/python3.8/site-packages/airflow/example_dags/example_latest_only.py for tasks to queue
[2026-01-22T13:03:06.275+0000] {logging_mixin.py:188} INFO - [2026-01-22T13:03:06.274+0000] {dagbag.py:538} INFO - Filling up the DagBag from /home/airflow/.local/lib/python3.8/site-packages/airflow/example_dags/example_latest_only.py
[2026-01-22T13:03:06.286+0000] {processor.py:840} INFO - DAG(s) 'latest_only' retrieved from /home/airflow/.local/lib/python3.8/site-packages/airflow/example_dags/example_latest_only.py
[2026-01-22T13:03:06.320+0000] {logging_mixin.py:188} INFO - [2026-01-22T13:03:06.319+0000] {dag.py:3036} INFO - Sync 1 DAGs
[2026-01-22T13:03:06.354+0000] {logging_mixin.py:188} INFO - [2026-01-22T13:03:06.354+0000] {dag.py:3823} INFO - Setting next_dagrun for latest_only to 2026-01-22 08:00:00+00:00, run_after=2026-01-22 12:00:00+00:00
[2026-01-22T13:03:06.389+0000] {processor.py:183} INFO - Processing /home/airflow/.local/lib/python3.8/site-packages/airflow/example_dags/example_latest_only.py took 0.129 seconds
[2026-01-22T13:03:37.033+0000] {processor.py:161} INFO - Started process (PID=592) to work on /home/airflow/.local/lib/python3.8/site-packages/airflow/example_dags/example_latest_only.py
[2026-01-22T13:03:37.035+0000] {processor.py:830} INFO - Processing file /home/airflow/.local/lib/python3.8/site-packages/airflow/example_dags/example_latest_only.py for tasks to queue
[2026-01-22T13:03:37.038+0000] {logging_mixin.py:188} INFO - [2026-01-22T13:03:37.037+0000] {dagbag.py:538} INFO - Filling up the DagBag from /home/airflow/.local/lib/python3.8/site-packages/airflow/example_dags/example_latest_only.py
[2026-01-22T13:03:37.046+0000] {processor.py:840} INFO - DAG(s) 'latest_only' retrieved from /home/airflow/.local/lib/python3.8/site-packages/airflow/example_dags/example_latest_only.py
[2026-01-22T13:03:37.080+0000] {logging_mixin.py:188} INFO - [2026-01-22T13:03:37.080+0000] {dag.py:3036} INFO - Sync 1 DAGs
[2026-01-22T13:03:37.117+0000] {logging_mixin.py:188} INFO - [2026-01-22T13:03:37.117+0000] {dag.py:3823} INFO - Setting next_dagrun for latest_only to 2026-01-22 08:00:00+00:00, run_after=2026-01-22 12:00:00+00:00
[2026-01-22T13:03:37.148+0000] {processor.py:183} INFO - Processing /home/airflow/.local/lib/python3.8/site-packages/airflow/example_dags/example_latest_only.py took 0.122 seconds
[2026-01-22T13:04:07.341+0000] {processor.py:161} INFO - Started process (PID=658) to work on /home/airflow/.local/lib/python3.8/site-packages/airflow/example_dags/example_latest_only.py
[2026-01-22T13:04:07.343+0000] {processor.py:830} INFO - Processing file /home/airflow/.local/lib/python3.8/site-packages/airflow/example_dags/example_latest_only.py for tasks to queue
[2026-01-22T13:04:07.346+0000] {logging_mixin.py:188} INFO - [2026-01-22T13:04:07.346+0000] {dagbag.py:538} INFO - Filling up the DagBag from /home/airflow/.local/lib/python3.8/site-packages/airflow/example_dags/example_latest_only.py
[2026-01-22T13:04:07.360+0000] {processor.py:840} INFO - DAG(s) 'latest_only' retrieved from /home/airflow/.local/lib/python3.8/site-packages/airflow/example_dags/example_latest_only.py
[2026-01-22T13:04:07.404+0000] {logging_mixin.py:188} INFO - [2026-01-22T13:04:07.403+0000] {dag.py:3036} INFO - Sync 1 DAGs
[2026-01-22T13:04:07.467+0000] {logging_mixin.py:188} INFO - [2026-01-22T13:04:07.467+0000] {dag.py:3823} INFO - Setting next_dagrun for latest_only to 2026-01-22 08:00:00+00:00, run_after=2026-01-22 12:00:00+00:00
[2026-01-22T13:04:07.525+0000] {processor.py:183} INFO - Processing /home/airflow/.local/lib/python3.8/site-packages/airflow/example_dags/example_latest_only.py took 0.192 seconds
[2026-01-22T13:04:38.045+0000] {processor.py:161} INFO - Started process (PID=724) to work on /home/airflow/.local/lib/python3.8/site-packages/airflow/example_dags/example_latest_only.py
[2026-01-22T13:04:38.047+0000] {processor.py:830} INFO - Processing file /home/airflow/.local/lib/python3.8/site-packages/airflow/example_dags/example_latest_only.py for tasks to queue
[2026-01-22T13:04:38.050+0000] {logging_mixin.py:188} INFO - [2026-01-22T13:04:38.049+0000] {dagbag.py:538} INFO - Filling up the DagBag from /home/airflow/.local/lib/python3.8/site-packages/airflow/example_dags/example_latest_only.py
[2026-01-22T13:04:38.058+0000] {processor.py:840} INFO - DAG(s) 'latest_only' retrieved from /home/airflow/.local/lib/python3.8/site-packages/airflow/example_dags/example_latest_only.py
[2026-01-22T13:04:38.098+0000] {logging_mixin.py:188} INFO - [2026-01-22T13:04:38.098+0000] {dag.py:3036} INFO - Sync 1 DAGs
[2026-01-22T13:04:38.147+0000] {logging_mixin.py:188} INFO - [2026-01-22T13:04:38.147+0000] {dag.py:3823} INFO - Setting next_dagrun for latest_only to 2026-01-22 08:00:00+00:00, run_after=2026-01-22 12:00:00+00:00
[2026-01-22T13:04:38.184+0000] {processor.py:183} INFO - Processing /home/airflow/.local/lib/python3.8/site-packages/airflow/example_dags/example_latest_only.py took 0.144 seconds
