[2026-01-22T12:59:37.165+0000] {processor.py:161} INFO - Started process (PID=86) to work on /home/airflow/.local/lib/python3.8/site-packages/airflow/example_dags/example_external_task_marker_dag.py
[2026-01-22T12:59:37.167+0000] {processor.py:830} INFO - Processing file /home/airflow/.local/lib/python3.8/site-packages/airflow/example_dags/example_external_task_marker_dag.py for tasks to queue
[2026-01-22T12:59:37.171+0000] {logging_mixin.py:188} INFO - [2026-01-22T12:59:37.170+0000] {dagbag.py:538} INFO - Filling up the DagBag from /home/airflow/.local/lib/python3.8/site-packages/airflow/example_dags/example_external_task_marker_dag.py
[2026-01-22T12:59:37.183+0000] {processor.py:840} INFO - DAG(s) 'example_external_task_marker_parent', 'example_external_task_marker_child' retrieved from /home/airflow/.local/lib/python3.8/site-packages/airflow/example_dags/example_external_task_marker_dag.py
[2026-01-22T12:59:37.227+0000] {logging_mixin.py:188} INFO - [2026-01-22T12:59:37.226+0000] {dag.py:3036} INFO - Sync 2 DAGs
[2026-01-22T12:59:37.254+0000] {logging_mixin.py:188} INFO - [2026-01-22T12:59:37.253+0000] {dag.py:3823} INFO - Setting next_dagrun for example_external_task_marker_child to None, run_after=None
[2026-01-22T12:59:37.261+0000] {logging_mixin.py:188} INFO - [2026-01-22T12:59:37.261+0000] {dag.py:3823} INFO - Setting next_dagrun for example_external_task_marker_parent to None, run_after=None
[2026-01-22T12:59:37.295+0000] {processor.py:183} INFO - Processing /home/airflow/.local/lib/python3.8/site-packages/airflow/example_dags/example_external_task_marker_dag.py took 0.136 seconds
[2026-01-22T13:00:07.999+0000] {processor.py:161} INFO - Started process (PID=154) to work on /home/airflow/.local/lib/python3.8/site-packages/airflow/example_dags/example_external_task_marker_dag.py
[2026-01-22T13:00:08.001+0000] {processor.py:830} INFO - Processing file /home/airflow/.local/lib/python3.8/site-packages/airflow/example_dags/example_external_task_marker_dag.py for tasks to queue
[2026-01-22T13:00:08.004+0000] {logging_mixin.py:188} INFO - [2026-01-22T13:00:08.004+0000] {dagbag.py:538} INFO - Filling up the DagBag from /home/airflow/.local/lib/python3.8/site-packages/airflow/example_dags/example_external_task_marker_dag.py
[2026-01-22T13:00:08.016+0000] {processor.py:840} INFO - DAG(s) 'example_external_task_marker_child', 'example_external_task_marker_parent' retrieved from /home/airflow/.local/lib/python3.8/site-packages/airflow/example_dags/example_external_task_marker_dag.py
[2026-01-22T13:00:08.063+0000] {logging_mixin.py:188} INFO - [2026-01-22T13:00:08.063+0000] {dag.py:3036} INFO - Sync 2 DAGs
[2026-01-22T13:00:08.095+0000] {logging_mixin.py:188} INFO - [2026-01-22T13:00:08.085+0000] {dag.py:3823} INFO - Setting next_dagrun for example_external_task_marker_child to None, run_after=None
[2026-01-22T13:00:08.112+0000] {logging_mixin.py:188} INFO - [2026-01-22T13:00:08.111+0000] {dag.py:3823} INFO - Setting next_dagrun for example_external_task_marker_parent to None, run_after=None
[2026-01-22T13:00:08.161+0000] {processor.py:183} INFO - Processing /home/airflow/.local/lib/python3.8/site-packages/airflow/example_dags/example_external_task_marker_dag.py took 0.168 seconds
[2026-01-22T13:00:38.968+0000] {processor.py:161} INFO - Started process (PID=219) to work on /home/airflow/.local/lib/python3.8/site-packages/airflow/example_dags/example_external_task_marker_dag.py
[2026-01-22T13:00:38.971+0000] {processor.py:830} INFO - Processing file /home/airflow/.local/lib/python3.8/site-packages/airflow/example_dags/example_external_task_marker_dag.py for tasks to queue
[2026-01-22T13:00:38.974+0000] {logging_mixin.py:188} INFO - [2026-01-22T13:00:38.973+0000] {dagbag.py:538} INFO - Filling up the DagBag from /home/airflow/.local/lib/python3.8/site-packages/airflow/example_dags/example_external_task_marker_dag.py
[2026-01-22T13:00:38.986+0000] {processor.py:840} INFO - DAG(s) 'example_external_task_marker_child', 'example_external_task_marker_parent' retrieved from /home/airflow/.local/lib/python3.8/site-packages/airflow/example_dags/example_external_task_marker_dag.py
[2026-01-22T13:00:39.038+0000] {logging_mixin.py:188} INFO - [2026-01-22T13:00:39.038+0000] {dag.py:3036} INFO - Sync 2 DAGs
[2026-01-22T13:00:39.066+0000] {logging_mixin.py:188} INFO - [2026-01-22T13:00:39.065+0000] {dag.py:3823} INFO - Setting next_dagrun for example_external_task_marker_child to None, run_after=None
[2026-01-22T13:00:39.073+0000] {logging_mixin.py:188} INFO - [2026-01-22T13:00:39.073+0000] {dag.py:3823} INFO - Setting next_dagrun for example_external_task_marker_parent to None, run_after=None
[2026-01-22T13:00:39.105+0000] {processor.py:183} INFO - Processing /home/airflow/.local/lib/python3.8/site-packages/airflow/example_dags/example_external_task_marker_dag.py took 0.143 seconds
[2026-01-22T13:01:09.865+0000] {processor.py:161} INFO - Started process (PID=285) to work on /home/airflow/.local/lib/python3.8/site-packages/airflow/example_dags/example_external_task_marker_dag.py
[2026-01-22T13:01:09.866+0000] {processor.py:830} INFO - Processing file /home/airflow/.local/lib/python3.8/site-packages/airflow/example_dags/example_external_task_marker_dag.py for tasks to queue
[2026-01-22T13:01:09.869+0000] {logging_mixin.py:188} INFO - [2026-01-22T13:01:09.868+0000] {dagbag.py:538} INFO - Filling up the DagBag from /home/airflow/.local/lib/python3.8/site-packages/airflow/example_dags/example_external_task_marker_dag.py
[2026-01-22T13:01:09.879+0000] {processor.py:840} INFO - DAG(s) 'example_external_task_marker_child', 'example_external_task_marker_parent' retrieved from /home/airflow/.local/lib/python3.8/site-packages/airflow/example_dags/example_external_task_marker_dag.py
[2026-01-22T13:01:09.946+0000] {logging_mixin.py:188} INFO - [2026-01-22T13:01:09.945+0000] {dag.py:3036} INFO - Sync 2 DAGs
[2026-01-22T13:01:09.979+0000] {logging_mixin.py:188} INFO - [2026-01-22T13:01:09.978+0000] {dag.py:3823} INFO - Setting next_dagrun for example_external_task_marker_child to None, run_after=None
[2026-01-22T13:01:09.989+0000] {logging_mixin.py:188} INFO - [2026-01-22T13:01:09.989+0000] {dag.py:3823} INFO - Setting next_dagrun for example_external_task_marker_parent to None, run_after=None
[2026-01-22T13:01:10.021+0000] {processor.py:183} INFO - Processing /home/airflow/.local/lib/python3.8/site-packages/airflow/example_dags/example_external_task_marker_dag.py took 0.162 seconds
[2026-01-22T13:01:40.508+0000] {processor.py:161} INFO - Started process (PID=351) to work on /home/airflow/.local/lib/python3.8/site-packages/airflow/example_dags/example_external_task_marker_dag.py
[2026-01-22T13:01:40.512+0000] {processor.py:830} INFO - Processing file /home/airflow/.local/lib/python3.8/site-packages/airflow/example_dags/example_external_task_marker_dag.py for tasks to queue
[2026-01-22T13:01:40.524+0000] {logging_mixin.py:188} INFO - [2026-01-22T13:01:40.523+0000] {dagbag.py:538} INFO - Filling up the DagBag from /home/airflow/.local/lib/python3.8/site-packages/airflow/example_dags/example_external_task_marker_dag.py
[2026-01-22T13:01:40.537+0000] {processor.py:840} INFO - DAG(s) 'example_external_task_marker_child', 'example_external_task_marker_parent' retrieved from /home/airflow/.local/lib/python3.8/site-packages/airflow/example_dags/example_external_task_marker_dag.py
[2026-01-22T13:01:40.614+0000] {logging_mixin.py:188} INFO - [2026-01-22T13:01:40.613+0000] {dag.py:3036} INFO - Sync 2 DAGs
[2026-01-22T13:01:40.642+0000] {logging_mixin.py:188} INFO - [2026-01-22T13:01:40.641+0000] {dag.py:3823} INFO - Setting next_dagrun for example_external_task_marker_child to None, run_after=None
[2026-01-22T13:01:40.649+0000] {logging_mixin.py:188} INFO - [2026-01-22T13:01:40.649+0000] {dag.py:3823} INFO - Setting next_dagrun for example_external_task_marker_parent to None, run_after=None
[2026-01-22T13:01:40.683+0000] {processor.py:183} INFO - Processing /home/airflow/.local/lib/python3.8/site-packages/airflow/example_dags/example_external_task_marker_dag.py took 0.180 seconds
[2026-01-22T13:02:11.322+0000] {processor.py:161} INFO - Started process (PID=417) to work on /home/airflow/.local/lib/python3.8/site-packages/airflow/example_dags/example_external_task_marker_dag.py
[2026-01-22T13:02:11.325+0000] {processor.py:830} INFO - Processing file /home/airflow/.local/lib/python3.8/site-packages/airflow/example_dags/example_external_task_marker_dag.py for tasks to queue
[2026-01-22T13:02:11.331+0000] {logging_mixin.py:188} INFO - [2026-01-22T13:02:11.330+0000] {dagbag.py:538} INFO - Filling up the DagBag from /home/airflow/.local/lib/python3.8/site-packages/airflow/example_dags/example_external_task_marker_dag.py
[2026-01-22T13:02:11.348+0000] {processor.py:840} INFO - DAG(s) 'example_external_task_marker_child', 'example_external_task_marker_parent' retrieved from /home/airflow/.local/lib/python3.8/site-packages/airflow/example_dags/example_external_task_marker_dag.py
[2026-01-22T13:02:11.411+0000] {logging_mixin.py:188} INFO - [2026-01-22T13:02:11.411+0000] {dag.py:3036} INFO - Sync 2 DAGs
[2026-01-22T13:02:11.452+0000] {logging_mixin.py:188} INFO - [2026-01-22T13:02:11.452+0000] {dag.py:3823} INFO - Setting next_dagrun for example_external_task_marker_child to None, run_after=None
[2026-01-22T13:02:11.460+0000] {logging_mixin.py:188} INFO - [2026-01-22T13:02:11.459+0000] {dag.py:3823} INFO - Setting next_dagrun for example_external_task_marker_parent to None, run_after=None
[2026-01-22T13:02:11.499+0000] {processor.py:183} INFO - Processing /home/airflow/.local/lib/python3.8/site-packages/airflow/example_dags/example_external_task_marker_dag.py took 0.183 seconds
[2026-01-22T13:02:42.409+0000] {processor.py:161} INFO - Started process (PID=484) to work on /home/airflow/.local/lib/python3.8/site-packages/airflow/example_dags/example_external_task_marker_dag.py
[2026-01-22T13:02:42.411+0000] {processor.py:830} INFO - Processing file /home/airflow/.local/lib/python3.8/site-packages/airflow/example_dags/example_external_task_marker_dag.py for tasks to queue
[2026-01-22T13:02:42.414+0000] {logging_mixin.py:188} INFO - [2026-01-22T13:02:42.413+0000] {dagbag.py:538} INFO - Filling up the DagBag from /home/airflow/.local/lib/python3.8/site-packages/airflow/example_dags/example_external_task_marker_dag.py
[2026-01-22T13:02:42.425+0000] {processor.py:840} INFO - DAG(s) 'example_external_task_marker_child', 'example_external_task_marker_parent' retrieved from /home/airflow/.local/lib/python3.8/site-packages/airflow/example_dags/example_external_task_marker_dag.py
[2026-01-22T13:02:42.466+0000] {logging_mixin.py:188} INFO - [2026-01-22T13:02:42.466+0000] {dag.py:3036} INFO - Sync 2 DAGs
[2026-01-22T13:02:42.487+0000] {logging_mixin.py:188} INFO - [2026-01-22T13:02:42.487+0000] {dag.py:3823} INFO - Setting next_dagrun for example_external_task_marker_child to None, run_after=None
[2026-01-22T13:02:42.495+0000] {logging_mixin.py:188} INFO - [2026-01-22T13:02:42.494+0000] {dag.py:3823} INFO - Setting next_dagrun for example_external_task_marker_parent to None, run_after=None
[2026-01-22T13:02:42.525+0000] {processor.py:183} INFO - Processing /home/airflow/.local/lib/python3.8/site-packages/airflow/example_dags/example_external_task_marker_dag.py took 0.122 seconds
[2026-01-22T13:03:12.724+0000] {processor.py:161} INFO - Started process (PID=549) to work on /home/airflow/.local/lib/python3.8/site-packages/airflow/example_dags/example_external_task_marker_dag.py
[2026-01-22T13:03:12.725+0000] {processor.py:830} INFO - Processing file /home/airflow/.local/lib/python3.8/site-packages/airflow/example_dags/example_external_task_marker_dag.py for tasks to queue
[2026-01-22T13:03:12.728+0000] {logging_mixin.py:188} INFO - [2026-01-22T13:03:12.727+0000] {dagbag.py:538} INFO - Filling up the DagBag from /home/airflow/.local/lib/python3.8/site-packages/airflow/example_dags/example_external_task_marker_dag.py
[2026-01-22T13:03:12.739+0000] {processor.py:840} INFO - DAG(s) 'example_external_task_marker_parent', 'example_external_task_marker_child' retrieved from /home/airflow/.local/lib/python3.8/site-packages/airflow/example_dags/example_external_task_marker_dag.py
[2026-01-22T13:03:12.790+0000] {logging_mixin.py:188} INFO - [2026-01-22T13:03:12.790+0000] {dag.py:3036} INFO - Sync 2 DAGs
[2026-01-22T13:03:12.828+0000] {logging_mixin.py:188} INFO - [2026-01-22T13:03:12.827+0000] {dag.py:3823} INFO - Setting next_dagrun for example_external_task_marker_child to None, run_after=None
[2026-01-22T13:03:12.839+0000] {logging_mixin.py:188} INFO - [2026-01-22T13:03:12.839+0000] {dag.py:3823} INFO - Setting next_dagrun for example_external_task_marker_parent to None, run_after=None
[2026-01-22T13:03:12.870+0000] {processor.py:183} INFO - Processing /home/airflow/.local/lib/python3.8/site-packages/airflow/example_dags/example_external_task_marker_dag.py took 0.152 seconds
[2026-01-22T13:03:43.122+0000] {processor.py:161} INFO - Started process (PID=616) to work on /home/airflow/.local/lib/python3.8/site-packages/airflow/example_dags/example_external_task_marker_dag.py
[2026-01-22T13:03:43.124+0000] {processor.py:830} INFO - Processing file /home/airflow/.local/lib/python3.8/site-packages/airflow/example_dags/example_external_task_marker_dag.py for tasks to queue
[2026-01-22T13:03:43.127+0000] {logging_mixin.py:188} INFO - [2026-01-22T13:03:43.127+0000] {dagbag.py:538} INFO - Filling up the DagBag from /home/airflow/.local/lib/python3.8/site-packages/airflow/example_dags/example_external_task_marker_dag.py
[2026-01-22T13:03:43.143+0000] {processor.py:840} INFO - DAG(s) 'example_external_task_marker_child', 'example_external_task_marker_parent' retrieved from /home/airflow/.local/lib/python3.8/site-packages/airflow/example_dags/example_external_task_marker_dag.py
[2026-01-22T13:03:43.187+0000] {logging_mixin.py:188} INFO - [2026-01-22T13:03:43.187+0000] {dag.py:3036} INFO - Sync 2 DAGs
[2026-01-22T13:03:43.215+0000] {logging_mixin.py:188} INFO - [2026-01-22T13:03:43.214+0000] {dag.py:3823} INFO - Setting next_dagrun for example_external_task_marker_child to None, run_after=None
[2026-01-22T13:03:43.222+0000] {logging_mixin.py:188} INFO - [2026-01-22T13:03:43.222+0000] {dag.py:3823} INFO - Setting next_dagrun for example_external_task_marker_parent to None, run_after=None
[2026-01-22T13:03:43.251+0000] {processor.py:183} INFO - Processing /home/airflow/.local/lib/python3.8/site-packages/airflow/example_dags/example_external_task_marker_dag.py took 0.135 seconds
[2026-01-22T13:04:13.900+0000] {processor.py:161} INFO - Started process (PID=683) to work on /home/airflow/.local/lib/python3.8/site-packages/airflow/example_dags/example_external_task_marker_dag.py
[2026-01-22T13:04:13.901+0000] {processor.py:830} INFO - Processing file /home/airflow/.local/lib/python3.8/site-packages/airflow/example_dags/example_external_task_marker_dag.py for tasks to queue
[2026-01-22T13:04:13.905+0000] {logging_mixin.py:188} INFO - [2026-01-22T13:04:13.904+0000] {dagbag.py:538} INFO - Filling up the DagBag from /home/airflow/.local/lib/python3.8/site-packages/airflow/example_dags/example_external_task_marker_dag.py
[2026-01-22T13:04:13.914+0000] {processor.py:840} INFO - DAG(s) 'example_external_task_marker_child', 'example_external_task_marker_parent' retrieved from /home/airflow/.local/lib/python3.8/site-packages/airflow/example_dags/example_external_task_marker_dag.py
[2026-01-22T13:04:13.953+0000] {logging_mixin.py:188} INFO - [2026-01-22T13:04:13.952+0000] {dag.py:3036} INFO - Sync 2 DAGs
[2026-01-22T13:04:13.973+0000] {logging_mixin.py:188} INFO - [2026-01-22T13:04:13.973+0000] {dag.py:3823} INFO - Setting next_dagrun for example_external_task_marker_child to None, run_after=None
[2026-01-22T13:04:13.980+0000] {logging_mixin.py:188} INFO - [2026-01-22T13:04:13.979+0000] {dag.py:3823} INFO - Setting next_dagrun for example_external_task_marker_parent to None, run_after=None
[2026-01-22T13:04:14.009+0000] {processor.py:183} INFO - Processing /home/airflow/.local/lib/python3.8/site-packages/airflow/example_dags/example_external_task_marker_dag.py took 0.114 seconds
[2026-01-22T13:04:44.444+0000] {processor.py:161} INFO - Started process (PID=755) to work on /home/airflow/.local/lib/python3.8/site-packages/airflow/example_dags/example_external_task_marker_dag.py
[2026-01-22T13:04:44.446+0000] {processor.py:830} INFO - Processing file /home/airflow/.local/lib/python3.8/site-packages/airflow/example_dags/example_external_task_marker_dag.py for tasks to queue
[2026-01-22T13:04:44.449+0000] {logging_mixin.py:188} INFO - [2026-01-22T13:04:44.448+0000] {dagbag.py:538} INFO - Filling up the DagBag from /home/airflow/.local/lib/python3.8/site-packages/airflow/example_dags/example_external_task_marker_dag.py
[2026-01-22T13:04:44.459+0000] {processor.py:840} INFO - DAG(s) 'example_external_task_marker_child', 'example_external_task_marker_parent' retrieved from /home/airflow/.local/lib/python3.8/site-packages/airflow/example_dags/example_external_task_marker_dag.py
[2026-01-22T13:04:44.503+0000] {logging_mixin.py:188} INFO - [2026-01-22T13:04:44.503+0000] {dag.py:3036} INFO - Sync 2 DAGs
[2026-01-22T13:04:44.526+0000] {logging_mixin.py:188} INFO - [2026-01-22T13:04:44.526+0000] {dag.py:3823} INFO - Setting next_dagrun for example_external_task_marker_child to None, run_after=None
[2026-01-22T13:04:44.533+0000] {logging_mixin.py:188} INFO - [2026-01-22T13:04:44.533+0000] {dag.py:3823} INFO - Setting next_dagrun for example_external_task_marker_parent to None, run_after=None
[2026-01-22T13:04:44.563+0000] {processor.py:183} INFO - Processing /home/airflow/.local/lib/python3.8/site-packages/airflow/example_dags/example_external_task_marker_dag.py took 0.125 seconds
