[2026-01-22T12:59:32.917+0000] {processor.py:161} INFO - Started process (PID=63) to work on /home/airflow/.local/lib/python3.8/site-packages/airflow/example_dags/example_time_delta_sensor_async.py
[2026-01-22T12:59:32.919+0000] {processor.py:830} INFO - Processing file /home/airflow/.local/lib/python3.8/site-packages/airflow/example_dags/example_time_delta_sensor_async.py for tasks to queue
[2026-01-22T12:59:32.922+0000] {logging_mixin.py:188} INFO - [2026-01-22T12:59:32.921+0000] {dagbag.py:538} INFO - Filling up the DagBag from /home/airflow/.local/lib/python3.8/site-packages/airflow/example_dags/example_time_delta_sensor_async.py
[2026-01-22T12:59:32.964+0000] {processor.py:840} INFO - DAG(s) 'example_time_delta_sensor_async' retrieved from /home/airflow/.local/lib/python3.8/site-packages/airflow/example_dags/example_time_delta_sensor_async.py
[2026-01-22T12:59:33.049+0000] {logging_mixin.py:188} INFO - [2026-01-22T12:59:33.049+0000] {dag.py:3036} INFO - Sync 1 DAGs
[2026-01-22T12:59:33.099+0000] {logging_mixin.py:188} INFO - [2026-01-22T12:59:33.099+0000] {dag.py:3823} INFO - Setting next_dagrun for example_time_delta_sensor_async to None, run_after=None
[2026-01-22T12:59:33.176+0000] {processor.py:183} INFO - Processing /home/airflow/.local/lib/python3.8/site-packages/airflow/example_dags/example_time_delta_sensor_async.py took 0.269 seconds
[2026-01-22T13:00:03.509+0000] {processor.py:161} INFO - Started process (PID=123) to work on /home/airflow/.local/lib/python3.8/site-packages/airflow/example_dags/example_time_delta_sensor_async.py
[2026-01-22T13:00:03.510+0000] {processor.py:830} INFO - Processing file /home/airflow/.local/lib/python3.8/site-packages/airflow/example_dags/example_time_delta_sensor_async.py for tasks to queue
[2026-01-22T13:00:03.513+0000] {logging_mixin.py:188} INFO - [2026-01-22T13:00:03.513+0000] {dagbag.py:538} INFO - Filling up the DagBag from /home/airflow/.local/lib/python3.8/site-packages/airflow/example_dags/example_time_delta_sensor_async.py
[2026-01-22T13:00:03.522+0000] {processor.py:840} INFO - DAG(s) 'example_time_delta_sensor_async' retrieved from /home/airflow/.local/lib/python3.8/site-packages/airflow/example_dags/example_time_delta_sensor_async.py
[2026-01-22T13:00:03.558+0000] {logging_mixin.py:188} INFO - [2026-01-22T13:00:03.558+0000] {dag.py:3036} INFO - Sync 1 DAGs
[2026-01-22T13:00:03.581+0000] {logging_mixin.py:188} INFO - [2026-01-22T13:00:03.580+0000] {dag.py:3823} INFO - Setting next_dagrun for example_time_delta_sensor_async to None, run_after=None
[2026-01-22T13:00:03.615+0000] {processor.py:183} INFO - Processing /home/airflow/.local/lib/python3.8/site-packages/airflow/example_dags/example_time_delta_sensor_async.py took 0.113 seconds
[2026-01-22T13:00:34.677+0000] {processor.py:161} INFO - Started process (PID=189) to work on /home/airflow/.local/lib/python3.8/site-packages/airflow/example_dags/example_time_delta_sensor_async.py
[2026-01-22T13:00:34.679+0000] {processor.py:830} INFO - Processing file /home/airflow/.local/lib/python3.8/site-packages/airflow/example_dags/example_time_delta_sensor_async.py for tasks to queue
[2026-01-22T13:00:34.682+0000] {logging_mixin.py:188} INFO - [2026-01-22T13:00:34.681+0000] {dagbag.py:538} INFO - Filling up the DagBag from /home/airflow/.local/lib/python3.8/site-packages/airflow/example_dags/example_time_delta_sensor_async.py
[2026-01-22T13:00:34.690+0000] {processor.py:840} INFO - DAG(s) 'example_time_delta_sensor_async' retrieved from /home/airflow/.local/lib/python3.8/site-packages/airflow/example_dags/example_time_delta_sensor_async.py
[2026-01-22T13:00:34.728+0000] {logging_mixin.py:188} INFO - [2026-01-22T13:00:34.728+0000] {dag.py:3036} INFO - Sync 1 DAGs
[2026-01-22T13:00:34.756+0000] {logging_mixin.py:188} INFO - [2026-01-22T13:00:34.755+0000] {dag.py:3823} INFO - Setting next_dagrun for example_time_delta_sensor_async to None, run_after=None
[2026-01-22T13:00:34.793+0000] {processor.py:183} INFO - Processing /home/airflow/.local/lib/python3.8/site-packages/airflow/example_dags/example_time_delta_sensor_async.py took 0.123 seconds
[2026-01-22T13:01:05.478+0000] {processor.py:161} INFO - Started process (PID=262) to work on /home/airflow/.local/lib/python3.8/site-packages/airflow/example_dags/example_time_delta_sensor_async.py
[2026-01-22T13:01:05.480+0000] {processor.py:830} INFO - Processing file /home/airflow/.local/lib/python3.8/site-packages/airflow/example_dags/example_time_delta_sensor_async.py for tasks to queue
[2026-01-22T13:01:05.482+0000] {logging_mixin.py:188} INFO - [2026-01-22T13:01:05.482+0000] {dagbag.py:538} INFO - Filling up the DagBag from /home/airflow/.local/lib/python3.8/site-packages/airflow/example_dags/example_time_delta_sensor_async.py
[2026-01-22T13:01:05.490+0000] {processor.py:840} INFO - DAG(s) 'example_time_delta_sensor_async' retrieved from /home/airflow/.local/lib/python3.8/site-packages/airflow/example_dags/example_time_delta_sensor_async.py
[2026-01-22T13:01:05.530+0000] {logging_mixin.py:188} INFO - [2026-01-22T13:01:05.529+0000] {dag.py:3036} INFO - Sync 1 DAGs
[2026-01-22T13:01:05.555+0000] {logging_mixin.py:188} INFO - [2026-01-22T13:01:05.555+0000] {dag.py:3823} INFO - Setting next_dagrun for example_time_delta_sensor_async to None, run_after=None
[2026-01-22T13:01:05.591+0000] {processor.py:183} INFO - Processing /home/airflow/.local/lib/python3.8/site-packages/airflow/example_dags/example_time_delta_sensor_async.py took 0.120 seconds
[2026-01-22T13:01:36.069+0000] {processor.py:161} INFO - Started process (PID=329) to work on /home/airflow/.local/lib/python3.8/site-packages/airflow/example_dags/example_time_delta_sensor_async.py
[2026-01-22T13:01:36.071+0000] {processor.py:830} INFO - Processing file /home/airflow/.local/lib/python3.8/site-packages/airflow/example_dags/example_time_delta_sensor_async.py for tasks to queue
[2026-01-22T13:01:36.074+0000] {logging_mixin.py:188} INFO - [2026-01-22T13:01:36.073+0000] {dagbag.py:538} INFO - Filling up the DagBag from /home/airflow/.local/lib/python3.8/site-packages/airflow/example_dags/example_time_delta_sensor_async.py
[2026-01-22T13:01:36.081+0000] {processor.py:840} INFO - DAG(s) 'example_time_delta_sensor_async' retrieved from /home/airflow/.local/lib/python3.8/site-packages/airflow/example_dags/example_time_delta_sensor_async.py
[2026-01-22T13:01:36.113+0000] {logging_mixin.py:188} INFO - [2026-01-22T13:01:36.113+0000] {dag.py:3036} INFO - Sync 1 DAGs
[2026-01-22T13:01:36.137+0000] {logging_mixin.py:188} INFO - [2026-01-22T13:01:36.136+0000] {dag.py:3823} INFO - Setting next_dagrun for example_time_delta_sensor_async to None, run_after=None
[2026-01-22T13:01:36.175+0000] {processor.py:183} INFO - Processing /home/airflow/.local/lib/python3.8/site-packages/airflow/example_dags/example_time_delta_sensor_async.py took 0.111 seconds
[2026-01-22T13:02:06.921+0000] {processor.py:161} INFO - Started process (PID=395) to work on /home/airflow/.local/lib/python3.8/site-packages/airflow/example_dags/example_time_delta_sensor_async.py
[2026-01-22T13:02:06.923+0000] {processor.py:830} INFO - Processing file /home/airflow/.local/lib/python3.8/site-packages/airflow/example_dags/example_time_delta_sensor_async.py for tasks to queue
[2026-01-22T13:02:06.926+0000] {logging_mixin.py:188} INFO - [2026-01-22T13:02:06.925+0000] {dagbag.py:538} INFO - Filling up the DagBag from /home/airflow/.local/lib/python3.8/site-packages/airflow/example_dags/example_time_delta_sensor_async.py
[2026-01-22T13:02:06.933+0000] {processor.py:840} INFO - DAG(s) 'example_time_delta_sensor_async' retrieved from /home/airflow/.local/lib/python3.8/site-packages/airflow/example_dags/example_time_delta_sensor_async.py
[2026-01-22T13:02:06.972+0000] {logging_mixin.py:188} INFO - [2026-01-22T13:02:06.972+0000] {dag.py:3036} INFO - Sync 1 DAGs
[2026-01-22T13:02:07.000+0000] {logging_mixin.py:188} INFO - [2026-01-22T13:02:07.000+0000] {dag.py:3823} INFO - Setting next_dagrun for example_time_delta_sensor_async to None, run_after=None
[2026-01-22T13:02:07.038+0000] {processor.py:183} INFO - Processing /home/airflow/.local/lib/python3.8/site-packages/airflow/example_dags/example_time_delta_sensor_async.py took 0.130 seconds
[2026-01-22T13:02:37.267+0000] {processor.py:161} INFO - Started process (PID=462) to work on /home/airflow/.local/lib/python3.8/site-packages/airflow/example_dags/example_time_delta_sensor_async.py
[2026-01-22T13:02:37.269+0000] {processor.py:830} INFO - Processing file /home/airflow/.local/lib/python3.8/site-packages/airflow/example_dags/example_time_delta_sensor_async.py for tasks to queue
[2026-01-22T13:02:37.272+0000] {logging_mixin.py:188} INFO - [2026-01-22T13:02:37.271+0000] {dagbag.py:538} INFO - Filling up the DagBag from /home/airflow/.local/lib/python3.8/site-packages/airflow/example_dags/example_time_delta_sensor_async.py
[2026-01-22T13:02:37.280+0000] {processor.py:840} INFO - DAG(s) 'example_time_delta_sensor_async' retrieved from /home/airflow/.local/lib/python3.8/site-packages/airflow/example_dags/example_time_delta_sensor_async.py
[2026-01-22T13:02:37.314+0000] {logging_mixin.py:188} INFO - [2026-01-22T13:02:37.314+0000] {dag.py:3036} INFO - Sync 1 DAGs
[2026-01-22T13:02:37.337+0000] {logging_mixin.py:188} INFO - [2026-01-22T13:02:37.337+0000] {dag.py:3823} INFO - Setting next_dagrun for example_time_delta_sensor_async to None, run_after=None
[2026-01-22T13:02:37.375+0000] {processor.py:183} INFO - Processing /home/airflow/.local/lib/python3.8/site-packages/airflow/example_dags/example_time_delta_sensor_async.py took 0.113 seconds
[2026-01-22T13:03:07.583+0000] {processor.py:161} INFO - Started process (PID=528) to work on /home/airflow/.local/lib/python3.8/site-packages/airflow/example_dags/example_time_delta_sensor_async.py
[2026-01-22T13:03:07.585+0000] {processor.py:830} INFO - Processing file /home/airflow/.local/lib/python3.8/site-packages/airflow/example_dags/example_time_delta_sensor_async.py for tasks to queue
[2026-01-22T13:03:07.588+0000] {logging_mixin.py:188} INFO - [2026-01-22T13:03:07.587+0000] {dagbag.py:538} INFO - Filling up the DagBag from /home/airflow/.local/lib/python3.8/site-packages/airflow/example_dags/example_time_delta_sensor_async.py
[2026-01-22T13:03:07.595+0000] {processor.py:840} INFO - DAG(s) 'example_time_delta_sensor_async' retrieved from /home/airflow/.local/lib/python3.8/site-packages/airflow/example_dags/example_time_delta_sensor_async.py
[2026-01-22T13:03:07.637+0000] {logging_mixin.py:188} INFO - [2026-01-22T13:03:07.637+0000] {dag.py:3036} INFO - Sync 1 DAGs
[2026-01-22T13:03:07.664+0000] {logging_mixin.py:188} INFO - [2026-01-22T13:03:07.664+0000] {dag.py:3823} INFO - Setting next_dagrun for example_time_delta_sensor_async to None, run_after=None
[2026-01-22T13:03:07.701+0000] {processor.py:183} INFO - Processing /home/airflow/.local/lib/python3.8/site-packages/airflow/example_dags/example_time_delta_sensor_async.py took 0.124 seconds
[2026-01-22T13:03:38.206+0000] {processor.py:161} INFO - Started process (PID=595) to work on /home/airflow/.local/lib/python3.8/site-packages/airflow/example_dags/example_time_delta_sensor_async.py
[2026-01-22T13:03:38.208+0000] {processor.py:830} INFO - Processing file /home/airflow/.local/lib/python3.8/site-packages/airflow/example_dags/example_time_delta_sensor_async.py for tasks to queue
[2026-01-22T13:03:38.210+0000] {logging_mixin.py:188} INFO - [2026-01-22T13:03:38.210+0000] {dagbag.py:538} INFO - Filling up the DagBag from /home/airflow/.local/lib/python3.8/site-packages/airflow/example_dags/example_time_delta_sensor_async.py
[2026-01-22T13:03:38.217+0000] {processor.py:840} INFO - DAG(s) 'example_time_delta_sensor_async' retrieved from /home/airflow/.local/lib/python3.8/site-packages/airflow/example_dags/example_time_delta_sensor_async.py
[2026-01-22T13:03:38.250+0000] {logging_mixin.py:188} INFO - [2026-01-22T13:03:38.250+0000] {dag.py:3036} INFO - Sync 1 DAGs
[2026-01-22T13:03:38.271+0000] {logging_mixin.py:188} INFO - [2026-01-22T13:03:38.270+0000] {dag.py:3823} INFO - Setting next_dagrun for example_time_delta_sensor_async to None, run_after=None
[2026-01-22T13:03:38.301+0000] {processor.py:183} INFO - Processing /home/airflow/.local/lib/python3.8/site-packages/airflow/example_dags/example_time_delta_sensor_async.py took 0.103 seconds
[2026-01-22T13:04:08.639+0000] {processor.py:161} INFO - Started process (PID=661) to work on /home/airflow/.local/lib/python3.8/site-packages/airflow/example_dags/example_time_delta_sensor_async.py
[2026-01-22T13:04:08.640+0000] {processor.py:830} INFO - Processing file /home/airflow/.local/lib/python3.8/site-packages/airflow/example_dags/example_time_delta_sensor_async.py for tasks to queue
[2026-01-22T13:04:08.642+0000] {logging_mixin.py:188} INFO - [2026-01-22T13:04:08.642+0000] {dagbag.py:538} INFO - Filling up the DagBag from /home/airflow/.local/lib/python3.8/site-packages/airflow/example_dags/example_time_delta_sensor_async.py
[2026-01-22T13:04:08.649+0000] {processor.py:840} INFO - DAG(s) 'example_time_delta_sensor_async' retrieved from /home/airflow/.local/lib/python3.8/site-packages/airflow/example_dags/example_time_delta_sensor_async.py
[2026-01-22T13:04:08.681+0000] {logging_mixin.py:188} INFO - [2026-01-22T13:04:08.681+0000] {dag.py:3036} INFO - Sync 1 DAGs
[2026-01-22T13:04:08.703+0000] {logging_mixin.py:188} INFO - [2026-01-22T13:04:08.703+0000] {dag.py:3823} INFO - Setting next_dagrun for example_time_delta_sensor_async to None, run_after=None
[2026-01-22T13:04:08.733+0000] {processor.py:183} INFO - Processing /home/airflow/.local/lib/python3.8/site-packages/airflow/example_dags/example_time_delta_sensor_async.py took 0.099 seconds
[2026-01-22T13:04:39.342+0000] {processor.py:161} INFO - Started process (PID=727) to work on /home/airflow/.local/lib/python3.8/site-packages/airflow/example_dags/example_time_delta_sensor_async.py
[2026-01-22T13:04:39.344+0000] {processor.py:830} INFO - Processing file /home/airflow/.local/lib/python3.8/site-packages/airflow/example_dags/example_time_delta_sensor_async.py for tasks to queue
[2026-01-22T13:04:39.346+0000] {logging_mixin.py:188} INFO - [2026-01-22T13:04:39.346+0000] {dagbag.py:538} INFO - Filling up the DagBag from /home/airflow/.local/lib/python3.8/site-packages/airflow/example_dags/example_time_delta_sensor_async.py
[2026-01-22T13:04:39.352+0000] {processor.py:840} INFO - DAG(s) 'example_time_delta_sensor_async' retrieved from /home/airflow/.local/lib/python3.8/site-packages/airflow/example_dags/example_time_delta_sensor_async.py
[2026-01-22T13:04:39.398+0000] {logging_mixin.py:188} INFO - [2026-01-22T13:04:39.398+0000] {dag.py:3036} INFO - Sync 1 DAGs
[2026-01-22T13:04:39.424+0000] {logging_mixin.py:188} INFO - [2026-01-22T13:04:39.423+0000] {dag.py:3823} INFO - Setting next_dagrun for example_time_delta_sensor_async to None, run_after=None
[2026-01-22T13:04:39.455+0000] {processor.py:183} INFO - Processing /home/airflow/.local/lib/python3.8/site-packages/airflow/example_dags/example_time_delta_sensor_async.py took 0.118 seconds
