[2026-01-22T12:59:35.882+0000] {processor.py:161} INFO - Started process (PID=78) to work on /home/airflow/.local/lib/python3.8/site-packages/airflow/example_dags/example_task_group_decorator.py
[2026-01-22T12:59:35.883+0000] {processor.py:830} INFO - Processing file /home/airflow/.local/lib/python3.8/site-packages/airflow/example_dags/example_task_group_decorator.py for tasks to queue
[2026-01-22T12:59:35.887+0000] {logging_mixin.py:188} INFO - [2026-01-22T12:59:35.887+0000] {dagbag.py:538} INFO - Filling up the DagBag from /home/airflow/.local/lib/python3.8/site-packages/airflow/example_dags/example_task_group_decorator.py
[2026-01-22T12:59:35.922+0000] {processor.py:840} INFO - DAG(s) 'example_task_group_decorator' retrieved from /home/airflow/.local/lib/python3.8/site-packages/airflow/example_dags/example_task_group_decorator.py
[2026-01-22T12:59:35.975+0000] {logging_mixin.py:188} INFO - [2026-01-22T12:59:35.975+0000] {dag.py:3036} INFO - Sync 1 DAGs
[2026-01-22T12:59:36.028+0000] {logging_mixin.py:188} INFO - [2026-01-22T12:59:36.028+0000] {dag.py:3823} INFO - Setting next_dagrun for example_task_group_decorator to 2026-01-21 00:00:00+00:00, run_after=2026-01-22 00:00:00+00:00
[2026-01-22T12:59:36.062+0000] {processor.py:183} INFO - Processing /home/airflow/.local/lib/python3.8/site-packages/airflow/example_dags/example_task_group_decorator.py took 0.188 seconds
[2026-01-22T13:00:06.872+0000] {processor.py:161} INFO - Started process (PID=146) to work on /home/airflow/.local/lib/python3.8/site-packages/airflow/example_dags/example_task_group_decorator.py
[2026-01-22T13:00:06.873+0000] {processor.py:830} INFO - Processing file /home/airflow/.local/lib/python3.8/site-packages/airflow/example_dags/example_task_group_decorator.py for tasks to queue
[2026-01-22T13:00:06.877+0000] {logging_mixin.py:188} INFO - [2026-01-22T13:00:06.876+0000] {dagbag.py:538} INFO - Filling up the DagBag from /home/airflow/.local/lib/python3.8/site-packages/airflow/example_dags/example_task_group_decorator.py
[2026-01-22T13:00:06.918+0000] {processor.py:840} INFO - DAG(s) 'example_task_group_decorator' retrieved from /home/airflow/.local/lib/python3.8/site-packages/airflow/example_dags/example_task_group_decorator.py
[2026-01-22T13:00:06.989+0000] {logging_mixin.py:188} INFO - [2026-01-22T13:00:06.989+0000] {dag.py:3036} INFO - Sync 1 DAGs
[2026-01-22T13:00:07.033+0000] {logging_mixin.py:188} INFO - [2026-01-22T13:00:07.032+0000] {dag.py:3823} INFO - Setting next_dagrun for example_task_group_decorator to 2026-01-21 00:00:00+00:00, run_after=2026-01-22 00:00:00+00:00
[2026-01-22T13:00:07.079+0000] {processor.py:183} INFO - Processing /home/airflow/.local/lib/python3.8/site-packages/airflow/example_dags/example_task_group_decorator.py took 0.213 seconds
[2026-01-22T13:00:37.676+0000] {processor.py:161} INFO - Started process (PID=211) to work on /home/airflow/.local/lib/python3.8/site-packages/airflow/example_dags/example_task_group_decorator.py
[2026-01-22T13:00:37.678+0000] {processor.py:830} INFO - Processing file /home/airflow/.local/lib/python3.8/site-packages/airflow/example_dags/example_task_group_decorator.py for tasks to queue
[2026-01-22T13:00:37.682+0000] {logging_mixin.py:188} INFO - [2026-01-22T13:00:37.681+0000] {dagbag.py:538} INFO - Filling up the DagBag from /home/airflow/.local/lib/python3.8/site-packages/airflow/example_dags/example_task_group_decorator.py
[2026-01-22T13:00:37.716+0000] {processor.py:840} INFO - DAG(s) 'example_task_group_decorator' retrieved from /home/airflow/.local/lib/python3.8/site-packages/airflow/example_dags/example_task_group_decorator.py
[2026-01-22T13:00:37.786+0000] {logging_mixin.py:188} INFO - [2026-01-22T13:00:37.786+0000] {dag.py:3036} INFO - Sync 1 DAGs
[2026-01-22T13:00:37.829+0000] {logging_mixin.py:188} INFO - [2026-01-22T13:00:37.829+0000] {dag.py:3823} INFO - Setting next_dagrun for example_task_group_decorator to 2026-01-21 00:00:00+00:00, run_after=2026-01-22 00:00:00+00:00
[2026-01-22T13:00:37.896+0000] {processor.py:183} INFO - Processing /home/airflow/.local/lib/python3.8/site-packages/airflow/example_dags/example_task_group_decorator.py took 0.229 seconds
[2026-01-22T13:01:07.964+0000] {processor.py:161} INFO - Started process (PID=277) to work on /home/airflow/.local/lib/python3.8/site-packages/airflow/example_dags/example_task_group_decorator.py
[2026-01-22T13:01:07.965+0000] {processor.py:830} INFO - Processing file /home/airflow/.local/lib/python3.8/site-packages/airflow/example_dags/example_task_group_decorator.py for tasks to queue
[2026-01-22T13:01:07.968+0000] {logging_mixin.py:188} INFO - [2026-01-22T13:01:07.968+0000] {dagbag.py:538} INFO - Filling up the DagBag from /home/airflow/.local/lib/python3.8/site-packages/airflow/example_dags/example_task_group_decorator.py
[2026-01-22T13:01:08.000+0000] {processor.py:840} INFO - DAG(s) 'example_task_group_decorator' retrieved from /home/airflow/.local/lib/python3.8/site-packages/airflow/example_dags/example_task_group_decorator.py
[2026-01-22T13:01:08.050+0000] {logging_mixin.py:188} INFO - [2026-01-22T13:01:08.050+0000] {dag.py:3036} INFO - Sync 1 DAGs
[2026-01-22T13:01:08.095+0000] {logging_mixin.py:188} INFO - [2026-01-22T13:01:08.095+0000] {dag.py:3823} INFO - Setting next_dagrun for example_task_group_decorator to 2026-01-21 00:00:00+00:00, run_after=2026-01-22 00:00:00+00:00
[2026-01-22T13:01:08.129+0000] {processor.py:183} INFO - Processing /home/airflow/.local/lib/python3.8/site-packages/airflow/example_dags/example_task_group_decorator.py took 0.171 seconds
[2026-01-22T13:01:38.650+0000] {processor.py:161} INFO - Started process (PID=343) to work on /home/airflow/.local/lib/python3.8/site-packages/airflow/example_dags/example_task_group_decorator.py
[2026-01-22T13:01:38.653+0000] {processor.py:830} INFO - Processing file /home/airflow/.local/lib/python3.8/site-packages/airflow/example_dags/example_task_group_decorator.py for tasks to queue
[2026-01-22T13:01:38.656+0000] {logging_mixin.py:188} INFO - [2026-01-22T13:01:38.655+0000] {dagbag.py:538} INFO - Filling up the DagBag from /home/airflow/.local/lib/python3.8/site-packages/airflow/example_dags/example_task_group_decorator.py
[2026-01-22T13:01:38.687+0000] {processor.py:840} INFO - DAG(s) 'example_task_group_decorator' retrieved from /home/airflow/.local/lib/python3.8/site-packages/airflow/example_dags/example_task_group_decorator.py
[2026-01-22T13:01:38.731+0000] {logging_mixin.py:188} INFO - [2026-01-22T13:01:38.731+0000] {dag.py:3036} INFO - Sync 1 DAGs
[2026-01-22T13:01:38.776+0000] {logging_mixin.py:188} INFO - [2026-01-22T13:01:38.775+0000] {dag.py:3823} INFO - Setting next_dagrun for example_task_group_decorator to 2026-01-21 00:00:00+00:00, run_after=2026-01-22 00:00:00+00:00
[2026-01-22T13:01:38.808+0000] {processor.py:183} INFO - Processing /home/airflow/.local/lib/python3.8/site-packages/airflow/example_dags/example_task_group_decorator.py took 0.164 seconds
[2026-01-22T13:02:09.351+0000] {processor.py:161} INFO - Started process (PID=409) to work on /home/airflow/.local/lib/python3.8/site-packages/airflow/example_dags/example_task_group_decorator.py
[2026-01-22T13:02:09.354+0000] {processor.py:830} INFO - Processing file /home/airflow/.local/lib/python3.8/site-packages/airflow/example_dags/example_task_group_decorator.py for tasks to queue
[2026-01-22T13:02:09.356+0000] {logging_mixin.py:188} INFO - [2026-01-22T13:02:09.356+0000] {dagbag.py:538} INFO - Filling up the DagBag from /home/airflow/.local/lib/python3.8/site-packages/airflow/example_dags/example_task_group_decorator.py
[2026-01-22T13:02:09.384+0000] {processor.py:840} INFO - DAG(s) 'example_task_group_decorator' retrieved from /home/airflow/.local/lib/python3.8/site-packages/airflow/example_dags/example_task_group_decorator.py
[2026-01-22T13:02:09.429+0000] {logging_mixin.py:188} INFO - [2026-01-22T13:02:09.429+0000] {dag.py:3036} INFO - Sync 1 DAGs
[2026-01-22T13:02:09.471+0000] {logging_mixin.py:188} INFO - [2026-01-22T13:02:09.470+0000] {dag.py:3823} INFO - Setting next_dagrun for example_task_group_decorator to 2026-01-21 00:00:00+00:00, run_after=2026-01-22 00:00:00+00:00
[2026-01-22T13:02:09.504+0000] {processor.py:183} INFO - Processing /home/airflow/.local/lib/python3.8/site-packages/airflow/example_dags/example_task_group_decorator.py took 0.159 seconds
[2026-01-22T13:02:39.597+0000] {processor.py:161} INFO - Started process (PID=475) to work on /home/airflow/.local/lib/python3.8/site-packages/airflow/example_dags/example_task_group_decorator.py
[2026-01-22T13:02:39.599+0000] {processor.py:830} INFO - Processing file /home/airflow/.local/lib/python3.8/site-packages/airflow/example_dags/example_task_group_decorator.py for tasks to queue
[2026-01-22T13:02:39.602+0000] {logging_mixin.py:188} INFO - [2026-01-22T13:02:39.601+0000] {dagbag.py:538} INFO - Filling up the DagBag from /home/airflow/.local/lib/python3.8/site-packages/airflow/example_dags/example_task_group_decorator.py
[2026-01-22T13:02:39.630+0000] {processor.py:840} INFO - DAG(s) 'example_task_group_decorator' retrieved from /home/airflow/.local/lib/python3.8/site-packages/airflow/example_dags/example_task_group_decorator.py
[2026-01-22T13:02:39.697+0000] {logging_mixin.py:188} INFO - [2026-01-22T13:02:39.696+0000] {dag.py:3036} INFO - Sync 1 DAGs
[2026-01-22T13:02:39.736+0000] {logging_mixin.py:188} INFO - [2026-01-22T13:02:39.736+0000] {dag.py:3823} INFO - Setting next_dagrun for example_task_group_decorator to 2026-01-21 00:00:00+00:00, run_after=2026-01-22 00:00:00+00:00
[2026-01-22T13:02:39.767+0000] {processor.py:183} INFO - Processing /home/airflow/.local/lib/python3.8/site-packages/airflow/example_dags/example_task_group_decorator.py took 0.175 seconds
[2026-01-22T13:03:09.825+0000] {processor.py:161} INFO - Started process (PID=541) to work on /home/airflow/.local/lib/python3.8/site-packages/airflow/example_dags/example_task_group_decorator.py
[2026-01-22T13:03:09.826+0000] {processor.py:830} INFO - Processing file /home/airflow/.local/lib/python3.8/site-packages/airflow/example_dags/example_task_group_decorator.py for tasks to queue
[2026-01-22T13:03:09.828+0000] {logging_mixin.py:188} INFO - [2026-01-22T13:03:09.828+0000] {dagbag.py:538} INFO - Filling up the DagBag from /home/airflow/.local/lib/python3.8/site-packages/airflow/example_dags/example_task_group_decorator.py
[2026-01-22T13:03:09.852+0000] {processor.py:840} INFO - DAG(s) 'example_task_group_decorator' retrieved from /home/airflow/.local/lib/python3.8/site-packages/airflow/example_dags/example_task_group_decorator.py
[2026-01-22T13:03:09.892+0000] {logging_mixin.py:188} INFO - [2026-01-22T13:03:09.892+0000] {dag.py:3036} INFO - Sync 1 DAGs
[2026-01-22T13:03:09.925+0000] {logging_mixin.py:188} INFO - [2026-01-22T13:03:09.924+0000] {dag.py:3823} INFO - Setting next_dagrun for example_task_group_decorator to 2026-01-21 00:00:00+00:00, run_after=2026-01-22 00:00:00+00:00
[2026-01-22T13:03:09.957+0000] {processor.py:183} INFO - Processing /home/airflow/.local/lib/python3.8/site-packages/airflow/example_dags/example_task_group_decorator.py took 0.137 seconds
[2026-01-22T13:03:40.351+0000] {processor.py:161} INFO - Started process (PID=608) to work on /home/airflow/.local/lib/python3.8/site-packages/airflow/example_dags/example_task_group_decorator.py
[2026-01-22T13:03:40.353+0000] {processor.py:830} INFO - Processing file /home/airflow/.local/lib/python3.8/site-packages/airflow/example_dags/example_task_group_decorator.py for tasks to queue
[2026-01-22T13:03:40.357+0000] {logging_mixin.py:188} INFO - [2026-01-22T13:03:40.356+0000] {dagbag.py:538} INFO - Filling up the DagBag from /home/airflow/.local/lib/python3.8/site-packages/airflow/example_dags/example_task_group_decorator.py
[2026-01-22T13:03:40.392+0000] {processor.py:840} INFO - DAG(s) 'example_task_group_decorator' retrieved from /home/airflow/.local/lib/python3.8/site-packages/airflow/example_dags/example_task_group_decorator.py
[2026-01-22T13:03:40.436+0000] {logging_mixin.py:188} INFO - [2026-01-22T13:03:40.435+0000] {dag.py:3036} INFO - Sync 1 DAGs
[2026-01-22T13:03:40.474+0000] {logging_mixin.py:188} INFO - [2026-01-22T13:03:40.474+0000] {dag.py:3823} INFO - Setting next_dagrun for example_task_group_decorator to 2026-01-21 00:00:00+00:00, run_after=2026-01-22 00:00:00+00:00
[2026-01-22T13:03:40.503+0000] {processor.py:183} INFO - Processing /home/airflow/.local/lib/python3.8/site-packages/airflow/example_dags/example_task_group_decorator.py took 0.158 seconds
[2026-01-22T13:04:10.922+0000] {processor.py:161} INFO - Started process (PID=674) to work on /home/airflow/.local/lib/python3.8/site-packages/airflow/example_dags/example_task_group_decorator.py
[2026-01-22T13:04:10.923+0000] {processor.py:830} INFO - Processing file /home/airflow/.local/lib/python3.8/site-packages/airflow/example_dags/example_task_group_decorator.py for tasks to queue
[2026-01-22T13:04:10.927+0000] {logging_mixin.py:188} INFO - [2026-01-22T13:04:10.926+0000] {dagbag.py:538} INFO - Filling up the DagBag from /home/airflow/.local/lib/python3.8/site-packages/airflow/example_dags/example_task_group_decorator.py
[2026-01-22T13:04:10.970+0000] {processor.py:840} INFO - DAG(s) 'example_task_group_decorator' retrieved from /home/airflow/.local/lib/python3.8/site-packages/airflow/example_dags/example_task_group_decorator.py
[2026-01-22T13:04:11.020+0000] {logging_mixin.py:188} INFO - [2026-01-22T13:04:11.020+0000] {dag.py:3036} INFO - Sync 1 DAGs
[2026-01-22T13:04:11.058+0000] {logging_mixin.py:188} INFO - [2026-01-22T13:04:11.058+0000] {dag.py:3823} INFO - Setting next_dagrun for example_task_group_decorator to 2026-01-21 00:00:00+00:00, run_after=2026-01-22 00:00:00+00:00
[2026-01-22T13:04:11.090+0000] {processor.py:183} INFO - Processing /home/airflow/.local/lib/python3.8/site-packages/airflow/example_dags/example_task_group_decorator.py took 0.175 seconds
[2026-01-22T13:04:41.695+0000] {processor.py:161} INFO - Started process (PID=740) to work on /home/airflow/.local/lib/python3.8/site-packages/airflow/example_dags/example_task_group_decorator.py
[2026-01-22T13:04:41.697+0000] {processor.py:830} INFO - Processing file /home/airflow/.local/lib/python3.8/site-packages/airflow/example_dags/example_task_group_decorator.py for tasks to queue
[2026-01-22T13:04:41.699+0000] {logging_mixin.py:188} INFO - [2026-01-22T13:04:41.699+0000] {dagbag.py:538} INFO - Filling up the DagBag from /home/airflow/.local/lib/python3.8/site-packages/airflow/example_dags/example_task_group_decorator.py
[2026-01-22T13:04:41.722+0000] {processor.py:840} INFO - DAG(s) 'example_task_group_decorator' retrieved from /home/airflow/.local/lib/python3.8/site-packages/airflow/example_dags/example_task_group_decorator.py
[2026-01-22T13:04:41.762+0000] {logging_mixin.py:188} INFO - [2026-01-22T13:04:41.761+0000] {dag.py:3036} INFO - Sync 1 DAGs
[2026-01-22T13:04:41.799+0000] {logging_mixin.py:188} INFO - [2026-01-22T13:04:41.798+0000] {dag.py:3823} INFO - Setting next_dagrun for example_task_group_decorator to 2026-01-21 00:00:00+00:00, run_after=2026-01-22 00:00:00+00:00
[2026-01-22T13:04:41.829+0000] {processor.py:183} INFO - Processing /home/airflow/.local/lib/python3.8/site-packages/airflow/example_dags/example_task_group_decorator.py took 0.139 seconds
