[2026-01-22T12:59:36.139+0000] {processor.py:161} INFO - Started process (PID=80) to work on /home/airflow/.local/lib/python3.8/site-packages/airflow/example_dags/example_short_circuit_decorator.py
[2026-01-22T12:59:36.141+0000] {processor.py:830} INFO - Processing file /home/airflow/.local/lib/python3.8/site-packages/airflow/example_dags/example_short_circuit_decorator.py for tasks to queue
[2026-01-22T12:59:36.144+0000] {logging_mixin.py:188} INFO - [2026-01-22T12:59:36.143+0000] {dagbag.py:538} INFO - Filling up the DagBag from /home/airflow/.local/lib/python3.8/site-packages/airflow/example_dags/example_short_circuit_decorator.py
[2026-01-22T12:59:36.164+0000] {processor.py:840} INFO - DAG(s) 'example_short_circuit_decorator' retrieved from /home/airflow/.local/lib/python3.8/site-packages/airflow/example_dags/example_short_circuit_decorator.py
[2026-01-22T12:59:36.232+0000] {logging_mixin.py:188} INFO - [2026-01-22T12:59:36.228+0000] {dag.py:3036} INFO - Sync 1 DAGs
[2026-01-22T12:59:36.311+0000] {logging_mixin.py:188} INFO - [2026-01-22T12:59:36.310+0000] {dag.py:3823} INFO - Setting next_dagrun for example_short_circuit_decorator to 2026-01-21 00:00:00+00:00, run_after=2026-01-22 00:00:00+00:00
[2026-01-22T12:59:36.400+0000] {processor.py:183} INFO - Processing /home/airflow/.local/lib/python3.8/site-packages/airflow/example_dags/example_short_circuit_decorator.py took 0.267 seconds
[2026-01-22T13:00:07.131+0000] {processor.py:161} INFO - Started process (PID=148) to work on /home/airflow/.local/lib/python3.8/site-packages/airflow/example_dags/example_short_circuit_decorator.py
[2026-01-22T13:00:07.133+0000] {processor.py:830} INFO - Processing file /home/airflow/.local/lib/python3.8/site-packages/airflow/example_dags/example_short_circuit_decorator.py for tasks to queue
[2026-01-22T13:00:07.136+0000] {logging_mixin.py:188} INFO - [2026-01-22T13:00:07.135+0000] {dagbag.py:538} INFO - Filling up the DagBag from /home/airflow/.local/lib/python3.8/site-packages/airflow/example_dags/example_short_circuit_decorator.py
[2026-01-22T13:00:07.155+0000] {processor.py:840} INFO - DAG(s) 'example_short_circuit_decorator' retrieved from /home/airflow/.local/lib/python3.8/site-packages/airflow/example_dags/example_short_circuit_decorator.py
[2026-01-22T13:00:07.202+0000] {logging_mixin.py:188} INFO - [2026-01-22T13:00:07.202+0000] {dag.py:3036} INFO - Sync 1 DAGs
[2026-01-22T13:00:07.249+0000] {logging_mixin.py:188} INFO - [2026-01-22T13:00:07.248+0000] {dag.py:3823} INFO - Setting next_dagrun for example_short_circuit_decorator to 2026-01-21 00:00:00+00:00, run_after=2026-01-22 00:00:00+00:00
[2026-01-22T13:00:07.285+0000] {processor.py:183} INFO - Processing /home/airflow/.local/lib/python3.8/site-packages/airflow/example_dags/example_short_circuit_decorator.py took 0.161 seconds
[2026-01-22T13:00:37.920+0000] {processor.py:161} INFO - Started process (PID=213) to work on /home/airflow/.local/lib/python3.8/site-packages/airflow/example_dags/example_short_circuit_decorator.py
[2026-01-22T13:00:37.922+0000] {processor.py:830} INFO - Processing file /home/airflow/.local/lib/python3.8/site-packages/airflow/example_dags/example_short_circuit_decorator.py for tasks to queue
[2026-01-22T13:00:37.925+0000] {logging_mixin.py:188} INFO - [2026-01-22T13:00:37.925+0000] {dagbag.py:538} INFO - Filling up the DagBag from /home/airflow/.local/lib/python3.8/site-packages/airflow/example_dags/example_short_circuit_decorator.py
[2026-01-22T13:00:37.941+0000] {processor.py:840} INFO - DAG(s) 'example_short_circuit_decorator' retrieved from /home/airflow/.local/lib/python3.8/site-packages/airflow/example_dags/example_short_circuit_decorator.py
[2026-01-22T13:00:38.003+0000] {logging_mixin.py:188} INFO - [2026-01-22T13:00:38.002+0000] {dag.py:3036} INFO - Sync 1 DAGs
[2026-01-22T13:00:38.047+0000] {logging_mixin.py:188} INFO - [2026-01-22T13:00:38.047+0000] {dag.py:3823} INFO - Setting next_dagrun for example_short_circuit_decorator to 2026-01-21 00:00:00+00:00, run_after=2026-01-22 00:00:00+00:00
[2026-01-22T13:00:38.096+0000] {processor.py:183} INFO - Processing /home/airflow/.local/lib/python3.8/site-packages/airflow/example_dags/example_short_circuit_decorator.py took 0.181 seconds
[2026-01-22T13:01:08.179+0000] {processor.py:161} INFO - Started process (PID=279) to work on /home/airflow/.local/lib/python3.8/site-packages/airflow/example_dags/example_short_circuit_decorator.py
[2026-01-22T13:01:08.180+0000] {processor.py:830} INFO - Processing file /home/airflow/.local/lib/python3.8/site-packages/airflow/example_dags/example_short_circuit_decorator.py for tasks to queue
[2026-01-22T13:01:08.183+0000] {logging_mixin.py:188} INFO - [2026-01-22T13:01:08.182+0000] {dagbag.py:538} INFO - Filling up the DagBag from /home/airflow/.local/lib/python3.8/site-packages/airflow/example_dags/example_short_circuit_decorator.py
[2026-01-22T13:01:08.202+0000] {processor.py:840} INFO - DAG(s) 'example_short_circuit_decorator' retrieved from /home/airflow/.local/lib/python3.8/site-packages/airflow/example_dags/example_short_circuit_decorator.py
[2026-01-22T13:01:08.260+0000] {logging_mixin.py:188} INFO - [2026-01-22T13:01:08.260+0000] {dag.py:3036} INFO - Sync 1 DAGs
[2026-01-22T13:01:08.306+0000] {logging_mixin.py:188} INFO - [2026-01-22T13:01:08.305+0000] {dag.py:3823} INFO - Setting next_dagrun for example_short_circuit_decorator to 2026-01-21 00:00:00+00:00, run_after=2026-01-22 00:00:00+00:00
[2026-01-22T13:01:08.345+0000] {processor.py:183} INFO - Processing /home/airflow/.local/lib/python3.8/site-packages/airflow/example_dags/example_short_circuit_decorator.py took 0.172 seconds
[2026-01-22T13:01:38.857+0000] {processor.py:161} INFO - Started process (PID=345) to work on /home/airflow/.local/lib/python3.8/site-packages/airflow/example_dags/example_short_circuit_decorator.py
[2026-01-22T13:01:38.859+0000] {processor.py:830} INFO - Processing file /home/airflow/.local/lib/python3.8/site-packages/airflow/example_dags/example_short_circuit_decorator.py for tasks to queue
[2026-01-22T13:01:38.862+0000] {logging_mixin.py:188} INFO - [2026-01-22T13:01:38.862+0000] {dagbag.py:538} INFO - Filling up the DagBag from /home/airflow/.local/lib/python3.8/site-packages/airflow/example_dags/example_short_circuit_decorator.py
[2026-01-22T13:01:38.892+0000] {processor.py:840} INFO - DAG(s) 'example_short_circuit_decorator' retrieved from /home/airflow/.local/lib/python3.8/site-packages/airflow/example_dags/example_short_circuit_decorator.py
[2026-01-22T13:01:38.948+0000] {logging_mixin.py:188} INFO - [2026-01-22T13:01:38.947+0000] {dag.py:3036} INFO - Sync 1 DAGs
[2026-01-22T13:01:38.993+0000] {logging_mixin.py:188} INFO - [2026-01-22T13:01:38.993+0000] {dag.py:3823} INFO - Setting next_dagrun for example_short_circuit_decorator to 2026-01-21 00:00:00+00:00, run_after=2026-01-22 00:00:00+00:00
[2026-01-22T13:01:39.029+0000] {processor.py:183} INFO - Processing /home/airflow/.local/lib/python3.8/site-packages/airflow/example_dags/example_short_circuit_decorator.py took 0.178 seconds
[2026-01-22T13:02:09.652+0000] {processor.py:161} INFO - Started process (PID=411) to work on /home/airflow/.local/lib/python3.8/site-packages/airflow/example_dags/example_short_circuit_decorator.py
[2026-01-22T13:02:09.654+0000] {processor.py:830} INFO - Processing file /home/airflow/.local/lib/python3.8/site-packages/airflow/example_dags/example_short_circuit_decorator.py for tasks to queue
[2026-01-22T13:02:09.657+0000] {logging_mixin.py:188} INFO - [2026-01-22T13:02:09.656+0000] {dagbag.py:538} INFO - Filling up the DagBag from /home/airflow/.local/lib/python3.8/site-packages/airflow/example_dags/example_short_circuit_decorator.py
[2026-01-22T13:02:09.671+0000] {processor.py:840} INFO - DAG(s) 'example_short_circuit_decorator' retrieved from /home/airflow/.local/lib/python3.8/site-packages/airflow/example_dags/example_short_circuit_decorator.py
[2026-01-22T13:02:09.717+0000] {logging_mixin.py:188} INFO - [2026-01-22T13:02:09.717+0000] {dag.py:3036} INFO - Sync 1 DAGs
[2026-01-22T13:02:09.758+0000] {logging_mixin.py:188} INFO - [2026-01-22T13:02:09.757+0000] {dag.py:3823} INFO - Setting next_dagrun for example_short_circuit_decorator to 2026-01-21 00:00:00+00:00, run_after=2026-01-22 00:00:00+00:00
[2026-01-22T13:02:09.832+0000] {processor.py:183} INFO - Processing /home/airflow/.local/lib/python3.8/site-packages/airflow/example_dags/example_short_circuit_decorator.py took 0.185 seconds
[2026-01-22T13:02:39.971+0000] {processor.py:161} INFO - Started process (PID=478) to work on /home/airflow/.local/lib/python3.8/site-packages/airflow/example_dags/example_short_circuit_decorator.py
[2026-01-22T13:02:39.973+0000] {processor.py:830} INFO - Processing file /home/airflow/.local/lib/python3.8/site-packages/airflow/example_dags/example_short_circuit_decorator.py for tasks to queue
[2026-01-22T13:02:39.976+0000] {logging_mixin.py:188} INFO - [2026-01-22T13:02:39.976+0000] {dagbag.py:538} INFO - Filling up the DagBag from /home/airflow/.local/lib/python3.8/site-packages/airflow/example_dags/example_short_circuit_decorator.py
[2026-01-22T13:02:39.992+0000] {processor.py:840} INFO - DAG(s) 'example_short_circuit_decorator' retrieved from /home/airflow/.local/lib/python3.8/site-packages/airflow/example_dags/example_short_circuit_decorator.py
[2026-01-22T13:02:40.031+0000] {logging_mixin.py:188} INFO - [2026-01-22T13:02:40.031+0000] {dag.py:3036} INFO - Sync 1 DAGs
[2026-01-22T13:02:40.066+0000] {logging_mixin.py:188} INFO - [2026-01-22T13:02:40.066+0000] {dag.py:3823} INFO - Setting next_dagrun for example_short_circuit_decorator to 2026-01-21 00:00:00+00:00, run_after=2026-01-22 00:00:00+00:00
[2026-01-22T13:02:40.103+0000] {processor.py:183} INFO - Processing /home/airflow/.local/lib/python3.8/site-packages/airflow/example_dags/example_short_circuit_decorator.py took 0.137 seconds
[2026-01-22T13:03:10.171+0000] {processor.py:161} INFO - Started process (PID=544) to work on /home/airflow/.local/lib/python3.8/site-packages/airflow/example_dags/example_short_circuit_decorator.py
[2026-01-22T13:03:10.172+0000] {processor.py:830} INFO - Processing file /home/airflow/.local/lib/python3.8/site-packages/airflow/example_dags/example_short_circuit_decorator.py for tasks to queue
[2026-01-22T13:03:10.175+0000] {logging_mixin.py:188} INFO - [2026-01-22T13:03:10.174+0000] {dagbag.py:538} INFO - Filling up the DagBag from /home/airflow/.local/lib/python3.8/site-packages/airflow/example_dags/example_short_circuit_decorator.py
[2026-01-22T13:03:10.189+0000] {processor.py:840} INFO - DAG(s) 'example_short_circuit_decorator' retrieved from /home/airflow/.local/lib/python3.8/site-packages/airflow/example_dags/example_short_circuit_decorator.py
[2026-01-22T13:03:10.232+0000] {logging_mixin.py:188} INFO - [2026-01-22T13:03:10.231+0000] {dag.py:3036} INFO - Sync 1 DAGs
[2026-01-22T13:03:10.269+0000] {logging_mixin.py:188} INFO - [2026-01-22T13:03:10.269+0000] {dag.py:3823} INFO - Setting next_dagrun for example_short_circuit_decorator to 2026-01-21 00:00:00+00:00, run_after=2026-01-22 00:00:00+00:00
[2026-01-22T13:03:10.304+0000] {processor.py:183} INFO - Processing /home/airflow/.local/lib/python3.8/site-packages/airflow/example_dags/example_short_circuit_decorator.py took 0.138 seconds
[2026-01-22T13:03:40.543+0000] {processor.py:161} INFO - Started process (PID=610) to work on /home/airflow/.local/lib/python3.8/site-packages/airflow/example_dags/example_short_circuit_decorator.py
[2026-01-22T13:03:40.544+0000] {processor.py:830} INFO - Processing file /home/airflow/.local/lib/python3.8/site-packages/airflow/example_dags/example_short_circuit_decorator.py for tasks to queue
[2026-01-22T13:03:40.547+0000] {logging_mixin.py:188} INFO - [2026-01-22T13:03:40.546+0000] {dagbag.py:538} INFO - Filling up the DagBag from /home/airflow/.local/lib/python3.8/site-packages/airflow/example_dags/example_short_circuit_decorator.py
[2026-01-22T13:03:40.563+0000] {processor.py:840} INFO - DAG(s) 'example_short_circuit_decorator' retrieved from /home/airflow/.local/lib/python3.8/site-packages/airflow/example_dags/example_short_circuit_decorator.py
[2026-01-22T13:03:40.608+0000] {logging_mixin.py:188} INFO - [2026-01-22T13:03:40.608+0000] {dag.py:3036} INFO - Sync 1 DAGs
[2026-01-22T13:03:40.654+0000] {logging_mixin.py:188} INFO - [2026-01-22T13:03:40.653+0000] {dag.py:3823} INFO - Setting next_dagrun for example_short_circuit_decorator to 2026-01-21 00:00:00+00:00, run_after=2026-01-22 00:00:00+00:00
[2026-01-22T13:03:40.690+0000] {processor.py:183} INFO - Processing /home/airflow/.local/lib/python3.8/site-packages/airflow/example_dags/example_short_circuit_decorator.py took 0.153 seconds
[2026-01-22T13:04:11.320+0000] {processor.py:161} INFO - Started process (PID=677) to work on /home/airflow/.local/lib/python3.8/site-packages/airflow/example_dags/example_short_circuit_decorator.py
[2026-01-22T13:04:11.322+0000] {processor.py:830} INFO - Processing file /home/airflow/.local/lib/python3.8/site-packages/airflow/example_dags/example_short_circuit_decorator.py for tasks to queue
[2026-01-22T13:04:11.324+0000] {logging_mixin.py:188} INFO - [2026-01-22T13:04:11.324+0000] {dagbag.py:538} INFO - Filling up the DagBag from /home/airflow/.local/lib/python3.8/site-packages/airflow/example_dags/example_short_circuit_decorator.py
[2026-01-22T13:04:11.341+0000] {processor.py:840} INFO - DAG(s) 'example_short_circuit_decorator' retrieved from /home/airflow/.local/lib/python3.8/site-packages/airflow/example_dags/example_short_circuit_decorator.py
[2026-01-22T13:04:11.384+0000] {logging_mixin.py:188} INFO - [2026-01-22T13:04:11.384+0000] {dag.py:3036} INFO - Sync 1 DAGs
[2026-01-22T13:04:11.427+0000] {logging_mixin.py:188} INFO - [2026-01-22T13:04:11.426+0000] {dag.py:3823} INFO - Setting next_dagrun for example_short_circuit_decorator to 2026-01-21 00:00:00+00:00, run_after=2026-01-22 00:00:00+00:00
[2026-01-22T13:04:11.461+0000] {processor.py:183} INFO - Processing /home/airflow/.local/lib/python3.8/site-packages/airflow/example_dags/example_short_circuit_decorator.py took 0.146 seconds
[2026-01-22T13:04:41.913+0000] {processor.py:161} INFO - Started process (PID=743) to work on /home/airflow/.local/lib/python3.8/site-packages/airflow/example_dags/example_short_circuit_decorator.py
[2026-01-22T13:04:41.915+0000] {processor.py:830} INFO - Processing file /home/airflow/.local/lib/python3.8/site-packages/airflow/example_dags/example_short_circuit_decorator.py for tasks to queue
[2026-01-22T13:04:41.917+0000] {logging_mixin.py:188} INFO - [2026-01-22T13:04:41.917+0000] {dagbag.py:538} INFO - Filling up the DagBag from /home/airflow/.local/lib/python3.8/site-packages/airflow/example_dags/example_short_circuit_decorator.py
[2026-01-22T13:04:41.935+0000] {processor.py:840} INFO - DAG(s) 'example_short_circuit_decorator' retrieved from /home/airflow/.local/lib/python3.8/site-packages/airflow/example_dags/example_short_circuit_decorator.py
[2026-01-22T13:04:41.980+0000] {logging_mixin.py:188} INFO - [2026-01-22T13:04:41.980+0000] {dag.py:3036} INFO - Sync 1 DAGs
[2026-01-22T13:04:42.021+0000] {logging_mixin.py:188} INFO - [2026-01-22T13:04:42.021+0000] {dag.py:3823} INFO - Setting next_dagrun for example_short_circuit_decorator to 2026-01-21 00:00:00+00:00, run_after=2026-01-22 00:00:00+00:00
[2026-01-22T13:04:42.055+0000] {processor.py:183} INFO - Processing /home/airflow/.local/lib/python3.8/site-packages/airflow/example_dags/example_short_circuit_decorator.py took 0.147 seconds
