[2026-01-22T12:59:35.017+0000] {processor.py:161} INFO - Started process (PID=73) to work on /home/airflow/.local/lib/python3.8/site-packages/airflow/example_dags/example_branch_operator_decorator.py
[2026-01-22T12:59:35.018+0000] {processor.py:830} INFO - Processing file /home/airflow/.local/lib/python3.8/site-packages/airflow/example_dags/example_branch_operator_decorator.py for tasks to queue
[2026-01-22T12:59:35.022+0000] {logging_mixin.py:188} INFO - [2026-01-22T12:59:35.021+0000] {dagbag.py:538} INFO - Filling up the DagBag from /home/airflow/.local/lib/python3.8/site-packages/airflow/example_dags/example_branch_operator_decorator.py
[2026-01-22T12:59:35.146+0000] {processor.py:840} INFO - DAG(s) 'example_branch_python_operator_decorator' retrieved from /home/airflow/.local/lib/python3.8/site-packages/airflow/example_dags/example_branch_operator_decorator.py
[2026-01-22T12:59:35.495+0000] {logging_mixin.py:188} INFO - [2026-01-22T12:59:35.495+0000] {dag.py:3036} INFO - Sync 1 DAGs
[2026-01-22T12:59:35.543+0000] {logging_mixin.py:188} INFO - [2026-01-22T12:59:35.543+0000] {dag.py:3823} INFO - Setting next_dagrun for example_branch_python_operator_decorator to 2026-01-21 00:00:00+00:00, run_after=2026-01-22 00:00:00+00:00
[2026-01-22T12:59:35.580+0000] {processor.py:183} INFO - Processing /home/airflow/.local/lib/python3.8/site-packages/airflow/example_dags/example_branch_operator_decorator.py took 0.570 seconds
[2026-01-22T13:00:06.390+0000] {processor.py:161} INFO - Started process (PID=141) to work on /home/airflow/.local/lib/python3.8/site-packages/airflow/example_dags/example_branch_operator_decorator.py
[2026-01-22T13:00:06.391+0000] {processor.py:830} INFO - Processing file /home/airflow/.local/lib/python3.8/site-packages/airflow/example_dags/example_branch_operator_decorator.py for tasks to queue
[2026-01-22T13:00:06.394+0000] {logging_mixin.py:188} INFO - [2026-01-22T13:00:06.394+0000] {dagbag.py:538} INFO - Filling up the DagBag from /home/airflow/.local/lib/python3.8/site-packages/airflow/example_dags/example_branch_operator_decorator.py
[2026-01-22T13:00:06.441+0000] {processor.py:840} INFO - DAG(s) 'example_branch_python_operator_decorator' retrieved from /home/airflow/.local/lib/python3.8/site-packages/airflow/example_dags/example_branch_operator_decorator.py
[2026-01-22T13:00:06.499+0000] {logging_mixin.py:188} INFO - [2026-01-22T13:00:06.499+0000] {dag.py:3036} INFO - Sync 1 DAGs
[2026-01-22T13:00:06.547+0000] {logging_mixin.py:188} INFO - [2026-01-22T13:00:06.546+0000] {dag.py:3823} INFO - Setting next_dagrun for example_branch_python_operator_decorator to 2026-01-21 00:00:00+00:00, run_after=2026-01-22 00:00:00+00:00
[2026-01-22T13:00:06.581+0000] {processor.py:183} INFO - Processing /home/airflow/.local/lib/python3.8/site-packages/airflow/example_dags/example_branch_operator_decorator.py took 0.198 seconds
[2026-01-22T13:00:36.841+0000] {processor.py:161} INFO - Started process (PID=206) to work on /home/airflow/.local/lib/python3.8/site-packages/airflow/example_dags/example_branch_operator_decorator.py
[2026-01-22T13:00:36.843+0000] {processor.py:830} INFO - Processing file /home/airflow/.local/lib/python3.8/site-packages/airflow/example_dags/example_branch_operator_decorator.py for tasks to queue
[2026-01-22T13:00:36.846+0000] {logging_mixin.py:188} INFO - [2026-01-22T13:00:36.845+0000] {dagbag.py:538} INFO - Filling up the DagBag from /home/airflow/.local/lib/python3.8/site-packages/airflow/example_dags/example_branch_operator_decorator.py
[2026-01-22T13:00:36.892+0000] {processor.py:840} INFO - DAG(s) 'example_branch_python_operator_decorator' retrieved from /home/airflow/.local/lib/python3.8/site-packages/airflow/example_dags/example_branch_operator_decorator.py
[2026-01-22T13:00:36.948+0000] {logging_mixin.py:188} INFO - [2026-01-22T13:00:36.947+0000] {dag.py:3036} INFO - Sync 1 DAGs
[2026-01-22T13:00:36.996+0000] {logging_mixin.py:188} INFO - [2026-01-22T13:00:36.996+0000] {dag.py:3823} INFO - Setting next_dagrun for example_branch_python_operator_decorator to 2026-01-21 00:00:00+00:00, run_after=2026-01-22 00:00:00+00:00
[2026-01-22T13:00:37.032+0000] {processor.py:183} INFO - Processing /home/airflow/.local/lib/python3.8/site-packages/airflow/example_dags/example_branch_operator_decorator.py took 0.197 seconds
[2026-01-22T13:01:07.498+0000] {processor.py:161} INFO - Started process (PID=272) to work on /home/airflow/.local/lib/python3.8/site-packages/airflow/example_dags/example_branch_operator_decorator.py
[2026-01-22T13:01:07.500+0000] {processor.py:830} INFO - Processing file /home/airflow/.local/lib/python3.8/site-packages/airflow/example_dags/example_branch_operator_decorator.py for tasks to queue
[2026-01-22T13:01:07.502+0000] {logging_mixin.py:188} INFO - [2026-01-22T13:01:07.502+0000] {dagbag.py:538} INFO - Filling up the DagBag from /home/airflow/.local/lib/python3.8/site-packages/airflow/example_dags/example_branch_operator_decorator.py
[2026-01-22T13:01:07.547+0000] {processor.py:840} INFO - DAG(s) 'example_branch_python_operator_decorator' retrieved from /home/airflow/.local/lib/python3.8/site-packages/airflow/example_dags/example_branch_operator_decorator.py
[2026-01-22T13:01:07.608+0000] {logging_mixin.py:188} INFO - [2026-01-22T13:01:07.607+0000] {dag.py:3036} INFO - Sync 1 DAGs
[2026-01-22T13:01:07.655+0000] {logging_mixin.py:188} INFO - [2026-01-22T13:01:07.655+0000] {dag.py:3823} INFO - Setting next_dagrun for example_branch_python_operator_decorator to 2026-01-21 00:00:00+00:00, run_after=2026-01-22 00:00:00+00:00
[2026-01-22T13:01:07.690+0000] {processor.py:183} INFO - Processing /home/airflow/.local/lib/python3.8/site-packages/airflow/example_dags/example_branch_operator_decorator.py took 0.197 seconds
[2026-01-22T13:01:37.957+0000] {processor.py:161} INFO - Started process (PID=338) to work on /home/airflow/.local/lib/python3.8/site-packages/airflow/example_dags/example_branch_operator_decorator.py
[2026-01-22T13:01:37.958+0000] {processor.py:830} INFO - Processing file /home/airflow/.local/lib/python3.8/site-packages/airflow/example_dags/example_branch_operator_decorator.py for tasks to queue
[2026-01-22T13:01:37.962+0000] {logging_mixin.py:188} INFO - [2026-01-22T13:01:37.961+0000] {dagbag.py:538} INFO - Filling up the DagBag from /home/airflow/.local/lib/python3.8/site-packages/airflow/example_dags/example_branch_operator_decorator.py
[2026-01-22T13:01:38.010+0000] {processor.py:840} INFO - DAG(s) 'example_branch_python_operator_decorator' retrieved from /home/airflow/.local/lib/python3.8/site-packages/airflow/example_dags/example_branch_operator_decorator.py
[2026-01-22T13:01:38.067+0000] {logging_mixin.py:188} INFO - [2026-01-22T13:01:38.067+0000] {dag.py:3036} INFO - Sync 1 DAGs
[2026-01-22T13:01:38.124+0000] {logging_mixin.py:188} INFO - [2026-01-22T13:01:38.123+0000] {dag.py:3823} INFO - Setting next_dagrun for example_branch_python_operator_decorator to 2026-01-21 00:00:00+00:00, run_after=2026-01-22 00:00:00+00:00
[2026-01-22T13:01:38.165+0000] {processor.py:183} INFO - Processing /home/airflow/.local/lib/python3.8/site-packages/airflow/example_dags/example_branch_operator_decorator.py took 0.215 seconds
[2026-01-22T13:02:08.856+0000] {processor.py:161} INFO - Started process (PID=404) to work on /home/airflow/.local/lib/python3.8/site-packages/airflow/example_dags/example_branch_operator_decorator.py
[2026-01-22T13:02:08.858+0000] {processor.py:830} INFO - Processing file /home/airflow/.local/lib/python3.8/site-packages/airflow/example_dags/example_branch_operator_decorator.py for tasks to queue
[2026-01-22T13:02:08.861+0000] {logging_mixin.py:188} INFO - [2026-01-22T13:02:08.860+0000] {dagbag.py:538} INFO - Filling up the DagBag from /home/airflow/.local/lib/python3.8/site-packages/airflow/example_dags/example_branch_operator_decorator.py
[2026-01-22T13:02:08.926+0000] {processor.py:840} INFO - DAG(s) 'example_branch_python_operator_decorator' retrieved from /home/airflow/.local/lib/python3.8/site-packages/airflow/example_dags/example_branch_operator_decorator.py
[2026-01-22T13:02:08.986+0000] {logging_mixin.py:188} INFO - [2026-01-22T13:02:08.986+0000] {dag.py:3036} INFO - Sync 1 DAGs
[2026-01-22T13:02:09.045+0000] {logging_mixin.py:188} INFO - [2026-01-22T13:02:09.044+0000] {dag.py:3823} INFO - Setting next_dagrun for example_branch_python_operator_decorator to 2026-01-21 00:00:00+00:00, run_after=2026-01-22 00:00:00+00:00
[2026-01-22T13:02:09.083+0000] {processor.py:183} INFO - Processing /home/airflow/.local/lib/python3.8/site-packages/airflow/example_dags/example_branch_operator_decorator.py took 0.234 seconds
[2026-01-22T13:02:39.198+0000] {processor.py:161} INFO - Started process (PID=471) to work on /home/airflow/.local/lib/python3.8/site-packages/airflow/example_dags/example_branch_operator_decorator.py
[2026-01-22T13:02:39.200+0000] {processor.py:830} INFO - Processing file /home/airflow/.local/lib/python3.8/site-packages/airflow/example_dags/example_branch_operator_decorator.py for tasks to queue
[2026-01-22T13:02:39.204+0000] {logging_mixin.py:188} INFO - [2026-01-22T13:02:39.202+0000] {dagbag.py:538} INFO - Filling up the DagBag from /home/airflow/.local/lib/python3.8/site-packages/airflow/example_dags/example_branch_operator_decorator.py
[2026-01-22T13:02:39.250+0000] {processor.py:840} INFO - DAG(s) 'example_branch_python_operator_decorator' retrieved from /home/airflow/.local/lib/python3.8/site-packages/airflow/example_dags/example_branch_operator_decorator.py
[2026-01-22T13:02:39.295+0000] {logging_mixin.py:188} INFO - [2026-01-22T13:02:39.295+0000] {dag.py:3036} INFO - Sync 1 DAGs
[2026-01-22T13:02:39.331+0000] {logging_mixin.py:188} INFO - [2026-01-22T13:02:39.330+0000] {dag.py:3823} INFO - Setting next_dagrun for example_branch_python_operator_decorator to 2026-01-21 00:00:00+00:00, run_after=2026-01-22 00:00:00+00:00
[2026-01-22T13:02:39.361+0000] {processor.py:183} INFO - Processing /home/airflow/.local/lib/python3.8/site-packages/airflow/example_dags/example_branch_operator_decorator.py took 0.169 seconds
[2026-01-22T13:03:09.493+0000] {processor.py:161} INFO - Started process (PID=537) to work on /home/airflow/.local/lib/python3.8/site-packages/airflow/example_dags/example_branch_operator_decorator.py
[2026-01-22T13:03:09.494+0000] {processor.py:830} INFO - Processing file /home/airflow/.local/lib/python3.8/site-packages/airflow/example_dags/example_branch_operator_decorator.py for tasks to queue
[2026-01-22T13:03:09.497+0000] {logging_mixin.py:188} INFO - [2026-01-22T13:03:09.496+0000] {dagbag.py:538} INFO - Filling up the DagBag from /home/airflow/.local/lib/python3.8/site-packages/airflow/example_dags/example_branch_operator_decorator.py
[2026-01-22T13:03:09.549+0000] {processor.py:840} INFO - DAG(s) 'example_branch_python_operator_decorator' retrieved from /home/airflow/.local/lib/python3.8/site-packages/airflow/example_dags/example_branch_operator_decorator.py
[2026-01-22T13:03:09.599+0000] {logging_mixin.py:188} INFO - [2026-01-22T13:03:09.598+0000] {dag.py:3036} INFO - Sync 1 DAGs
[2026-01-22T13:03:09.636+0000] {logging_mixin.py:188} INFO - [2026-01-22T13:03:09.636+0000] {dag.py:3823} INFO - Setting next_dagrun for example_branch_python_operator_decorator to 2026-01-21 00:00:00+00:00, run_after=2026-01-22 00:00:00+00:00
[2026-01-22T13:03:09.666+0000] {processor.py:183} INFO - Processing /home/airflow/.local/lib/python3.8/site-packages/airflow/example_dags/example_branch_operator_decorator.py took 0.177 seconds
[2026-01-22T13:03:39.967+0000] {processor.py:161} INFO - Started process (PID=604) to work on /home/airflow/.local/lib/python3.8/site-packages/airflow/example_dags/example_branch_operator_decorator.py
[2026-01-22T13:03:39.969+0000] {processor.py:830} INFO - Processing file /home/airflow/.local/lib/python3.8/site-packages/airflow/example_dags/example_branch_operator_decorator.py for tasks to queue
[2026-01-22T13:03:39.972+0000] {logging_mixin.py:188} INFO - [2026-01-22T13:03:39.971+0000] {dagbag.py:538} INFO - Filling up the DagBag from /home/airflow/.local/lib/python3.8/site-packages/airflow/example_dags/example_branch_operator_decorator.py
[2026-01-22T13:03:40.005+0000] {processor.py:840} INFO - DAG(s) 'example_branch_python_operator_decorator' retrieved from /home/airflow/.local/lib/python3.8/site-packages/airflow/example_dags/example_branch_operator_decorator.py
[2026-01-22T13:03:40.063+0000] {logging_mixin.py:188} INFO - [2026-01-22T13:03:40.063+0000] {dag.py:3036} INFO - Sync 1 DAGs
[2026-01-22T13:03:40.112+0000] {logging_mixin.py:188} INFO - [2026-01-22T13:03:40.112+0000] {dag.py:3823} INFO - Setting next_dagrun for example_branch_python_operator_decorator to 2026-01-21 00:00:00+00:00, run_after=2026-01-22 00:00:00+00:00
[2026-01-22T13:03:40.148+0000] {processor.py:183} INFO - Processing /home/airflow/.local/lib/python3.8/site-packages/airflow/example_dags/example_branch_operator_decorator.py took 0.186 seconds
[2026-01-22T13:04:10.541+0000] {processor.py:161} INFO - Started process (PID=670) to work on /home/airflow/.local/lib/python3.8/site-packages/airflow/example_dags/example_branch_operator_decorator.py
[2026-01-22T13:04:10.542+0000] {processor.py:830} INFO - Processing file /home/airflow/.local/lib/python3.8/site-packages/airflow/example_dags/example_branch_operator_decorator.py for tasks to queue
[2026-01-22T13:04:10.545+0000] {logging_mixin.py:188} INFO - [2026-01-22T13:04:10.544+0000] {dagbag.py:538} INFO - Filling up the DagBag from /home/airflow/.local/lib/python3.8/site-packages/airflow/example_dags/example_branch_operator_decorator.py
[2026-01-22T13:04:10.583+0000] {processor.py:840} INFO - DAG(s) 'example_branch_python_operator_decorator' retrieved from /home/airflow/.local/lib/python3.8/site-packages/airflow/example_dags/example_branch_operator_decorator.py
[2026-01-22T13:04:10.630+0000] {logging_mixin.py:188} INFO - [2026-01-22T13:04:10.629+0000] {dag.py:3036} INFO - Sync 1 DAGs
[2026-01-22T13:04:10.670+0000] {logging_mixin.py:188} INFO - [2026-01-22T13:04:10.670+0000] {dag.py:3823} INFO - Setting next_dagrun for example_branch_python_operator_decorator to 2026-01-21 00:00:00+00:00, run_after=2026-01-22 00:00:00+00:00
[2026-01-22T13:04:10.706+0000] {processor.py:183} INFO - Processing /home/airflow/.local/lib/python3.8/site-packages/airflow/example_dags/example_branch_operator_decorator.py took 0.170 seconds
[2026-01-22T13:04:41.360+0000] {processor.py:161} INFO - Started process (PID=736) to work on /home/airflow/.local/lib/python3.8/site-packages/airflow/example_dags/example_branch_operator_decorator.py
[2026-01-22T13:04:41.363+0000] {processor.py:830} INFO - Processing file /home/airflow/.local/lib/python3.8/site-packages/airflow/example_dags/example_branch_operator_decorator.py for tasks to queue
[2026-01-22T13:04:41.367+0000] {logging_mixin.py:188} INFO - [2026-01-22T13:04:41.366+0000] {dagbag.py:538} INFO - Filling up the DagBag from /home/airflow/.local/lib/python3.8/site-packages/airflow/example_dags/example_branch_operator_decorator.py
[2026-01-22T13:04:41.415+0000] {processor.py:840} INFO - DAG(s) 'example_branch_python_operator_decorator' retrieved from /home/airflow/.local/lib/python3.8/site-packages/airflow/example_dags/example_branch_operator_decorator.py
[2026-01-22T13:04:41.461+0000] {logging_mixin.py:188} INFO - [2026-01-22T13:04:41.461+0000] {dag.py:3036} INFO - Sync 1 DAGs
[2026-01-22T13:04:41.500+0000] {logging_mixin.py:188} INFO - [2026-01-22T13:04:41.499+0000] {dag.py:3823} INFO - Setting next_dagrun for example_branch_python_operator_decorator to 2026-01-21 00:00:00+00:00, run_after=2026-01-22 00:00:00+00:00
[2026-01-22T13:04:41.529+0000] {processor.py:183} INFO - Processing /home/airflow/.local/lib/python3.8/site-packages/airflow/example_dags/example_branch_operator_decorator.py took 0.175 seconds
