[2026-01-22T12:59:30.686+0000] {processor.py:161} INFO - Started process (PID=47) to work on /home/airflow/.local/lib/python3.8/site-packages/airflow/example_dags/example_branch_python_dop_operator_3.py
[2026-01-22T12:59:30.688+0000] {processor.py:830} INFO - Processing file /home/airflow/.local/lib/python3.8/site-packages/airflow/example_dags/example_branch_python_dop_operator_3.py for tasks to queue
[2026-01-22T12:59:30.692+0000] {logging_mixin.py:188} INFO - [2026-01-22T12:59:30.691+0000] {dagbag.py:538} INFO - Filling up the DagBag from /home/airflow/.local/lib/python3.8/site-packages/airflow/example_dags/example_branch_python_dop_operator_3.py
[2026-01-22T12:59:30.719+0000] {processor.py:840} INFO - DAG(s) 'example_branch_dop_operator_v3' retrieved from /home/airflow/.local/lib/python3.8/site-packages/airflow/example_dags/example_branch_python_dop_operator_3.py
[2026-01-22T12:59:30.767+0000] {logging_mixin.py:188} INFO - [2026-01-22T12:59:30.767+0000] {dag.py:3036} INFO - Sync 1 DAGs
[2026-01-22T12:59:30.825+0000] {logging_mixin.py:188} INFO - [2026-01-22T12:59:30.825+0000] {dag.py:3823} INFO - Setting next_dagrun for example_branch_dop_operator_v3 to 2026-01-22 12:58:00+00:00, run_after=2026-01-22 12:59:00+00:00
[2026-01-22T12:59:30.860+0000] {processor.py:183} INFO - Processing /home/airflow/.local/lib/python3.8/site-packages/airflow/example_dags/example_branch_python_dop_operator_3.py took 0.193 seconds
[2026-01-22T13:00:01.343+0000] {processor.py:161} INFO - Started process (PID=114) to work on /home/airflow/.local/lib/python3.8/site-packages/airflow/example_dags/example_branch_python_dop_operator_3.py
[2026-01-22T13:00:01.346+0000] {processor.py:830} INFO - Processing file /home/airflow/.local/lib/python3.8/site-packages/airflow/example_dags/example_branch_python_dop_operator_3.py for tasks to queue
[2026-01-22T13:00:01.369+0000] {logging_mixin.py:188} INFO - [2026-01-22T13:00:01.358+0000] {dagbag.py:538} INFO - Filling up the DagBag from /home/airflow/.local/lib/python3.8/site-packages/airflow/example_dags/example_branch_python_dop_operator_3.py
[2026-01-22T13:00:01.475+0000] {processor.py:840} INFO - DAG(s) 'example_branch_dop_operator_v3' retrieved from /home/airflow/.local/lib/python3.8/site-packages/airflow/example_dags/example_branch_python_dop_operator_3.py
[2026-01-22T13:00:01.617+0000] {logging_mixin.py:188} INFO - [2026-01-22T13:00:01.616+0000] {dag.py:3036} INFO - Sync 1 DAGs
[2026-01-22T13:00:01.714+0000] {logging_mixin.py:188} INFO - [2026-01-22T13:00:01.714+0000] {dag.py:3823} INFO - Setting next_dagrun for example_branch_dop_operator_v3 to 2026-01-22 12:59:00+00:00, run_after=2026-01-22 13:00:00+00:00
[2026-01-22T13:00:01.775+0000] {processor.py:183} INFO - Processing /home/airflow/.local/lib/python3.8/site-packages/airflow/example_dags/example_branch_python_dop_operator_3.py took 0.439 seconds
[2026-01-22T13:00:32.718+0000] {processor.py:161} INFO - Started process (PID=180) to work on /home/airflow/.local/lib/python3.8/site-packages/airflow/example_dags/example_branch_python_dop_operator_3.py
[2026-01-22T13:00:32.720+0000] {processor.py:830} INFO - Processing file /home/airflow/.local/lib/python3.8/site-packages/airflow/example_dags/example_branch_python_dop_operator_3.py for tasks to queue
[2026-01-22T13:00:32.722+0000] {logging_mixin.py:188} INFO - [2026-01-22T13:00:32.722+0000] {dagbag.py:538} INFO - Filling up the DagBag from /home/airflow/.local/lib/python3.8/site-packages/airflow/example_dags/example_branch_python_dop_operator_3.py
[2026-01-22T13:00:32.740+0000] {processor.py:840} INFO - DAG(s) 'example_branch_dop_operator_v3' retrieved from /home/airflow/.local/lib/python3.8/site-packages/airflow/example_dags/example_branch_python_dop_operator_3.py
[2026-01-22T13:00:32.776+0000] {logging_mixin.py:188} INFO - [2026-01-22T13:00:32.775+0000] {dag.py:3036} INFO - Sync 1 DAGs
[2026-01-22T13:00:32.825+0000] {logging_mixin.py:188} INFO - [2026-01-22T13:00:32.825+0000] {dag.py:3823} INFO - Setting next_dagrun for example_branch_dop_operator_v3 to 2026-01-22 12:59:00+00:00, run_after=2026-01-22 13:00:00+00:00
[2026-01-22T13:00:32.858+0000] {processor.py:183} INFO - Processing /home/airflow/.local/lib/python3.8/site-packages/airflow/example_dags/example_branch_python_dop_operator_3.py took 0.150 seconds
[2026-01-22T13:01:03.549+0000] {processor.py:161} INFO - Started process (PID=246) to work on /home/airflow/.local/lib/python3.8/site-packages/airflow/example_dags/example_branch_python_dop_operator_3.py
[2026-01-22T13:01:03.550+0000] {processor.py:830} INFO - Processing file /home/airflow/.local/lib/python3.8/site-packages/airflow/example_dags/example_branch_python_dop_operator_3.py for tasks to queue
[2026-01-22T13:01:03.553+0000] {logging_mixin.py:188} INFO - [2026-01-22T13:01:03.552+0000] {dagbag.py:538} INFO - Filling up the DagBag from /home/airflow/.local/lib/python3.8/site-packages/airflow/example_dags/example_branch_python_dop_operator_3.py
[2026-01-22T13:01:03.571+0000] {processor.py:840} INFO - DAG(s) 'example_branch_dop_operator_v3' retrieved from /home/airflow/.local/lib/python3.8/site-packages/airflow/example_dags/example_branch_python_dop_operator_3.py
[2026-01-22T13:01:03.611+0000] {logging_mixin.py:188} INFO - [2026-01-22T13:01:03.611+0000] {dag.py:3036} INFO - Sync 1 DAGs
[2026-01-22T13:01:03.673+0000] {logging_mixin.py:188} INFO - [2026-01-22T13:01:03.673+0000] {dag.py:3823} INFO - Setting next_dagrun for example_branch_dop_operator_v3 to 2026-01-22 13:00:00+00:00, run_after=2026-01-22 13:01:00+00:00
[2026-01-22T13:01:03.711+0000] {processor.py:183} INFO - Processing /home/airflow/.local/lib/python3.8/site-packages/airflow/example_dags/example_branch_python_dop_operator_3.py took 0.167 seconds
[2026-01-22T13:01:34.268+0000] {processor.py:161} INFO - Started process (PID=312) to work on /home/airflow/.local/lib/python3.8/site-packages/airflow/example_dags/example_branch_python_dop_operator_3.py
[2026-01-22T13:01:34.284+0000] {processor.py:830} INFO - Processing file /home/airflow/.local/lib/python3.8/site-packages/airflow/example_dags/example_branch_python_dop_operator_3.py for tasks to queue
[2026-01-22T13:01:34.287+0000] {logging_mixin.py:188} INFO - [2026-01-22T13:01:34.286+0000] {dagbag.py:538} INFO - Filling up the DagBag from /home/airflow/.local/lib/python3.8/site-packages/airflow/example_dags/example_branch_python_dop_operator_3.py
[2026-01-22T13:01:34.318+0000] {processor.py:840} INFO - DAG(s) 'example_branch_dop_operator_v3' retrieved from /home/airflow/.local/lib/python3.8/site-packages/airflow/example_dags/example_branch_python_dop_operator_3.py
[2026-01-22T13:01:34.358+0000] {logging_mixin.py:188} INFO - [2026-01-22T13:01:34.358+0000] {dag.py:3036} INFO - Sync 1 DAGs
[2026-01-22T13:01:34.420+0000] {logging_mixin.py:188} INFO - [2026-01-22T13:01:34.419+0000] {dag.py:3823} INFO - Setting next_dagrun for example_branch_dop_operator_v3 to 2026-01-22 13:00:00+00:00, run_after=2026-01-22 13:01:00+00:00
[2026-01-22T13:01:34.453+0000] {processor.py:183} INFO - Processing /home/airflow/.local/lib/python3.8/site-packages/airflow/example_dags/example_branch_python_dop_operator_3.py took 0.203 seconds
[2026-01-22T13:02:05.002+0000] {processor.py:161} INFO - Started process (PID=385) to work on /home/airflow/.local/lib/python3.8/site-packages/airflow/example_dags/example_branch_python_dop_operator_3.py
[2026-01-22T13:02:05.004+0000] {processor.py:830} INFO - Processing file /home/airflow/.local/lib/python3.8/site-packages/airflow/example_dags/example_branch_python_dop_operator_3.py for tasks to queue
[2026-01-22T13:02:05.007+0000] {logging_mixin.py:188} INFO - [2026-01-22T13:02:05.007+0000] {dagbag.py:538} INFO - Filling up the DagBag from /home/airflow/.local/lib/python3.8/site-packages/airflow/example_dags/example_branch_python_dop_operator_3.py
[2026-01-22T13:02:05.024+0000] {processor.py:840} INFO - DAG(s) 'example_branch_dop_operator_v3' retrieved from /home/airflow/.local/lib/python3.8/site-packages/airflow/example_dags/example_branch_python_dop_operator_3.py
[2026-01-22T13:02:05.058+0000] {logging_mixin.py:188} INFO - [2026-01-22T13:02:05.058+0000] {dag.py:3036} INFO - Sync 1 DAGs
[2026-01-22T13:02:05.118+0000] {logging_mixin.py:188} INFO - [2026-01-22T13:02:05.117+0000] {dag.py:3823} INFO - Setting next_dagrun for example_branch_dop_operator_v3 to 2026-01-22 13:01:00+00:00, run_after=2026-01-22 13:02:00+00:00
[2026-01-22T13:02:05.152+0000] {processor.py:183} INFO - Processing /home/airflow/.local/lib/python3.8/site-packages/airflow/example_dags/example_branch_python_dop_operator_3.py took 0.156 seconds
[2026-01-22T13:02:35.270+0000] {processor.py:161} INFO - Started process (PID=453) to work on /home/airflow/.local/lib/python3.8/site-packages/airflow/example_dags/example_branch_python_dop_operator_3.py
[2026-01-22T13:02:35.272+0000] {processor.py:830} INFO - Processing file /home/airflow/.local/lib/python3.8/site-packages/airflow/example_dags/example_branch_python_dop_operator_3.py for tasks to queue
[2026-01-22T13:02:35.276+0000] {logging_mixin.py:188} INFO - [2026-01-22T13:02:35.275+0000] {dagbag.py:538} INFO - Filling up the DagBag from /home/airflow/.local/lib/python3.8/site-packages/airflow/example_dags/example_branch_python_dop_operator_3.py
[2026-01-22T13:02:35.291+0000] {processor.py:840} INFO - DAG(s) 'example_branch_dop_operator_v3' retrieved from /home/airflow/.local/lib/python3.8/site-packages/airflow/example_dags/example_branch_python_dop_operator_3.py
[2026-01-22T13:02:35.326+0000] {logging_mixin.py:188} INFO - [2026-01-22T13:02:35.325+0000] {dag.py:3036} INFO - Sync 1 DAGs
[2026-01-22T13:02:35.379+0000] {logging_mixin.py:188} INFO - [2026-01-22T13:02:35.379+0000] {dag.py:3823} INFO - Setting next_dagrun for example_branch_dop_operator_v3 to 2026-01-22 13:01:00+00:00, run_after=2026-01-22 13:02:00+00:00
[2026-01-22T13:02:35.412+0000] {processor.py:183} INFO - Processing /home/airflow/.local/lib/python3.8/site-packages/airflow/example_dags/example_branch_python_dop_operator_3.py took 0.147 seconds
[2026-01-22T13:03:05.760+0000] {processor.py:161} INFO - Started process (PID=519) to work on /home/airflow/.local/lib/python3.8/site-packages/airflow/example_dags/example_branch_python_dop_operator_3.py
[2026-01-22T13:03:05.762+0000] {processor.py:830} INFO - Processing file /home/airflow/.local/lib/python3.8/site-packages/airflow/example_dags/example_branch_python_dop_operator_3.py for tasks to queue
[2026-01-22T13:03:05.765+0000] {logging_mixin.py:188} INFO - [2026-01-22T13:03:05.764+0000] {dagbag.py:538} INFO - Filling up the DagBag from /home/airflow/.local/lib/python3.8/site-packages/airflow/example_dags/example_branch_python_dop_operator_3.py
[2026-01-22T13:03:05.798+0000] {processor.py:840} INFO - DAG(s) 'example_branch_dop_operator_v3' retrieved from /home/airflow/.local/lib/python3.8/site-packages/airflow/example_dags/example_branch_python_dop_operator_3.py
[2026-01-22T13:03:05.839+0000] {logging_mixin.py:188} INFO - [2026-01-22T13:03:05.838+0000] {dag.py:3036} INFO - Sync 1 DAGs
[2026-01-22T13:03:05.899+0000] {logging_mixin.py:188} INFO - [2026-01-22T13:03:05.899+0000] {dag.py:3823} INFO - Setting next_dagrun for example_branch_dop_operator_v3 to 2026-01-22 13:02:00+00:00, run_after=2026-01-22 13:03:00+00:00
[2026-01-22T13:03:05.940+0000] {processor.py:183} INFO - Processing /home/airflow/.local/lib/python3.8/site-packages/airflow/example_dags/example_branch_python_dop_operator_3.py took 0.190 seconds
[2026-01-22T13:03:36.426+0000] {processor.py:161} INFO - Started process (PID=586) to work on /home/airflow/.local/lib/python3.8/site-packages/airflow/example_dags/example_branch_python_dop_operator_3.py
[2026-01-22T13:03:36.428+0000] {processor.py:830} INFO - Processing file /home/airflow/.local/lib/python3.8/site-packages/airflow/example_dags/example_branch_python_dop_operator_3.py for tasks to queue
[2026-01-22T13:03:36.431+0000] {logging_mixin.py:188} INFO - [2026-01-22T13:03:36.430+0000] {dagbag.py:538} INFO - Filling up the DagBag from /home/airflow/.local/lib/python3.8/site-packages/airflow/example_dags/example_branch_python_dop_operator_3.py
[2026-01-22T13:03:36.447+0000] {processor.py:840} INFO - DAG(s) 'example_branch_dop_operator_v3' retrieved from /home/airflow/.local/lib/python3.8/site-packages/airflow/example_dags/example_branch_python_dop_operator_3.py
[2026-01-22T13:03:36.478+0000] {logging_mixin.py:188} INFO - [2026-01-22T13:03:36.478+0000] {dag.py:3036} INFO - Sync 1 DAGs
[2026-01-22T13:03:36.526+0000] {logging_mixin.py:188} INFO - [2026-01-22T13:03:36.525+0000] {dag.py:3823} INFO - Setting next_dagrun for example_branch_dop_operator_v3 to 2026-01-22 13:02:00+00:00, run_after=2026-01-22 13:03:00+00:00
[2026-01-22T13:03:36.563+0000] {processor.py:183} INFO - Processing /home/airflow/.local/lib/python3.8/site-packages/airflow/example_dags/example_branch_python_dop_operator_3.py took 0.142 seconds
[2026-01-22T13:04:06.723+0000] {processor.py:161} INFO - Started process (PID=652) to work on /home/airflow/.local/lib/python3.8/site-packages/airflow/example_dags/example_branch_python_dop_operator_3.py
[2026-01-22T13:04:06.724+0000] {processor.py:830} INFO - Processing file /home/airflow/.local/lib/python3.8/site-packages/airflow/example_dags/example_branch_python_dop_operator_3.py for tasks to queue
[2026-01-22T13:04:06.727+0000] {logging_mixin.py:188} INFO - [2026-01-22T13:04:06.726+0000] {dagbag.py:538} INFO - Filling up the DagBag from /home/airflow/.local/lib/python3.8/site-packages/airflow/example_dags/example_branch_python_dop_operator_3.py
[2026-01-22T13:04:06.742+0000] {processor.py:840} INFO - DAG(s) 'example_branch_dop_operator_v3' retrieved from /home/airflow/.local/lib/python3.8/site-packages/airflow/example_dags/example_branch_python_dop_operator_3.py
[2026-01-22T13:04:06.785+0000] {logging_mixin.py:188} INFO - [2026-01-22T13:04:06.785+0000] {dag.py:3036} INFO - Sync 1 DAGs
[2026-01-22T13:04:06.846+0000] {logging_mixin.py:188} INFO - [2026-01-22T13:04:06.846+0000] {dag.py:3823} INFO - Setting next_dagrun for example_branch_dop_operator_v3 to 2026-01-22 13:03:00+00:00, run_after=2026-01-22 13:04:00+00:00
[2026-01-22T13:04:06.890+0000] {processor.py:183} INFO - Processing /home/airflow/.local/lib/python3.8/site-packages/airflow/example_dags/example_branch_python_dop_operator_3.py took 0.180 seconds
[2026-01-22T13:04:37.499+0000] {processor.py:161} INFO - Started process (PID=718) to work on /home/airflow/.local/lib/python3.8/site-packages/airflow/example_dags/example_branch_python_dop_operator_3.py
[2026-01-22T13:04:37.502+0000] {processor.py:830} INFO - Processing file /home/airflow/.local/lib/python3.8/site-packages/airflow/example_dags/example_branch_python_dop_operator_3.py for tasks to queue
[2026-01-22T13:04:37.509+0000] {logging_mixin.py:188} INFO - [2026-01-22T13:04:37.506+0000] {dagbag.py:538} INFO - Filling up the DagBag from /home/airflow/.local/lib/python3.8/site-packages/airflow/example_dags/example_branch_python_dop_operator_3.py
[2026-01-22T13:04:37.532+0000] {processor.py:840} INFO - DAG(s) 'example_branch_dop_operator_v3' retrieved from /home/airflow/.local/lib/python3.8/site-packages/airflow/example_dags/example_branch_python_dop_operator_3.py
[2026-01-22T13:04:37.570+0000] {logging_mixin.py:188} INFO - [2026-01-22T13:04:37.570+0000] {dag.py:3036} INFO - Sync 1 DAGs
[2026-01-22T13:04:37.618+0000] {logging_mixin.py:188} INFO - [2026-01-22T13:04:37.618+0000] {dag.py:3823} INFO - Setting next_dagrun for example_branch_dop_operator_v3 to 2026-01-22 13:03:00+00:00, run_after=2026-01-22 13:04:00+00:00
[2026-01-22T13:04:37.650+0000] {processor.py:183} INFO - Processing /home/airflow/.local/lib/python3.8/site-packages/airflow/example_dags/example_branch_python_dop_operator_3.py took 0.159 seconds
