[2026-01-22T12:59:35.638+0000] {processor.py:161} INFO - Started process (PID=76) to work on /home/airflow/.local/lib/python3.8/site-packages/airflow/example_dags/example_branch_datetime_operator.py
[2026-01-22T12:59:35.639+0000] {processor.py:830} INFO - Processing file /home/airflow/.local/lib/python3.8/site-packages/airflow/example_dags/example_branch_datetime_operator.py for tasks to queue
[2026-01-22T12:59:35.642+0000] {logging_mixin.py:188} INFO - [2026-01-22T12:59:35.641+0000] {dagbag.py:538} INFO - Filling up the DagBag from /home/airflow/.local/lib/python3.8/site-packages/airflow/example_dags/example_branch_datetime_operator.py
[2026-01-22T12:59:35.666+0000] {processor.py:840} INFO - DAG(s) 'example_branch_datetime_operator', 'example_branch_datetime_operator_2', 'example_branch_datetime_operator_3' retrieved from /home/airflow/.local/lib/python3.8/site-packages/airflow/example_dags/example_branch_datetime_operator.py
[2026-01-22T12:59:35.724+0000] {logging_mixin.py:188} INFO - [2026-01-22T12:59:35.723+0000] {dag.py:3036} INFO - Sync 3 DAGs
[2026-01-22T12:59:35.774+0000] {logging_mixin.py:188} INFO - [2026-01-22T12:59:35.773+0000] {dag.py:3823} INFO - Setting next_dagrun for example_branch_datetime_operator to 2026-01-21 00:00:00+00:00, run_after=2026-01-22 00:00:00+00:00
[2026-01-22T12:59:35.784+0000] {logging_mixin.py:188} INFO - [2026-01-22T12:59:35.783+0000] {dag.py:3823} INFO - Setting next_dagrun for example_branch_datetime_operator_2 to 2026-01-21 00:00:00+00:00, run_after=2026-01-22 00:00:00+00:00
[2026-01-22T12:59:35.790+0000] {logging_mixin.py:188} INFO - [2026-01-22T12:59:35.789+0000] {dag.py:3823} INFO - Setting next_dagrun for example_branch_datetime_operator_3 to 2026-01-21 00:00:00+00:00, run_after=2026-01-22 00:00:00+00:00
[2026-01-22T12:59:35.824+0000] {processor.py:183} INFO - Processing /home/airflow/.local/lib/python3.8/site-packages/airflow/example_dags/example_branch_datetime_operator.py took 0.192 seconds
[2026-01-22T13:00:06.633+0000] {processor.py:161} INFO - Started process (PID=144) to work on /home/airflow/.local/lib/python3.8/site-packages/airflow/example_dags/example_branch_datetime_operator.py
[2026-01-22T13:00:06.635+0000] {processor.py:830} INFO - Processing file /home/airflow/.local/lib/python3.8/site-packages/airflow/example_dags/example_branch_datetime_operator.py for tasks to queue
[2026-01-22T13:00:06.639+0000] {logging_mixin.py:188} INFO - [2026-01-22T13:00:06.638+0000] {dagbag.py:538} INFO - Filling up the DagBag from /home/airflow/.local/lib/python3.8/site-packages/airflow/example_dags/example_branch_datetime_operator.py
[2026-01-22T13:00:06.661+0000] {processor.py:840} INFO - DAG(s) 'example_branch_datetime_operator_2', 'example_branch_datetime_operator_3', 'example_branch_datetime_operator' retrieved from /home/airflow/.local/lib/python3.8/site-packages/airflow/example_dags/example_branch_datetime_operator.py
[2026-01-22T13:00:06.715+0000] {logging_mixin.py:188} INFO - [2026-01-22T13:00:06.715+0000] {dag.py:3036} INFO - Sync 3 DAGs
[2026-01-22T13:00:06.763+0000] {logging_mixin.py:188} INFO - [2026-01-22T13:00:06.763+0000] {dag.py:3823} INFO - Setting next_dagrun for example_branch_datetime_operator to 2026-01-21 00:00:00+00:00, run_after=2026-01-22 00:00:00+00:00
[2026-01-22T13:00:06.775+0000] {logging_mixin.py:188} INFO - [2026-01-22T13:00:06.774+0000] {dag.py:3823} INFO - Setting next_dagrun for example_branch_datetime_operator_2 to 2026-01-21 00:00:00+00:00, run_after=2026-01-22 00:00:00+00:00
[2026-01-22T13:00:06.786+0000] {logging_mixin.py:188} INFO - [2026-01-22T13:00:06.785+0000] {dag.py:3823} INFO - Setting next_dagrun for example_branch_datetime_operator_3 to 2026-01-21 00:00:00+00:00, run_after=2026-01-22 00:00:00+00:00
[2026-01-22T13:00:06.818+0000] {processor.py:183} INFO - Processing /home/airflow/.local/lib/python3.8/site-packages/airflow/example_dags/example_branch_datetime_operator.py took 0.191 seconds
[2026-01-22T13:00:37.326+0000] {processor.py:161} INFO - Started process (PID=209) to work on /home/airflow/.local/lib/python3.8/site-packages/airflow/example_dags/example_branch_datetime_operator.py
[2026-01-22T13:00:37.344+0000] {processor.py:830} INFO - Processing file /home/airflow/.local/lib/python3.8/site-packages/airflow/example_dags/example_branch_datetime_operator.py for tasks to queue
[2026-01-22T13:00:37.347+0000] {logging_mixin.py:188} INFO - [2026-01-22T13:00:37.347+0000] {dagbag.py:538} INFO - Filling up the DagBag from /home/airflow/.local/lib/python3.8/site-packages/airflow/example_dags/example_branch_datetime_operator.py
[2026-01-22T13:00:37.383+0000] {processor.py:840} INFO - DAG(s) 'example_branch_datetime_operator_3', 'example_branch_datetime_operator', 'example_branch_datetime_operator_2' retrieved from /home/airflow/.local/lib/python3.8/site-packages/airflow/example_dags/example_branch_datetime_operator.py
[2026-01-22T13:00:37.473+0000] {logging_mixin.py:188} INFO - [2026-01-22T13:00:37.472+0000] {dag.py:3036} INFO - Sync 3 DAGs
[2026-01-22T13:00:37.540+0000] {logging_mixin.py:188} INFO - [2026-01-22T13:00:37.540+0000] {dag.py:3823} INFO - Setting next_dagrun for example_branch_datetime_operator to 2026-01-21 00:00:00+00:00, run_after=2026-01-22 00:00:00+00:00
[2026-01-22T13:00:37.552+0000] {logging_mixin.py:188} INFO - [2026-01-22T13:00:37.552+0000] {dag.py:3823} INFO - Setting next_dagrun for example_branch_datetime_operator_2 to 2026-01-21 00:00:00+00:00, run_after=2026-01-22 00:00:00+00:00
[2026-01-22T13:00:37.568+0000] {logging_mixin.py:188} INFO - [2026-01-22T13:00:37.568+0000] {dag.py:3823} INFO - Setting next_dagrun for example_branch_datetime_operator_3 to 2026-01-21 00:00:00+00:00, run_after=2026-01-22 00:00:00+00:00
[2026-01-22T13:00:37.614+0000] {processor.py:183} INFO - Processing /home/airflow/.local/lib/python3.8/site-packages/airflow/example_dags/example_branch_datetime_operator.py took 0.299 seconds
[2026-01-22T13:01:07.732+0000] {processor.py:161} INFO - Started process (PID=275) to work on /home/airflow/.local/lib/python3.8/site-packages/airflow/example_dags/example_branch_datetime_operator.py
[2026-01-22T13:01:07.733+0000] {processor.py:830} INFO - Processing file /home/airflow/.local/lib/python3.8/site-packages/airflow/example_dags/example_branch_datetime_operator.py for tasks to queue
[2026-01-22T13:01:07.736+0000] {logging_mixin.py:188} INFO - [2026-01-22T13:01:07.735+0000] {dagbag.py:538} INFO - Filling up the DagBag from /home/airflow/.local/lib/python3.8/site-packages/airflow/example_dags/example_branch_datetime_operator.py
[2026-01-22T13:01:07.756+0000] {processor.py:840} INFO - DAG(s) 'example_branch_datetime_operator_2', 'example_branch_datetime_operator_3', 'example_branch_datetime_operator' retrieved from /home/airflow/.local/lib/python3.8/site-packages/airflow/example_dags/example_branch_datetime_operator.py
[2026-01-22T13:01:07.810+0000] {logging_mixin.py:188} INFO - [2026-01-22T13:01:07.809+0000] {dag.py:3036} INFO - Sync 3 DAGs
[2026-01-22T13:01:07.859+0000] {logging_mixin.py:188} INFO - [2026-01-22T13:01:07.858+0000] {dag.py:3823} INFO - Setting next_dagrun for example_branch_datetime_operator to 2026-01-21 00:00:00+00:00, run_after=2026-01-22 00:00:00+00:00
[2026-01-22T13:01:07.881+0000] {logging_mixin.py:188} INFO - [2026-01-22T13:01:07.881+0000] {dag.py:3823} INFO - Setting next_dagrun for example_branch_datetime_operator_2 to 2026-01-21 00:00:00+00:00, run_after=2026-01-22 00:00:00+00:00
[2026-01-22T13:01:07.888+0000] {logging_mixin.py:188} INFO - [2026-01-22T13:01:07.888+0000] {dag.py:3823} INFO - Setting next_dagrun for example_branch_datetime_operator_3 to 2026-01-21 00:00:00+00:00, run_after=2026-01-22 00:00:00+00:00
[2026-01-22T13:01:07.919+0000] {processor.py:183} INFO - Processing /home/airflow/.local/lib/python3.8/site-packages/airflow/example_dags/example_branch_datetime_operator.py took 0.193 seconds
[2026-01-22T13:01:38.411+0000] {processor.py:161} INFO - Started process (PID=341) to work on /home/airflow/.local/lib/python3.8/site-packages/airflow/example_dags/example_branch_datetime_operator.py
[2026-01-22T13:01:38.413+0000] {processor.py:830} INFO - Processing file /home/airflow/.local/lib/python3.8/site-packages/airflow/example_dags/example_branch_datetime_operator.py for tasks to queue
[2026-01-22T13:01:38.420+0000] {logging_mixin.py:188} INFO - [2026-01-22T13:01:38.418+0000] {dagbag.py:538} INFO - Filling up the DagBag from /home/airflow/.local/lib/python3.8/site-packages/airflow/example_dags/example_branch_datetime_operator.py
[2026-01-22T13:01:38.443+0000] {processor.py:840} INFO - DAG(s) 'example_branch_datetime_operator_3', 'example_branch_datetime_operator_2', 'example_branch_datetime_operator' retrieved from /home/airflow/.local/lib/python3.8/site-packages/airflow/example_dags/example_branch_datetime_operator.py
[2026-01-22T13:01:38.502+0000] {logging_mixin.py:188} INFO - [2026-01-22T13:01:38.501+0000] {dag.py:3036} INFO - Sync 3 DAGs
[2026-01-22T13:01:38.554+0000] {logging_mixin.py:188} INFO - [2026-01-22T13:01:38.553+0000] {dag.py:3823} INFO - Setting next_dagrun for example_branch_datetime_operator to 2026-01-21 00:00:00+00:00, run_after=2026-01-22 00:00:00+00:00
[2026-01-22T13:01:38.566+0000] {logging_mixin.py:188} INFO - [2026-01-22T13:01:38.566+0000] {dag.py:3823} INFO - Setting next_dagrun for example_branch_datetime_operator_2 to 2026-01-21 00:00:00+00:00, run_after=2026-01-22 00:00:00+00:00
[2026-01-22T13:01:38.573+0000] {logging_mixin.py:188} INFO - [2026-01-22T13:01:38.572+0000] {dag.py:3823} INFO - Setting next_dagrun for example_branch_datetime_operator_3 to 2026-01-21 00:00:00+00:00, run_after=2026-01-22 00:00:00+00:00
[2026-01-22T13:01:38.605+0000] {processor.py:183} INFO - Processing /home/airflow/.local/lib/python3.8/site-packages/airflow/example_dags/example_branch_datetime_operator.py took 0.200 seconds
[2026-01-22T13:02:09.134+0000] {processor.py:161} INFO - Started process (PID=407) to work on /home/airflow/.local/lib/python3.8/site-packages/airflow/example_dags/example_branch_datetime_operator.py
[2026-01-22T13:02:09.136+0000] {processor.py:830} INFO - Processing file /home/airflow/.local/lib/python3.8/site-packages/airflow/example_dags/example_branch_datetime_operator.py for tasks to queue
[2026-01-22T13:02:09.140+0000] {logging_mixin.py:188} INFO - [2026-01-22T13:02:09.139+0000] {dagbag.py:538} INFO - Filling up the DagBag from /home/airflow/.local/lib/python3.8/site-packages/airflow/example_dags/example_branch_datetime_operator.py
[2026-01-22T13:02:09.162+0000] {processor.py:840} INFO - DAG(s) 'example_branch_datetime_operator_3', 'example_branch_datetime_operator_2', 'example_branch_datetime_operator' retrieved from /home/airflow/.local/lib/python3.8/site-packages/airflow/example_dags/example_branch_datetime_operator.py
[2026-01-22T13:02:09.212+0000] {logging_mixin.py:188} INFO - [2026-01-22T13:02:09.211+0000] {dag.py:3036} INFO - Sync 3 DAGs
[2026-01-22T13:02:09.256+0000] {logging_mixin.py:188} INFO - [2026-01-22T13:02:09.255+0000] {dag.py:3823} INFO - Setting next_dagrun for example_branch_datetime_operator to 2026-01-21 00:00:00+00:00, run_after=2026-01-22 00:00:00+00:00
[2026-01-22T13:02:09.265+0000] {logging_mixin.py:188} INFO - [2026-01-22T13:02:09.265+0000] {dag.py:3823} INFO - Setting next_dagrun for example_branch_datetime_operator_2 to 2026-01-21 00:00:00+00:00, run_after=2026-01-22 00:00:00+00:00
[2026-01-22T13:02:09.270+0000] {logging_mixin.py:188} INFO - [2026-01-22T13:02:09.270+0000] {dag.py:3823} INFO - Setting next_dagrun for example_branch_datetime_operator_3 to 2026-01-21 00:00:00+00:00, run_after=2026-01-22 00:00:00+00:00
[2026-01-22T13:02:09.303+0000] {processor.py:183} INFO - Processing /home/airflow/.local/lib/python3.8/site-packages/airflow/example_dags/example_branch_datetime_operator.py took 0.176 seconds
[2026-01-22T13:02:39.404+0000] {processor.py:161} INFO - Started process (PID=474) to work on /home/airflow/.local/lib/python3.8/site-packages/airflow/example_dags/example_branch_datetime_operator.py
[2026-01-22T13:02:39.406+0000] {processor.py:830} INFO - Processing file /home/airflow/.local/lib/python3.8/site-packages/airflow/example_dags/example_branch_datetime_operator.py for tasks to queue
[2026-01-22T13:02:39.409+0000] {logging_mixin.py:188} INFO - [2026-01-22T13:02:39.409+0000] {dagbag.py:538} INFO - Filling up the DagBag from /home/airflow/.local/lib/python3.8/site-packages/airflow/example_dags/example_branch_datetime_operator.py
[2026-01-22T13:02:39.426+0000] {processor.py:840} INFO - DAG(s) 'example_branch_datetime_operator_2', 'example_branch_datetime_operator', 'example_branch_datetime_operator_3' retrieved from /home/airflow/.local/lib/python3.8/site-packages/airflow/example_dags/example_branch_datetime_operator.py
[2026-01-22T13:02:39.471+0000] {logging_mixin.py:188} INFO - [2026-01-22T13:02:39.471+0000] {dag.py:3036} INFO - Sync 3 DAGs
[2026-01-22T13:02:39.515+0000] {logging_mixin.py:188} INFO - [2026-01-22T13:02:39.514+0000] {dag.py:3823} INFO - Setting next_dagrun for example_branch_datetime_operator to 2026-01-21 00:00:00+00:00, run_after=2026-01-22 00:00:00+00:00
[2026-01-22T13:02:39.523+0000] {logging_mixin.py:188} INFO - [2026-01-22T13:02:39.522+0000] {dag.py:3823} INFO - Setting next_dagrun for example_branch_datetime_operator_2 to 2026-01-21 00:00:00+00:00, run_after=2026-01-22 00:00:00+00:00
[2026-01-22T13:02:39.527+0000] {logging_mixin.py:188} INFO - [2026-01-22T13:02:39.527+0000] {dag.py:3823} INFO - Setting next_dagrun for example_branch_datetime_operator_3 to 2026-01-21 00:00:00+00:00, run_after=2026-01-22 00:00:00+00:00
[2026-01-22T13:02:39.557+0000] {processor.py:183} INFO - Processing /home/airflow/.local/lib/python3.8/site-packages/airflow/example_dags/example_branch_datetime_operator.py took 0.158 seconds
[2026-01-22T13:03:09.707+0000] {processor.py:161} INFO - Started process (PID=540) to work on /home/airflow/.local/lib/python3.8/site-packages/airflow/example_dags/example_branch_datetime_operator.py
[2026-01-22T13:03:09.708+0000] {processor.py:830} INFO - Processing file /home/airflow/.local/lib/python3.8/site-packages/airflow/example_dags/example_branch_datetime_operator.py for tasks to queue
[2026-01-22T13:03:09.711+0000] {logging_mixin.py:188} INFO - [2026-01-22T13:03:09.710+0000] {dagbag.py:538} INFO - Filling up the DagBag from /home/airflow/.local/lib/python3.8/site-packages/airflow/example_dags/example_branch_datetime_operator.py
[2026-01-22T13:03:09.729+0000] {processor.py:840} INFO - DAG(s) 'example_branch_datetime_operator_2', 'example_branch_datetime_operator_3', 'example_branch_datetime_operator' retrieved from /home/airflow/.local/lib/python3.8/site-packages/airflow/example_dags/example_branch_datetime_operator.py
[2026-01-22T13:03:09.774+0000] {logging_mixin.py:188} INFO - [2026-01-22T13:03:09.774+0000] {dag.py:3036} INFO - Sync 3 DAGs
[2026-01-22T13:03:09.812+0000] {logging_mixin.py:188} INFO - [2026-01-22T13:03:09.811+0000] {dag.py:3823} INFO - Setting next_dagrun for example_branch_datetime_operator to 2026-01-21 00:00:00+00:00, run_after=2026-01-22 00:00:00+00:00
[2026-01-22T13:03:09.820+0000] {logging_mixin.py:188} INFO - [2026-01-22T13:03:09.820+0000] {dag.py:3823} INFO - Setting next_dagrun for example_branch_datetime_operator_2 to 2026-01-21 00:00:00+00:00, run_after=2026-01-22 00:00:00+00:00
[2026-01-22T13:03:09.825+0000] {logging_mixin.py:188} INFO - [2026-01-22T13:03:09.825+0000] {dag.py:3823} INFO - Setting next_dagrun for example_branch_datetime_operator_3 to 2026-01-21 00:00:00+00:00, run_after=2026-01-22 00:00:00+00:00
[2026-01-22T13:03:09.852+0000] {processor.py:183} INFO - Processing /home/airflow/.local/lib/python3.8/site-packages/airflow/example_dags/example_branch_datetime_operator.py took 0.150 seconds
[2026-01-22T13:03:40.193+0000] {processor.py:161} INFO - Started process (PID=607) to work on /home/airflow/.local/lib/python3.8/site-packages/airflow/example_dags/example_branch_datetime_operator.py
[2026-01-22T13:03:40.195+0000] {processor.py:830} INFO - Processing file /home/airflow/.local/lib/python3.8/site-packages/airflow/example_dags/example_branch_datetime_operator.py for tasks to queue
[2026-01-22T13:03:40.198+0000] {logging_mixin.py:188} INFO - [2026-01-22T13:03:40.198+0000] {dagbag.py:538} INFO - Filling up the DagBag from /home/airflow/.local/lib/python3.8/site-packages/airflow/example_dags/example_branch_datetime_operator.py
[2026-01-22T13:03:40.220+0000] {processor.py:840} INFO - DAG(s) 'example_branch_datetime_operator_2', 'example_branch_datetime_operator', 'example_branch_datetime_operator_3' retrieved from /home/airflow/.local/lib/python3.8/site-packages/airflow/example_dags/example_branch_datetime_operator.py
[2026-01-22T13:03:40.276+0000] {logging_mixin.py:188} INFO - [2026-01-22T13:03:40.275+0000] {dag.py:3036} INFO - Sync 3 DAGs
[2026-01-22T13:03:40.332+0000] {logging_mixin.py:188} INFO - [2026-01-22T13:03:40.332+0000] {dag.py:3823} INFO - Setting next_dagrun for example_branch_datetime_operator to 2026-01-21 00:00:00+00:00, run_after=2026-01-22 00:00:00+00:00
[2026-01-22T13:03:40.342+0000] {logging_mixin.py:188} INFO - [2026-01-22T13:03:40.342+0000] {dag.py:3823} INFO - Setting next_dagrun for example_branch_datetime_operator_2 to 2026-01-21 00:00:00+00:00, run_after=2026-01-22 00:00:00+00:00
[2026-01-22T13:03:40.347+0000] {logging_mixin.py:188} INFO - [2026-01-22T13:03:40.347+0000] {dag.py:3823} INFO - Setting next_dagrun for example_branch_datetime_operator_3 to 2026-01-21 00:00:00+00:00, run_after=2026-01-22 00:00:00+00:00
[2026-01-22T13:03:40.376+0000] {processor.py:183} INFO - Processing /home/airflow/.local/lib/python3.8/site-packages/airflow/example_dags/example_branch_datetime_operator.py took 0.189 seconds
[2026-01-22T13:04:10.901+0000] {processor.py:161} INFO - Started process (PID=673) to work on /home/airflow/.local/lib/python3.8/site-packages/airflow/example_dags/example_branch_datetime_operator.py
[2026-01-22T13:04:10.902+0000] {processor.py:830} INFO - Processing file /home/airflow/.local/lib/python3.8/site-packages/airflow/example_dags/example_branch_datetime_operator.py for tasks to queue
[2026-01-22T13:04:10.905+0000] {logging_mixin.py:188} INFO - [2026-01-22T13:04:10.904+0000] {dagbag.py:538} INFO - Filling up the DagBag from /home/airflow/.local/lib/python3.8/site-packages/airflow/example_dags/example_branch_datetime_operator.py
[2026-01-22T13:04:10.922+0000] {processor.py:840} INFO - DAG(s) 'example_branch_datetime_operator_2', 'example_branch_datetime_operator_3', 'example_branch_datetime_operator' retrieved from /home/airflow/.local/lib/python3.8/site-packages/airflow/example_dags/example_branch_datetime_operator.py
[2026-01-22T13:04:10.967+0000] {logging_mixin.py:188} INFO - [2026-01-22T13:04:10.967+0000] {dag.py:3036} INFO - Sync 3 DAGs
[2026-01-22T13:04:11.011+0000] {logging_mixin.py:188} INFO - [2026-01-22T13:04:11.010+0000] {dag.py:3823} INFO - Setting next_dagrun for example_branch_datetime_operator to 2026-01-21 00:00:00+00:00, run_after=2026-01-22 00:00:00+00:00
[2026-01-22T13:04:11.022+0000] {logging_mixin.py:188} INFO - [2026-01-22T13:04:11.021+0000] {dag.py:3823} INFO - Setting next_dagrun for example_branch_datetime_operator_2 to 2026-01-21 00:00:00+00:00, run_after=2026-01-22 00:00:00+00:00
[2026-01-22T13:04:11.028+0000] {logging_mixin.py:188} INFO - [2026-01-22T13:04:11.027+0000] {dag.py:3823} INFO - Setting next_dagrun for example_branch_datetime_operator_3 to 2026-01-21 00:00:00+00:00, run_after=2026-01-22 00:00:00+00:00
[2026-01-22T13:04:11.058+0000] {processor.py:183} INFO - Processing /home/airflow/.local/lib/python3.8/site-packages/airflow/example_dags/example_branch_datetime_operator.py took 0.163 seconds
[2026-01-22T13:04:41.569+0000] {processor.py:161} INFO - Started process (PID=739) to work on /home/airflow/.local/lib/python3.8/site-packages/airflow/example_dags/example_branch_datetime_operator.py
[2026-01-22T13:04:41.571+0000] {processor.py:830} INFO - Processing file /home/airflow/.local/lib/python3.8/site-packages/airflow/example_dags/example_branch_datetime_operator.py for tasks to queue
[2026-01-22T13:04:41.574+0000] {logging_mixin.py:188} INFO - [2026-01-22T13:04:41.573+0000] {dagbag.py:538} INFO - Filling up the DagBag from /home/airflow/.local/lib/python3.8/site-packages/airflow/example_dags/example_branch_datetime_operator.py
[2026-01-22T13:04:41.590+0000] {processor.py:840} INFO - DAG(s) 'example_branch_datetime_operator_3', 'example_branch_datetime_operator_2', 'example_branch_datetime_operator' retrieved from /home/airflow/.local/lib/python3.8/site-packages/airflow/example_dags/example_branch_datetime_operator.py
[2026-01-22T13:04:41.633+0000] {logging_mixin.py:188} INFO - [2026-01-22T13:04:41.632+0000] {dag.py:3036} INFO - Sync 3 DAGs
[2026-01-22T13:04:41.670+0000] {logging_mixin.py:188} INFO - [2026-01-22T13:04:41.669+0000] {dag.py:3823} INFO - Setting next_dagrun for example_branch_datetime_operator to 2026-01-21 00:00:00+00:00, run_after=2026-01-22 00:00:00+00:00
[2026-01-22T13:04:41.678+0000] {logging_mixin.py:188} INFO - [2026-01-22T13:04:41.678+0000] {dag.py:3823} INFO - Setting next_dagrun for example_branch_datetime_operator_2 to 2026-01-21 00:00:00+00:00, run_after=2026-01-22 00:00:00+00:00
[2026-01-22T13:04:41.683+0000] {logging_mixin.py:188} INFO - [2026-01-22T13:04:41.682+0000] {dag.py:3823} INFO - Setting next_dagrun for example_branch_datetime_operator_3 to 2026-01-21 00:00:00+00:00, run_after=2026-01-22 00:00:00+00:00
[2026-01-22T13:04:41.708+0000] {processor.py:183} INFO - Processing /home/airflow/.local/lib/python3.8/site-packages/airflow/example_dags/example_branch_datetime_operator.py took 0.144 seconds
