[2026-01-22T12:59:38.512+0000] {processor.py:161} INFO - Started process (PID=96) to work on /home/airflow/.local/lib/python3.8/site-packages/airflow/example_dags/example_sla_dag.py
[2026-01-22T12:59:38.514+0000] {processor.py:830} INFO - Processing file /home/airflow/.local/lib/python3.8/site-packages/airflow/example_dags/example_sla_dag.py for tasks to queue
[2026-01-22T12:59:38.517+0000] {logging_mixin.py:188} INFO - [2026-01-22T12:59:38.517+0000] {dagbag.py:538} INFO - Filling up the DagBag from /home/airflow/.local/lib/python3.8/site-packages/airflow/example_dags/example_sla_dag.py
[2026-01-22T12:59:38.534+0000] {processor.py:840} INFO - DAG(s) 'example_sla_dag' retrieved from /home/airflow/.local/lib/python3.8/site-packages/airflow/example_dags/example_sla_dag.py
[2026-01-22T12:59:38.578+0000] {logging_mixin.py:188} INFO - [2026-01-22T12:59:38.578+0000] {dag.py:3036} INFO - Sync 1 DAGs
[2026-01-22T12:59:38.655+0000] {logging_mixin.py:188} INFO - [2026-01-22T12:59:38.654+0000] {dag.py:3823} INFO - Setting next_dagrun for example_sla_dag to 2026-01-22 12:56:00+00:00, run_after=2026-01-22 12:58:00+00:00
[2026-01-22T12:59:38.694+0000] {processor.py:183} INFO - Processing /home/airflow/.local/lib/python3.8/site-packages/airflow/example_dags/example_sla_dag.py took 0.190 seconds
[2026-01-22T13:00:09.100+0000] {processor.py:161} INFO - Started process (PID=164) to work on /home/airflow/.local/lib/python3.8/site-packages/airflow/example_dags/example_sla_dag.py
[2026-01-22T13:00:09.102+0000] {processor.py:830} INFO - Processing file /home/airflow/.local/lib/python3.8/site-packages/airflow/example_dags/example_sla_dag.py for tasks to queue
[2026-01-22T13:00:09.105+0000] {logging_mixin.py:188} INFO - [2026-01-22T13:00:09.104+0000] {dagbag.py:538} INFO - Filling up the DagBag from /home/airflow/.local/lib/python3.8/site-packages/airflow/example_dags/example_sla_dag.py
[2026-01-22T13:00:09.129+0000] {processor.py:840} INFO - DAG(s) 'example_sla_dag' retrieved from /home/airflow/.local/lib/python3.8/site-packages/airflow/example_dags/example_sla_dag.py
[2026-01-22T13:00:09.175+0000] {logging_mixin.py:188} INFO - [2026-01-22T13:00:09.175+0000] {dag.py:3036} INFO - Sync 1 DAGs
[2026-01-22T13:00:09.218+0000] {logging_mixin.py:188} INFO - [2026-01-22T13:00:09.218+0000] {dag.py:3823} INFO - Setting next_dagrun for example_sla_dag to 2026-01-22 12:58:00+00:00, run_after=2026-01-22 13:00:00+00:00
[2026-01-22T13:00:09.251+0000] {processor.py:183} INFO - Processing /home/airflow/.local/lib/python3.8/site-packages/airflow/example_dags/example_sla_dag.py took 0.157 seconds
[2026-01-22T13:00:40.026+0000] {processor.py:161} INFO - Started process (PID=229) to work on /home/airflow/.local/lib/python3.8/site-packages/airflow/example_dags/example_sla_dag.py
[2026-01-22T13:00:40.028+0000] {processor.py:830} INFO - Processing file /home/airflow/.local/lib/python3.8/site-packages/airflow/example_dags/example_sla_dag.py for tasks to queue
[2026-01-22T13:00:40.032+0000] {logging_mixin.py:188} INFO - [2026-01-22T13:00:40.031+0000] {dagbag.py:538} INFO - Filling up the DagBag from /home/airflow/.local/lib/python3.8/site-packages/airflow/example_dags/example_sla_dag.py
[2026-01-22T13:00:40.048+0000] {processor.py:840} INFO - DAG(s) 'example_sla_dag' retrieved from /home/airflow/.local/lib/python3.8/site-packages/airflow/example_dags/example_sla_dag.py
[2026-01-22T13:00:40.101+0000] {logging_mixin.py:188} INFO - [2026-01-22T13:00:40.101+0000] {dag.py:3036} INFO - Sync 1 DAGs
[2026-01-22T13:00:40.193+0000] {logging_mixin.py:188} INFO - [2026-01-22T13:00:40.193+0000] {dag.py:3823} INFO - Setting next_dagrun for example_sla_dag to 2026-01-22 12:58:00+00:00, run_after=2026-01-22 13:00:00+00:00
[2026-01-22T13:00:40.225+0000] {processor.py:183} INFO - Processing /home/airflow/.local/lib/python3.8/site-packages/airflow/example_dags/example_sla_dag.py took 0.205 seconds
[2026-01-22T13:01:10.968+0000] {processor.py:161} INFO - Started process (PID=295) to work on /home/airflow/.local/lib/python3.8/site-packages/airflow/example_dags/example_sla_dag.py
[2026-01-22T13:01:10.970+0000] {processor.py:830} INFO - Processing file /home/airflow/.local/lib/python3.8/site-packages/airflow/example_dags/example_sla_dag.py for tasks to queue
[2026-01-22T13:01:10.973+0000] {logging_mixin.py:188} INFO - [2026-01-22T13:01:10.972+0000] {dagbag.py:538} INFO - Filling up the DagBag from /home/airflow/.local/lib/python3.8/site-packages/airflow/example_dags/example_sla_dag.py
[2026-01-22T13:01:10.986+0000] {processor.py:840} INFO - DAG(s) 'example_sla_dag' retrieved from /home/airflow/.local/lib/python3.8/site-packages/airflow/example_dags/example_sla_dag.py
[2026-01-22T13:01:11.016+0000] {logging_mixin.py:188} INFO - [2026-01-22T13:01:11.015+0000] {dag.py:3036} INFO - Sync 1 DAGs
[2026-01-22T13:01:11.063+0000] {logging_mixin.py:188} INFO - [2026-01-22T13:01:11.063+0000] {dag.py:3823} INFO - Setting next_dagrun for example_sla_dag to 2026-01-22 12:58:00+00:00, run_after=2026-01-22 13:00:00+00:00
[2026-01-22T13:01:11.094+0000] {processor.py:183} INFO - Processing /home/airflow/.local/lib/python3.8/site-packages/airflow/example_dags/example_sla_dag.py took 0.131 seconds
[2026-01-22T13:01:41.704+0000] {processor.py:161} INFO - Started process (PID=361) to work on /home/airflow/.local/lib/python3.8/site-packages/airflow/example_dags/example_sla_dag.py
[2026-01-22T13:01:41.706+0000] {processor.py:830} INFO - Processing file /home/airflow/.local/lib/python3.8/site-packages/airflow/example_dags/example_sla_dag.py for tasks to queue
[2026-01-22T13:01:41.709+0000] {logging_mixin.py:188} INFO - [2026-01-22T13:01:41.709+0000] {dagbag.py:538} INFO - Filling up the DagBag from /home/airflow/.local/lib/python3.8/site-packages/airflow/example_dags/example_sla_dag.py
[2026-01-22T13:01:41.726+0000] {processor.py:840} INFO - DAG(s) 'example_sla_dag' retrieved from /home/airflow/.local/lib/python3.8/site-packages/airflow/example_dags/example_sla_dag.py
[2026-01-22T13:01:41.763+0000] {logging_mixin.py:188} INFO - [2026-01-22T13:01:41.763+0000] {dag.py:3036} INFO - Sync 1 DAGs
[2026-01-22T13:01:41.818+0000] {logging_mixin.py:188} INFO - [2026-01-22T13:01:41.817+0000] {dag.py:3823} INFO - Setting next_dagrun for example_sla_dag to 2026-01-22 12:58:00+00:00, run_after=2026-01-22 13:00:00+00:00
[2026-01-22T13:01:41.852+0000] {processor.py:183} INFO - Processing /home/airflow/.local/lib/python3.8/site-packages/airflow/example_dags/example_sla_dag.py took 0.154 seconds
[2026-01-22T13:02:12.661+0000] {processor.py:161} INFO - Started process (PID=427) to work on /home/airflow/.local/lib/python3.8/site-packages/airflow/example_dags/example_sla_dag.py
[2026-01-22T13:02:12.663+0000] {processor.py:830} INFO - Processing file /home/airflow/.local/lib/python3.8/site-packages/airflow/example_dags/example_sla_dag.py for tasks to queue
[2026-01-22T13:02:12.665+0000] {logging_mixin.py:188} INFO - [2026-01-22T13:02:12.665+0000] {dagbag.py:538} INFO - Filling up the DagBag from /home/airflow/.local/lib/python3.8/site-packages/airflow/example_dags/example_sla_dag.py
[2026-01-22T13:02:12.678+0000] {processor.py:840} INFO - DAG(s) 'example_sla_dag' retrieved from /home/airflow/.local/lib/python3.8/site-packages/airflow/example_dags/example_sla_dag.py
[2026-01-22T13:02:12.718+0000] {logging_mixin.py:188} INFO - [2026-01-22T13:02:12.717+0000] {dag.py:3036} INFO - Sync 1 DAGs
[2026-01-22T13:02:12.769+0000] {logging_mixin.py:188} INFO - [2026-01-22T13:02:12.768+0000] {dag.py:3823} INFO - Setting next_dagrun for example_sla_dag to 2026-01-22 13:00:00+00:00, run_after=2026-01-22 13:02:00+00:00
[2026-01-22T13:02:12.801+0000] {processor.py:183} INFO - Processing /home/airflow/.local/lib/python3.8/site-packages/airflow/example_dags/example_sla_dag.py took 0.145 seconds
[2026-01-22T13:02:43.469+0000] {processor.py:161} INFO - Started process (PID=494) to work on /home/airflow/.local/lib/python3.8/site-packages/airflow/example_dags/example_sla_dag.py
[2026-01-22T13:02:43.471+0000] {processor.py:830} INFO - Processing file /home/airflow/.local/lib/python3.8/site-packages/airflow/example_dags/example_sla_dag.py for tasks to queue
[2026-01-22T13:02:43.474+0000] {logging_mixin.py:188} INFO - [2026-01-22T13:02:43.474+0000] {dagbag.py:538} INFO - Filling up the DagBag from /home/airflow/.local/lib/python3.8/site-packages/airflow/example_dags/example_sla_dag.py
[2026-01-22T13:02:43.490+0000] {processor.py:840} INFO - DAG(s) 'example_sla_dag' retrieved from /home/airflow/.local/lib/python3.8/site-packages/airflow/example_dags/example_sla_dag.py
[2026-01-22T13:02:43.525+0000] {logging_mixin.py:188} INFO - [2026-01-22T13:02:43.524+0000] {dag.py:3036} INFO - Sync 1 DAGs
[2026-01-22T13:02:43.574+0000] {logging_mixin.py:188} INFO - [2026-01-22T13:02:43.574+0000] {dag.py:3823} INFO - Setting next_dagrun for example_sla_dag to 2026-01-22 13:00:00+00:00, run_after=2026-01-22 13:02:00+00:00
[2026-01-22T13:02:43.603+0000] {processor.py:183} INFO - Processing /home/airflow/.local/lib/python3.8/site-packages/airflow/example_dags/example_sla_dag.py took 0.139 seconds
[2026-01-22T13:03:14.068+0000] {processor.py:161} INFO - Started process (PID=560) to work on /home/airflow/.local/lib/python3.8/site-packages/airflow/example_dags/example_sla_dag.py
[2026-01-22T13:03:14.070+0000] {processor.py:830} INFO - Processing file /home/airflow/.local/lib/python3.8/site-packages/airflow/example_dags/example_sla_dag.py for tasks to queue
[2026-01-22T13:03:14.073+0000] {logging_mixin.py:188} INFO - [2026-01-22T13:03:14.072+0000] {dagbag.py:538} INFO - Filling up the DagBag from /home/airflow/.local/lib/python3.8/site-packages/airflow/example_dags/example_sla_dag.py
[2026-01-22T13:03:14.089+0000] {processor.py:840} INFO - DAG(s) 'example_sla_dag' retrieved from /home/airflow/.local/lib/python3.8/site-packages/airflow/example_dags/example_sla_dag.py
[2026-01-22T13:03:14.126+0000] {logging_mixin.py:188} INFO - [2026-01-22T13:03:14.126+0000] {dag.py:3036} INFO - Sync 1 DAGs
[2026-01-22T13:03:14.178+0000] {logging_mixin.py:188} INFO - [2026-01-22T13:03:14.177+0000] {dag.py:3823} INFO - Setting next_dagrun for example_sla_dag to 2026-01-22 13:00:00+00:00, run_after=2026-01-22 13:02:00+00:00
[2026-01-22T13:03:14.208+0000] {processor.py:183} INFO - Processing /home/airflow/.local/lib/python3.8/site-packages/airflow/example_dags/example_sla_dag.py took 0.147 seconds
[2026-01-22T13:03:44.358+0000] {processor.py:161} INFO - Started process (PID=627) to work on /home/airflow/.local/lib/python3.8/site-packages/airflow/example_dags/example_sla_dag.py
[2026-01-22T13:03:44.360+0000] {processor.py:830} INFO - Processing file /home/airflow/.local/lib/python3.8/site-packages/airflow/example_dags/example_sla_dag.py for tasks to queue
[2026-01-22T13:03:44.362+0000] {logging_mixin.py:188} INFO - [2026-01-22T13:03:44.362+0000] {dagbag.py:538} INFO - Filling up the DagBag from /home/airflow/.local/lib/python3.8/site-packages/airflow/example_dags/example_sla_dag.py
[2026-01-22T13:03:44.376+0000] {processor.py:840} INFO - DAG(s) 'example_sla_dag' retrieved from /home/airflow/.local/lib/python3.8/site-packages/airflow/example_dags/example_sla_dag.py
[2026-01-22T13:03:44.406+0000] {logging_mixin.py:188} INFO - [2026-01-22T13:03:44.406+0000] {dag.py:3036} INFO - Sync 1 DAGs
[2026-01-22T13:03:44.445+0000] {logging_mixin.py:188} INFO - [2026-01-22T13:03:44.445+0000] {dag.py:3823} INFO - Setting next_dagrun for example_sla_dag to 2026-01-22 13:00:00+00:00, run_after=2026-01-22 13:02:00+00:00
[2026-01-22T13:03:44.475+0000] {processor.py:183} INFO - Processing /home/airflow/.local/lib/python3.8/site-packages/airflow/example_dags/example_sla_dag.py took 0.123 seconds
[2026-01-22T13:04:15.075+0000] {processor.py:161} INFO - Started process (PID=693) to work on /home/airflow/.local/lib/python3.8/site-packages/airflow/example_dags/example_sla_dag.py
[2026-01-22T13:04:15.077+0000] {processor.py:830} INFO - Processing file /home/airflow/.local/lib/python3.8/site-packages/airflow/example_dags/example_sla_dag.py for tasks to queue
[2026-01-22T13:04:15.079+0000] {logging_mixin.py:188} INFO - [2026-01-22T13:04:15.079+0000] {dagbag.py:538} INFO - Filling up the DagBag from /home/airflow/.local/lib/python3.8/site-packages/airflow/example_dags/example_sla_dag.py
[2026-01-22T13:04:15.093+0000] {processor.py:840} INFO - DAG(s) 'example_sla_dag' retrieved from /home/airflow/.local/lib/python3.8/site-packages/airflow/example_dags/example_sla_dag.py
[2026-01-22T13:04:15.125+0000] {logging_mixin.py:188} INFO - [2026-01-22T13:04:15.124+0000] {dag.py:3036} INFO - Sync 1 DAGs
[2026-01-22T13:04:15.167+0000] {logging_mixin.py:188} INFO - [2026-01-22T13:04:15.167+0000] {dag.py:3823} INFO - Setting next_dagrun for example_sla_dag to 2026-01-22 13:02:00+00:00, run_after=2026-01-22 13:04:00+00:00
[2026-01-22T13:04:15.218+0000] {processor.py:183} INFO - Processing /home/airflow/.local/lib/python3.8/site-packages/airflow/example_dags/example_sla_dag.py took 0.147 seconds
[2026-01-22T13:04:45.541+0000] {processor.py:161} INFO - Started process (PID=766) to work on /home/airflow/.local/lib/python3.8/site-packages/airflow/example_dags/example_sla_dag.py
[2026-01-22T13:04:45.543+0000] {processor.py:830} INFO - Processing file /home/airflow/.local/lib/python3.8/site-packages/airflow/example_dags/example_sla_dag.py for tasks to queue
[2026-01-22T13:04:45.546+0000] {logging_mixin.py:188} INFO - [2026-01-22T13:04:45.545+0000] {dagbag.py:538} INFO - Filling up the DagBag from /home/airflow/.local/lib/python3.8/site-packages/airflow/example_dags/example_sla_dag.py
[2026-01-22T13:04:45.559+0000] {processor.py:840} INFO - DAG(s) 'example_sla_dag' retrieved from /home/airflow/.local/lib/python3.8/site-packages/airflow/example_dags/example_sla_dag.py
[2026-01-22T13:04:45.589+0000] {logging_mixin.py:188} INFO - [2026-01-22T13:04:45.589+0000] {dag.py:3036} INFO - Sync 1 DAGs
[2026-01-22T13:04:45.630+0000] {logging_mixin.py:188} INFO - [2026-01-22T13:04:45.630+0000] {dag.py:3823} INFO - Setting next_dagrun for example_sla_dag to 2026-01-22 13:02:00+00:00, run_after=2026-01-22 13:04:00+00:00
[2026-01-22T13:04:45.664+0000] {processor.py:183} INFO - Processing /home/airflow/.local/lib/python3.8/site-packages/airflow/example_dags/example_sla_dag.py took 0.128 seconds
