[2026-01-22T12:59:34.974+0000] {processor.py:161} INFO - Started process (PID=72) to work on /home/airflow/.local/lib/python3.8/site-packages/airflow/example_dags/example_task_group.py
[2026-01-22T12:59:34.975+0000] {processor.py:830} INFO - Processing file /home/airflow/.local/lib/python3.8/site-packages/airflow/example_dags/example_task_group.py for tasks to queue
[2026-01-22T12:59:34.990+0000] {logging_mixin.py:188} INFO - [2026-01-22T12:59:34.990+0000] {dagbag.py:538} INFO - Filling up the DagBag from /home/airflow/.local/lib/python3.8/site-packages/airflow/example_dags/example_task_group.py
[2026-01-22T12:59:35.003+0000] {processor.py:840} INFO - DAG(s) 'example_task_group' retrieved from /home/airflow/.local/lib/python3.8/site-packages/airflow/example_dags/example_task_group.py
[2026-01-22T12:59:35.050+0000] {logging_mixin.py:188} INFO - [2026-01-22T12:59:35.049+0000] {dag.py:3036} INFO - Sync 1 DAGs
[2026-01-22T12:59:35.095+0000] {logging_mixin.py:188} INFO - [2026-01-22T12:59:35.095+0000] {dag.py:3823} INFO - Setting next_dagrun for example_task_group to 2026-01-21 00:00:00+00:00, run_after=2026-01-22 00:00:00+00:00
[2026-01-22T12:59:35.146+0000] {processor.py:183} INFO - Processing /home/airflow/.local/lib/python3.8/site-packages/airflow/example_dags/example_task_group.py took 0.179 seconds
[2026-01-22T13:00:05.376+0000] {processor.py:161} INFO - Started process (PID=139) to work on /home/airflow/.local/lib/python3.8/site-packages/airflow/example_dags/example_task_group.py
[2026-01-22T13:00:05.377+0000] {processor.py:830} INFO - Processing file /home/airflow/.local/lib/python3.8/site-packages/airflow/example_dags/example_task_group.py for tasks to queue
[2026-01-22T13:00:05.381+0000] {logging_mixin.py:188} INFO - [2026-01-22T13:00:05.380+0000] {dagbag.py:538} INFO - Filling up the DagBag from /home/airflow/.local/lib/python3.8/site-packages/airflow/example_dags/example_task_group.py
[2026-01-22T13:00:05.395+0000] {processor.py:840} INFO - DAG(s) 'example_task_group' retrieved from /home/airflow/.local/lib/python3.8/site-packages/airflow/example_dags/example_task_group.py
[2026-01-22T13:00:05.438+0000] {logging_mixin.py:188} INFO - [2026-01-22T13:00:05.437+0000] {dag.py:3036} INFO - Sync 1 DAGs
[2026-01-22T13:00:05.485+0000] {logging_mixin.py:188} INFO - [2026-01-22T13:00:05.484+0000] {dag.py:3823} INFO - Setting next_dagrun for example_task_group to 2026-01-21 00:00:00+00:00, run_after=2026-01-22 00:00:00+00:00
[2026-01-22T13:00:05.521+0000] {processor.py:183} INFO - Processing /home/airflow/.local/lib/python3.8/site-packages/airflow/example_dags/example_task_group.py took 0.152 seconds
[2026-01-22T13:00:35.796+0000] {processor.py:161} INFO - Started process (PID=204) to work on /home/airflow/.local/lib/python3.8/site-packages/airflow/example_dags/example_task_group.py
[2026-01-22T13:00:35.799+0000] {processor.py:830} INFO - Processing file /home/airflow/.local/lib/python3.8/site-packages/airflow/example_dags/example_task_group.py for tasks to queue
[2026-01-22T13:00:35.802+0000] {logging_mixin.py:188} INFO - [2026-01-22T13:00:35.801+0000] {dagbag.py:538} INFO - Filling up the DagBag from /home/airflow/.local/lib/python3.8/site-packages/airflow/example_dags/example_task_group.py
[2026-01-22T13:00:35.817+0000] {processor.py:840} INFO - DAG(s) 'example_task_group' retrieved from /home/airflow/.local/lib/python3.8/site-packages/airflow/example_dags/example_task_group.py
[2026-01-22T13:00:35.881+0000] {logging_mixin.py:188} INFO - [2026-01-22T13:00:35.880+0000] {dag.py:3036} INFO - Sync 1 DAGs
[2026-01-22T13:00:35.928+0000] {logging_mixin.py:188} INFO - [2026-01-22T13:00:35.928+0000] {dag.py:3823} INFO - Setting next_dagrun for example_task_group to 2026-01-21 00:00:00+00:00, run_after=2026-01-22 00:00:00+00:00
[2026-01-22T13:00:35.970+0000] {processor.py:183} INFO - Processing /home/airflow/.local/lib/python3.8/site-packages/airflow/example_dags/example_task_group.py took 0.182 seconds
[2026-01-22T13:01:06.365+0000] {processor.py:161} INFO - Started process (PID=271) to work on /home/airflow/.local/lib/python3.8/site-packages/airflow/example_dags/example_task_group.py
[2026-01-22T13:01:06.366+0000] {processor.py:830} INFO - Processing file /home/airflow/.local/lib/python3.8/site-packages/airflow/example_dags/example_task_group.py for tasks to queue
[2026-01-22T13:01:06.369+0000] {logging_mixin.py:188} INFO - [2026-01-22T13:01:06.369+0000] {dagbag.py:538} INFO - Filling up the DagBag from /home/airflow/.local/lib/python3.8/site-packages/airflow/example_dags/example_task_group.py
[2026-01-22T13:01:06.384+0000] {processor.py:840} INFO - DAG(s) 'example_task_group' retrieved from /home/airflow/.local/lib/python3.8/site-packages/airflow/example_dags/example_task_group.py
[2026-01-22T13:01:06.434+0000] {logging_mixin.py:188} INFO - [2026-01-22T13:01:06.434+0000] {dag.py:3036} INFO - Sync 1 DAGs
[2026-01-22T13:01:06.491+0000] {logging_mixin.py:188} INFO - [2026-01-22T13:01:06.491+0000] {dag.py:3823} INFO - Setting next_dagrun for example_task_group to 2026-01-21 00:00:00+00:00, run_after=2026-01-22 00:00:00+00:00
[2026-01-22T13:01:06.536+0000] {processor.py:183} INFO - Processing /home/airflow/.local/lib/python3.8/site-packages/airflow/example_dags/example_task_group.py took 0.178 seconds
[2026-01-22T13:01:36.856+0000] {processor.py:161} INFO - Started process (PID=337) to work on /home/airflow/.local/lib/python3.8/site-packages/airflow/example_dags/example_task_group.py
[2026-01-22T13:01:36.858+0000] {processor.py:830} INFO - Processing file /home/airflow/.local/lib/python3.8/site-packages/airflow/example_dags/example_task_group.py for tasks to queue
[2026-01-22T13:01:36.861+0000] {logging_mixin.py:188} INFO - [2026-01-22T13:01:36.860+0000] {dagbag.py:538} INFO - Filling up the DagBag from /home/airflow/.local/lib/python3.8/site-packages/airflow/example_dags/example_task_group.py
[2026-01-22T13:01:36.875+0000] {processor.py:840} INFO - DAG(s) 'example_task_group' retrieved from /home/airflow/.local/lib/python3.8/site-packages/airflow/example_dags/example_task_group.py
[2026-01-22T13:01:36.920+0000] {logging_mixin.py:188} INFO - [2026-01-22T13:01:36.919+0000] {dag.py:3036} INFO - Sync 1 DAGs
[2026-01-22T13:01:36.966+0000] {logging_mixin.py:188} INFO - [2026-01-22T13:01:36.966+0000] {dag.py:3823} INFO - Setting next_dagrun for example_task_group to 2026-01-21 00:00:00+00:00, run_after=2026-01-22 00:00:00+00:00
[2026-01-22T13:01:37.000+0000] {processor.py:183} INFO - Processing /home/airflow/.local/lib/python3.8/site-packages/airflow/example_dags/example_task_group.py took 0.150 seconds
[2026-01-22T13:02:07.802+0000] {processor.py:161} INFO - Started process (PID=403) to work on /home/airflow/.local/lib/python3.8/site-packages/airflow/example_dags/example_task_group.py
[2026-01-22T13:02:07.804+0000] {processor.py:830} INFO - Processing file /home/airflow/.local/lib/python3.8/site-packages/airflow/example_dags/example_task_group.py for tasks to queue
[2026-01-22T13:02:07.807+0000] {logging_mixin.py:188} INFO - [2026-01-22T13:02:07.806+0000] {dagbag.py:538} INFO - Filling up the DagBag from /home/airflow/.local/lib/python3.8/site-packages/airflow/example_dags/example_task_group.py
[2026-01-22T13:02:07.821+0000] {processor.py:840} INFO - DAG(s) 'example_task_group' retrieved from /home/airflow/.local/lib/python3.8/site-packages/airflow/example_dags/example_task_group.py
[2026-01-22T13:02:07.867+0000] {logging_mixin.py:188} INFO - [2026-01-22T13:02:07.867+0000] {dag.py:3036} INFO - Sync 1 DAGs
[2026-01-22T13:02:07.912+0000] {logging_mixin.py:188} INFO - [2026-01-22T13:02:07.912+0000] {dag.py:3823} INFO - Setting next_dagrun for example_task_group to 2026-01-21 00:00:00+00:00, run_after=2026-01-22 00:00:00+00:00
[2026-01-22T13:02:07.945+0000] {processor.py:183} INFO - Processing /home/airflow/.local/lib/python3.8/site-packages/airflow/example_dags/example_task_group.py took 0.149 seconds
[2026-01-22T13:02:38.048+0000] {processor.py:161} INFO - Started process (PID=470) to work on /home/airflow/.local/lib/python3.8/site-packages/airflow/example_dags/example_task_group.py
[2026-01-22T13:02:38.050+0000] {processor.py:830} INFO - Processing file /home/airflow/.local/lib/python3.8/site-packages/airflow/example_dags/example_task_group.py for tasks to queue
[2026-01-22T13:02:38.053+0000] {logging_mixin.py:188} INFO - [2026-01-22T13:02:38.052+0000] {dagbag.py:538} INFO - Filling up the DagBag from /home/airflow/.local/lib/python3.8/site-packages/airflow/example_dags/example_task_group.py
[2026-01-22T13:02:38.064+0000] {processor.py:840} INFO - DAG(s) 'example_task_group' retrieved from /home/airflow/.local/lib/python3.8/site-packages/airflow/example_dags/example_task_group.py
[2026-01-22T13:02:38.098+0000] {logging_mixin.py:188} INFO - [2026-01-22T13:02:38.098+0000] {dag.py:3036} INFO - Sync 1 DAGs
[2026-01-22T13:02:38.141+0000] {logging_mixin.py:188} INFO - [2026-01-22T13:02:38.141+0000] {dag.py:3823} INFO - Setting next_dagrun for example_task_group to 2026-01-21 00:00:00+00:00, run_after=2026-01-22 00:00:00+00:00
[2026-01-22T13:02:38.179+0000] {processor.py:183} INFO - Processing /home/airflow/.local/lib/python3.8/site-packages/airflow/example_dags/example_task_group.py took 0.137 seconds
[2026-01-22T13:03:08.334+0000] {processor.py:161} INFO - Started process (PID=536) to work on /home/airflow/.local/lib/python3.8/site-packages/airflow/example_dags/example_task_group.py
[2026-01-22T13:03:08.335+0000] {processor.py:830} INFO - Processing file /home/airflow/.local/lib/python3.8/site-packages/airflow/example_dags/example_task_group.py for tasks to queue
[2026-01-22T13:03:08.338+0000] {logging_mixin.py:188} INFO - [2026-01-22T13:03:08.337+0000] {dagbag.py:538} INFO - Filling up the DagBag from /home/airflow/.local/lib/python3.8/site-packages/airflow/example_dags/example_task_group.py
[2026-01-22T13:03:08.348+0000] {processor.py:840} INFO - DAG(s) 'example_task_group' retrieved from /home/airflow/.local/lib/python3.8/site-packages/airflow/example_dags/example_task_group.py
[2026-01-22T13:03:08.383+0000] {logging_mixin.py:188} INFO - [2026-01-22T13:03:08.382+0000] {dag.py:3036} INFO - Sync 1 DAGs
[2026-01-22T13:03:08.418+0000] {logging_mixin.py:188} INFO - [2026-01-22T13:03:08.418+0000] {dag.py:3823} INFO - Setting next_dagrun for example_task_group to 2026-01-21 00:00:00+00:00, run_after=2026-01-22 00:00:00+00:00
[2026-01-22T13:03:08.447+0000] {processor.py:183} INFO - Processing /home/airflow/.local/lib/python3.8/site-packages/airflow/example_dags/example_task_group.py took 0.118 seconds
[2026-01-22T13:03:38.870+0000] {processor.py:161} INFO - Started process (PID=603) to work on /home/airflow/.local/lib/python3.8/site-packages/airflow/example_dags/example_task_group.py
[2026-01-22T13:03:38.872+0000] {processor.py:830} INFO - Processing file /home/airflow/.local/lib/python3.8/site-packages/airflow/example_dags/example_task_group.py for tasks to queue
[2026-01-22T13:03:38.875+0000] {logging_mixin.py:188} INFO - [2026-01-22T13:03:38.874+0000] {dagbag.py:538} INFO - Filling up the DagBag from /home/airflow/.local/lib/python3.8/site-packages/airflow/example_dags/example_task_group.py
[2026-01-22T13:03:38.887+0000] {processor.py:840} INFO - DAG(s) 'example_task_group' retrieved from /home/airflow/.local/lib/python3.8/site-packages/airflow/example_dags/example_task_group.py
[2026-01-22T13:03:38.922+0000] {logging_mixin.py:188} INFO - [2026-01-22T13:03:38.922+0000] {dag.py:3036} INFO - Sync 1 DAGs
[2026-01-22T13:03:38.963+0000] {logging_mixin.py:188} INFO - [2026-01-22T13:03:38.963+0000] {dag.py:3823} INFO - Setting next_dagrun for example_task_group to 2026-01-21 00:00:00+00:00, run_after=2026-01-22 00:00:00+00:00
[2026-01-22T13:03:39.002+0000] {processor.py:183} INFO - Processing /home/airflow/.local/lib/python3.8/site-packages/airflow/example_dags/example_task_group.py took 0.139 seconds
[2026-01-22T13:04:09.524+0000] {processor.py:161} INFO - Started process (PID=669) to work on /home/airflow/.local/lib/python3.8/site-packages/airflow/example_dags/example_task_group.py
[2026-01-22T13:04:09.526+0000] {processor.py:830} INFO - Processing file /home/airflow/.local/lib/python3.8/site-packages/airflow/example_dags/example_task_group.py for tasks to queue
[2026-01-22T13:04:09.529+0000] {logging_mixin.py:188} INFO - [2026-01-22T13:04:09.528+0000] {dagbag.py:538} INFO - Filling up the DagBag from /home/airflow/.local/lib/python3.8/site-packages/airflow/example_dags/example_task_group.py
[2026-01-22T13:04:09.541+0000] {processor.py:840} INFO - DAG(s) 'example_task_group' retrieved from /home/airflow/.local/lib/python3.8/site-packages/airflow/example_dags/example_task_group.py
[2026-01-22T13:04:09.582+0000] {logging_mixin.py:188} INFO - [2026-01-22T13:04:09.581+0000] {dag.py:3036} INFO - Sync 1 DAGs
[2026-01-22T13:04:09.627+0000] {logging_mixin.py:188} INFO - [2026-01-22T13:04:09.627+0000] {dag.py:3823} INFO - Setting next_dagrun for example_task_group to 2026-01-21 00:00:00+00:00, run_after=2026-01-22 00:00:00+00:00
[2026-01-22T13:04:09.667+0000] {processor.py:183} INFO - Processing /home/airflow/.local/lib/python3.8/site-packages/airflow/example_dags/example_task_group.py took 0.147 seconds
[2026-01-22T13:04:40.198+0000] {processor.py:161} INFO - Started process (PID=735) to work on /home/airflow/.local/lib/python3.8/site-packages/airflow/example_dags/example_task_group.py
[2026-01-22T13:04:40.200+0000] {processor.py:830} INFO - Processing file /home/airflow/.local/lib/python3.8/site-packages/airflow/example_dags/example_task_group.py for tasks to queue
[2026-01-22T13:04:40.203+0000] {logging_mixin.py:188} INFO - [2026-01-22T13:04:40.202+0000] {dagbag.py:538} INFO - Filling up the DagBag from /home/airflow/.local/lib/python3.8/site-packages/airflow/example_dags/example_task_group.py
[2026-01-22T13:04:40.226+0000] {processor.py:840} INFO - DAG(s) 'example_task_group' retrieved from /home/airflow/.local/lib/python3.8/site-packages/airflow/example_dags/example_task_group.py
[2026-01-22T13:04:40.298+0000] {logging_mixin.py:188} INFO - [2026-01-22T13:04:40.298+0000] {dag.py:3036} INFO - Sync 1 DAGs
[2026-01-22T13:04:40.338+0000] {logging_mixin.py:188} INFO - [2026-01-22T13:04:40.338+0000] {dag.py:3823} INFO - Setting next_dagrun for example_task_group to 2026-01-21 00:00:00+00:00, run_after=2026-01-22 00:00:00+00:00
[2026-01-22T13:04:40.367+0000] {processor.py:183} INFO - Processing /home/airflow/.local/lib/python3.8/site-packages/airflow/example_dags/example_task_group.py took 0.175 seconds
