[2026-01-22T12:59:37.486+0000] {processor.py:161} INFO - Started process (PID=88) to work on /home/airflow/.local/lib/python3.8/site-packages/airflow/example_dags/example_python_decorator.py
[2026-01-22T12:59:37.487+0000] {processor.py:830} INFO - Processing file /home/airflow/.local/lib/python3.8/site-packages/airflow/example_dags/example_python_decorator.py for tasks to queue
[2026-01-22T12:59:37.490+0000] {logging_mixin.py:188} INFO - [2026-01-22T12:59:37.490+0000] {dagbag.py:538} INFO - Filling up the DagBag from /home/airflow/.local/lib/python3.8/site-packages/airflow/example_dags/example_python_decorator.py
[2026-01-22T12:59:37.514+0000] {processor.py:840} INFO - DAG(s) 'example_python_decorator' retrieved from /home/airflow/.local/lib/python3.8/site-packages/airflow/example_dags/example_python_decorator.py
[2026-01-22T12:59:37.728+0000] {logging_mixin.py:188} INFO - [2026-01-22T12:59:37.728+0000] {dag.py:3036} INFO - Sync 1 DAGs
[2026-01-22T12:59:37.749+0000] {logging_mixin.py:188} INFO - [2026-01-22T12:59:37.748+0000] {dag.py:3823} INFO - Setting next_dagrun for example_python_decorator to None, run_after=None
[2026-01-22T12:59:37.785+0000] {processor.py:183} INFO - Processing /home/airflow/.local/lib/python3.8/site-packages/airflow/example_dags/example_python_decorator.py took 0.305 seconds
[2026-01-22T13:00:08.379+0000] {processor.py:161} INFO - Started process (PID=156) to work on /home/airflow/.local/lib/python3.8/site-packages/airflow/example_dags/example_python_decorator.py
[2026-01-22T13:00:08.380+0000] {processor.py:830} INFO - Processing file /home/airflow/.local/lib/python3.8/site-packages/airflow/example_dags/example_python_decorator.py for tasks to queue
[2026-01-22T13:00:08.383+0000] {logging_mixin.py:188} INFO - [2026-01-22T13:00:08.382+0000] {dagbag.py:538} INFO - Filling up the DagBag from /home/airflow/.local/lib/python3.8/site-packages/airflow/example_dags/example_python_decorator.py
[2026-01-22T13:00:08.403+0000] {processor.py:840} INFO - DAG(s) 'example_python_decorator' retrieved from /home/airflow/.local/lib/python3.8/site-packages/airflow/example_dags/example_python_decorator.py
[2026-01-22T13:00:08.447+0000] {logging_mixin.py:188} INFO - [2026-01-22T13:00:08.446+0000] {dag.py:3036} INFO - Sync 1 DAGs
[2026-01-22T13:00:08.467+0000] {logging_mixin.py:188} INFO - [2026-01-22T13:00:08.467+0000] {dag.py:3823} INFO - Setting next_dagrun for example_python_decorator to None, run_after=None
[2026-01-22T13:00:08.499+0000] {processor.py:183} INFO - Processing /home/airflow/.local/lib/python3.8/site-packages/airflow/example_dags/example_python_decorator.py took 0.125 seconds
[2026-01-22T13:00:39.216+0000] {processor.py:161} INFO - Started process (PID=221) to work on /home/airflow/.local/lib/python3.8/site-packages/airflow/example_dags/example_python_decorator.py
[2026-01-22T13:00:39.218+0000] {processor.py:830} INFO - Processing file /home/airflow/.local/lib/python3.8/site-packages/airflow/example_dags/example_python_decorator.py for tasks to queue
[2026-01-22T13:00:39.221+0000] {logging_mixin.py:188} INFO - [2026-01-22T13:00:39.221+0000] {dagbag.py:538} INFO - Filling up the DagBag from /home/airflow/.local/lib/python3.8/site-packages/airflow/example_dags/example_python_decorator.py
[2026-01-22T13:00:39.249+0000] {processor.py:840} INFO - DAG(s) 'example_python_decorator' retrieved from /home/airflow/.local/lib/python3.8/site-packages/airflow/example_dags/example_python_decorator.py
[2026-01-22T13:00:39.302+0000] {logging_mixin.py:188} INFO - [2026-01-22T13:00:39.302+0000] {dag.py:3036} INFO - Sync 1 DAGs
[2026-01-22T13:00:39.327+0000] {logging_mixin.py:188} INFO - [2026-01-22T13:00:39.326+0000] {dag.py:3823} INFO - Setting next_dagrun for example_python_decorator to None, run_after=None
[2026-01-22T13:00:39.359+0000] {processor.py:183} INFO - Processing /home/airflow/.local/lib/python3.8/site-packages/airflow/example_dags/example_python_decorator.py took 0.149 seconds
[2026-01-22T13:01:10.153+0000] {processor.py:161} INFO - Started process (PID=287) to work on /home/airflow/.local/lib/python3.8/site-packages/airflow/example_dags/example_python_decorator.py
[2026-01-22T13:01:10.154+0000] {processor.py:830} INFO - Processing file /home/airflow/.local/lib/python3.8/site-packages/airflow/example_dags/example_python_decorator.py for tasks to queue
[2026-01-22T13:01:10.158+0000] {logging_mixin.py:188} INFO - [2026-01-22T13:01:10.157+0000] {dagbag.py:538} INFO - Filling up the DagBag from /home/airflow/.local/lib/python3.8/site-packages/airflow/example_dags/example_python_decorator.py
[2026-01-22T13:01:10.221+0000] {processor.py:840} INFO - DAG(s) 'example_python_decorator' retrieved from /home/airflow/.local/lib/python3.8/site-packages/airflow/example_dags/example_python_decorator.py
[2026-01-22T13:01:10.295+0000] {logging_mixin.py:188} INFO - [2026-01-22T13:01:10.294+0000] {dag.py:3036} INFO - Sync 1 DAGs
[2026-01-22T13:01:10.320+0000] {logging_mixin.py:188} INFO - [2026-01-22T13:01:10.320+0000] {dag.py:3823} INFO - Setting next_dagrun for example_python_decorator to None, run_after=None
[2026-01-22T13:01:10.360+0000] {processor.py:183} INFO - Processing /home/airflow/.local/lib/python3.8/site-packages/airflow/example_dags/example_python_decorator.py took 0.213 seconds
[2026-01-22T13:01:40.896+0000] {processor.py:161} INFO - Started process (PID=353) to work on /home/airflow/.local/lib/python3.8/site-packages/airflow/example_dags/example_python_decorator.py
[2026-01-22T13:01:40.898+0000] {processor.py:830} INFO - Processing file /home/airflow/.local/lib/python3.8/site-packages/airflow/example_dags/example_python_decorator.py for tasks to queue
[2026-01-22T13:01:40.900+0000] {logging_mixin.py:188} INFO - [2026-01-22T13:01:40.900+0000] {dagbag.py:538} INFO - Filling up the DagBag from /home/airflow/.local/lib/python3.8/site-packages/airflow/example_dags/example_python_decorator.py
[2026-01-22T13:01:40.923+0000] {processor.py:840} INFO - DAG(s) 'example_python_decorator' retrieved from /home/airflow/.local/lib/python3.8/site-packages/airflow/example_dags/example_python_decorator.py
[2026-01-22T13:01:40.966+0000] {logging_mixin.py:188} INFO - [2026-01-22T13:01:40.965+0000] {dag.py:3036} INFO - Sync 1 DAGs
[2026-01-22T13:01:40.991+0000] {logging_mixin.py:188} INFO - [2026-01-22T13:01:40.991+0000] {dag.py:3823} INFO - Setting next_dagrun for example_python_decorator to None, run_after=None
[2026-01-22T13:01:41.028+0000] {processor.py:183} INFO - Processing /home/airflow/.local/lib/python3.8/site-packages/airflow/example_dags/example_python_decorator.py took 0.138 seconds
[2026-01-22T13:02:11.709+0000] {processor.py:161} INFO - Started process (PID=419) to work on /home/airflow/.local/lib/python3.8/site-packages/airflow/example_dags/example_python_decorator.py
[2026-01-22T13:02:11.711+0000] {processor.py:830} INFO - Processing file /home/airflow/.local/lib/python3.8/site-packages/airflow/example_dags/example_python_decorator.py for tasks to queue
[2026-01-22T13:02:11.714+0000] {logging_mixin.py:188} INFO - [2026-01-22T13:02:11.714+0000] {dagbag.py:538} INFO - Filling up the DagBag from /home/airflow/.local/lib/python3.8/site-packages/airflow/example_dags/example_python_decorator.py
[2026-01-22T13:02:11.733+0000] {processor.py:840} INFO - DAG(s) 'example_python_decorator' retrieved from /home/airflow/.local/lib/python3.8/site-packages/airflow/example_dags/example_python_decorator.py
[2026-01-22T13:02:11.770+0000] {logging_mixin.py:188} INFO - [2026-01-22T13:02:11.770+0000] {dag.py:3036} INFO - Sync 1 DAGs
[2026-01-22T13:02:11.791+0000] {logging_mixin.py:188} INFO - [2026-01-22T13:02:11.790+0000] {dag.py:3823} INFO - Setting next_dagrun for example_python_decorator to None, run_after=None
[2026-01-22T13:02:11.821+0000] {processor.py:183} INFO - Processing /home/airflow/.local/lib/python3.8/site-packages/airflow/example_dags/example_python_decorator.py took 0.116 seconds
[2026-01-22T13:02:42.755+0000] {processor.py:161} INFO - Started process (PID=486) to work on /home/airflow/.local/lib/python3.8/site-packages/airflow/example_dags/example_python_decorator.py
[2026-01-22T13:02:42.757+0000] {processor.py:830} INFO - Processing file /home/airflow/.local/lib/python3.8/site-packages/airflow/example_dags/example_python_decorator.py for tasks to queue
[2026-01-22T13:02:42.760+0000] {logging_mixin.py:188} INFO - [2026-01-22T13:02:42.759+0000] {dagbag.py:538} INFO - Filling up the DagBag from /home/airflow/.local/lib/python3.8/site-packages/airflow/example_dags/example_python_decorator.py
[2026-01-22T13:02:42.790+0000] {processor.py:840} INFO - DAG(s) 'example_python_decorator' retrieved from /home/airflow/.local/lib/python3.8/site-packages/airflow/example_dags/example_python_decorator.py
[2026-01-22T13:02:42.827+0000] {logging_mixin.py:188} INFO - [2026-01-22T13:02:42.826+0000] {dag.py:3036} INFO - Sync 1 DAGs
[2026-01-22T13:02:42.847+0000] {logging_mixin.py:188} INFO - [2026-01-22T13:02:42.846+0000] {dag.py:3823} INFO - Setting next_dagrun for example_python_decorator to None, run_after=None
[2026-01-22T13:02:42.877+0000] {processor.py:183} INFO - Processing /home/airflow/.local/lib/python3.8/site-packages/airflow/example_dags/example_python_decorator.py took 0.128 seconds
[2026-01-22T13:03:12.971+0000] {processor.py:161} INFO - Started process (PID=552) to work on /home/airflow/.local/lib/python3.8/site-packages/airflow/example_dags/example_python_decorator.py
[2026-01-22T13:03:12.973+0000] {processor.py:830} INFO - Processing file /home/airflow/.local/lib/python3.8/site-packages/airflow/example_dags/example_python_decorator.py for tasks to queue
[2026-01-22T13:03:12.976+0000] {logging_mixin.py:188} INFO - [2026-01-22T13:03:12.975+0000] {dagbag.py:538} INFO - Filling up the DagBag from /home/airflow/.local/lib/python3.8/site-packages/airflow/example_dags/example_python_decorator.py
[2026-01-22T13:03:13.003+0000] {processor.py:840} INFO - DAG(s) 'example_python_decorator' retrieved from /home/airflow/.local/lib/python3.8/site-packages/airflow/example_dags/example_python_decorator.py
[2026-01-22T13:03:13.043+0000] {logging_mixin.py:188} INFO - [2026-01-22T13:03:13.043+0000] {dag.py:3036} INFO - Sync 1 DAGs
[2026-01-22T13:03:13.063+0000] {logging_mixin.py:188} INFO - [2026-01-22T13:03:13.063+0000] {dag.py:3823} INFO - Setting next_dagrun for example_python_decorator to None, run_after=None
[2026-01-22T13:03:13.092+0000] {processor.py:183} INFO - Processing /home/airflow/.local/lib/python3.8/site-packages/airflow/example_dags/example_python_decorator.py took 0.126 seconds
[2026-01-22T13:03:43.289+0000] {processor.py:161} INFO - Started process (PID=618) to work on /home/airflow/.local/lib/python3.8/site-packages/airflow/example_dags/example_python_decorator.py
[2026-01-22T13:03:43.291+0000] {processor.py:830} INFO - Processing file /home/airflow/.local/lib/python3.8/site-packages/airflow/example_dags/example_python_decorator.py for tasks to queue
[2026-01-22T13:03:43.294+0000] {logging_mixin.py:188} INFO - [2026-01-22T13:03:43.293+0000] {dagbag.py:538} INFO - Filling up the DagBag from /home/airflow/.local/lib/python3.8/site-packages/airflow/example_dags/example_python_decorator.py
[2026-01-22T13:03:43.315+0000] {processor.py:840} INFO - DAG(s) 'example_python_decorator' retrieved from /home/airflow/.local/lib/python3.8/site-packages/airflow/example_dags/example_python_decorator.py
[2026-01-22T13:03:43.352+0000] {logging_mixin.py:188} INFO - [2026-01-22T13:03:43.351+0000] {dag.py:3036} INFO - Sync 1 DAGs
[2026-01-22T13:03:43.376+0000] {logging_mixin.py:188} INFO - [2026-01-22T13:03:43.375+0000] {dag.py:3823} INFO - Setting next_dagrun for example_python_decorator to None, run_after=None
[2026-01-22T13:03:43.408+0000] {processor.py:183} INFO - Processing /home/airflow/.local/lib/python3.8/site-packages/airflow/example_dags/example_python_decorator.py took 0.124 seconds
[2026-01-22T13:04:14.266+0000] {processor.py:161} INFO - Started process (PID=685) to work on /home/airflow/.local/lib/python3.8/site-packages/airflow/example_dags/example_python_decorator.py
[2026-01-22T13:04:14.267+0000] {processor.py:830} INFO - Processing file /home/airflow/.local/lib/python3.8/site-packages/airflow/example_dags/example_python_decorator.py for tasks to queue
[2026-01-22T13:04:14.270+0000] {logging_mixin.py:188} INFO - [2026-01-22T13:04:14.269+0000] {dagbag.py:538} INFO - Filling up the DagBag from /home/airflow/.local/lib/python3.8/site-packages/airflow/example_dags/example_python_decorator.py
[2026-01-22T13:04:14.294+0000] {processor.py:840} INFO - DAG(s) 'example_python_decorator' retrieved from /home/airflow/.local/lib/python3.8/site-packages/airflow/example_dags/example_python_decorator.py
[2026-01-22T13:04:14.343+0000] {logging_mixin.py:188} INFO - [2026-01-22T13:04:14.342+0000] {dag.py:3036} INFO - Sync 1 DAGs
[2026-01-22T13:04:14.363+0000] {logging_mixin.py:188} INFO - [2026-01-22T13:04:14.362+0000] {dag.py:3823} INFO - Setting next_dagrun for example_python_decorator to None, run_after=None
[2026-01-22T13:04:14.399+0000] {processor.py:183} INFO - Processing /home/airflow/.local/lib/python3.8/site-packages/airflow/example_dags/example_python_decorator.py took 0.140 seconds
[2026-01-22T13:04:44.824+0000] {processor.py:161} INFO - Started process (PID=758) to work on /home/airflow/.local/lib/python3.8/site-packages/airflow/example_dags/example_python_decorator.py
[2026-01-22T13:04:44.826+0000] {processor.py:830} INFO - Processing file /home/airflow/.local/lib/python3.8/site-packages/airflow/example_dags/example_python_decorator.py for tasks to queue
[2026-01-22T13:04:44.829+0000] {logging_mixin.py:188} INFO - [2026-01-22T13:04:44.828+0000] {dagbag.py:538} INFO - Filling up the DagBag from /home/airflow/.local/lib/python3.8/site-packages/airflow/example_dags/example_python_decorator.py
[2026-01-22T13:04:44.855+0000] {processor.py:840} INFO - DAG(s) 'example_python_decorator' retrieved from /home/airflow/.local/lib/python3.8/site-packages/airflow/example_dags/example_python_decorator.py
[2026-01-22T13:04:44.895+0000] {logging_mixin.py:188} INFO - [2026-01-22T13:04:44.894+0000] {dag.py:3036} INFO - Sync 1 DAGs
[2026-01-22T13:04:44.917+0000] {logging_mixin.py:188} INFO - [2026-01-22T13:04:44.916+0000] {dag.py:3823} INFO - Setting next_dagrun for example_python_decorator to None, run_after=None
[2026-01-22T13:04:44.954+0000] {processor.py:183} INFO - Processing /home/airflow/.local/lib/python3.8/site-packages/airflow/example_dags/example_python_decorator.py took 0.136 seconds
