[2026-01-22T12:59:37.836+0000] {processor.py:161} INFO - Started process (PID=91) to work on /home/airflow/.local/lib/python3.8/site-packages/airflow/example_dags/example_branch_operator.py
[2026-01-22T12:59:37.837+0000] {processor.py:830} INFO - Processing file /home/airflow/.local/lib/python3.8/site-packages/airflow/example_dags/example_branch_operator.py for tasks to queue
[2026-01-22T12:59:37.840+0000] {logging_mixin.py:188} INFO - [2026-01-22T12:59:37.840+0000] {dagbag.py:538} INFO - Filling up the DagBag from /home/airflow/.local/lib/python3.8/site-packages/airflow/example_dags/example_branch_operator.py
[2026-01-22T12:59:37.877+0000] {processor.py:840} INFO - DAG(s) 'example_branch_operator' retrieved from /home/airflow/.local/lib/python3.8/site-packages/airflow/example_dags/example_branch_operator.py
[2026-01-22T12:59:38.119+0000] {logging_mixin.py:188} INFO - [2026-01-22T12:59:38.119+0000] {dag.py:3036} INFO - Sync 1 DAGs
[2026-01-22T12:59:38.165+0000] {logging_mixin.py:188} INFO - [2026-01-22T12:59:38.165+0000] {dag.py:3823} INFO - Setting next_dagrun for example_branch_operator to 2026-01-21 00:00:00+00:00, run_after=2026-01-22 00:00:00+00:00
[2026-01-22T12:59:38.214+0000] {processor.py:183} INFO - Processing /home/airflow/.local/lib/python3.8/site-packages/airflow/example_dags/example_branch_operator.py took 0.385 seconds
[2026-01-22T13:00:08.572+0000] {processor.py:161} INFO - Started process (PID=159) to work on /home/airflow/.local/lib/python3.8/site-packages/airflow/example_dags/example_branch_operator.py
[2026-01-22T13:00:08.573+0000] {processor.py:830} INFO - Processing file /home/airflow/.local/lib/python3.8/site-packages/airflow/example_dags/example_branch_operator.py for tasks to queue
[2026-01-22T13:00:08.576+0000] {logging_mixin.py:188} INFO - [2026-01-22T13:00:08.575+0000] {dagbag.py:538} INFO - Filling up the DagBag from /home/airflow/.local/lib/python3.8/site-packages/airflow/example_dags/example_branch_operator.py
[2026-01-22T13:00:08.612+0000] {processor.py:840} INFO - DAG(s) 'example_branch_operator' retrieved from /home/airflow/.local/lib/python3.8/site-packages/airflow/example_dags/example_branch_operator.py
[2026-01-22T13:00:08.671+0000] {logging_mixin.py:188} INFO - [2026-01-22T13:00:08.671+0000] {dag.py:3036} INFO - Sync 1 DAGs
[2026-01-22T13:00:08.721+0000] {logging_mixin.py:188} INFO - [2026-01-22T13:00:08.721+0000] {dag.py:3823} INFO - Setting next_dagrun for example_branch_operator to 2026-01-21 00:00:00+00:00, run_after=2026-01-22 00:00:00+00:00
[2026-01-22T13:00:08.759+0000] {processor.py:183} INFO - Processing /home/airflow/.local/lib/python3.8/site-packages/airflow/example_dags/example_branch_operator.py took 0.193 seconds
[2026-01-22T13:00:39.542+0000] {processor.py:161} INFO - Started process (PID=224) to work on /home/airflow/.local/lib/python3.8/site-packages/airflow/example_dags/example_branch_operator.py
[2026-01-22T13:00:39.544+0000] {processor.py:830} INFO - Processing file /home/airflow/.local/lib/python3.8/site-packages/airflow/example_dags/example_branch_operator.py for tasks to queue
[2026-01-22T13:00:39.547+0000] {logging_mixin.py:188} INFO - [2026-01-22T13:00:39.547+0000] {dagbag.py:538} INFO - Filling up the DagBag from /home/airflow/.local/lib/python3.8/site-packages/airflow/example_dags/example_branch_operator.py
[2026-01-22T13:00:39.583+0000] {processor.py:840} INFO - DAG(s) 'example_branch_operator' retrieved from /home/airflow/.local/lib/python3.8/site-packages/airflow/example_dags/example_branch_operator.py
[2026-01-22T13:00:39.653+0000] {logging_mixin.py:188} INFO - [2026-01-22T13:00:39.645+0000] {dag.py:3036} INFO - Sync 1 DAGs
[2026-01-22T13:00:39.711+0000] {logging_mixin.py:188} INFO - [2026-01-22T13:00:39.710+0000] {dag.py:3823} INFO - Setting next_dagrun for example_branch_operator to 2026-01-21 00:00:00+00:00, run_after=2026-01-22 00:00:00+00:00
[2026-01-22T13:00:39.744+0000] {processor.py:183} INFO - Processing /home/airflow/.local/lib/python3.8/site-packages/airflow/example_dags/example_branch_operator.py took 0.207 seconds
[2026-01-22T13:01:10.497+0000] {processor.py:161} INFO - Started process (PID=290) to work on /home/airflow/.local/lib/python3.8/site-packages/airflow/example_dags/example_branch_operator.py
[2026-01-22T13:01:10.499+0000] {processor.py:830} INFO - Processing file /home/airflow/.local/lib/python3.8/site-packages/airflow/example_dags/example_branch_operator.py for tasks to queue
[2026-01-22T13:01:10.501+0000] {logging_mixin.py:188} INFO - [2026-01-22T13:01:10.501+0000] {dagbag.py:538} INFO - Filling up the DagBag from /home/airflow/.local/lib/python3.8/site-packages/airflow/example_dags/example_branch_operator.py
[2026-01-22T13:01:10.531+0000] {processor.py:840} INFO - DAG(s) 'example_branch_operator' retrieved from /home/airflow/.local/lib/python3.8/site-packages/airflow/example_dags/example_branch_operator.py
[2026-01-22T13:01:10.582+0000] {logging_mixin.py:188} INFO - [2026-01-22T13:01:10.582+0000] {dag.py:3036} INFO - Sync 1 DAGs
[2026-01-22T13:01:10.624+0000] {logging_mixin.py:188} INFO - [2026-01-22T13:01:10.623+0000] {dag.py:3823} INFO - Setting next_dagrun for example_branch_operator to 2026-01-21 00:00:00+00:00, run_after=2026-01-22 00:00:00+00:00
[2026-01-22T13:01:10.658+0000] {processor.py:183} INFO - Processing /home/airflow/.local/lib/python3.8/site-packages/airflow/example_dags/example_branch_operator.py took 0.166 seconds
[2026-01-22T13:01:41.109+0000] {processor.py:161} INFO - Started process (PID=356) to work on /home/airflow/.local/lib/python3.8/site-packages/airflow/example_dags/example_branch_operator.py
[2026-01-22T13:01:41.111+0000] {processor.py:830} INFO - Processing file /home/airflow/.local/lib/python3.8/site-packages/airflow/example_dags/example_branch_operator.py for tasks to queue
[2026-01-22T13:01:41.114+0000] {logging_mixin.py:188} INFO - [2026-01-22T13:01:41.113+0000] {dagbag.py:538} INFO - Filling up the DagBag from /home/airflow/.local/lib/python3.8/site-packages/airflow/example_dags/example_branch_operator.py
[2026-01-22T13:01:41.150+0000] {processor.py:840} INFO - DAG(s) 'example_branch_operator' retrieved from /home/airflow/.local/lib/python3.8/site-packages/airflow/example_dags/example_branch_operator.py
[2026-01-22T13:01:41.214+0000] {logging_mixin.py:188} INFO - [2026-01-22T13:01:41.213+0000] {dag.py:3036} INFO - Sync 1 DAGs
[2026-01-22T13:01:41.264+0000] {logging_mixin.py:188} INFO - [2026-01-22T13:01:41.264+0000] {dag.py:3823} INFO - Setting next_dagrun for example_branch_operator to 2026-01-21 00:00:00+00:00, run_after=2026-01-22 00:00:00+00:00
[2026-01-22T13:01:41.300+0000] {processor.py:183} INFO - Processing /home/airflow/.local/lib/python3.8/site-packages/airflow/example_dags/example_branch_operator.py took 0.197 seconds
[2026-01-22T13:02:11.904+0000] {processor.py:161} INFO - Started process (PID=422) to work on /home/airflow/.local/lib/python3.8/site-packages/airflow/example_dags/example_branch_operator.py
[2026-01-22T13:02:11.906+0000] {processor.py:830} INFO - Processing file /home/airflow/.local/lib/python3.8/site-packages/airflow/example_dags/example_branch_operator.py for tasks to queue
[2026-01-22T13:02:11.908+0000] {logging_mixin.py:188} INFO - [2026-01-22T13:02:11.908+0000] {dagbag.py:538} INFO - Filling up the DagBag from /home/airflow/.local/lib/python3.8/site-packages/airflow/example_dags/example_branch_operator.py
[2026-01-22T13:02:11.943+0000] {processor.py:840} INFO - DAG(s) 'example_branch_operator' retrieved from /home/airflow/.local/lib/python3.8/site-packages/airflow/example_dags/example_branch_operator.py
[2026-01-22T13:02:11.999+0000] {logging_mixin.py:188} INFO - [2026-01-22T13:02:11.999+0000] {dag.py:3036} INFO - Sync 1 DAGs
[2026-01-22T13:02:12.045+0000] {logging_mixin.py:188} INFO - [2026-01-22T13:02:12.045+0000] {dag.py:3823} INFO - Setting next_dagrun for example_branch_operator to 2026-01-21 00:00:00+00:00, run_after=2026-01-22 00:00:00+00:00
[2026-01-22T13:02:12.077+0000] {processor.py:183} INFO - Processing /home/airflow/.local/lib/python3.8/site-packages/airflow/example_dags/example_branch_operator.py took 0.179 seconds
[2026-01-22T13:02:43.042+0000] {processor.py:161} INFO - Started process (PID=489) to work on /home/airflow/.local/lib/python3.8/site-packages/airflow/example_dags/example_branch_operator.py
[2026-01-22T13:02:43.044+0000] {processor.py:830} INFO - Processing file /home/airflow/.local/lib/python3.8/site-packages/airflow/example_dags/example_branch_operator.py for tasks to queue
[2026-01-22T13:02:43.046+0000] {logging_mixin.py:188} INFO - [2026-01-22T13:02:43.046+0000] {dagbag.py:538} INFO - Filling up the DagBag from /home/airflow/.local/lib/python3.8/site-packages/airflow/example_dags/example_branch_operator.py
[2026-01-22T13:02:43.077+0000] {processor.py:840} INFO - DAG(s) 'example_branch_operator' retrieved from /home/airflow/.local/lib/python3.8/site-packages/airflow/example_dags/example_branch_operator.py
[2026-01-22T13:02:43.131+0000] {logging_mixin.py:188} INFO - [2026-01-22T13:02:43.130+0000] {dag.py:3036} INFO - Sync 1 DAGs
[2026-01-22T13:02:43.169+0000] {logging_mixin.py:188} INFO - [2026-01-22T13:02:43.168+0000] {dag.py:3823} INFO - Setting next_dagrun for example_branch_operator to 2026-01-21 00:00:00+00:00, run_after=2026-01-22 00:00:00+00:00
[2026-01-22T13:02:43.205+0000] {processor.py:183} INFO - Processing /home/airflow/.local/lib/python3.8/site-packages/airflow/example_dags/example_branch_operator.py took 0.168 seconds
[2026-01-22T13:03:13.470+0000] {processor.py:161} INFO - Started process (PID=555) to work on /home/airflow/.local/lib/python3.8/site-packages/airflow/example_dags/example_branch_operator.py
[2026-01-22T13:03:13.472+0000] {processor.py:830} INFO - Processing file /home/airflow/.local/lib/python3.8/site-packages/airflow/example_dags/example_branch_operator.py for tasks to queue
[2026-01-22T13:03:13.474+0000] {logging_mixin.py:188} INFO - [2026-01-22T13:03:13.474+0000] {dagbag.py:538} INFO - Filling up the DagBag from /home/airflow/.local/lib/python3.8/site-packages/airflow/example_dags/example_branch_operator.py
[2026-01-22T13:03:13.507+0000] {processor.py:840} INFO - DAG(s) 'example_branch_operator' retrieved from /home/airflow/.local/lib/python3.8/site-packages/airflow/example_dags/example_branch_operator.py
[2026-01-22T13:03:13.563+0000] {logging_mixin.py:188} INFO - [2026-01-22T13:03:13.562+0000] {dag.py:3036} INFO - Sync 1 DAGs
[2026-01-22T13:03:13.609+0000] {logging_mixin.py:188} INFO - [2026-01-22T13:03:13.609+0000] {dag.py:3823} INFO - Setting next_dagrun for example_branch_operator to 2026-01-21 00:00:00+00:00, run_after=2026-01-22 00:00:00+00:00
[2026-01-22T13:03:13.642+0000] {processor.py:183} INFO - Processing /home/airflow/.local/lib/python3.8/site-packages/airflow/example_dags/example_branch_operator.py took 0.177 seconds
[2026-01-22T13:03:43.886+0000] {processor.py:161} INFO - Started process (PID=622) to work on /home/airflow/.local/lib/python3.8/site-packages/airflow/example_dags/example_branch_operator.py
[2026-01-22T13:03:43.887+0000] {processor.py:830} INFO - Processing file /home/airflow/.local/lib/python3.8/site-packages/airflow/example_dags/example_branch_operator.py for tasks to queue
[2026-01-22T13:03:43.890+0000] {logging_mixin.py:188} INFO - [2026-01-22T13:03:43.889+0000] {dagbag.py:538} INFO - Filling up the DagBag from /home/airflow/.local/lib/python3.8/site-packages/airflow/example_dags/example_branch_operator.py
[2026-01-22T13:03:43.921+0000] {processor.py:840} INFO - DAG(s) 'example_branch_operator' retrieved from /home/airflow/.local/lib/python3.8/site-packages/airflow/example_dags/example_branch_operator.py
[2026-01-22T13:03:43.966+0000] {logging_mixin.py:188} INFO - [2026-01-22T13:03:43.965+0000] {dag.py:3036} INFO - Sync 1 DAGs
[2026-01-22T13:03:44.007+0000] {logging_mixin.py:188} INFO - [2026-01-22T13:03:44.006+0000] {dag.py:3823} INFO - Setting next_dagrun for example_branch_operator to 2026-01-21 00:00:00+00:00, run_after=2026-01-22 00:00:00+00:00
[2026-01-22T13:03:44.039+0000] {processor.py:183} INFO - Processing /home/airflow/.local/lib/python3.8/site-packages/airflow/example_dags/example_branch_operator.py took 0.159 seconds
[2026-01-22T13:04:14.578+0000] {processor.py:161} INFO - Started process (PID=688) to work on /home/airflow/.local/lib/python3.8/site-packages/airflow/example_dags/example_branch_operator.py
[2026-01-22T13:04:14.580+0000] {processor.py:830} INFO - Processing file /home/airflow/.local/lib/python3.8/site-packages/airflow/example_dags/example_branch_operator.py for tasks to queue
[2026-01-22T13:04:14.582+0000] {logging_mixin.py:188} INFO - [2026-01-22T13:04:14.581+0000] {dagbag.py:538} INFO - Filling up the DagBag from /home/airflow/.local/lib/python3.8/site-packages/airflow/example_dags/example_branch_operator.py
[2026-01-22T13:04:14.614+0000] {processor.py:840} INFO - DAG(s) 'example_branch_operator' retrieved from /home/airflow/.local/lib/python3.8/site-packages/airflow/example_dags/example_branch_operator.py
[2026-01-22T13:04:14.666+0000] {logging_mixin.py:188} INFO - [2026-01-22T13:04:14.666+0000] {dag.py:3036} INFO - Sync 1 DAGs
[2026-01-22T13:04:14.706+0000] {logging_mixin.py:188} INFO - [2026-01-22T13:04:14.706+0000] {dag.py:3823} INFO - Setting next_dagrun for example_branch_operator to 2026-01-21 00:00:00+00:00, run_after=2026-01-22 00:00:00+00:00
[2026-01-22T13:04:14.743+0000] {processor.py:183} INFO - Processing /home/airflow/.local/lib/python3.8/site-packages/airflow/example_dags/example_branch_operator.py took 0.170 seconds
[2026-01-22T13:04:45.088+0000] {processor.py:161} INFO - Started process (PID=761) to work on /home/airflow/.local/lib/python3.8/site-packages/airflow/example_dags/example_branch_operator.py
[2026-01-22T13:04:45.089+0000] {processor.py:830} INFO - Processing file /home/airflow/.local/lib/python3.8/site-packages/airflow/example_dags/example_branch_operator.py for tasks to queue
[2026-01-22T13:04:45.092+0000] {logging_mixin.py:188} INFO - [2026-01-22T13:04:45.091+0000] {dagbag.py:538} INFO - Filling up the DagBag from /home/airflow/.local/lib/python3.8/site-packages/airflow/example_dags/example_branch_operator.py
[2026-01-22T13:04:45.120+0000] {processor.py:840} INFO - DAG(s) 'example_branch_operator' retrieved from /home/airflow/.local/lib/python3.8/site-packages/airflow/example_dags/example_branch_operator.py
[2026-01-22T13:04:45.174+0000] {logging_mixin.py:188} INFO - [2026-01-22T13:04:45.174+0000] {dag.py:3036} INFO - Sync 1 DAGs
[2026-01-22T13:04:45.217+0000] {logging_mixin.py:188} INFO - [2026-01-22T13:04:45.216+0000] {dag.py:3823} INFO - Setting next_dagrun for example_branch_operator to 2026-01-21 00:00:00+00:00, run_after=2026-01-22 00:00:00+00:00
[2026-01-22T13:04:45.249+0000] {processor.py:183} INFO - Processing /home/airflow/.local/lib/python3.8/site-packages/airflow/example_dags/example_branch_operator.py took 0.166 seconds
