[2026-01-22T12:59:31.169+0000] {processor.py:161} INFO - Started process (PID=50) to work on /home/airflow/.local/lib/python3.8/site-packages/airflow/example_dags/tutorial.py
[2026-01-22T12:59:31.171+0000] {processor.py:830} INFO - Processing file /home/airflow/.local/lib/python3.8/site-packages/airflow/example_dags/tutorial.py for tasks to queue
[2026-01-22T12:59:31.182+0000] {logging_mixin.py:188} INFO - [2026-01-22T12:59:31.181+0000] {dagbag.py:538} INFO - Filling up the DagBag from /home/airflow/.local/lib/python3.8/site-packages/airflow/example_dags/tutorial.py
[2026-01-22T12:59:31.215+0000] {processor.py:840} INFO - DAG(s) 'tutorial' retrieved from /home/airflow/.local/lib/python3.8/site-packages/airflow/example_dags/tutorial.py
[2026-01-22T12:59:31.302+0000] {logging_mixin.py:188} INFO - [2026-01-22T12:59:31.301+0000] {dag.py:3036} INFO - Sync 1 DAGs
[2026-01-22T12:59:31.382+0000] {logging_mixin.py:188} INFO - [2026-01-22T12:59:31.382+0000] {dag.py:3823} INFO - Setting next_dagrun for tutorial to 2026-01-21 00:00:00+00:00, run_after=2026-01-22 00:00:00+00:00
[2026-01-22T12:59:31.455+0000] {processor.py:183} INFO - Processing /home/airflow/.local/lib/python3.8/site-packages/airflow/example_dags/tutorial.py took 0.302 seconds
[2026-01-22T13:00:01.827+0000] {processor.py:161} INFO - Started process (PID=117) to work on /home/airflow/.local/lib/python3.8/site-packages/airflow/example_dags/tutorial.py
[2026-01-22T13:00:01.828+0000] {processor.py:830} INFO - Processing file /home/airflow/.local/lib/python3.8/site-packages/airflow/example_dags/tutorial.py for tasks to queue
[2026-01-22T13:00:01.833+0000] {logging_mixin.py:188} INFO - [2026-01-22T13:00:01.832+0000] {dagbag.py:538} INFO - Filling up the DagBag from /home/airflow/.local/lib/python3.8/site-packages/airflow/example_dags/tutorial.py
[2026-01-22T13:00:01.843+0000] {processor.py:840} INFO - DAG(s) 'tutorial' retrieved from /home/airflow/.local/lib/python3.8/site-packages/airflow/example_dags/tutorial.py
[2026-01-22T13:00:01.918+0000] {logging_mixin.py:188} INFO - [2026-01-22T13:00:01.917+0000] {dag.py:3036} INFO - Sync 1 DAGs
[2026-01-22T13:00:01.965+0000] {logging_mixin.py:188} INFO - [2026-01-22T13:00:01.965+0000] {dag.py:3823} INFO - Setting next_dagrun for tutorial to 2026-01-21 00:00:00+00:00, run_after=2026-01-22 00:00:00+00:00
[2026-01-22T13:00:01.998+0000] {processor.py:183} INFO - Processing /home/airflow/.local/lib/python3.8/site-packages/airflow/example_dags/tutorial.py took 0.180 seconds
[2026-01-22T13:00:32.906+0000] {processor.py:161} INFO - Started process (PID=183) to work on /home/airflow/.local/lib/python3.8/site-packages/airflow/example_dags/tutorial.py
[2026-01-22T13:00:32.908+0000] {processor.py:830} INFO - Processing file /home/airflow/.local/lib/python3.8/site-packages/airflow/example_dags/tutorial.py for tasks to queue
[2026-01-22T13:00:32.911+0000] {logging_mixin.py:188} INFO - [2026-01-22T13:00:32.910+0000] {dagbag.py:538} INFO - Filling up the DagBag from /home/airflow/.local/lib/python3.8/site-packages/airflow/example_dags/tutorial.py
[2026-01-22T13:00:32.921+0000] {processor.py:840} INFO - DAG(s) 'tutorial' retrieved from /home/airflow/.local/lib/python3.8/site-packages/airflow/example_dags/tutorial.py
[2026-01-22T13:00:32.955+0000] {logging_mixin.py:188} INFO - [2026-01-22T13:00:32.954+0000] {dag.py:3036} INFO - Sync 1 DAGs
[2026-01-22T13:00:32.998+0000] {logging_mixin.py:188} INFO - [2026-01-22T13:00:32.997+0000] {dag.py:3823} INFO - Setting next_dagrun for tutorial to 2026-01-21 00:00:00+00:00, run_after=2026-01-22 00:00:00+00:00
[2026-01-22T13:00:33.034+0000] {processor.py:183} INFO - Processing /home/airflow/.local/lib/python3.8/site-packages/airflow/example_dags/tutorial.py took 0.134 seconds
[2026-01-22T13:01:03.752+0000] {processor.py:161} INFO - Started process (PID=249) to work on /home/airflow/.local/lib/python3.8/site-packages/airflow/example_dags/tutorial.py
[2026-01-22T13:01:03.754+0000] {processor.py:830} INFO - Processing file /home/airflow/.local/lib/python3.8/site-packages/airflow/example_dags/tutorial.py for tasks to queue
[2026-01-22T13:01:03.756+0000] {logging_mixin.py:188} INFO - [2026-01-22T13:01:03.756+0000] {dagbag.py:538} INFO - Filling up the DagBag from /home/airflow/.local/lib/python3.8/site-packages/airflow/example_dags/tutorial.py
[2026-01-22T13:01:03.766+0000] {processor.py:840} INFO - DAG(s) 'tutorial' retrieved from /home/airflow/.local/lib/python3.8/site-packages/airflow/example_dags/tutorial.py
[2026-01-22T13:01:03.801+0000] {logging_mixin.py:188} INFO - [2026-01-22T13:01:03.800+0000] {dag.py:3036} INFO - Sync 1 DAGs
[2026-01-22T13:01:03.848+0000] {logging_mixin.py:188} INFO - [2026-01-22T13:01:03.847+0000] {dag.py:3823} INFO - Setting next_dagrun for tutorial to 2026-01-21 00:00:00+00:00, run_after=2026-01-22 00:00:00+00:00
[2026-01-22T13:01:03.896+0000] {processor.py:183} INFO - Processing /home/airflow/.local/lib/python3.8/site-packages/airflow/example_dags/tutorial.py took 0.150 seconds
[2026-01-22T13:01:34.501+0000] {processor.py:161} INFO - Started process (PID=315) to work on /home/airflow/.local/lib/python3.8/site-packages/airflow/example_dags/tutorial.py
[2026-01-22T13:01:34.503+0000] {processor.py:830} INFO - Processing file /home/airflow/.local/lib/python3.8/site-packages/airflow/example_dags/tutorial.py for tasks to queue
[2026-01-22T13:01:34.506+0000] {logging_mixin.py:188} INFO - [2026-01-22T13:01:34.505+0000] {dagbag.py:538} INFO - Filling up the DagBag from /home/airflow/.local/lib/python3.8/site-packages/airflow/example_dags/tutorial.py
[2026-01-22T13:01:34.517+0000] {processor.py:840} INFO - DAG(s) 'tutorial' retrieved from /home/airflow/.local/lib/python3.8/site-packages/airflow/example_dags/tutorial.py
[2026-01-22T13:01:34.557+0000] {logging_mixin.py:188} INFO - [2026-01-22T13:01:34.557+0000] {dag.py:3036} INFO - Sync 1 DAGs
[2026-01-22T13:01:34.603+0000] {logging_mixin.py:188} INFO - [2026-01-22T13:01:34.603+0000] {dag.py:3823} INFO - Setting next_dagrun for tutorial to 2026-01-21 00:00:00+00:00, run_after=2026-01-22 00:00:00+00:00
[2026-01-22T13:01:34.640+0000] {processor.py:183} INFO - Processing /home/airflow/.local/lib/python3.8/site-packages/airflow/example_dags/tutorial.py took 0.145 seconds
[2026-01-22T13:02:05.351+0000] {processor.py:161} INFO - Started process (PID=388) to work on /home/airflow/.local/lib/python3.8/site-packages/airflow/example_dags/tutorial.py
[2026-01-22T13:02:05.353+0000] {processor.py:830} INFO - Processing file /home/airflow/.local/lib/python3.8/site-packages/airflow/example_dags/tutorial.py for tasks to queue
[2026-01-22T13:02:05.356+0000] {logging_mixin.py:188} INFO - [2026-01-22T13:02:05.355+0000] {dagbag.py:538} INFO - Filling up the DagBag from /home/airflow/.local/lib/python3.8/site-packages/airflow/example_dags/tutorial.py
[2026-01-22T13:02:05.365+0000] {processor.py:840} INFO - DAG(s) 'tutorial' retrieved from /home/airflow/.local/lib/python3.8/site-packages/airflow/example_dags/tutorial.py
[2026-01-22T13:02:05.401+0000] {logging_mixin.py:188} INFO - [2026-01-22T13:02:05.401+0000] {dag.py:3036} INFO - Sync 1 DAGs
[2026-01-22T13:02:05.446+0000] {logging_mixin.py:188} INFO - [2026-01-22T13:02:05.445+0000] {dag.py:3823} INFO - Setting next_dagrun for tutorial to 2026-01-21 00:00:00+00:00, run_after=2026-01-22 00:00:00+00:00
[2026-01-22T13:02:05.480+0000] {processor.py:183} INFO - Processing /home/airflow/.local/lib/python3.8/site-packages/airflow/example_dags/tutorial.py took 0.134 seconds
[2026-01-22T13:02:35.597+0000] {processor.py:161} INFO - Started process (PID=456) to work on /home/airflow/.local/lib/python3.8/site-packages/airflow/example_dags/tutorial.py
[2026-01-22T13:02:35.599+0000] {processor.py:830} INFO - Processing file /home/airflow/.local/lib/python3.8/site-packages/airflow/example_dags/tutorial.py for tasks to queue
[2026-01-22T13:02:35.601+0000] {logging_mixin.py:188} INFO - [2026-01-22T13:02:35.601+0000] {dagbag.py:538} INFO - Filling up the DagBag from /home/airflow/.local/lib/python3.8/site-packages/airflow/example_dags/tutorial.py
[2026-01-22T13:02:35.610+0000] {processor.py:840} INFO - DAG(s) 'tutorial' retrieved from /home/airflow/.local/lib/python3.8/site-packages/airflow/example_dags/tutorial.py
[2026-01-22T13:02:35.642+0000] {logging_mixin.py:188} INFO - [2026-01-22T13:02:35.641+0000] {dag.py:3036} INFO - Sync 1 DAGs
[2026-01-22T13:02:35.689+0000] {logging_mixin.py:188} INFO - [2026-01-22T13:02:35.688+0000] {dag.py:3823} INFO - Setting next_dagrun for tutorial to 2026-01-21 00:00:00+00:00, run_after=2026-01-22 00:00:00+00:00
[2026-01-22T13:02:35.721+0000] {processor.py:183} INFO - Processing /home/airflow/.local/lib/python3.8/site-packages/airflow/example_dags/tutorial.py took 0.129 seconds
[2026-01-22T13:03:05.989+0000] {processor.py:161} INFO - Started process (PID=522) to work on /home/airflow/.local/lib/python3.8/site-packages/airflow/example_dags/tutorial.py
[2026-01-22T13:03:05.990+0000] {processor.py:830} INFO - Processing file /home/airflow/.local/lib/python3.8/site-packages/airflow/example_dags/tutorial.py for tasks to queue
[2026-01-22T13:03:05.993+0000] {logging_mixin.py:188} INFO - [2026-01-22T13:03:05.993+0000] {dagbag.py:538} INFO - Filling up the DagBag from /home/airflow/.local/lib/python3.8/site-packages/airflow/example_dags/tutorial.py
[2026-01-22T13:03:06.004+0000] {processor.py:840} INFO - DAG(s) 'tutorial' retrieved from /home/airflow/.local/lib/python3.8/site-packages/airflow/example_dags/tutorial.py
[2026-01-22T13:03:06.041+0000] {logging_mixin.py:188} INFO - [2026-01-22T13:03:06.040+0000] {dag.py:3036} INFO - Sync 1 DAGs
[2026-01-22T13:03:06.079+0000] {logging_mixin.py:188} INFO - [2026-01-22T13:03:06.078+0000] {dag.py:3823} INFO - Setting next_dagrun for tutorial to 2026-01-21 00:00:00+00:00, run_after=2026-01-22 00:00:00+00:00
[2026-01-22T13:03:06.114+0000] {processor.py:183} INFO - Processing /home/airflow/.local/lib/python3.8/site-packages/airflow/example_dags/tutorial.py took 0.131 seconds
[2026-01-22T13:03:36.735+0000] {processor.py:161} INFO - Started process (PID=589) to work on /home/airflow/.local/lib/python3.8/site-packages/airflow/example_dags/tutorial.py
[2026-01-22T13:03:36.737+0000] {processor.py:830} INFO - Processing file /home/airflow/.local/lib/python3.8/site-packages/airflow/example_dags/tutorial.py for tasks to queue
[2026-01-22T13:03:36.740+0000] {logging_mixin.py:188} INFO - [2026-01-22T13:03:36.739+0000] {dagbag.py:538} INFO - Filling up the DagBag from /home/airflow/.local/lib/python3.8/site-packages/airflow/example_dags/tutorial.py
[2026-01-22T13:03:36.749+0000] {processor.py:840} INFO - DAG(s) 'tutorial' retrieved from /home/airflow/.local/lib/python3.8/site-packages/airflow/example_dags/tutorial.py
[2026-01-22T13:03:36.794+0000] {logging_mixin.py:188} INFO - [2026-01-22T13:03:36.793+0000] {dag.py:3036} INFO - Sync 1 DAGs
[2026-01-22T13:03:36.829+0000] {logging_mixin.py:188} INFO - [2026-01-22T13:03:36.829+0000] {dag.py:3823} INFO - Setting next_dagrun for tutorial to 2026-01-21 00:00:00+00:00, run_after=2026-01-22 00:00:00+00:00
[2026-01-22T13:03:36.860+0000] {processor.py:183} INFO - Processing /home/airflow/.local/lib/python3.8/site-packages/airflow/example_dags/tutorial.py took 0.130 seconds
[2026-01-22T13:04:06.935+0000] {processor.py:161} INFO - Started process (PID=655) to work on /home/airflow/.local/lib/python3.8/site-packages/airflow/example_dags/tutorial.py
[2026-01-22T13:04:06.936+0000] {processor.py:830} INFO - Processing file /home/airflow/.local/lib/python3.8/site-packages/airflow/example_dags/tutorial.py for tasks to queue
[2026-01-22T13:04:06.939+0000] {logging_mixin.py:188} INFO - [2026-01-22T13:04:06.938+0000] {dagbag.py:538} INFO - Filling up the DagBag from /home/airflow/.local/lib/python3.8/site-packages/airflow/example_dags/tutorial.py
[2026-01-22T13:04:06.950+0000] {processor.py:840} INFO - DAG(s) 'tutorial' retrieved from /home/airflow/.local/lib/python3.8/site-packages/airflow/example_dags/tutorial.py
[2026-01-22T13:04:06.994+0000] {logging_mixin.py:188} INFO - [2026-01-22T13:04:06.993+0000] {dag.py:3036} INFO - Sync 1 DAGs
[2026-01-22T13:04:07.040+0000] {logging_mixin.py:188} INFO - [2026-01-22T13:04:07.039+0000] {dag.py:3823} INFO - Setting next_dagrun for tutorial to 2026-01-21 00:00:00+00:00, run_after=2026-01-22 00:00:00+00:00
[2026-01-22T13:04:07.082+0000] {processor.py:183} INFO - Processing /home/airflow/.local/lib/python3.8/site-packages/airflow/example_dags/tutorial.py took 0.152 seconds
[2026-01-22T13:04:37.858+0000] {processor.py:161} INFO - Started process (PID=721) to work on /home/airflow/.local/lib/python3.8/site-packages/airflow/example_dags/tutorial.py
[2026-01-22T13:04:37.864+0000] {processor.py:830} INFO - Processing file /home/airflow/.local/lib/python3.8/site-packages/airflow/example_dags/tutorial.py for tasks to queue
[2026-01-22T13:04:37.867+0000] {logging_mixin.py:188} INFO - [2026-01-22T13:04:37.866+0000] {dagbag.py:538} INFO - Filling up the DagBag from /home/airflow/.local/lib/python3.8/site-packages/airflow/example_dags/tutorial.py
[2026-01-22T13:04:37.880+0000] {processor.py:840} INFO - DAG(s) 'tutorial' retrieved from /home/airflow/.local/lib/python3.8/site-packages/airflow/example_dags/tutorial.py
[2026-01-22T13:04:37.923+0000] {logging_mixin.py:188} INFO - [2026-01-22T13:04:37.922+0000] {dag.py:3036} INFO - Sync 1 DAGs
[2026-01-22T13:04:37.973+0000] {logging_mixin.py:188} INFO - [2026-01-22T13:04:37.973+0000] {dag.py:3823} INFO - Setting next_dagrun for tutorial to 2026-01-21 00:00:00+00:00, run_after=2026-01-22 00:00:00+00:00
[2026-01-22T13:04:38.005+0000] {processor.py:183} INFO - Processing /home/airflow/.local/lib/python3.8/site-packages/airflow/example_dags/tutorial.py took 0.154 seconds
