[2026-01-22T12:59:31.287+0000] {processor.py:161} INFO - Started process (PID=51) to work on /home/airflow/.local/lib/python3.8/site-packages/airflow/example_dags/tutorial_taskflow_api.py
[2026-01-22T12:59:31.289+0000] {processor.py:830} INFO - Processing file /home/airflow/.local/lib/python3.8/site-packages/airflow/example_dags/tutorial_taskflow_api.py for tasks to queue
[2026-01-22T12:59:31.292+0000] {logging_mixin.py:188} INFO - [2026-01-22T12:59:31.291+0000] {dagbag.py:538} INFO - Filling up the DagBag from /home/airflow/.local/lib/python3.8/site-packages/airflow/example_dags/tutorial_taskflow_api.py
[2026-01-22T12:59:31.310+0000] {processor.py:840} INFO - DAG(s) 'tutorial_taskflow_api' retrieved from /home/airflow/.local/lib/python3.8/site-packages/airflow/example_dags/tutorial_taskflow_api.py
[2026-01-22T12:59:31.362+0000] {logging_mixin.py:188} INFO - [2026-01-22T12:59:31.361+0000] {dag.py:3036} INFO - Sync 1 DAGs
[2026-01-22T12:59:31.391+0000] {logging_mixin.py:188} INFO - [2026-01-22T12:59:31.390+0000] {dag.py:3823} INFO - Setting next_dagrun for tutorial_taskflow_api to None, run_after=None
[2026-01-22T12:59:31.434+0000] {processor.py:183} INFO - Processing /home/airflow/.local/lib/python3.8/site-packages/airflow/example_dags/tutorial_taskflow_api.py took 0.153 seconds
[2026-01-22T13:00:02.039+0000] {processor.py:161} INFO - Started process (PID=118) to work on /home/airflow/.local/lib/python3.8/site-packages/airflow/example_dags/tutorial_taskflow_api.py
[2026-01-22T13:00:02.041+0000] {processor.py:830} INFO - Processing file /home/airflow/.local/lib/python3.8/site-packages/airflow/example_dags/tutorial_taskflow_api.py for tasks to queue
[2026-01-22T13:00:02.045+0000] {logging_mixin.py:188} INFO - [2026-01-22T13:00:02.044+0000] {dagbag.py:538} INFO - Filling up the DagBag from /home/airflow/.local/lib/python3.8/site-packages/airflow/example_dags/tutorial_taskflow_api.py
[2026-01-22T13:00:02.059+0000] {processor.py:840} INFO - DAG(s) 'tutorial_taskflow_api' retrieved from /home/airflow/.local/lib/python3.8/site-packages/airflow/example_dags/tutorial_taskflow_api.py
[2026-01-22T13:00:02.098+0000] {logging_mixin.py:188} INFO - [2026-01-22T13:00:02.098+0000] {dag.py:3036} INFO - Sync 1 DAGs
[2026-01-22T13:00:02.129+0000] {logging_mixin.py:188} INFO - [2026-01-22T13:00:02.128+0000] {dag.py:3823} INFO - Setting next_dagrun for tutorial_taskflow_api to None, run_after=None
[2026-01-22T13:00:02.181+0000] {processor.py:183} INFO - Processing /home/airflow/.local/lib/python3.8/site-packages/airflow/example_dags/tutorial_taskflow_api.py took 0.149 seconds
[2026-01-22T13:00:33.071+0000] {processor.py:161} INFO - Started process (PID=184) to work on /home/airflow/.local/lib/python3.8/site-packages/airflow/example_dags/tutorial_taskflow_api.py
[2026-01-22T13:00:33.073+0000] {processor.py:830} INFO - Processing file /home/airflow/.local/lib/python3.8/site-packages/airflow/example_dags/tutorial_taskflow_api.py for tasks to queue
[2026-01-22T13:00:33.076+0000] {logging_mixin.py:188} INFO - [2026-01-22T13:00:33.076+0000] {dagbag.py:538} INFO - Filling up the DagBag from /home/airflow/.local/lib/python3.8/site-packages/airflow/example_dags/tutorial_taskflow_api.py
[2026-01-22T13:00:33.089+0000] {processor.py:840} INFO - DAG(s) 'tutorial_taskflow_api' retrieved from /home/airflow/.local/lib/python3.8/site-packages/airflow/example_dags/tutorial_taskflow_api.py
[2026-01-22T13:00:33.128+0000] {logging_mixin.py:188} INFO - [2026-01-22T13:00:33.127+0000] {dag.py:3036} INFO - Sync 1 DAGs
[2026-01-22T13:00:33.153+0000] {logging_mixin.py:188} INFO - [2026-01-22T13:00:33.153+0000] {dag.py:3823} INFO - Setting next_dagrun for tutorial_taskflow_api to None, run_after=None
[2026-01-22T13:00:33.189+0000] {processor.py:183} INFO - Processing /home/airflow/.local/lib/python3.8/site-packages/airflow/example_dags/tutorial_taskflow_api.py took 0.124 seconds
[2026-01-22T13:01:03.947+0000] {processor.py:161} INFO - Started process (PID=250) to work on /home/airflow/.local/lib/python3.8/site-packages/airflow/example_dags/tutorial_taskflow_api.py
[2026-01-22T13:01:03.949+0000] {processor.py:830} INFO - Processing file /home/airflow/.local/lib/python3.8/site-packages/airflow/example_dags/tutorial_taskflow_api.py for tasks to queue
[2026-01-22T13:01:03.952+0000] {logging_mixin.py:188} INFO - [2026-01-22T13:01:03.951+0000] {dagbag.py:538} INFO - Filling up the DagBag from /home/airflow/.local/lib/python3.8/site-packages/airflow/example_dags/tutorial_taskflow_api.py
[2026-01-22T13:01:03.964+0000] {processor.py:840} INFO - DAG(s) 'tutorial_taskflow_api' retrieved from /home/airflow/.local/lib/python3.8/site-packages/airflow/example_dags/tutorial_taskflow_api.py
[2026-01-22T13:01:04.001+0000] {logging_mixin.py:188} INFO - [2026-01-22T13:01:04.001+0000] {dag.py:3036} INFO - Sync 1 DAGs
[2026-01-22T13:01:04.022+0000] {logging_mixin.py:188} INFO - [2026-01-22T13:01:04.022+0000] {dag.py:3823} INFO - Setting next_dagrun for tutorial_taskflow_api to None, run_after=None
[2026-01-22T13:01:04.060+0000] {processor.py:183} INFO - Processing /home/airflow/.local/lib/python3.8/site-packages/airflow/example_dags/tutorial_taskflow_api.py took 0.120 seconds
[2026-01-22T13:01:34.634+0000] {processor.py:161} INFO - Started process (PID=316) to work on /home/airflow/.local/lib/python3.8/site-packages/airflow/example_dags/tutorial_taskflow_api.py
[2026-01-22T13:01:34.636+0000] {processor.py:830} INFO - Processing file /home/airflow/.local/lib/python3.8/site-packages/airflow/example_dags/tutorial_taskflow_api.py for tasks to queue
[2026-01-22T13:01:34.639+0000] {logging_mixin.py:188} INFO - [2026-01-22T13:01:34.638+0000] {dagbag.py:538} INFO - Filling up the DagBag from /home/airflow/.local/lib/python3.8/site-packages/airflow/example_dags/tutorial_taskflow_api.py
[2026-01-22T13:01:34.649+0000] {processor.py:840} INFO - DAG(s) 'tutorial_taskflow_api' retrieved from /home/airflow/.local/lib/python3.8/site-packages/airflow/example_dags/tutorial_taskflow_api.py
[2026-01-22T13:01:34.685+0000] {logging_mixin.py:188} INFO - [2026-01-22T13:01:34.684+0000] {dag.py:3036} INFO - Sync 1 DAGs
[2026-01-22T13:01:34.708+0000] {logging_mixin.py:188} INFO - [2026-01-22T13:01:34.708+0000] {dag.py:3823} INFO - Setting next_dagrun for tutorial_taskflow_api to None, run_after=None
[2026-01-22T13:01:34.744+0000] {processor.py:183} INFO - Processing /home/airflow/.local/lib/python3.8/site-packages/airflow/example_dags/tutorial_taskflow_api.py took 0.115 seconds
[2026-01-22T13:02:05.371+0000] {processor.py:161} INFO - Started process (PID=389) to work on /home/airflow/.local/lib/python3.8/site-packages/airflow/example_dags/tutorial_taskflow_api.py
[2026-01-22T13:02:05.373+0000] {processor.py:830} INFO - Processing file /home/airflow/.local/lib/python3.8/site-packages/airflow/example_dags/tutorial_taskflow_api.py for tasks to queue
[2026-01-22T13:02:05.377+0000] {logging_mixin.py:188} INFO - [2026-01-22T13:02:05.376+0000] {dagbag.py:538} INFO - Filling up the DagBag from /home/airflow/.local/lib/python3.8/site-packages/airflow/example_dags/tutorial_taskflow_api.py
[2026-01-22T13:02:05.389+0000] {processor.py:840} INFO - DAG(s) 'tutorial_taskflow_api' retrieved from /home/airflow/.local/lib/python3.8/site-packages/airflow/example_dags/tutorial_taskflow_api.py
[2026-01-22T13:02:05.431+0000] {logging_mixin.py:188} INFO - [2026-01-22T13:02:05.431+0000] {dag.py:3036} INFO - Sync 1 DAGs
[2026-01-22T13:02:05.456+0000] {logging_mixin.py:188} INFO - [2026-01-22T13:02:05.455+0000] {dag.py:3823} INFO - Setting next_dagrun for tutorial_taskflow_api to None, run_after=None
[2026-01-22T13:02:05.496+0000] {processor.py:183} INFO - Processing /home/airflow/.local/lib/python3.8/site-packages/airflow/example_dags/tutorial_taskflow_api.py took 0.132 seconds
[2026-01-22T13:02:35.610+0000] {processor.py:161} INFO - Started process (PID=457) to work on /home/airflow/.local/lib/python3.8/site-packages/airflow/example_dags/tutorial_taskflow_api.py
[2026-01-22T13:02:35.613+0000] {processor.py:830} INFO - Processing file /home/airflow/.local/lib/python3.8/site-packages/airflow/example_dags/tutorial_taskflow_api.py for tasks to queue
[2026-01-22T13:02:35.616+0000] {logging_mixin.py:188} INFO - [2026-01-22T13:02:35.615+0000] {dagbag.py:538} INFO - Filling up the DagBag from /home/airflow/.local/lib/python3.8/site-packages/airflow/example_dags/tutorial_taskflow_api.py
[2026-01-22T13:02:35.637+0000] {processor.py:840} INFO - DAG(s) 'tutorial_taskflow_api' retrieved from /home/airflow/.local/lib/python3.8/site-packages/airflow/example_dags/tutorial_taskflow_api.py
[2026-01-22T13:02:35.673+0000] {logging_mixin.py:188} INFO - [2026-01-22T13:02:35.673+0000] {dag.py:3036} INFO - Sync 1 DAGs
[2026-01-22T13:02:35.701+0000] {logging_mixin.py:188} INFO - [2026-01-22T13:02:35.701+0000] {dag.py:3823} INFO - Setting next_dagrun for tutorial_taskflow_api to None, run_after=None
[2026-01-22T13:02:35.735+0000] {processor.py:183} INFO - Processing /home/airflow/.local/lib/python3.8/site-packages/airflow/example_dags/tutorial_taskflow_api.py took 0.131 seconds
[2026-01-22T13:03:06.107+0000] {processor.py:161} INFO - Started process (PID=523) to work on /home/airflow/.local/lib/python3.8/site-packages/airflow/example_dags/tutorial_taskflow_api.py
[2026-01-22T13:03:06.109+0000] {processor.py:830} INFO - Processing file /home/airflow/.local/lib/python3.8/site-packages/airflow/example_dags/tutorial_taskflow_api.py for tasks to queue
[2026-01-22T13:03:06.111+0000] {logging_mixin.py:188} INFO - [2026-01-22T13:03:06.111+0000] {dagbag.py:538} INFO - Filling up the DagBag from /home/airflow/.local/lib/python3.8/site-packages/airflow/example_dags/tutorial_taskflow_api.py
[2026-01-22T13:03:06.122+0000] {processor.py:840} INFO - DAG(s) 'tutorial_taskflow_api' retrieved from /home/airflow/.local/lib/python3.8/site-packages/airflow/example_dags/tutorial_taskflow_api.py
[2026-01-22T13:03:06.160+0000] {logging_mixin.py:188} INFO - [2026-01-22T13:03:06.159+0000] {dag.py:3036} INFO - Sync 1 DAGs
[2026-01-22T13:03:06.185+0000] {logging_mixin.py:188} INFO - [2026-01-22T13:03:06.185+0000] {dag.py:3823} INFO - Setting next_dagrun for tutorial_taskflow_api to None, run_after=None
[2026-01-22T13:03:06.221+0000] {processor.py:183} INFO - Processing /home/airflow/.local/lib/python3.8/site-packages/airflow/example_dags/tutorial_taskflow_api.py took 0.119 seconds
[2026-01-22T13:03:36.746+0000] {processor.py:161} INFO - Started process (PID=590) to work on /home/airflow/.local/lib/python3.8/site-packages/airflow/example_dags/tutorial_taskflow_api.py
[2026-01-22T13:03:36.748+0000] {processor.py:830} INFO - Processing file /home/airflow/.local/lib/python3.8/site-packages/airflow/example_dags/tutorial_taskflow_api.py for tasks to queue
[2026-01-22T13:03:36.753+0000] {logging_mixin.py:188} INFO - [2026-01-22T13:03:36.752+0000] {dagbag.py:538} INFO - Filling up the DagBag from /home/airflow/.local/lib/python3.8/site-packages/airflow/example_dags/tutorial_taskflow_api.py
[2026-01-22T13:03:36.766+0000] {processor.py:840} INFO - DAG(s) 'tutorial_taskflow_api' retrieved from /home/airflow/.local/lib/python3.8/site-packages/airflow/example_dags/tutorial_taskflow_api.py
[2026-01-22T13:03:36.800+0000] {logging_mixin.py:188} INFO - [2026-01-22T13:03:36.800+0000] {dag.py:3036} INFO - Sync 1 DAGs
[2026-01-22T13:03:36.820+0000] {logging_mixin.py:188} INFO - [2026-01-22T13:03:36.820+0000] {dag.py:3823} INFO - Setting next_dagrun for tutorial_taskflow_api to None, run_after=None
[2026-01-22T13:03:36.850+0000] {processor.py:183} INFO - Processing /home/airflow/.local/lib/python3.8/site-packages/airflow/example_dags/tutorial_taskflow_api.py took 0.108 seconds
[2026-01-22T13:04:07.096+0000] {processor.py:161} INFO - Started process (PID=656) to work on /home/airflow/.local/lib/python3.8/site-packages/airflow/example_dags/tutorial_taskflow_api.py
[2026-01-22T13:04:07.098+0000] {processor.py:830} INFO - Processing file /home/airflow/.local/lib/python3.8/site-packages/airflow/example_dags/tutorial_taskflow_api.py for tasks to queue
[2026-01-22T13:04:07.100+0000] {logging_mixin.py:188} INFO - [2026-01-22T13:04:07.100+0000] {dagbag.py:538} INFO - Filling up the DagBag from /home/airflow/.local/lib/python3.8/site-packages/airflow/example_dags/tutorial_taskflow_api.py
[2026-01-22T13:04:07.112+0000] {processor.py:840} INFO - DAG(s) 'tutorial_taskflow_api' retrieved from /home/airflow/.local/lib/python3.8/site-packages/airflow/example_dags/tutorial_taskflow_api.py
[2026-01-22T13:04:07.160+0000] {logging_mixin.py:188} INFO - [2026-01-22T13:04:07.159+0000] {dag.py:3036} INFO - Sync 1 DAGs
[2026-01-22T13:04:07.211+0000] {logging_mixin.py:188} INFO - [2026-01-22T13:04:07.210+0000] {dag.py:3823} INFO - Setting next_dagrun for tutorial_taskflow_api to None, run_after=None
[2026-01-22T13:04:07.258+0000] {processor.py:183} INFO - Processing /home/airflow/.local/lib/python3.8/site-packages/airflow/example_dags/tutorial_taskflow_api.py took 0.167 seconds
[2026-01-22T13:04:37.864+0000] {processor.py:161} INFO - Started process (PID=722) to work on /home/airflow/.local/lib/python3.8/site-packages/airflow/example_dags/tutorial_taskflow_api.py
[2026-01-22T13:04:37.866+0000] {processor.py:830} INFO - Processing file /home/airflow/.local/lib/python3.8/site-packages/airflow/example_dags/tutorial_taskflow_api.py for tasks to queue
[2026-01-22T13:04:37.869+0000] {logging_mixin.py:188} INFO - [2026-01-22T13:04:37.868+0000] {dagbag.py:538} INFO - Filling up the DagBag from /home/airflow/.local/lib/python3.8/site-packages/airflow/example_dags/tutorial_taskflow_api.py
[2026-01-22T13:04:37.881+0000] {processor.py:840} INFO - DAG(s) 'tutorial_taskflow_api' retrieved from /home/airflow/.local/lib/python3.8/site-packages/airflow/example_dags/tutorial_taskflow_api.py
[2026-01-22T13:04:37.918+0000] {logging_mixin.py:188} INFO - [2026-01-22T13:04:37.917+0000] {dag.py:3036} INFO - Sync 1 DAGs
[2026-01-22T13:04:37.943+0000] {logging_mixin.py:188} INFO - [2026-01-22T13:04:37.943+0000] {dag.py:3823} INFO - Setting next_dagrun for tutorial_taskflow_api to None, run_after=None
[2026-01-22T13:04:37.985+0000] {processor.py:183} INFO - Processing /home/airflow/.local/lib/python3.8/site-packages/airflow/example_dags/tutorial_taskflow_api.py took 0.127 seconds
