[2026-01-22T12:59:32.506+0000] {processor.py:161} INFO - Started process (PID=62) to work on /home/airflow/.local/lib/python3.8/site-packages/airflow/example_dags/tutorial_objectstorage.py
[2026-01-22T12:59:32.509+0000] {processor.py:830} INFO - Processing file /home/airflow/.local/lib/python3.8/site-packages/airflow/example_dags/tutorial_objectstorage.py for tasks to queue
[2026-01-22T12:59:32.531+0000] {logging_mixin.py:188} INFO - [2026-01-22T12:59:32.529+0000] {dagbag.py:538} INFO - Filling up the DagBag from /home/airflow/.local/lib/python3.8/site-packages/airflow/example_dags/tutorial_objectstorage.py
[2026-01-22T12:59:32.559+0000] {processor.py:840} INFO - DAG(s) 'tutorial_objectstorage' retrieved from /home/airflow/.local/lib/python3.8/site-packages/airflow/example_dags/tutorial_objectstorage.py
[2026-01-22T12:59:32.725+0000] {logging_mixin.py:188} INFO - [2026-01-22T12:59:32.722+0000] {dag.py:3036} INFO - Sync 1 DAGs
[2026-01-22T12:59:32.763+0000] {logging_mixin.py:188} INFO - [2026-01-22T12:59:32.762+0000] {dag.py:3823} INFO - Setting next_dagrun for tutorial_objectstorage to None, run_after=None
[2026-01-22T12:59:32.841+0000] {processor.py:183} INFO - Processing /home/airflow/.local/lib/python3.8/site-packages/airflow/example_dags/tutorial_objectstorage.py took 0.360 seconds
[2026-01-22T13:00:03.349+0000] {processor.py:161} INFO - Started process (PID=122) to work on /home/airflow/.local/lib/python3.8/site-packages/airflow/example_dags/tutorial_objectstorage.py
[2026-01-22T13:00:03.351+0000] {processor.py:830} INFO - Processing file /home/airflow/.local/lib/python3.8/site-packages/airflow/example_dags/tutorial_objectstorage.py for tasks to queue
[2026-01-22T13:00:03.354+0000] {logging_mixin.py:188} INFO - [2026-01-22T13:00:03.353+0000] {dagbag.py:538} INFO - Filling up the DagBag from /home/airflow/.local/lib/python3.8/site-packages/airflow/example_dags/tutorial_objectstorage.py
[2026-01-22T13:00:03.368+0000] {processor.py:840} INFO - DAG(s) 'tutorial_objectstorage' retrieved from /home/airflow/.local/lib/python3.8/site-packages/airflow/example_dags/tutorial_objectstorage.py
[2026-01-22T13:00:03.405+0000] {logging_mixin.py:188} INFO - [2026-01-22T13:00:03.405+0000] {dag.py:3036} INFO - Sync 1 DAGs
[2026-01-22T13:00:03.432+0000] {logging_mixin.py:188} INFO - [2026-01-22T13:00:03.432+0000] {dag.py:3823} INFO - Setting next_dagrun for tutorial_objectstorage to None, run_after=None
[2026-01-22T13:00:03.469+0000] {processor.py:183} INFO - Processing /home/airflow/.local/lib/python3.8/site-packages/airflow/example_dags/tutorial_objectstorage.py took 0.126 seconds
[2026-01-22T13:00:34.443+0000] {processor.py:161} INFO - Started process (PID=188) to work on /home/airflow/.local/lib/python3.8/site-packages/airflow/example_dags/tutorial_objectstorage.py
[2026-01-22T13:00:34.445+0000] {processor.py:830} INFO - Processing file /home/airflow/.local/lib/python3.8/site-packages/airflow/example_dags/tutorial_objectstorage.py for tasks to queue
[2026-01-22T13:00:34.449+0000] {logging_mixin.py:188} INFO - [2026-01-22T13:00:34.449+0000] {dagbag.py:538} INFO - Filling up the DagBag from /home/airflow/.local/lib/python3.8/site-packages/airflow/example_dags/tutorial_objectstorage.py
[2026-01-22T13:00:34.477+0000] {processor.py:840} INFO - DAG(s) 'tutorial_objectstorage' retrieved from /home/airflow/.local/lib/python3.8/site-packages/airflow/example_dags/tutorial_objectstorage.py
[2026-01-22T13:00:34.558+0000] {logging_mixin.py:188} INFO - [2026-01-22T13:00:34.557+0000] {dag.py:3036} INFO - Sync 1 DAGs
[2026-01-22T13:00:34.592+0000] {logging_mixin.py:188} INFO - [2026-01-22T13:00:34.591+0000] {dag.py:3823} INFO - Setting next_dagrun for tutorial_objectstorage to None, run_after=None
[2026-01-22T13:00:34.632+0000] {processor.py:183} INFO - Processing /home/airflow/.local/lib/python3.8/site-packages/airflow/example_dags/tutorial_objectstorage.py took 0.195 seconds
[2026-01-22T13:01:05.312+0000] {processor.py:161} INFO - Started process (PID=261) to work on /home/airflow/.local/lib/python3.8/site-packages/airflow/example_dags/tutorial_objectstorage.py
[2026-01-22T13:01:05.314+0000] {processor.py:830} INFO - Processing file /home/airflow/.local/lib/python3.8/site-packages/airflow/example_dags/tutorial_objectstorage.py for tasks to queue
[2026-01-22T13:01:05.317+0000] {logging_mixin.py:188} INFO - [2026-01-22T13:01:05.316+0000] {dagbag.py:538} INFO - Filling up the DagBag from /home/airflow/.local/lib/python3.8/site-packages/airflow/example_dags/tutorial_objectstorage.py
[2026-01-22T13:01:05.330+0000] {processor.py:840} INFO - DAG(s) 'tutorial_objectstorage' retrieved from /home/airflow/.local/lib/python3.8/site-packages/airflow/example_dags/tutorial_objectstorage.py
[2026-01-22T13:01:05.367+0000] {logging_mixin.py:188} INFO - [2026-01-22T13:01:05.366+0000] {dag.py:3036} INFO - Sync 1 DAGs
[2026-01-22T13:01:05.392+0000] {logging_mixin.py:188} INFO - [2026-01-22T13:01:05.392+0000] {dag.py:3823} INFO - Setting next_dagrun for tutorial_objectstorage to None, run_after=None
[2026-01-22T13:01:05.431+0000] {processor.py:183} INFO - Processing /home/airflow/.local/lib/python3.8/site-packages/airflow/example_dags/tutorial_objectstorage.py took 0.126 seconds
[2026-01-22T13:01:35.903+0000] {processor.py:161} INFO - Started process (PID=327) to work on /home/airflow/.local/lib/python3.8/site-packages/airflow/example_dags/tutorial_objectstorage.py
[2026-01-22T13:01:35.905+0000] {processor.py:830} INFO - Processing file /home/airflow/.local/lib/python3.8/site-packages/airflow/example_dags/tutorial_objectstorage.py for tasks to queue
[2026-01-22T13:01:35.908+0000] {logging_mixin.py:188} INFO - [2026-01-22T13:01:35.908+0000] {dagbag.py:538} INFO - Filling up the DagBag from /home/airflow/.local/lib/python3.8/site-packages/airflow/example_dags/tutorial_objectstorage.py
[2026-01-22T13:01:35.920+0000] {processor.py:840} INFO - DAG(s) 'tutorial_objectstorage' retrieved from /home/airflow/.local/lib/python3.8/site-packages/airflow/example_dags/tutorial_objectstorage.py
[2026-01-22T13:01:35.963+0000] {logging_mixin.py:188} INFO - [2026-01-22T13:01:35.962+0000] {dag.py:3036} INFO - Sync 1 DAGs
[2026-01-22T13:01:35.988+0000] {logging_mixin.py:188} INFO - [2026-01-22T13:01:35.987+0000] {dag.py:3823} INFO - Setting next_dagrun for tutorial_objectstorage to None, run_after=None
[2026-01-22T13:01:36.025+0000] {processor.py:183} INFO - Processing /home/airflow/.local/lib/python3.8/site-packages/airflow/example_dags/tutorial_objectstorage.py took 0.129 seconds
[2026-01-22T13:02:06.713+0000] {processor.py:161} INFO - Started process (PID=394) to work on /home/airflow/.local/lib/python3.8/site-packages/airflow/example_dags/tutorial_objectstorage.py
[2026-01-22T13:02:06.715+0000] {processor.py:830} INFO - Processing file /home/airflow/.local/lib/python3.8/site-packages/airflow/example_dags/tutorial_objectstorage.py for tasks to queue
[2026-01-22T13:02:06.718+0000] {logging_mixin.py:188} INFO - [2026-01-22T13:02:06.717+0000] {dagbag.py:538} INFO - Filling up the DagBag from /home/airflow/.local/lib/python3.8/site-packages/airflow/example_dags/tutorial_objectstorage.py
[2026-01-22T13:02:06.727+0000] {processor.py:840} INFO - DAG(s) 'tutorial_objectstorage' retrieved from /home/airflow/.local/lib/python3.8/site-packages/airflow/example_dags/tutorial_objectstorage.py
[2026-01-22T13:02:06.782+0000] {logging_mixin.py:188} INFO - [2026-01-22T13:02:06.782+0000] {dag.py:3036} INFO - Sync 1 DAGs
[2026-01-22T13:02:06.809+0000] {logging_mixin.py:188} INFO - [2026-01-22T13:02:06.808+0000] {dag.py:3823} INFO - Setting next_dagrun for tutorial_objectstorage to None, run_after=None
[2026-01-22T13:02:06.844+0000] {processor.py:183} INFO - Processing /home/airflow/.local/lib/python3.8/site-packages/airflow/example_dags/tutorial_objectstorage.py took 0.136 seconds
[2026-01-22T13:02:36.916+0000] {processor.py:161} INFO - Started process (PID=460) to work on /home/airflow/.local/lib/python3.8/site-packages/airflow/example_dags/tutorial_objectstorage.py
[2026-01-22T13:02:36.917+0000] {processor.py:830} INFO - Processing file /home/airflow/.local/lib/python3.8/site-packages/airflow/example_dags/tutorial_objectstorage.py for tasks to queue
[2026-01-22T13:02:36.920+0000] {logging_mixin.py:188} INFO - [2026-01-22T13:02:36.920+0000] {dagbag.py:538} INFO - Filling up the DagBag from /home/airflow/.local/lib/python3.8/site-packages/airflow/example_dags/tutorial_objectstorage.py
[2026-01-22T13:02:36.930+0000] {processor.py:840} INFO - DAG(s) 'tutorial_objectstorage' retrieved from /home/airflow/.local/lib/python3.8/site-packages/airflow/example_dags/tutorial_objectstorage.py
[2026-01-22T13:02:36.962+0000] {logging_mixin.py:188} INFO - [2026-01-22T13:02:36.962+0000] {dag.py:3036} INFO - Sync 1 DAGs
[2026-01-22T13:02:36.995+0000] {logging_mixin.py:188} INFO - [2026-01-22T13:02:36.995+0000] {dag.py:3823} INFO - Setting next_dagrun for tutorial_objectstorage to None, run_after=None
[2026-01-22T13:02:37.025+0000] {processor.py:183} INFO - Processing /home/airflow/.local/lib/python3.8/site-packages/airflow/example_dags/tutorial_objectstorage.py took 0.115 seconds
[2026-01-22T13:03:07.389+0000] {processor.py:161} INFO - Started process (PID=527) to work on /home/airflow/.local/lib/python3.8/site-packages/airflow/example_dags/tutorial_objectstorage.py
[2026-01-22T13:03:07.390+0000] {processor.py:830} INFO - Processing file /home/airflow/.local/lib/python3.8/site-packages/airflow/example_dags/tutorial_objectstorage.py for tasks to queue
[2026-01-22T13:03:07.394+0000] {logging_mixin.py:188} INFO - [2026-01-22T13:03:07.393+0000] {dagbag.py:538} INFO - Filling up the DagBag from /home/airflow/.local/lib/python3.8/site-packages/airflow/example_dags/tutorial_objectstorage.py
[2026-01-22T13:03:07.406+0000] {processor.py:840} INFO - DAG(s) 'tutorial_objectstorage' retrieved from /home/airflow/.local/lib/python3.8/site-packages/airflow/example_dags/tutorial_objectstorage.py
[2026-01-22T13:03:07.453+0000] {logging_mixin.py:188} INFO - [2026-01-22T13:03:07.452+0000] {dag.py:3036} INFO - Sync 1 DAGs
[2026-01-22T13:03:07.505+0000] {logging_mixin.py:188} INFO - [2026-01-22T13:03:07.504+0000] {dag.py:3823} INFO - Setting next_dagrun for tutorial_objectstorage to None, run_after=None
[2026-01-22T13:03:07.545+0000] {processor.py:183} INFO - Processing /home/airflow/.local/lib/python3.8/site-packages/airflow/example_dags/tutorial_objectstorage.py took 0.162 seconds
[2026-01-22T13:03:38.062+0000] {processor.py:161} INFO - Started process (PID=594) to work on /home/airflow/.local/lib/python3.8/site-packages/airflow/example_dags/tutorial_objectstorage.py
[2026-01-22T13:03:38.064+0000] {processor.py:830} INFO - Processing file /home/airflow/.local/lib/python3.8/site-packages/airflow/example_dags/tutorial_objectstorage.py for tasks to queue
[2026-01-22T13:03:38.067+0000] {logging_mixin.py:188} INFO - [2026-01-22T13:03:38.067+0000] {dagbag.py:538} INFO - Filling up the DagBag from /home/airflow/.local/lib/python3.8/site-packages/airflow/example_dags/tutorial_objectstorage.py
[2026-01-22T13:03:38.078+0000] {processor.py:840} INFO - DAG(s) 'tutorial_objectstorage' retrieved from /home/airflow/.local/lib/python3.8/site-packages/airflow/example_dags/tutorial_objectstorage.py
[2026-01-22T13:03:38.111+0000] {logging_mixin.py:188} INFO - [2026-01-22T13:03:38.111+0000] {dag.py:3036} INFO - Sync 1 DAGs
[2026-01-22T13:03:38.132+0000] {logging_mixin.py:188} INFO - [2026-01-22T13:03:38.132+0000] {dag.py:3823} INFO - Setting next_dagrun for tutorial_objectstorage to None, run_after=None
[2026-01-22T13:03:38.165+0000] {processor.py:183} INFO - Processing /home/airflow/.local/lib/python3.8/site-packages/airflow/example_dags/tutorial_objectstorage.py took 0.109 seconds
[2026-01-22T13:04:08.424+0000] {processor.py:161} INFO - Started process (PID=660) to work on /home/airflow/.local/lib/python3.8/site-packages/airflow/example_dags/tutorial_objectstorage.py
[2026-01-22T13:04:08.426+0000] {processor.py:830} INFO - Processing file /home/airflow/.local/lib/python3.8/site-packages/airflow/example_dags/tutorial_objectstorage.py for tasks to queue
[2026-01-22T13:04:08.429+0000] {logging_mixin.py:188} INFO - [2026-01-22T13:04:08.428+0000] {dagbag.py:538} INFO - Filling up the DagBag from /home/airflow/.local/lib/python3.8/site-packages/airflow/example_dags/tutorial_objectstorage.py
[2026-01-22T13:04:08.440+0000] {processor.py:840} INFO - DAG(s) 'tutorial_objectstorage' retrieved from /home/airflow/.local/lib/python3.8/site-packages/airflow/example_dags/tutorial_objectstorage.py
[2026-01-22T13:04:08.475+0000] {logging_mixin.py:188} INFO - [2026-01-22T13:04:08.475+0000] {dag.py:3036} INFO - Sync 1 DAGs
[2026-01-22T13:04:08.500+0000] {logging_mixin.py:188} INFO - [2026-01-22T13:04:08.500+0000] {dag.py:3823} INFO - Setting next_dagrun for tutorial_objectstorage to None, run_after=None
[2026-01-22T13:04:08.537+0000] {processor.py:183} INFO - Processing /home/airflow/.local/lib/python3.8/site-packages/airflow/example_dags/tutorial_objectstorage.py took 0.119 seconds
[2026-01-22T13:04:39.215+0000] {processor.py:161} INFO - Started process (PID=726) to work on /home/airflow/.local/lib/python3.8/site-packages/airflow/example_dags/tutorial_objectstorage.py
[2026-01-22T13:04:39.217+0000] {processor.py:830} INFO - Processing file /home/airflow/.local/lib/python3.8/site-packages/airflow/example_dags/tutorial_objectstorage.py for tasks to queue
[2026-01-22T13:04:39.219+0000] {logging_mixin.py:188} INFO - [2026-01-22T13:04:39.219+0000] {dagbag.py:538} INFO - Filling up the DagBag from /home/airflow/.local/lib/python3.8/site-packages/airflow/example_dags/tutorial_objectstorage.py
[2026-01-22T13:04:39.228+0000] {processor.py:840} INFO - DAG(s) 'tutorial_objectstorage' retrieved from /home/airflow/.local/lib/python3.8/site-packages/airflow/example_dags/tutorial_objectstorage.py
[2026-01-22T13:04:39.260+0000] {logging_mixin.py:188} INFO - [2026-01-22T13:04:39.259+0000] {dag.py:3036} INFO - Sync 1 DAGs
[2026-01-22T13:04:39.280+0000] {logging_mixin.py:188} INFO - [2026-01-22T13:04:39.280+0000] {dag.py:3823} INFO - Setting next_dagrun for tutorial_objectstorage to None, run_after=None
[2026-01-22T13:04:39.309+0000] {processor.py:183} INFO - Processing /home/airflow/.local/lib/python3.8/site-packages/airflow/example_dags/tutorial_objectstorage.py took 0.099 seconds
