[2026-01-22T12:59:30.940+0000] {processor.py:161} INFO - Started process (PID=48) to work on /home/airflow/.local/lib/python3.8/site-packages/airflow/example_dags/tutorial_dag.py
[2026-01-22T12:59:30.941+0000] {processor.py:830} INFO - Processing file /home/airflow/.local/lib/python3.8/site-packages/airflow/example_dags/tutorial_dag.py for tasks to queue
[2026-01-22T12:59:30.944+0000] {logging_mixin.py:188} INFO - [2026-01-22T12:59:30.943+0000] {dagbag.py:538} INFO - Filling up the DagBag from /home/airflow/.local/lib/python3.8/site-packages/airflow/example_dags/tutorial_dag.py
[2026-01-22T12:59:30.961+0000] {processor.py:840} INFO - DAG(s) 'tutorial_dag' retrieved from /home/airflow/.local/lib/python3.8/site-packages/airflow/example_dags/tutorial_dag.py
[2026-01-22T12:59:31.034+0000] {logging_mixin.py:188} INFO - [2026-01-22T12:59:31.033+0000] {dag.py:3036} INFO - Sync 1 DAGs
[2026-01-22T12:59:31.058+0000] {logging_mixin.py:188} INFO - [2026-01-22T12:59:31.057+0000] {dag.py:3823} INFO - Setting next_dagrun for tutorial_dag to None, run_after=None
[2026-01-22T12:59:31.111+0000] {processor.py:183} INFO - Processing /home/airflow/.local/lib/python3.8/site-packages/airflow/example_dags/tutorial_dag.py took 0.203 seconds
[2026-01-22T13:00:01.387+0000] {processor.py:161} INFO - Started process (PID=115) to work on /home/airflow/.local/lib/python3.8/site-packages/airflow/example_dags/tutorial_dag.py
[2026-01-22T13:00:01.388+0000] {processor.py:830} INFO - Processing file /home/airflow/.local/lib/python3.8/site-packages/airflow/example_dags/tutorial_dag.py for tasks to queue
[2026-01-22T13:00:01.390+0000] {logging_mixin.py:188} INFO - [2026-01-22T13:00:01.390+0000] {dagbag.py:538} INFO - Filling up the DagBag from /home/airflow/.local/lib/python3.8/site-packages/airflow/example_dags/tutorial_dag.py
[2026-01-22T13:00:01.398+0000] {processor.py:840} INFO - DAG(s) 'tutorial_dag' retrieved from /home/airflow/.local/lib/python3.8/site-packages/airflow/example_dags/tutorial_dag.py
[2026-01-22T13:00:01.554+0000] {logging_mixin.py:188} INFO - [2026-01-22T13:00:01.552+0000] {dag.py:3036} INFO - Sync 1 DAGs
[2026-01-22T13:00:01.650+0000] {logging_mixin.py:188} INFO - [2026-01-22T13:00:01.645+0000] {dag.py:3823} INFO - Setting next_dagrun for tutorial_dag to None, run_after=None
[2026-01-22T13:00:01.726+0000] {processor.py:183} INFO - Processing /home/airflow/.local/lib/python3.8/site-packages/airflow/example_dags/tutorial_dag.py took 0.345 seconds
[2026-01-22T13:00:32.725+0000] {processor.py:161} INFO - Started process (PID=181) to work on /home/airflow/.local/lib/python3.8/site-packages/airflow/example_dags/tutorial_dag.py
[2026-01-22T13:00:32.727+0000] {processor.py:830} INFO - Processing file /home/airflow/.local/lib/python3.8/site-packages/airflow/example_dags/tutorial_dag.py for tasks to queue
[2026-01-22T13:00:32.730+0000] {logging_mixin.py:188} INFO - [2026-01-22T13:00:32.730+0000] {dagbag.py:538} INFO - Filling up the DagBag from /home/airflow/.local/lib/python3.8/site-packages/airflow/example_dags/tutorial_dag.py
[2026-01-22T13:00:32.740+0000] {processor.py:840} INFO - DAG(s) 'tutorial_dag' retrieved from /home/airflow/.local/lib/python3.8/site-packages/airflow/example_dags/tutorial_dag.py
[2026-01-22T13:00:32.778+0000] {logging_mixin.py:188} INFO - [2026-01-22T13:00:32.777+0000] {dag.py:3036} INFO - Sync 1 DAGs
[2026-01-22T13:00:32.802+0000] {logging_mixin.py:188} INFO - [2026-01-22T13:00:32.802+0000] {dag.py:3823} INFO - Setting next_dagrun for tutorial_dag to None, run_after=None
[2026-01-22T13:00:32.836+0000] {processor.py:183} INFO - Processing /home/airflow/.local/lib/python3.8/site-packages/airflow/example_dags/tutorial_dag.py took 0.116 seconds
[2026-01-22T13:01:03.569+0000] {processor.py:161} INFO - Started process (PID=247) to work on /home/airflow/.local/lib/python3.8/site-packages/airflow/example_dags/tutorial_dag.py
[2026-01-22T13:01:03.570+0000] {processor.py:830} INFO - Processing file /home/airflow/.local/lib/python3.8/site-packages/airflow/example_dags/tutorial_dag.py for tasks to queue
[2026-01-22T13:01:03.573+0000] {logging_mixin.py:188} INFO - [2026-01-22T13:01:03.573+0000] {dagbag.py:538} INFO - Filling up the DagBag from /home/airflow/.local/lib/python3.8/site-packages/airflow/example_dags/tutorial_dag.py
[2026-01-22T13:01:03.584+0000] {processor.py:840} INFO - DAG(s) 'tutorial_dag' retrieved from /home/airflow/.local/lib/python3.8/site-packages/airflow/example_dags/tutorial_dag.py
[2026-01-22T13:01:03.619+0000] {logging_mixin.py:188} INFO - [2026-01-22T13:01:03.618+0000] {dag.py:3036} INFO - Sync 1 DAGs
[2026-01-22T13:01:03.643+0000] {logging_mixin.py:188} INFO - [2026-01-22T13:01:03.643+0000] {dag.py:3823} INFO - Setting next_dagrun for tutorial_dag to None, run_after=None
[2026-01-22T13:01:03.680+0000] {processor.py:183} INFO - Processing /home/airflow/.local/lib/python3.8/site-packages/airflow/example_dags/tutorial_dag.py took 0.117 seconds
[2026-01-22T13:01:34.301+0000] {processor.py:161} INFO - Started process (PID=313) to work on /home/airflow/.local/lib/python3.8/site-packages/airflow/example_dags/tutorial_dag.py
[2026-01-22T13:01:34.303+0000] {processor.py:830} INFO - Processing file /home/airflow/.local/lib/python3.8/site-packages/airflow/example_dags/tutorial_dag.py for tasks to queue
[2026-01-22T13:01:34.306+0000] {logging_mixin.py:188} INFO - [2026-01-22T13:01:34.305+0000] {dagbag.py:538} INFO - Filling up the DagBag from /home/airflow/.local/lib/python3.8/site-packages/airflow/example_dags/tutorial_dag.py
[2026-01-22T13:01:34.318+0000] {processor.py:840} INFO - DAG(s) 'tutorial_dag' retrieved from /home/airflow/.local/lib/python3.8/site-packages/airflow/example_dags/tutorial_dag.py
[2026-01-22T13:01:34.358+0000] {logging_mixin.py:188} INFO - [2026-01-22T13:01:34.358+0000] {dag.py:3036} INFO - Sync 1 DAGs
[2026-01-22T13:01:34.391+0000] {logging_mixin.py:188} INFO - [2026-01-22T13:01:34.390+0000] {dag.py:3823} INFO - Setting next_dagrun for tutorial_dag to None, run_after=None
[2026-01-22T13:01:34.427+0000] {processor.py:183} INFO - Processing /home/airflow/.local/lib/python3.8/site-packages/airflow/example_dags/tutorial_dag.py took 0.137 seconds
[2026-01-22T13:02:05.018+0000] {processor.py:161} INFO - Started process (PID=386) to work on /home/airflow/.local/lib/python3.8/site-packages/airflow/example_dags/tutorial_dag.py
[2026-01-22T13:02:05.020+0000] {processor.py:830} INFO - Processing file /home/airflow/.local/lib/python3.8/site-packages/airflow/example_dags/tutorial_dag.py for tasks to queue
[2026-01-22T13:02:05.024+0000] {logging_mixin.py:188} INFO - [2026-01-22T13:02:05.023+0000] {dagbag.py:538} INFO - Filling up the DagBag from /home/airflow/.local/lib/python3.8/site-packages/airflow/example_dags/tutorial_dag.py
[2026-01-22T13:02:05.034+0000] {processor.py:840} INFO - DAG(s) 'tutorial_dag' retrieved from /home/airflow/.local/lib/python3.8/site-packages/airflow/example_dags/tutorial_dag.py
[2026-01-22T13:02:05.080+0000] {logging_mixin.py:188} INFO - [2026-01-22T13:02:05.080+0000] {dag.py:3036} INFO - Sync 1 DAGs
[2026-01-22T13:02:05.106+0000] {logging_mixin.py:188} INFO - [2026-01-22T13:02:05.106+0000] {dag.py:3823} INFO - Setting next_dagrun for tutorial_dag to None, run_after=None
[2026-01-22T13:02:05.146+0000] {processor.py:183} INFO - Processing /home/airflow/.local/lib/python3.8/site-packages/airflow/example_dags/tutorial_dag.py took 0.135 seconds
[2026-01-22T13:02:35.282+0000] {processor.py:161} INFO - Started process (PID=454) to work on /home/airflow/.local/lib/python3.8/site-packages/airflow/example_dags/tutorial_dag.py
[2026-01-22T13:02:35.284+0000] {processor.py:830} INFO - Processing file /home/airflow/.local/lib/python3.8/site-packages/airflow/example_dags/tutorial_dag.py for tasks to queue
[2026-01-22T13:02:35.287+0000] {logging_mixin.py:188} INFO - [2026-01-22T13:02:35.286+0000] {dagbag.py:538} INFO - Filling up the DagBag from /home/airflow/.local/lib/python3.8/site-packages/airflow/example_dags/tutorial_dag.py
[2026-01-22T13:02:35.296+0000] {processor.py:840} INFO - DAG(s) 'tutorial_dag' retrieved from /home/airflow/.local/lib/python3.8/site-packages/airflow/example_dags/tutorial_dag.py
[2026-01-22T13:02:35.330+0000] {logging_mixin.py:188} INFO - [2026-01-22T13:02:35.330+0000] {dag.py:3036} INFO - Sync 1 DAGs
[2026-01-22T13:02:35.351+0000] {logging_mixin.py:188} INFO - [2026-01-22T13:02:35.350+0000] {dag.py:3823} INFO - Setting next_dagrun for tutorial_dag to None, run_after=None
[2026-01-22T13:02:35.386+0000] {processor.py:183} INFO - Processing /home/airflow/.local/lib/python3.8/site-packages/airflow/example_dags/tutorial_dag.py took 0.110 seconds
[2026-01-22T13:03:05.769+0000] {processor.py:161} INFO - Started process (PID=520) to work on /home/airflow/.local/lib/python3.8/site-packages/airflow/example_dags/tutorial_dag.py
[2026-01-22T13:03:05.771+0000] {processor.py:830} INFO - Processing file /home/airflow/.local/lib/python3.8/site-packages/airflow/example_dags/tutorial_dag.py for tasks to queue
[2026-01-22T13:03:05.774+0000] {logging_mixin.py:188} INFO - [2026-01-22T13:03:05.773+0000] {dagbag.py:538} INFO - Filling up the DagBag from /home/airflow/.local/lib/python3.8/site-packages/airflow/example_dags/tutorial_dag.py
[2026-01-22T13:03:05.797+0000] {processor.py:840} INFO - DAG(s) 'tutorial_dag' retrieved from /home/airflow/.local/lib/python3.8/site-packages/airflow/example_dags/tutorial_dag.py
[2026-01-22T13:03:05.834+0000] {logging_mixin.py:188} INFO - [2026-01-22T13:03:05.834+0000] {dag.py:3036} INFO - Sync 1 DAGs
[2026-01-22T13:03:05.856+0000] {logging_mixin.py:188} INFO - [2026-01-22T13:03:05.855+0000] {dag.py:3823} INFO - Setting next_dagrun for tutorial_dag to None, run_after=None
[2026-01-22T13:03:05.892+0000] {processor.py:183} INFO - Processing /home/airflow/.local/lib/python3.8/site-packages/airflow/example_dags/tutorial_dag.py took 0.129 seconds
[2026-01-22T13:03:36.442+0000] {processor.py:161} INFO - Started process (PID=587) to work on /home/airflow/.local/lib/python3.8/site-packages/airflow/example_dags/tutorial_dag.py
[2026-01-22T13:03:36.444+0000] {processor.py:830} INFO - Processing file /home/airflow/.local/lib/python3.8/site-packages/airflow/example_dags/tutorial_dag.py for tasks to queue
[2026-01-22T13:03:36.447+0000] {logging_mixin.py:188} INFO - [2026-01-22T13:03:36.447+0000] {dagbag.py:538} INFO - Filling up the DagBag from /home/airflow/.local/lib/python3.8/site-packages/airflow/example_dags/tutorial_dag.py
[2026-01-22T13:03:36.458+0000] {processor.py:840} INFO - DAG(s) 'tutorial_dag' retrieved from /home/airflow/.local/lib/python3.8/site-packages/airflow/example_dags/tutorial_dag.py
[2026-01-22T13:03:36.494+0000] {logging_mixin.py:188} INFO - [2026-01-22T13:03:36.494+0000] {dag.py:3036} INFO - Sync 1 DAGs
[2026-01-22T13:03:36.518+0000] {logging_mixin.py:188} INFO - [2026-01-22T13:03:36.518+0000] {dag.py:3823} INFO - Setting next_dagrun for tutorial_dag to None, run_after=None
[2026-01-22T13:03:36.557+0000] {processor.py:183} INFO - Processing /home/airflow/.local/lib/python3.8/site-packages/airflow/example_dags/tutorial_dag.py took 0.120 seconds
[2026-01-22T13:04:06.727+0000] {processor.py:161} INFO - Started process (PID=653) to work on /home/airflow/.local/lib/python3.8/site-packages/airflow/example_dags/tutorial_dag.py
[2026-01-22T13:04:06.728+0000] {processor.py:830} INFO - Processing file /home/airflow/.local/lib/python3.8/site-packages/airflow/example_dags/tutorial_dag.py for tasks to queue
[2026-01-22T13:04:06.731+0000] {logging_mixin.py:188} INFO - [2026-01-22T13:04:06.731+0000] {dagbag.py:538} INFO - Filling up the DagBag from /home/airflow/.local/lib/python3.8/site-packages/airflow/example_dags/tutorial_dag.py
[2026-01-22T13:04:06.740+0000] {processor.py:840} INFO - DAG(s) 'tutorial_dag' retrieved from /home/airflow/.local/lib/python3.8/site-packages/airflow/example_dags/tutorial_dag.py
[2026-01-22T13:04:06.778+0000] {logging_mixin.py:188} INFO - [2026-01-22T13:04:06.778+0000] {dag.py:3036} INFO - Sync 1 DAGs
[2026-01-22T13:04:06.800+0000] {logging_mixin.py:188} INFO - [2026-01-22T13:04:06.800+0000] {dag.py:3823} INFO - Setting next_dagrun for tutorial_dag to None, run_after=None
[2026-01-22T13:04:06.836+0000] {processor.py:183} INFO - Processing /home/airflow/.local/lib/python3.8/site-packages/airflow/example_dags/tutorial_dag.py took 0.116 seconds
[2026-01-22T13:04:37.518+0000] {processor.py:161} INFO - Started process (PID=719) to work on /home/airflow/.local/lib/python3.8/site-packages/airflow/example_dags/tutorial_dag.py
[2026-01-22T13:04:37.521+0000] {processor.py:830} INFO - Processing file /home/airflow/.local/lib/python3.8/site-packages/airflow/example_dags/tutorial_dag.py for tasks to queue
[2026-01-22T13:04:37.524+0000] {logging_mixin.py:188} INFO - [2026-01-22T13:04:37.524+0000] {dagbag.py:538} INFO - Filling up the DagBag from /home/airflow/.local/lib/python3.8/site-packages/airflow/example_dags/tutorial_dag.py
[2026-01-22T13:04:37.533+0000] {processor.py:840} INFO - DAG(s) 'tutorial_dag' retrieved from /home/airflow/.local/lib/python3.8/site-packages/airflow/example_dags/tutorial_dag.py
[2026-01-22T13:04:37.584+0000] {logging_mixin.py:188} INFO - [2026-01-22T13:04:37.583+0000] {dag.py:3036} INFO - Sync 1 DAGs
[2026-01-22T13:04:37.609+0000] {logging_mixin.py:188} INFO - [2026-01-22T13:04:37.608+0000] {dag.py:3823} INFO - Setting next_dagrun for tutorial_dag to None, run_after=None
[2026-01-22T13:04:37.642+0000] {processor.py:183} INFO - Processing /home/airflow/.local/lib/python3.8/site-packages/airflow/example_dags/tutorial_dag.py took 0.137 seconds
