[2026-02-03T11:10:26.815+0000] {taskinstance.py:1956} INFO - Dependencies all met for dep_context=non-requeueable deps ti=<TaskInstance: my_very_first_dag.my_very_first_task manual__2026-02-03T11:10:24.855366+00:00 [queued]>
[2026-02-03T11:10:26.827+0000] {taskinstance.py:1956} INFO - Dependencies all met for dep_context=requeueable deps ti=<TaskInstance: my_very_first_dag.my_very_first_task manual__2026-02-03T11:10:24.855366+00:00 [queued]>
[2026-02-03T11:10:26.828+0000] {taskinstance.py:2170} INFO - Starting attempt 1 of 1
[2026-02-03T11:10:26.848+0000] {taskinstance.py:2191} INFO - Executing <Task(PythonOperator): my_very_first_task> on 2026-02-03 11:10:24.855366+00:00
[2026-02-03T11:10:26.858+0000] {standard_task_runner.py:60} INFO - Started process 4639 to run task
[2026-02-03T11:10:26.862+0000] {standard_task_runner.py:87} INFO - Running: ['***', 'tasks', 'run', 'my_very_first_dag', 'my_very_first_task', 'manual__2026-02-03T11:10:24.855366+00:00', '--job-id', '16', '--raw', '--subdir', 'DAGS_FOLDER/my_first_dag.py', '--cfg-path', '/tmp/tmp23d8967q']
[2026-02-03T11:10:26.865+0000] {standard_task_runner.py:88} INFO - Job 16: Subtask my_very_first_task
[2026-02-03T11:10:26.883+0000] {warnings.py:109} WARNING - /home/***/.local/lib/python3.8/site-packages/***/settings.py:194: DeprecationWarning: The sql_alchemy_conn option in [core] has been moved to the sql_alchemy_conn option in [database] - the old setting has been used, but please update your config.
  SQL_ALCHEMY_CONN = conf.get("database", "SQL_ALCHEMY_CONN")

[2026-02-03T11:10:26.927+0000] {task_command.py:423} INFO - Running <TaskInstance: my_very_first_dag.my_very_first_task manual__2026-02-03T11:10:24.855366+00:00 [running]> on host 6dce75377780
[2026-02-03T11:10:27.036+0000] {taskinstance.py:2480} INFO - Exporting env vars: AIRFLOW_CTX_DAG_OWNER='***' AIRFLOW_CTX_DAG_ID='my_very_first_dag' AIRFLOW_CTX_TASK_ID='my_very_first_task' AIRFLOW_CTX_EXECUTION_DATE='2026-02-03T11:10:24.855366+00:00' AIRFLOW_CTX_TRY_NUMBER='1' AIRFLOW_CTX_DAG_RUN_ID='manual__2026-02-03T11:10:24.855366+00:00'
[2026-02-03T11:10:27.038+0000] {taskinstance.py:2698} ERROR - Task failed with exception
Traceback (most recent call last):
  File "/home/airflow/.local/lib/python3.8/site-packages/airflow/models/taskinstance.py", line 433, in _execute_task
    result = execute_callable(context=context, **execute_callable_kwargs)
  File "/home/airflow/.local/lib/python3.8/site-packages/airflow/operators/python.py", line 199, in execute
    return_value = self.execute_callable()
  File "/home/airflow/.local/lib/python3.8/site-packages/airflow/operators/python.py", line 216, in execute_callable
    return self.python_callable(*self.op_args, **self.op_kwargs)
  File "/opt/airflow/dags/my_first_dag.py", line 26, in print_date_and_hello
    raise TypeError('This will not work')
TypeError: This will not work
[2026-02-03T11:10:27.049+0000] {taskinstance.py:1138} INFO - Marking task as FAILED. dag_id=my_very_first_dag, task_id=my_very_first_task, execution_date=20260203T111024, start_date=20260203T111026, end_date=20260203T111027
[2026-02-03T11:10:27.064+0000] {standard_task_runner.py:107} ERROR - Failed to execute job 16 for task my_very_first_task (This will not work; 4639)
[2026-02-03T11:10:27.114+0000] {local_task_job_runner.py:234} INFO - Task exited with return code 1
[2026-02-03T11:10:27.147+0000] {taskinstance.py:3280} INFO - 0 downstream tasks scheduled from follow-on schedule check
