[2026-02-09T10:23:42.059+0000] {taskinstance.py:1956} INFO - Dependencies all met for dep_context=non-requeueable deps ti=<TaskInstance: fork2_dag.task1 manual__2026-02-09T10:23:39.486265+00:00 [queued]>
[2026-02-09T10:23:42.070+0000] {taskinstance.py:1956} INFO - Dependencies all met for dep_context=requeueable deps ti=<TaskInstance: fork2_dag.task1 manual__2026-02-09T10:23:39.486265+00:00 [queued]>
[2026-02-09T10:23:42.070+0000] {taskinstance.py:2170} INFO - Starting attempt 1 of 1
[2026-02-09T10:23:42.088+0000] {taskinstance.py:2191} INFO - Executing <Task(PythonOperator): task1> on 2026-02-09 10:23:39.486265+00:00
[2026-02-09T10:23:42.098+0000] {standard_task_runner.py:60} INFO - Started process 4143 to run task
[2026-02-09T10:23:42.102+0000] {standard_task_runner.py:87} INFO - Running: ['***', 'tasks', 'run', 'fork2_dag', 'task1', 'manual__2026-02-09T10:23:39.486265+00:00', '--job-id', '379', '--raw', '--subdir', 'DAGS_FOLDER/failed_dag_2.py', '--cfg-path', '/tmp/tmp99pv88j_']
[2026-02-09T10:23:42.105+0000] {standard_task_runner.py:88} INFO - Job 379: Subtask task1
[2026-02-09T10:23:42.123+0000] {warnings.py:109} WARNING - /home/***/.local/lib/python3.8/site-packages/***/settings.py:194: DeprecationWarning: The sql_alchemy_conn option in [core] has been moved to the sql_alchemy_conn option in [database] - the old setting has been used, but please update your config.
  SQL_ALCHEMY_CONN = conf.get("database", "SQL_ALCHEMY_CONN")

[2026-02-09T10:23:42.173+0000] {task_command.py:423} INFO - Running <TaskInstance: fork2_dag.task1 manual__2026-02-09T10:23:39.486265+00:00 [running]> on host 6dce75377780
[2026-02-09T10:23:42.283+0000] {taskinstance.py:2480} INFO - Exporting env vars: AIRFLOW_CTX_DAG_OWNER='***' AIRFLOW_CTX_DAG_ID='fork2_dag' AIRFLOW_CTX_TASK_ID='task1' AIRFLOW_CTX_EXECUTION_DATE='2026-02-09T10:23:39.486265+00:00' AIRFLOW_CTX_TRY_NUMBER='1' AIRFLOW_CTX_DAG_RUN_ID='manual__2026-02-09T10:23:39.486265+00:00'
[2026-02-09T10:23:42.285+0000] {taskinstance.py:2698} ERROR - Task failed with exception
Traceback (most recent call last):
  File "/home/airflow/.local/lib/python3.8/site-packages/airflow/models/taskinstance.py", line 433, in _execute_task
    result = execute_callable(context=context, **execute_callable_kwargs)
  File "/home/airflow/.local/lib/python3.8/site-packages/airflow/operators/python.py", line 199, in execute
    return_value = self.execute_callable()
  File "/home/airflow/.local/lib/python3.8/site-packages/airflow/operators/python.py", line 216, in execute_callable
    return self.python_callable(*self.op_args, **self.op_kwargs)
  File "/opt/airflow/dags/failed_dag_2.py", line 17, in random_fail_task
    raise Exception('This task randomly failed')
Exception: This task randomly failed
[2026-02-09T10:23:42.296+0000] {taskinstance.py:1138} INFO - Marking task as FAILED. dag_id=fork2_dag, task_id=task1, execution_date=20260209T102339, start_date=20260209T102342, end_date=20260209T102342
[2026-02-09T10:23:42.310+0000] {standard_task_runner.py:107} ERROR - Failed to execute job 379 for task task1 (This task randomly failed; 4143)
[2026-02-09T10:23:42.354+0000] {local_task_job_runner.py:234} INFO - Task exited with return code 1
[2026-02-09T10:23:42.395+0000] {taskinstance.py:3280} INFO - 1 downstream tasks scheduled from follow-on schedule check
